2008
Jacob 1 BOY
Emma 1 GIRL
Michael 2 BOY
Isabella 2 GIRL
Ethan 3 BOY
Emily 3 GIRL
Joshua 4 BOY
Madison 4 GIRL
Daniel 5 BOY
Ava 5 GIRL
Alexander 6 BOY
Olivia 6 GIRL
Anthony 7 BOY
Sophia 7 GIRL
William 8 BOY
Abigail 8 GIRL
Christopher 9 BOY
Elizabeth 9 GIRL
Matthew 10 BOY
Chloe 10 GIRL
Jayden 11 BOY
Samantha 11 GIRL
Andrew 12 BOY
Addison 12 GIRL
Joseph 13 BOY
Natalie 13 GIRL
David 14 BOY
Mia 14 GIRL
Noah 15 BOY
Alexis 15 GIRL
Aiden 16 BOY
Alyssa 16 GIRL
James 17 BOY
Hannah 17 GIRL
Ryan 18 BOY
Ashley 18 GIRL
Logan 19 BOY
Ella 19 GIRL
John 20 BOY
Sarah 20 GIRL
Nathan 21 BOY
Grace 21 GIRL
Elijah 22 BOY
Taylor 22 GIRL
Christian 23 BOY
Brianna 23 GIRL
Gabriel 24 BOY
Lily 24 GIRL
Benjamin 25 BOY
Hailey 25 GIRL
Jonathan 26 BOY
Anna 26 GIRL
Tyler 27 BOY
Victoria 27 GIRL
Samuel 28 BOY
Kayla 28 GIRL
Nicholas 29 BOY
Lillian 29 GIRL
Gavin 30 BOY
Lauren 30 GIRL
Dylan 31 BOY
Kaylee 31 GIRL
Jackson 32 BOY
Allison 32 GIRL
Brandon 33 BOY
Savannah 33 GIRL
Caleb 34 BOY
Nevaeh 34 GIRL
Mason 35 BOY
Gabriella 35 GIRL
Angel 36 BOY
Sofia 36 GIRL
Isaac 37 BOY
Makayla 37 GIRL
Evan 38 BOY
Avery 38 GIRL
Jack 39 BOY
Riley 39 GIRL
Kevin 40 BOY
Julia 40 GIRL
Jose 41 BOY
Leah 41 GIRL
Isaiah 42 BOY
Aubrey 42 GIRL
Luke 43 BOY
Jasmine 43 GIRL
Landon 44 BOY
Audrey 44 GIRL
Justin 45 BOY
Katherine 45 GIRL
Lucas 46 BOY
Morgan 46 GIRL
Zachary 47 BOY
Brooklyn 47 GIRL
Jordan 48 BOY
Destiny 48 GIRL
Robert 49 BOY
Sydney 49 GIRL
Aaron 50 BOY
Alexa 50 GIRL
Brayden 51 BOY
Kylie 51 GIRL
Thomas 52 BOY
Brooke 52 GIRL
Cameron 53 BOY
Kaitlyn 53 GIRL
Hunter 54 BOY
Evelyn 54 GIRL
Austin 55 BOY
Layla 55 GIRL
Adrian 56 BOY
Madeline 56 GIRL
Connor 57 BOY
Kimberly 57 GIRL
Owen 58 BOY
Zoe 58 GIRL
Aidan 59 BOY
Jessica 59 GIRL
Jason 60 BOY
Peyton 60 GIRL
Julian 61 BOY
Alexandra 61 GIRL
Wyatt 62 BOY
Claire 62 GIRL
Charles 63 BOY
Madelyn 63 GIRL
Luis 64 BOY
Maria 64 GIRL
Carter 65 BOY
Mackenzie 65 GIRL
Juan 66 BOY
Arianna 66 GIRL
Chase 67 BOY
Jocelyn 67 GIRL
Diego 68 BOY
Amelia 68 GIRL
Jeremiah 69 BOY
Angelina 69 GIRL
Brody 70 BOY
Trinity 70 GIRL
Xavier 71 BOY
Andrea 71 GIRL
Adam 72 BOY
Maya 72 GIRL
Carlos 73 BOY
Valeria 73 GIRL
Sebastian 74 BOY
Sophie 74 GIRL
Liam 75 BOY
Rachel 75 GIRL
Hayden 76 BOY
Vanessa 76 GIRL
Nathaniel 77 BOY
Aaliyah 77 GIRL
Henry 78 BOY
Mariah 78 GIRL
Jesus 79 BOY
Gabrielle 79 GIRL
Ian 80 BOY
Katelyn 80 GIRL
Tristan 81 BOY
Ariana 81 GIRL
Bryan 82 BOY
Bailey 82 GIRL
Sean 83 BOY
Camila 83 GIRL
Cole 84 BOY
Jennifer 84 GIRL
Alex 85 BOY
Melanie 85 GIRL
Eric 86 BOY
Gianna 86 GIRL
Brian 87 BOY
Charlotte 87 GIRL
Jaden 88 BOY
Paige 88 GIRL
Carson 89 BOY
Autumn 89 GIRL
Blake 90 BOY
Payton 90 GIRL
Ayden 91 BOY
Faith 91 GIRL
Cooper 92 BOY
Sara 92 GIRL
Dominic 93 BOY
Isabelle 93 GIRL
Brady 94 BOY
Caroline 94 GIRL
Caden 95 BOY
Genesis 95 GIRL
Josiah 96 BOY
Isabel 96 GIRL
Kyle 97 BOY
Mary 97 GIRL
Colton 98 BOY
Zoey 98 GIRL
Kaden 99 BOY
Gracie 99 GIRL
Eli 100 BOY
Megan 100 GIRL
Miguel 101 BOY
Haley 101 GIRL
Antonio 102 BOY
Mya 102 GIRL
Parker 103 BOY
Michelle 103 GIRL
Steven 104 BOY
Molly 104 GIRL
Alejandro 105 BOY
Stephanie 105 GIRL
Riley 106 BOY
Nicole 106 GIRL
Richard 107 BOY
Jenna 107 GIRL
Timothy 108 BOY
Natalia 108 GIRL
Devin 109 BOY
Sadie 109 GIRL
Jesse 110 BOY
Jada 110 GIRL
Victor 111 BOY
Serenity 111 GIRL
Jake 112 BOY
Lucy 112 GIRL
Joel 113 BOY
Ruby 113 GIRL
Colin 114 BOY
Eva 114 GIRL
Kaleb 115 BOY
Kennedy 115 GIRL
Bryce 116 BOY
Rylee 116 GIRL
Levi 117 BOY
Jayla 117 GIRL
Oliver 118 BOY
Naomi 118 GIRL
Oscar 119 BOY
Rebecca 119 GIRL
Vincent 120 BOY
Lydia 120 GIRL
Ashton 121 BOY
Daniela 121 GIRL
Cody 122 BOY
Bella 122 GIRL
Micah 123 BOY
Keira 123 GIRL
Preston 124 BOY
Adriana 124 GIRL
Marcus 125 BOY
Lilly 125 GIRL
Max 126 BOY
Hayden 126 GIRL
Patrick 127 BOY
Miley 127 GIRL
Seth 128 BOY
Katie 128 GIRL
Jeremy 129 BOY
Jade 129 GIRL
Peyton 130 BOY
Jordan 130 GIRL
Nolan 131 BOY
Gabriela 131 GIRL
Ivan 132 BOY
Amy 132 GIRL
Damian 133 BOY
Angela 133 GIRL
Maxwell 134 BOY
Melissa 134 GIRL
Alan 135 BOY
Valerie 135 GIRL
Kenneth 136 BOY
Giselle 136 GIRL
Jonah 137 BOY
Diana 137 GIRL
Jorge 138 BOY
Amanda 138 GIRL
Mark 139 BOY
Kate 139 GIRL
Giovanni 140 BOY
Laila 140 GIRL
Eduardo 141 BOY
Reagan 141 GIRL
Grant 142 BOY
Jordyn 142 GIRL
Collin 143 BOY
Kylee 143 GIRL
Gage 144 BOY
Danielle 144 GIRL
Omar 145 BOY
Briana 145 GIRL
Emmanuel 146 BOY
Marley 146 GIRL
Trevor 147 BOY
Leslie 147 GIRL
Edward 148 BOY
Kendall 148 GIRL
Ricardo 149 BOY
Catherine 149 GIRL
Cristian 150 BOY
Liliana 150 GIRL
Nicolas 151 BOY
Mckenzie 151 GIRL
Kayden 152 BOY
Jacqueline 152 GIRL
George 153 BOY
Ashlyn 153 GIRL
Jaxon 154 BOY
Reese 154 GIRL
Paul 155 BOY
Marissa 155 GIRL
Braden 156 BOY
London 156 GIRL
Elias 157 BOY
Juliana 157 GIRL
Andres 158 BOY
Shelby 158 GIRL
Derek 159 BOY
Cheyenne 159 GIRL
Garrett 160 BOY
Angel 160 GIRL
Tanner 161 BOY
Daisy 161 GIRL
Malachi 162 BOY
Makenzie 162 GIRL
Conner 163 BOY
Miranda 163 GIRL
Fernando 164 BOY
Erin 164 GIRL
Cesar 165 BOY
Amber 165 GIRL
Javier 166 BOY
Alana 166 GIRL
Miles 167 BOY
Ellie 167 GIRL
Jaiden 168 BOY
Breanna 168 GIRL
Alexis 169 BOY
Ana 169 GIRL
Leonardo 170 BOY
Mikayla 170 GIRL
Santiago 171 BOY
Summer 171 GIRL
Francisco 172 BOY
Piper 172 GIRL
Cayden 173 BOY
Adrianna 173 GIRL
Shane 174 BOY
Jillian 174 GIRL
Edwin 175 BOY
Sierra 175 GIRL
Hudson 176 BOY
Jayden 176 GIRL
Travis 177 BOY
Sienna 177 GIRL
Bryson 178 BOY
Alicia 178 GIRL
Erick 179 BOY
Lila 179 GIRL
Jace 180 BOY
Margaret 180 GIRL
Hector 181 BOY
Alivia 181 GIRL
Josue 182 BOY
Brooklynn 182 GIRL
Peter 183 BOY
Karen 183 GIRL
Jaylen 184 BOY
Violet 184 GIRL
Mario 185 BOY
Sabrina 185 GIRL
Manuel 186 BOY
Stella 186 GIRL
Abraham 187 BOY
Aniyah 187 GIRL
Grayson 188 BOY
Annabelle 188 GIRL
Damien 189 BOY
Alexandria 189 GIRL
Kaiden 190 BOY
Kathryn 190 GIRL
Spencer 191 BOY
Skylar 191 GIRL
Stephen 192 BOY
Aliyah 192 GIRL
Edgar 193 BOY
Delilah 193 GIRL
Wesley 194 BOY
Julianna 194 GIRL
Shawn 195 BOY
Kelsey 195 GIRL
Trenton 196 BOY
Khloe 196 GIRL
Jared 197 BOY
Carly 197 GIRL
Jeffrey 198 BOY
Amaya 198 GIRL
Landen 199 BOY
Mariana 199 GIRL
Johnathan 200 BOY
Christina 200 GIRL
Bradley 201 BOY
Alondra 201 GIRL
Braxton 202 BOY
Tessa 202 GIRL
Ryder 203 BOY
Eliana 203 GIRL
Camden 204 BOY
Bianca 204 GIRL
Roman 205 BOY
Jazmin 205 GIRL
Asher 206 BOY
Clara 206 GIRL
Brendan 207 BOY
Vivian 207 GIRL
Maddox 208 BOY
Josephine 208 GIRL
Sergio 209 BOY
Delaney 209 GIRL
Israel 210 BOY
Scarlett 210 GIRL
Andy 211 BOY
Elena 211 GIRL
Lincoln 212 BOY
Cadence 212 GIRL
Erik 213 BOY
Alexia 213 GIRL
Donovan 214 BOY
Maggie 214 GIRL
Raymond 215 BOY
Laura 215 GIRL
Avery 216 BOY
Nora 216 GIRL
Rylan 217 BOY
Ariel 217 GIRL
Dalton 218 BOY
Elise 218 GIRL
Harrison 219 BOY
Nadia 219 GIRL
Andre 220 BOY
Mckenna 220 GIRL
Martin 221 BOY
Chelsea 221 GIRL
Keegan 222 BOY
Lyla 222 GIRL
Marco 223 BOY
Alaina 223 GIRL
Jude 224 BOY
Jasmin 224 GIRL
Sawyer 225 BOY
Hope 225 GIRL
Dakota 226 BOY
Leila 226 GIRL
Leo 227 BOY
Caitlyn 227 GIRL
Calvin 228 BOY
Cassidy 228 GIRL
Kai 229 BOY
Makenna 229 GIRL
Drake 230 BOY
Allie 230 GIRL
Troy 231 BOY
Izabella 231 GIRL
Zion 232 BOY
Eden 232 GIRL
Clayton 233 BOY
Callie 233 GIRL
Roberto 234 BOY
Haylee 234 GIRL
Zane 235 BOY
Caitlin 235 GIRL
Gregory 236 BOY
Kendra 236 GIRL
Tucker 237 BOY
Karina 237 GIRL
Rafael 238 BOY
Kyra 238 GIRL
Kingston 239 BOY
Kayleigh 239 GIRL
Dominick 240 BOY
Addyson 240 GIRL
Ezekiel 241 BOY
Kiara 241 GIRL
Griffin 242 BOY
Jazmine 242 GIRL
Devon 243 BOY
Karla 243 GIRL
Drew 244 BOY
Camryn 244 GIRL
Lukas 245 BOY
Alina 245 GIRL
Johnny 246 BOY
Lola 246 GIRL
Ty 247 BOY
Kyla 247 GIRL
Pedro 248 BOY
Kelly 248 GIRL
Tyson 249 BOY
Fatima 249 GIRL
Caiden 250 BOY
Tiffany 250 GIRL
Mateo 251 BOY
Kira 251 GIRL
Braylon 252 BOY
Crystal 252 GIRL
Cash 253 BOY
Mallory 253 GIRL
Aden 254 BOY
Esmeralda 254 GIRL
Chance 255 BOY
Alejandra 255 GIRL
Taylor 256 BOY
Eleanor 256 GIRL
Marcos 257 BOY
Angelica 257 GIRL
Maximus 258 BOY
Jayda 258 GIRL
Ruben 259 BOY
Abby 259 GIRL
Emanuel 260 BOY
Kara 260 GIRL
Simon 261 BOY
Veronica 261 GIRL
Corbin 262 BOY
Carmen 262 GIRL
Brennan 263 BOY
Jamie 263 GIRL
Dillon 264 BOY
Ryleigh 264 GIRL
Skyler 265 BOY
Valentina 265 GIRL
Myles 266 BOY
Allyson 266 GIRL
Xander 267 BOY
Dakota 267 GIRL
Jaxson 268 BOY
Kamryn 268 GIRL
Dawson 269 BOY
Courtney 269 GIRL
Kameron 270 BOY
Cecilia 270 GIRL
Kyler 271 BOY
Madeleine 271 GIRL
Axel 272 BOY
Aniya 272 GIRL
Colby 273 BOY
Alison 273 GIRL
Jonas 274 BOY
Esther 274 GIRL
Joaquin 275 BOY
Heaven 275 GIRL
Payton 276 BOY
Aubree 276 GIRL
Brock 277 BOY
Lindsey 277 GIRL
Frank 278 BOY
Leilani 278 GIRL
Enrique 279 BOY
Nina 279 GIRL
Quinn 280 BOY
Melody 280 GIRL
Emilio 281 BOY
Macy 281 GIRL
Malik 282 BOY
Ashlynn 282 GIRL
Grady 283 BOY
Joanna 283 GIRL
Angelo 284 BOY
Cassandra 284 GIRL
Julio 285 BOY
Alayna 285 GIRL
Derrick 286 BOY
Kaydence 286 GIRL
Raul 287 BOY
Madilyn 287 GIRL
Fabian 288 BOY
Aurora 288 GIRL
Corey 289 BOY
Heidi 289 GIRL
Gerardo 290 BOY
Emerson 290 GIRL
Dante 291 BOY
Kimora 291 GIRL
Ezra 292 BOY
Madalyn 292 GIRL
Armando 293 BOY
Erica 293 GIRL
Allen 294 BOY
Josie 294 GIRL
Theodore 295 BOY
Katelynn 295 GIRL
Gael 296 BOY
Guadalupe 296 GIRL
Amir 297 BOY
Harper 297 GIRL
Zander 298 BOY
Ivy 298 GIRL
Adan 299 BOY
Lexi 299 GIRL
Maximilian 300 BOY
Camille 300 GIRL
Randy 301 BOY
Savanna 301 GIRL
Easton 302 BOY
Dulce 302 GIRL
Dustin 303 BOY
Daniella 303 GIRL
Luca 304 BOY
Lucia 304 GIRL
Phillip 305 BOY
Emely 305 GIRL
Julius 306 BOY
Joselyn 306 GIRL
Charlie 307 BOY
Kiley 307 GIRL
Ronald 308 BOY
Kailey 308 GIRL
Jakob 309 BOY
Miriam 309 GIRL
Cade 310 BOY
Cynthia 310 GIRL
Brett 311 BOY
Rihanna 311 GIRL
Trent 312 BOY
Georgia 312 GIRL
Silas 313 BOY
Rylie 313 GIRL
Keith 314 BOY
Harmony 314 GIRL
Emiliano 315 BOY
Kiera 315 GIRL
Trey 316 BOY
Kyleigh 316 GIRL
Jalen 317 BOY
Monica 317 GIRL
Darius 318 BOY
Bethany 318 GIRL
Lane 319 BOY
Kaylie 319 GIRL
Jerry 320 BOY
Cameron 320 GIRL
Jaime 321 BOY
Teagan 321 GIRL
Scott 322 BOY
Cora 322 GIRL
Graham 323 BOY
Brynn 323 GIRL
Weston 324 BOY
Ciara 324 GIRL
Braydon 325 BOY
Genevieve 325 GIRL
Anderson 326 BOY
Alice 326 GIRL
Rodrigo 327 BOY
Maddison 327 GIRL
Pablo 328 BOY
Eliza 328 GIRL
Saul 329 BOY
Tatiana 329 GIRL
Danny 330 BOY
Jaelyn 330 GIRL
Donald 331 BOY
Erika 331 GIRL
Elliot 332 BOY
Ximena 332 GIRL
Brayan 333 BOY
April 333 GIRL
Dallas 334 BOY
Marely 334 GIRL
Lorenzo 335 BOY
Julie 335 GIRL
Casey 336 BOY
Danica 336 GIRL
Mitchell 337 BOY
Presley 337 GIRL
Alberto 338 BOY
Brielle 338 GIRL
Tristen 339 BOY
Julissa 339 GIRL
Rowan 340 BOY
Angie 340 GIRL
Jayson 341 BOY
Iris 341 GIRL
Gustavo 342 BOY
Brenda 342 GIRL
Aaden 343 BOY
Hazel 343 GIRL
Amari 344 BOY
Rose 344 GIRL
Dean 345 BOY
Malia 345 GIRL
Braeden 346 BOY
Shayla 346 GIRL
Declan 347 BOY
Fiona 347 GIRL
Chris 348 BOY
Phoebe 348 GIRL
Ismael 349 BOY
Nayeli 349 GIRL
Dane 350 BOY
Paola 350 GIRL
Louis 351 BOY
Kaelyn 351 GIRL
Arturo 352 BOY
Selena 352 GIRL
Brenden 353 BOY
Audrina 353 GIRL
Felix 354 BOY
Rebekah 354 GIRL
Jimmy 355 BOY
Carolina 355 GIRL
Cohen 356 BOY
Janiyah 356 GIRL
Tony 357 BOY
Michaela 357 GIRL
Holden 358 BOY
Penelope 358 GIRL
Reid 359 BOY
Janiya 359 GIRL
Abel 360 BOY
Anastasia 360 GIRL
Bennett 361 BOY
Adeline 361 GIRL
Zackary 362 BOY
Ruth 362 GIRL
Arthur 363 BOY
Sasha 363 GIRL
Nehemiah 364 BOY
Denise 364 GIRL
Ricky 365 BOY
Holly 365 GIRL
Esteban 366 BOY
Madisyn 366 GIRL
Cruz 367 BOY
Hanna 367 GIRL
Finn 368 BOY
Tatum 368 GIRL
Mauricio 369 BOY
Marlee 369 GIRL
Dennis 370 BOY
Nataly 370 GIRL
Keaton 371 BOY
Helen 371 GIRL
Albert 372 BOY
Janelle 372 GIRL
Marvin 373 BOY
Lizbeth 373 GIRL
Mathew 374 BOY
Serena 374 GIRL
Larry 375 BOY
Anya 375 GIRL
Moises 376 BOY
Jaslene 376 GIRL
Issac 377 BOY
Kaylin 377 GIRL
Philip 378 BOY
Jazlyn 378 GIRL
Quentin 379 BOY
Nancy 379 GIRL
Curtis 380 BOY
Lindsay 380 GIRL
Greyson 381 BOY
Desiree 381 GIRL
Jameson 382 BOY
Hayley 382 GIRL
Everett 383 BOY
Itzel 383 GIRL
Jayce 384 BOY
Imani 384 GIRL
Darren 385 BOY
Madelynn 385 GIRL
Elliott 386 BOY
Asia 386 GIRL
Uriel 387 BOY
Kadence 387 GIRL
Alfredo 388 BOY
Madyson 388 GIRL
Hugo 389 BOY
Talia 389 GIRL
Alec 390 BOY
Jane 390 GIRL
Jamari 391 BOY
Kayden 391 GIRL
Marshall 392 BOY
Annie 392 GIRL
Walter 393 BOY
Amari 393 GIRL
Judah 394 BOY
Bridget 394 GIRL
Jay 395 BOY
Raegan 395 GIRL
Lance 396 BOY
Jadyn 396 GIRL
Beau 397 BOY
Celeste 397 GIRL
Ali 398 BOY
Jimena 398 GIRL
Landyn 399 BOY
Luna 399 GIRL
Yahir 400 BOY
Yasmin 400 GIRL
Phoenix 401 BOY
Emilia 401 GIRL
Nickolas 402 BOY
Annika 402 GIRL
Kobe 403 BOY
Estrella 403 GIRL
Bryant 404 BOY
Sarai 404 GIRL
Maurice 405 BOY
Lacey 405 GIRL
Russell 406 BOY
Ayla 406 GIRL
Leland 407 BOY
Alessandra 407 GIRL
Colten 408 BOY
Willow 408 GIRL
Reed 409 BOY
Nyla 409 GIRL
Davis 410 BOY
Dayana 410 GIRL
Joe 411 BOY
Lilah 411 GIRL
Ernesto 412 BOY
Lilliana 412 GIRL
Desmond 413 BOY
Natasha 413 GIRL
Kade 414 BOY
Hadley 414 GIRL
Reece 415 BOY
Harley 415 GIRL
Morgan 416 BOY
Priscilla 416 GIRL
Ramon 417 BOY
Claudia 417 GIRL
Rocco 418 BOY
Allisson 418 GIRL
Orlando 419 BOY
Baylee 419 GIRL
Ryker 420 BOY
Brenna 420 GIRL
Brodie 421 BOY
Brittany 421 GIRL
Paxton 422 BOY
Skyler 422 GIRL
Jacoby 423 BOY
Fernanda 423 GIRL
Douglas 424 BOY
Danna 424 GIRL
Kristopher 425 BOY
Melany 425 GIRL
Gary 426 BOY
Cali 426 GIRL
Lawrence 427 BOY
Lia 427 GIRL
Izaiah 428 BOY
Macie 428 GIRL
Solomon 429 BOY
Lyric 429 GIRL
Nikolas 430 BOY
Logan 430 GIRL
Mekhi 431 BOY
Gloria 431 GIRL
Justice 432 BOY
Lana 432 GIRL
Tate 433 BOY
Mylee 433 GIRL
Jaydon 434 BOY
Cindy 434 GIRL
Salvador 435 BOY
Lilian 435 GIRL
Shaun 436 BOY
Amira 436 GIRL
Alvin 437 BOY
Anahi 437 GIRL
Eddie 438 BOY
Alissa 438 GIRL
Kane 439 BOY
Anaya 439 GIRL
Davion 440 BOY
Lena 440 GIRL
Zachariah 441 BOY
Ainsley 441 GIRL
Dorian 442 BOY
Sandra 442 GIRL
Titus 443 BOY
Noelle 443 GIRL
Kellen 444 BOY
Marisol 444 GIRL
Camron 445 BOY
Meredith 445 GIRL
Isiah 446 BOY
Kailyn 446 GIRL
Javon 447 BOY
Lesly 447 GIRL
Nasir 448 BOY
Johanna 448 GIRL
Milo 449 BOY
Diamond 449 GIRL
Johan 450 BOY
Evangeline 450 GIRL
Byron 451 BOY
Juliet 451 GIRL
Jasper 452 BOY
Kathleen 452 GIRL
Jonathon 453 BOY
Meghan 453 GIRL
Chad 454 BOY
Paisley 454 GIRL
Marc 455 BOY
Athena 455 GIRL
Kelvin 456 BOY
Hailee 456 GIRL
Chandler 457 BOY
Rosa 457 GIRL
Sam 458 BOY
Wendy 458 GIRL
Cory 459 BOY
Emilee 459 GIRL
Deandre 460 BOY
Sage 460 GIRL
River 461 BOY
Alanna 461 GIRL
Reese 462 BOY
Elaina 462 GIRL
Roger 463 BOY
Cara 463 GIRL
Quinton 464 BOY
Nia 464 GIRL
Talon 465 BOY
Paris 465 GIRL
Romeo 466 BOY
Casey 466 GIRL
Franklin 467 BOY
Dana 467 GIRL
Noel 468 BOY
Emery 468 GIRL
Alijah 469 BOY
Rowan 469 GIRL
Guillermo 470 BOY
Aubrie 470 GIRL
Gunner 471 BOY
Kaitlin 471 GIRL
Damon 472 BOY
Jaden 472 GIRL
Jadon 473 BOY
Kenzie 473 GIRL
Emerson 474 BOY
Kiana 474 GIRL
Micheal 475 BOY
Viviana 475 GIRL
Bruce 476 BOY
Norah 476 GIRL
Terry 477 BOY
Lauryn 477 GIRL
Kolton 478 BOY
Perla 478 GIRL
Melvin 479 BOY
Amiyah 479 GIRL
Beckett 480 BOY
Alyson 480 GIRL
Porter 481 BOY
Rachael 481 GIRL
August 482 BOY
Shannon 482 GIRL
Brycen 483 BOY
Aileen 483 GIRL
Dayton 484 BOY
Miracle 484 GIRL
Jamarion 485 BOY
Lillie 485 GIRL
Leonel 486 BOY
Danika 486 GIRL
Karson 487 BOY
Heather 487 GIRL
Zayden 488 BOY
Kassidy 488 GIRL
Keagan 489 BOY
Taryn 489 GIRL
Carl 490 BOY
Tori 490 GIRL
Khalil 491 BOY
Francesca 491 GIRL
Cristopher 492 BOY
Kristen 492 GIRL
Nelson 493 BOY
Amya 493 GIRL
Braiden 494 BOY
Elle 494 GIRL
Moses 495 BOY
Kristina 495 GIRL
Isaias 496 BOY
Cheyanne 496 GIRL
Roy 497 BOY
Haylie 497 GIRL
Triston 498 BOY
Patricia 498 GIRL
Walker 499 BOY
Anne 499 GIRL
Kale 500 BOY
Samara 500 GIRL
Jermaine 501 BOY
Skye 501 GIRL
Leon 502 BOY
Kali 502 GIRL
Rodney 503 BOY
America 503 GIRL
Kristian 504 BOY
Lexie 504 GIRL
Mohamed 505 BOY
Parker 505 GIRL
Ronan 506 BOY
Halle 506 GIRL
Pierce 507 BOY
Londyn 507 GIRL
Trace 508 BOY
Abbigail 508 GIRL
Warren 509 BOY
Linda 509 GIRL
Jeffery 510 BOY
Hallie 510 GIRL
Maverick 511 BOY
Saniya 511 GIRL
Cyrus 512 BOY
Bryanna 512 GIRL
Quincy 513 BOY
Bailee 513 GIRL
Nathanael 514 BOY
Jaylynn 514 GIRL
Skylar 515 BOY
Mckayla 515 GIRL
Tommy 516 BOY
Quinn 516 GIRL
Conor 517 BOY
Jaelynn 517 GIRL
Noe 518 BOY
Jaida 518 GIRL
Ezequiel 519 BOY
Caylee 519 GIRL
Demetrius 520 BOY
Jaiden 520 GIRL
Jaylin 521 BOY
Melina 521 GIRL
Kendrick 522 BOY
Abril 522 GIRL
Frederick 523 BOY
Sidney 523 GIRL
Terrance 524 BOY
Kassandra 524 GIRL
Bobby 525 BOY
Elisabeth 525 GIRL
Jamison 526 BOY
Adalyn 526 GIRL
Jon 527 BOY
Kaylynn 527 GIRL
Rohan 528 BOY
Mercedes 528 GIRL
Jett 529 BOY
Yesenia 529 GIRL
Kieran 530 BOY
Elliana 530 GIRL
Tobias 531 BOY
Brylee 531 GIRL
Ari 532 BOY
Dylan 532 GIRL
Colt 533 BOY
Isabela 533 GIRL
Gideon 534 BOY
Ryan 534 GIRL
Felipe 535 BOY
Ashlee 535 GIRL
Kenny 536 BOY
Daphne 536 GIRL
Wilson 537 BOY
Kenya 537 GIRL
Orion 538 BOY
Marina 538 GIRL
Kamari 539 BOY
Christine 539 GIRL
Gunnar 540 BOY
Mikaela 540 GIRL
Jessie 541 BOY
Kaitlynn 541 GIRL
Alonzo 542 BOY
Justice 542 GIRL
Gianni 543 BOY
Saniyah 543 GIRL
Omari 544 BOY
Jaliyah 544 GIRL
Waylon 545 BOY
Ingrid 545 GIRL
Malcolm 546 BOY
Marie 546 GIRL
Emmett 547 BOY
Natalee 547 GIRL
Abram 548 BOY
Joy 548 GIRL
Julien 549 BOY
Juliette 549 GIRL
London 550 BOY
Simone 550 GIRL
Tomas 551 BOY
Adelaide 551 GIRL
Allan 552 BOY
Krystal 552 GIRL
Terrell 553 BOY
Kennedi 553 GIRL
Matteo 554 BOY
Mila 554 GIRL
Tristin 555 BOY
Tamia 555 GIRL
Jairo 556 BOY
Addisyn 556 GIRL
Reginald 557 BOY
Aylin 557 GIRL
Brent 558 BOY
Dayanara 558 GIRL
Ahmad 559 BOY
Sylvia 559 GIRL
Yandel 560 BOY
Clarissa 560 GIRL
Rene 561 BOY
Maritza 561 GIRL
Willie 562 BOY
Virginia 562 GIRL
Boston 563 BOY
Braelyn 563 GIRL
Billy 564 BOY
Jolie 564 GIRL
Marlon 565 BOY
Jaidyn 565 GIRL
Trevon 566 BOY
Kinsley 566 GIRL
Aydan 567 BOY
Kirsten 567 GIRL
Jamal 568 BOY
Laney 568 GIRL
Aldo 569 BOY
Marilyn 569 GIRL
Ariel 570 BOY
Whitney 570 GIRL
Cason 571 BOY
Janessa 571 GIRL
Braylen 572 BOY
Raquel 572 GIRL
Javion 573 BOY
Anika 573 GIRL
Joey 574 BOY
Kamila 574 GIRL
Rogelio 575 BOY
Aria 575 GIRL
Ahmed 576 BOY
Rubi 576 GIRL
Dominik 577 BOY
Adelyn 577 GIRL
Brendon 578 BOY
Amara 578 GIRL
Toby 579 BOY
Ayanna 579 GIRL
Kody 580 BOY
Teresa 580 GIRL
Marquis 581 BOY
Zariah 581 GIRL
Ulises 582 BOY
Kaleigh 582 GIRL
Armani 583 BOY
Amani 583 GIRL
Adriel 584 BOY
Carla 584 GIRL
Alfonso 585 BOY
Yareli 585 GIRL
Branden 586 BOY
Gwendolyn 586 GIRL
Will 587 BOY
Paulina 587 GIRL
Craig 588 BOY
Nathalie 588 GIRL
Ibrahim 589 BOY
Annabella 589 GIRL
Osvaldo 590 BOY
Jaylin 590 GIRL
Wade 591 BOY
Tabitha 591 GIRL
Harley 592 BOY
Deanna 592 GIRL
Steve 593 BOY
Madalynn 593 GIRL
Davin 594 BOY
Journey 594 GIRL
Deshawn 595 BOY
Aiyana 595 GIRL
Kason 596 BOY
Skyla 596 GIRL
Damion 597 BOY
Yaretzi 597 GIRL
Jaylon 598 BOY
Ada 598 GIRL
Jefferson 599 BOY
Liana 599 GIRL
Aron 600 BOY
Karlee 600 GIRL
Brooks 601 BOY
Jenny 601 GIRL
Darian 602 BOY
Myla 602 GIRL
Gerald 603 BOY
Cristina 603 GIRL
Rolando 604 BOY
Myah 604 GIRL
Terrence 605 BOY
Lisa 605 GIRL
Enzo 606 BOY
Tania 606 GIRL
Kian 607 BOY
Isis 607 GIRL
Ryland 608 BOY
Jayleen 608 GIRL
Barrett 609 BOY
Jordin 609 GIRL
Jaeden 610 BOY
Arely 610 GIRL
Ben 611 BOY
Azul 611 GIRL
Bradyn 612 BOY
Helena 612 GIRL
Giovani 613 BOY
Aryanna 613 GIRL
Blaine 614 BOY
Jaqueline 614 GIRL
Madden 615 BOY
Lucille 615 GIRL
Jerome 616 BOY
Destinee 616 GIRL
Muhammad 617 BOY
Martha 617 GIRL
Ronnie 618 BOY
Zoie 618 GIRL
Layne 619 BOY
Arielle 619 GIRL
Kolby 620 BOY
Liberty 620 GIRL
Leonard 621 BOY
Marlene 621 GIRL
Vicente 622 BOY
Elisa 622 GIRL
Cale 623 BOY
Isla 623 GIRL
Alessandro 624 BOY
Noemi 624 GIRL
Zachery 625 BOY
Raven 625 GIRL
Gavyn 626 BOY
Jessie 626 GIRL
Aydin 627 BOY
Aleah 627 GIRL
Xzavier 628 BOY
Kailee 628 GIRL
Malakai 629 BOY
Kaliyah 629 GIRL
Raphael 630 BOY
Lilyana 630 GIRL
Cannon 631 BOY
Haven 631 GIRL
Rudy 632 BOY
Tara 632 GIRL
Asa 633 BOY
Giana 633 GIRL
Darrell 634 BOY
Camilla 634 GIRL
Giancarlo 635 BOY
Maliyah 635 GIRL
Elisha 636 BOY
Irene 636 GIRL
Junior 637 BOY
Carley 637 GIRL
Zackery 638 BOY
Maeve 638 GIRL
Alvaro 639 BOY
Lea 639 GIRL
Lewis 640 BOY
Macey 640 GIRL
Valentin 641 BOY
Sharon 641 GIRL
Deacon 642 BOY
Alisha 642 GIRL
Jase 643 BOY
Marisa 643 GIRL
Harry 644 BOY
Jaylene 644 GIRL
Kendall 645 BOY
Kaya 645 GIRL
Rashad 646 BOY
Scarlet 646 GIRL
Finnegan 647 BOY
Siena 647 GIRL
Mohammed 648 BOY
Adyson 648 GIRL
Ramiro 649 BOY
Maia 649 GIRL
Cedric 650 BOY
Shiloh 650 GIRL
Brennen 651 BOY
Tiana 651 GIRL
Santino 652 BOY
Jaycee 652 GIRL
Stanley 653 BOY
Gisselle 653 GIRL
Tyrone 654 BOY
Yazmin 654 GIRL
Chace 655 BOY
Eve 655 GIRL
Francis 656 BOY
Shyanne 656 GIRL
Johnathon 657 BOY
Arabella 657 GIRL
Teagan 658 BOY
Sherlyn 658 GIRL
Zechariah 659 BOY
Sariah 659 GIRL
Alonso 660 BOY
Amiya 660 GIRL
Kaeden 661 BOY
Kiersten 661 GIRL
Kamden 662 BOY
Madilynn 662 GIRL
Gilberto 663 BOY
Shania 663 GIRL
Ray 664 BOY
Aleena 664 GIRL
Karter 665 BOY
Finley 665 GIRL
Luciano 666 BOY
Kinley 666 GIRL
Nico 667 BOY
Kaia 667 GIRL
Kole 668 BOY
Aliya 668 GIRL
Aryan 669 BOY
Taliyah 669 GIRL
Draven 670 BOY
Pamela 670 GIRL
Jamie 671 BOY
Yoselin 671 GIRL
Misael 672 BOY
Ellen 672 GIRL
Lee 673 BOY
Carlie 673 GIRL
Alexzander 674 BOY
Monserrat 674 GIRL
Camren 675 BOY
Jakayla 675 GIRL
Giovanny 676 BOY
Reyna 676 GIRL
Amare 677 BOY
Yaritza 677 GIRL
Rhett 678 BOY
Carolyn 678 GIRL
Rhys 679 BOY
Clare 679 GIRL
Rodolfo 680 BOY
Lorelei 680 GIRL
Nash 681 BOY
Paula 681 GIRL
Markus 682 BOY
Zaria 682 GIRL
Deven 683 BOY
Gracelyn 683 GIRL
Mohammad 684 BOY
Kasey 684 GIRL
Moshe 685 BOY
Regan 685 GIRL
Quintin 686 BOY
Alena 686 GIRL
Dwayne 687 BOY
Angelique 687 GIRL
Memphis 688 BOY
Regina 688 GIRL
Atticus 689 BOY
Britney 689 GIRL
Davian 690 BOY
Emilie 690 GIRL
Eugene 691 BOY
Mariam 691 GIRL
Jax 692 BOY
Jaylee 692 GIRL
Antoine 693 BOY
Julianne 693 GIRL
Wayne 694 BOY
Greta 694 GIRL
Randall 695 BOY
Elyse 695 GIRL
Semaj 696 BOY
Lainey 696 GIRL
Uriah 697 BOY
Kallie 697 GIRL
Clark 698 BOY
Felicity 698 GIRL
Aidyn 699 BOY
Zion 699 GIRL
Jorden 700 BOY
Aspen 700 GIRL
Maxim 701 BOY
Carlee 701 GIRL
Aditya 702 BOY
Annalise 702 GIRL
Lawson 703 BOY
Iliana 703 GIRL
Messiah 704 BOY
Larissa 704 GIRL
Korbin 705 BOY
Akira 705 GIRL
Sullivan 706 BOY
Sonia 706 GIRL
Freddy 707 BOY
Catalina 707 GIRL
Demarcus 708 BOY
Phoenix 708 GIRL
Neil 709 BOY
Joslyn 709 GIRL
Brice 710 BOY
Anabelle 710 GIRL
King 711 BOY
Mollie 711 GIRL
Davon 712 BOY
Susan 712 GIRL
Elvis 713 BOY
Judith 713 GIRL
Ace 714 BOY
Destiney 714 GIRL
Dexter 715 BOY
Hillary 715 GIRL
Heath 716 BOY
Janet 716 GIRL
Duncan 717 BOY
Katrina 717 GIRL
Jamar 718 BOY
Mareli 718 GIRL
Sincere 719 BOY
Ansley 719 GIRL
Irvin 720 BOY
Kaylyn 720 GIRL
Remington 721 BOY
Alexus 721 GIRL
Kadin 722 BOY
Gia 722 GIRL
Soren 723 BOY
Maci 723 GIRL
Tyree 724 BOY
Elsa 724 GIRL
Damarion 725 BOY
Stacy 725 GIRL
Talan 726 BOY
Kaylen 726 GIRL
Adrien 727 BOY
Carissa 727 GIRL
Gilbert 728 BOY
Haleigh 728 GIRL
Keenan 729 BOY
Lorena 729 GIRL
Darnell 730 BOY
Jazlynn 730 GIRL
Adolfo 731 BOY
Milagros 731 GIRL
Tristian 732 BOY
Luz 732 GIRL
Derick 733 BOY
Leanna 733 GIRL
Isai 734 BOY
Renee 734 GIRL
Rylee 735 BOY
Shaniya 735 GIRL
Gauge 736 BOY
Charlie 736 GIRL
Harold 737 BOY
Abbie 737 GIRL
Kareem 738 BOY
Cailyn 738 GIRL
Deangelo 739 BOY
Cherish 739 GIRL
Agustin 740 BOY
Elsie 740 GIRL
Coleman 741 BOY
Jazmyn 741 GIRL
Zavier 742 BOY
Elaine 742 GIRL
Lamar 743 BOY
Emmalee 743 GIRL
Emery 744 BOY
Luciana 744 GIRL
Jaydin 745 BOY
Dahlia 745 GIRL
Devan 746 BOY
Jamya 746 GIRL
Jordyn 747 BOY
Belinda 747 GIRL
Mathias 748 BOY
Mariyah 748 GIRL
Prince 749 BOY
Chaya 749 GIRL
Sage 750 BOY
Dayami 750 GIRL
Seamus 751 BOY
Rhianna 751 GIRL
Jasiah 752 BOY
Yadira 752 GIRL
Efrain 753 BOY
Aryana 753 GIRL
Darryl 754 BOY
Rosemary 754 GIRL
Arjun 755 BOY
Armani 755 GIRL
Mike 756 BOY
Cecelia 756 GIRL
Roland 757 BOY
Celia 757 GIRL
Conrad 758 BOY
Barbara 758 GIRL
Kamron 759 BOY
Cristal 759 GIRL
Hamza 760 BOY
Eileen 760 GIRL
Santos 761 BOY
Rayna 761 GIRL
Frankie 762 BOY
Campbell 762 GIRL
Dominique 763 BOY
Amina 763 GIRL
Marley 764 BOY
Aisha 764 GIRL
Vance 765 BOY
Amirah 765 GIRL
Dax 766 BOY
Ally 766 GIRL
Jamir 767 BOY
Araceli 767 GIRL
Kylan 768 BOY
Averie 768 GIRL
Todd 769 BOY
Mayra 769 GIRL
Maximo 770 BOY
Sanaa 770 GIRL
Jabari 771 BOY
Patience 771 GIRL
Matthias 772 BOY
Leyla 772 GIRL
Haiden 773 BOY
Selah 773 GIRL
Luka 774 BOY
Zara 774 GIRL
Marcelo 775 BOY
Chanel 775 GIRL
Keon 776 BOY
Kaiya 776 GIRL
Layton 777 BOY
Keyla 777 GIRL
Tyrell 778 BOY
Miah 778 GIRL
Kash 779 BOY
Aimee 779 GIRL
Raiden 780 BOY
Giovanna 780 GIRL
Cullen 781 BOY
Amelie 781 GIRL
Donte 782 BOY
Kelsie 782 GIRL
Jovani 783 BOY
Alisson 783 GIRL
Cordell 784 BOY
Angeline 784 GIRL
Kasen 785 BOY
Dominique 785 GIRL
Rory 786 BOY
Adrienne 786 GIRL
Alfred 787 BOY
Brisa 787 GIRL
Darwin 788 BOY
Cierra 788 GIRL
Ernest 789 BOY
Paloma 789 GIRL
Bailey 790 BOY
Isabell 790 GIRL
Gaige 791 BOY
Precious 791 GIRL
Hassan 792 BOY
Alma 792 GIRL
Jamarcus 793 BOY
Charity 793 GIRL
Killian 794 BOY
Jacquelyn 794 GIRL
Augustus 795 BOY
Janae 795 GIRL
Trevin 796 BOY
Frances 796 GIRL
Zain 797 BOY
Shyla 797 GIRL
Ellis 798 BOY
Janiah 798 GIRL
Rex 799 BOY
Kierra 799 GIRL
Yusuf 800 BOY
Karlie 800 GIRL
Bruno 801 BOY
Annabel 801 GIRL
Jaidyn 802 BOY
Jacey 802 GIRL
Justus 803 BOY
Karissa 803 GIRL
Ronin 804 BOY
Jaylah 804 GIRL
Humberto 805 BOY
Xiomara 805 GIRL
Jaquan 806 BOY
Edith 806 GIRL
Josh 807 BOY
Marianna 807 GIRL
Kasey 808 BOY
Damaris 808 GIRL
Winston 809 BOY
Deborah 809 GIRL
Dashawn 810 BOY
Jaylyn 810 GIRL
Lucian 811 BOY
Evelin 811 GIRL
Matias 812 BOY
Mara 812 GIRL
Sidney 813 BOY
Olive 813 GIRL
Ignacio 814 BOY
Ayana 814 GIRL
Nigel 815 BOY
India 815 GIRL
Van 816 BOY
Kendal 816 GIRL
Elian 817 BOY
Kayley 817 GIRL
Finley 818 BOY
Tamara 818 GIRL
Jaron 819 BOY
Briley 819 GIRL
Addison 820 BOY
Charlee 820 GIRL
Aedan 821 BOY
Nylah 821 GIRL
Braedon 822 BOY
Abbey 822 GIRL
Jadyn 823 BOY
Moriah 823 GIRL
Konner 824 BOY
Saige 824 GIRL
Zayne 825 BOY
Savanah 825 GIRL
Franco 826 BOY
Giada 826 GIRL
Niko 827 BOY
Hana 827 GIRL
Savion 828 BOY
Lizeth 828 GIRL
Cristofer 829 BOY
Matilda 829 GIRL
Deon 830 BOY
Ann 830 GIRL
Krish 831 BOY
Jazlene 831 GIRL
Anton 832 BOY
Gillian 832 GIRL
Brogan 833 BOY
Beatrice 833 GIRL
Cael 834 BOY
Ireland 834 GIRL
Coby 835 BOY
Karly 835 GIRL
Kymani 836 BOY
Mylie 836 GIRL
Marcel 837 BOY
Yasmine 837 GIRL
Yair 838 BOY
Ashly 838 GIRL
Dale 839 BOY
Kenna 839 GIRL
Bo 840 BOY
Maleah 840 GIRL
Jordon 841 BOY
Corinne 841 GIRL
Samir 842 BOY
Keely 842 GIRL
Darien 843 BOY
Tanya 843 GIRL
Zaire 844 BOY
Tianna 844 GIRL
Ross 845 BOY
Adalynn 845 GIRL
Vaughn 846 BOY
Ryann 846 GIRL
Devyn 847 BOY
Salma 847 GIRL
Kenyon 848 BOY
Areli 848 GIRL
Clay 849 BOY
Karma 849 GIRL
Dario 850 BOY
Shyann 850 GIRL
Ishaan 851 BOY
Kaley 851 GIRL
Jair 852 BOY
Theresa 852 GIRL
Kael 853 BOY
Evie 853 GIRL
Adonis 854 BOY
Gina 854 GIRL
Jovanny 855 BOY
Roselyn 855 GIRL
Clinton 856 BOY
Kaila 856 GIRL
Rey 857 BOY
Jaylen 857 GIRL
Chaim 858 BOY
Natalya 858 GIRL
German 859 BOY
Meadow 859 GIRL
Harper 860 BOY
Rayne 860 GIRL
Nathen 861 BOY
Aliza 861 GIRL
Rigoberto 862 BOY
Yuliana 862 GIRL
Sonny 863 BOY
June 863 GIRL
Glenn 864 BOY
Lilianna 864 GIRL
Octavio 865 BOY
Nathaly 865 GIRL
Blaze 866 BOY
Ali 866 GIRL
Keshawn 867 BOY
Alisa 867 GIRL
Ralph 868 BOY
Aracely 868 GIRL
Ean 869 BOY
Belen 869 GIRL
Nikhil 870 BOY
Tess 870 GIRL
Rayan 871 BOY
Jocelynn 871 GIRL
Sterling 872 BOY
Litzy 872 GIRL
Branson 873 BOY
Makena 873 GIRL
Jadiel 874 BOY
Abagail 874 GIRL
Dillan 875 BOY
Giuliana 875 GIRL
Jeramiah 876 BOY
Joyce 876 GIRL
Koen 877 BOY
Libby 877 GIRL
Konnor 878 BOY
Lillianna 878 GIRL
Antwan 879 BOY
Thalia 879 GIRL
Houston 880 BOY
Tia 880 GIRL
Tyrese 881 BOY
Sarahi 881 GIRL
Dereon 882 BOY
Zaniyah 882 GIRL
Leonidas 883 BOY
Kristin 883 GIRL
Zack 884 BOY
Lorelai 884 GIRL
Fisher 885 BOY
Mattie 885 GIRL
Jaydan 886 BOY
Taniya 886 GIRL
Quinten 887 BOY
Jaslyn 887 GIRL
Nick 888 BOY
Gemma 888 GIRL
Urijah 889 BOY
Valery 889 GIRL
Darion 890 BOY
Lailah 890 GIRL
Jovan 891 BOY
Mckinley 891 GIRL
Salvatore 892 BOY
Micah 892 GIRL
Beckham 893 BOY
Deja 893 GIRL
Jarrett 894 BOY
Frida 894 GIRL
Antony 895 BOY
Brynlee 895 GIRL
Eden 896 BOY
Jewel 896 GIRL
Makai 897 BOY
Krista 897 GIRL
Zaiden 898 BOY
Mira 898 GIRL
Broderick 899 BOY
Yamilet 899 GIRL
Camryn 900 BOY
Adison 900 GIRL
Malaki 901 BOY
Carina 901 GIRL
Nikolai 902 BOY
Karli 902 GIRL
Howard 903 BOY
Magdalena 903 GIRL
Immanuel 904 BOY
Stephany 904 GIRL
Demarion 905 BOY
Charlize 905 GIRL
Valentino 906 BOY
Raelynn 906 GIRL
Jovanni 907 BOY
Aliana 907 GIRL
Ayaan 908 BOY
Cassie 908 GIRL
Ethen 909 BOY
Mina 909 GIRL
Leandro 910 BOY
Karley 910 GIRL
Royce 911 BOY
Shirley 911 GIRL
Yael 912 BOY
Marlie 912 GIRL
Yosef 913 BOY
Alani 913 GIRL
Jean 914 BOY
Taniyah 914 GIRL
Marquise 915 BOY
Cloe 915 GIRL
Alden 916 BOY
Sanai 916 GIRL
Leroy 917 BOY
Lina 917 GIRL
Gaven 918 BOY
Nola 918 GIRL
Jovany 919 BOY
Anabella 919 GIRL
Tyshawn 920 BOY
Dalia 920 GIRL
Aarav 921 BOY
Raina 921 GIRL
Kadyn 922 BOY
Mariela 922 GIRL
Milton 923 BOY
Ariella 923 GIRL
Zaid 924 BOY
Bria 924 GIRL
Kelton 925 BOY
Kamari 925 GIRL
Tripp 926 BOY
Monique 926 GIRL
Kamren 927 BOY
Ashleigh 927 GIRL
Slade 928 BOY
Reina 928 GIRL
Hezekiah 929 BOY
Alia 929 GIRL
Jakobe 930 BOY
Ashanti 930 GIRL
Nathanial 931 BOY
Lara 931 GIRL
Rishi 932 BOY
Lilia 932 GIRL
Shamar 933 BOY
Justine 933 GIRL
Geovanni 934 BOY
Leia 934 GIRL
Pranav 935 BOY
Maribel 935 GIRL
Roderick 936 BOY
Abigayle 936 GIRL
Bentley 937 BOY
Tiara 937 GIRL
Clarence 938 BOY
Alannah 938 GIRL
Lyric 939 BOY
Princess 939 GIRL
Bernard 940 BOY
Sydnee 940 GIRL
Carmelo 941 BOY
Kamora 941 GIRL
Denzel 942 BOY
Paityn 942 GIRL
Maximillian 943 BOY
Payten 943 GIRL
Reynaldo 944 BOY
Naima 944 GIRL
Cassius 945 BOY
Gretchen 945 GIRL
Gordon 946 BOY
Heidy 946 GIRL
Reuben 947 BOY
Nyasia 947 GIRL
Samson 948 BOY
Livia 948 GIRL
Yadiel 949 BOY
Marin 949 GIRL
Jayvon 950 BOY
Shaylee 950 GIRL
Reilly 951 BOY
Maryjane 951 GIRL
Sheldon 952 BOY
Laci 952 GIRL
Abdullah 953 BOY
Nathalia 953 GIRL
Jagger 954 BOY
Azaria 954 GIRL
Thaddeus 955 BOY
Anabel 955 GIRL
Case 956 BOY
Chasity 956 GIRL
Kyson 957 BOY
Emmy 957 GIRL
Lamont 958 BOY
Izabelle 958 GIRL
Chaz 959 BOY
Denisse 959 GIRL
Makhi 960 BOY
Emelia 960 GIRL
Jan 961 BOY
Mireya 961 GIRL
Marques 962 BOY
Shea 962 GIRL
Oswaldo 963 BOY
Amiah 963 GIRL
Donavan 964 BOY
Dixie 964 GIRL
Keyon 965 BOY
Maren 965 GIRL
Kyan 966 BOY
Averi 966 GIRL
Simeon 967 BOY
Esperanza 967 GIRL
Trystan 968 BOY
Micaela 968 GIRL
Andreas 969 BOY
Selina 969 GIRL
Dangelo 970 BOY
Alyvia 970 GIRL
Landin 971 BOY
Chana 971 GIRL
Reagan 972 BOY
Avah 972 GIRL
Turner 973 BOY
Donna 973 GIRL
Arnav 974 BOY
Kaylah 974 GIRL
Brenton 975 BOY
Ashtyn 975 GIRL
Callum 976 BOY
Karsyn 976 GIRL
Jayvion 977 BOY
Makaila 977 GIRL
Bridger 978 BOY
Shayna 978 GIRL
Sammy 979 BOY
Essence 979 GIRL
Deegan 980 BOY
Leticia 980 GIRL
Jaylan 981 BOY
Miya 981 GIRL
Lennon 982 BOY
Rory 982 GIRL
Odin 983 BOY
Desirae 983 GIRL
Abdiel 984 BOY
Kianna 984 GIRL
Jerimiah 985 BOY
Laurel 985 GIRL
Eliezer 986 BOY
Neveah 986 GIRL
Bronson 987 BOY
Amaris 987 GIRL
Cornelius 988 BOY
Hadassah 988 GIRL
Pierre 989 BOY
Dania 989 GIRL
Cortez 990 BOY
Hailie 990 GIRL
Baron 991 BOY
Jamiya 991 GIRL
Carlo 992 BOY
Kathy 992 GIRL
Carsen 993 BOY
Laylah 993 GIRL
Fletcher 994 BOY
Riya 994 GIRL
Izayah 995 BOY
Diya 995 GIRL
Kolten 996 BOY
Carleigh 996 GIRL
Damari 997 BOY
Iyana 997 GIRL
Hugh 998 BOY
Kenley 998 GIRL
Jensen 999 BOY
Sloane 999 GIRL
Yurem 1000 BOY
Elianna 1000 GIRL