1994
Michael 1 BOY
Jessica 1 GIRL
Christopher 2 BOY
Ashley 2 GIRL
Matthew 3 BOY
Emily 3 GIRL
Joshua 4 BOY
Samantha 4 GIRL
Tyler 5 BOY
Sarah 5 GIRL
Brandon 6 BOY
Taylor 6 GIRL
Jacob 7 BOY
Brittany 7 GIRL
Daniel 8 BOY
Amanda 8 GIRL
Nicholas 9 BOY
Elizabeth 9 GIRL
Andrew 10 BOY
Megan 10 GIRL
Joseph 11 BOY
Nicole 11 GIRL
Zachary 12 BOY
Kayla 12 GIRL
David 13 BOY
Rachel 13 GIRL
James 14 BOY
Lauren 14 GIRL
John 15 BOY
Stephanie 15 GIRL
Ryan 16 BOY
Hannah 16 GIRL
Austin 17 BOY
Jennifer 17 GIRL
Anthony 18 BOY
Alexis 18 GIRL
William 19 BOY
Victoria 19 GIRL
Justin 20 BOY
Danielle 20 GIRL
Robert 21 BOY
Amber 21 GIRL
Alexander 22 BOY
Courtney 22 GIRL
Jonathan 23 BOY
Jasmine 23 GIRL
Kyle 24 BOY
Rebecca 24 GIRL
Cody 25 BOY
Morgan 25 GIRL
Kevin 26 BOY
Alyssa 26 GIRL
Thomas 27 BOY
Brianna 27 GIRL
Aaron 28 BOY
Alexandra 28 GIRL
Jordan 29 BOY
Kelsey 29 GIRL
Eric 30 BOY
Katherine 30 GIRL
Benjamin 31 BOY
Melissa 31 GIRL
Dylan 32 BOY
Kimberly 32 GIRL
Samuel 33 BOY
Michelle 33 GIRL
Steven 34 BOY
Allison 34 GIRL
Christian 35 BOY
Tiffany 35 GIRL
Jose 36 BOY
Haley 36 GIRL
Brian 37 BOY
Mary 37 GIRL
Adam 38 BOY
Chelsea 38 GIRL
Timothy 39 BOY
Christina 39 GIRL
Nathan 40 BOY
Shelby 40 GIRL
Richard 41 BOY
Anna 41 GIRL
Patrick 42 BOY
Abigail 42 GIRL
Charles 43 BOY
Sara 43 GIRL
Sean 44 BOY
Heather 44 GIRL
Jesse 45 BOY
Erin 45 GIRL
Jason 46 BOY
Laura 46 GIRL
Jeremy 47 BOY
Maria 47 GIRL
Mark 48 BOY
Kaitlyn 48 GIRL
Stephen 49 BOY
Andrea 49 GIRL
Alex 50 BOY
Olivia 50 GIRL
Juan 51 BOY
Jordan 51 GIRL
Cameron 52 BOY
Madison 52 GIRL
Travis 53 BOY
Marissa 53 GIRL
Taylor 54 BOY
Brooke 54 GIRL
Jeffrey 55 BOY
Kristen 55 GIRL
Dustin 56 BOY
Natalie 56 GIRL
Trevor 57 BOY
Erica 57 GIRL
Luis 58 BOY
Katelyn 58 GIRL
Connor 59 BOY
Vanessa 59 GIRL
Caleb 60 BOY
Shannon 60 GIRL
Devin 61 BOY
Miranda 61 GIRL
Evan 62 BOY
Kelly 62 GIRL
Jared 63 BOY
Paige 63 GIRL
Paul 64 BOY
Jacqueline 64 GIRL
Kenneth 65 BOY
Crystal 65 GIRL
Bryan 66 BOY
Cassandra 66 GIRL
Hunter 67 BOY
Gabrielle 67 GIRL
Gabriel 68 BOY
Briana 68 GIRL
Dakota 69 BOY
Lindsey 69 GIRL
Logan 70 BOY
Katie 70 GIRL
Mitchell 71 BOY
Sierra 71 GIRL
Carlos 72 BOY
Alexandria 72 GIRL
Corey 73 BOY
Julia 73 GIRL
Ian 74 BOY
Mariah 74 GIRL
Marcus 75 BOY
Sydney 75 GIRL
Gregory 76 BOY
Emma 76 GIRL
Derek 77 BOY
Amy 77 GIRL
Nathaniel 78 BOY
Caitlin 78 GIRL
Scott 79 BOY
Kathryn 79 GIRL
Jesus 80 BOY
Jenna 80 GIRL
Blake 81 BOY
Angela 81 GIRL
Garrett 82 BOY
Savannah 82 GIRL
Bradley 83 BOY
Alicia 83 GIRL
Edward 84 BOY
Breanna 84 GIRL
Dalton 85 BOY
Catherine 85 GIRL
Shawn 86 BOY
Destiny 86 GIRL
Peter 87 BOY
Jamie 87 GIRL
Antonio 88 BOY
Monica 88 GIRL
Ethan 89 BOY
Brittney 89 GIRL
Seth 90 BOY
Erika 90 GIRL
Luke 91 BOY
Whitney 91 GIRL
Shane 92 BOY
Madeline 92 GIRL
Victor 93 BOY
Kaitlin 93 GIRL
Miguel 94 BOY
Caroline 94 GIRL
Lucas 95 BOY
Alexa 95 GIRL
Tanner 96 BOY
Molly 96 GIRL
Spencer 97 BOY
Sabrina 97 GIRL
Adrian 98 BOY
Diana 98 GIRL
Erik 99 BOY
Cheyenne 99 GIRL
Vincent 100 BOY
Meghan 100 GIRL
Dillon 101 BOY
Leah 101 GIRL
Cory 102 BOY
Mackenzie 102 GIRL
Isaac 103 BOY
Grace 103 GIRL
Angel 104 BOY
Christine 104 GIRL
Jake 105 BOY
Cynthia 105 GIRL
Alejandro 106 BOY
Margaret 106 GIRL
Brett 107 BOY
Lindsay 107 GIRL
Joel 108 BOY
Angelica 108 GIRL
Alec 109 BOY
Michaela 109 GIRL
George 110 BOY
Bianca 110 GIRL
Cole 111 BOY
Veronica 111 GIRL
Jorge 112 BOY
Holly 112 GIRL
Eduardo 113 BOY
Kristina 113 GIRL
Chase 114 BOY
Gabriela 114 GIRL
Raymond 115 BOY
Kristin 115 GIRL
Casey 116 BOY
Bethany 116 GIRL
Devon 117 BOY
Autumn 117 GIRL
Wesley 118 BOY
Casey 118 GIRL
Ricardo 119 BOY
Hailey 119 GIRL
Francisco 120 BOY
Melanie 120 GIRL
Colton 121 BOY
Brenda 121 GIRL
Troy 122 BOY
Brandi 122 GIRL
Oscar 123 BOY
Lisa 123 GIRL
Colin 124 BOY
Rachael 124 GIRL
Mason 125 BOY
Desiree 125 GIRL
Keith 126 BOY
Kendra 126 GIRL
Jack 127 BOY
April 127 GIRL
Dominic 128 BOY
Karen 128 GIRL
Brendan 129 BOY
Julie 129 GIRL
Chad 130 BOY
Kathleen 130 GIRL
Phillip 131 BOY
Leslie 131 GIRL
Donald 132 BOY
Dominique 132 GIRL
Elijah 133 BOY
Natasha 133 GIRL
Johnathan 134 BOY
Kara 134 GIRL
Martin 135 BOY
Patricia 135 GIRL
Derrick 136 BOY
Hayley 136 GIRL
Ronald 137 BOY
Bailey 137 GIRL
Cristian 138 BOY
Carly 138 GIRL
Xavier 139 BOY
Cassidy 139 GIRL
Julian 140 BOY
Karina 140 GIRL
Frank 141 BOY
Summer 141 GIRL
Mario 142 BOY
Tori 142 GIRL
Manuel 143 BOY
Ana 143 GIRL
Alan 144 BOY
Ariel 144 GIRL
Omar 145 BOY
Nancy 145 GIRL
Henry 146 BOY
Tara 146 GIRL
Edgar 147 BOY
Alejandra 147 GIRL
Andre 148 BOY
Marisa 148 GIRL
Clayton 149 BOY
Claire 149 GIRL
Bryce 150 BOY
Caitlyn 150 GIRL
Grant 151 BOY
Adriana 151 GIRL
Collin 152 BOY
Rebekah 152 GIRL
Javier 153 BOY
Alison 153 GIRL
Jonathon 154 BOY
Kaylee 154 GIRL
Darius 155 BOY
Chloe 155 GIRL
Douglas 156 BOY
Raven 156 GIRL
Levi 157 BOY
Jocelyn 157 GIRL
Jeremiah 158 BOY
Kylie 158 GIRL
Noah 159 BOY
Valerie 159 GIRL
Sergio 160 BOY
Gabriella 160 GIRL
Hector 161 BOY
Jade 161 GIRL
Roberto 162 BOY
Audrey 162 GIRL
Andres 163 BOY
Katrina 163 GIRL
Nicolas 164 BOY
Krystal 164 GIRL
Johnny 165 BOY
Deanna 165 GIRL
Jackson 166 BOY
Ariana 166 GIRL
Gary 167 BOY
Dana 167 GIRL
Philip 168 BOY
Mikayla 168 GIRL
Isaiah 169 BOY
Meagan 169 GIRL
Curtis 170 BOY
Diamond 170 GIRL
Drew 171 BOY
Sandra 171 GIRL
Ivan 172 BOY
Kassandra 172 GIRL
Brady 173 BOY
Jasmin 173 GIRL
Fernando 174 BOY
Bridget 174 GIRL
Edwin 175 BOY
Monique 175 GIRL
Hayden 176 BOY
Angel 176 GIRL
Dennis 177 BOY
Daisy 177 GIRL
Cesar 178 BOY
Chelsey 178 GIRL
Allen 179 BOY
Kendall 179 GIRL
Zachery 180 BOY
Ashlee 180 GIRL
Ruben 181 BOY
Felicia 181 GIRL
Maxwell 182 BOY
Krista 182 GIRL
Jalen 183 BOY
Joanna 183 GIRL
Marco 184 BOY
Khadijah 184 GIRL
Erick 185 BOY
Sophia 185 GIRL
Randy 186 BOY
Yesenia 186 GIRL
Mathew 187 BOY
Mallory 187 GIRL
Brent 188 BOY
Lydia 188 GIRL
Tony 189 BOY
Mercedes 189 GIRL
Pedro 190 BOY
Jazmin 190 GIRL
Max 191 BOY
Jillian 191 GIRL
Preston 192 BOY
Mckenzie 192 GIRL
Jerry 193 BOY
Kirsten 193 GIRL
Riley 194 BOY
Gina 194 GIRL
Calvin 195 BOY
Jazmine 195 GIRL
Larry 196 BOY
Priscilla 196 GIRL
Wyatt 197 BOY
Cindy 197 GIRL
Craig 198 BOY
Makayla 198 GIRL
Raul 199 BOY
Claudia 199 GIRL
Colby 200 BOY
Alisha 200 GIRL
Darren 201 BOY
Evelyn 201 GIRL
Rafael 202 BOY
Aaliyah 202 GIRL
Jeffery 203 BOY
Kiara 203 GIRL
Carl 204 BOY
Anne 204 GIRL
Ricky 205 BOY
Cierra 205 GIRL
Louis 206 BOY
Ashleigh 206 GIRL
Tevin 207 BOY
Colleen 207 GIRL
Jaime 208 BOY
Ciara 208 GIRL
Albert 209 BOY
Lacey 209 GIRL
Jimmy 210 BOY
Allyson 210 GIRL
Kristopher 211 BOY
Tabitha 211 GIRL
Trey 212 BOY
Denise 212 GIRL
Marc 213 BOY
Abby 213 GIRL
Skyler 214 BOY
Brandy 214 GIRL
Damian 215 BOY
Guadalupe 215 GIRL
Chance 216 BOY
Zoe 216 GIRL
Forrest 217 BOY
Ellen 217 GIRL
Harrison 218 BOY
Faith 218 GIRL
Kaleb 219 BOY
Marina 219 GIRL
Julio 220 BOY
Cristina 220 GIRL
Alberto 221 BOY
Linda 221 GIRL
Dallas 222 BOY
Isabella 222 GIRL
Sebastian 223 BOY
Nichole 223 GIRL
Trenton 224 BOY
Jaclyn 224 GIRL
Conner 225 BOY
Karla 225 GIRL
Armando 226 BOY
Amelia 226 GIRL
Alexis 227 BOY
Jessie 227 GIRL
Gage 228 BOY
Rosa 228 GIRL
Emmanuel 229 BOY
Mayra 229 GIRL
Gerardo 230 BOY
Meredith 230 GIRL
Danny 231 BOY
Carolyn 231 GIRL
Zackary 232 BOY
Maggie 232 GIRL
Micheal 233 BOY
Hope 233 GIRL
Russell 234 BOY
Asia 234 GIRL
Shaquille 235 BOY
Naomi 235 GIRL
Lawrence 236 BOY
Clarissa 236 GIRL
Diego 237 BOY
Hanna 237 GIRL
Parker 238 BOY
Daniela 238 GIRL
Dominique 239 BOY
Carmen 239 GIRL
Jamal 240 BOY
Justine 240 GIRL
Terry 241 BOY
Tessa 241 GIRL
Abraham 242 BOY
Tatiana 242 GIRL
Joe 243 BOY
Isabel 243 GIRL
Rodney 244 BOY
Wendy 244 GIRL
Jonah 245 BOY
Katlyn 245 GIRL
Micah 246 BOY
Tamara 246 GIRL
Kody 247 BOY
Maya 247 GIRL
Arthur 248 BOY
Kasey 248 GIRL
Landon 249 BOY
Kiana 249 GIRL
Deandre 250 BOY
Alexus 250 GIRL
Walter 251 BOY
Raquel 251 GIRL
Todd 252 BOY
Bria 252 GIRL
Marcos 253 BOY
Aubrey 253 GIRL
Bobby 254 BOY
Candace 254 GIRL
Billy 255 BOY
Teresa 255 GIRL
Gavin 256 BOY
Ashlyn 256 GIRL
Lance 257 BOY
Tiara 257 GIRL
Andy 258 BOY
Kelsie 258 GIRL
Nolan 259 BOY
Celeste 259 GIRL
Avery 260 BOY
Alissa 260 GIRL
Donovan 261 BOY
Theresa 261 GIRL
Jay 262 BOY
Katelynn 262 GIRL
Nickolas 263 BOY
Britney 263 GIRL
Roger 264 BOY
Kelli 264 GIRL
Enrique 265 BOY
Nina 265 GIRL
Josue 266 BOY
Tyler 266 GIRL
Randall 267 BOY
Renee 267 GIRL
Trent 268 BOY
Jacquelyn 268 GIRL
Ramon 269 BOY
Carolina 269 GIRL
Branden 270 BOY
Genesis 270 GIRL
Jon 271 BOY
Ruby 271 GIRL
Morgan 272 BOY
Cara 272 GIRL
Arturo 273 BOY
Susan 273 GIRL
Alfredo 274 BOY
Heidi 274 GIRL
Terrance 275 BOY
Carrie 275 GIRL
Jessie 276 BOY
Jordyn 276 GIRL
Malcolm 277 BOY
Miriam 277 GIRL
Damien 278 BOY
Brenna 278 GIRL
Devonte 279 BOY
Janet 279 GIRL
Marvin 280 BOY
Ebony 280 GIRL
Gustavo 281 BOY
Jenny 281 GIRL
Marquis 282 BOY
Arianna 282 GIRL
Israel 283 BOY
Gloria 283 GIRL
Gerald 284 BOY
Toni 284 GIRL
Jamie 285 BOY
Ashton 285 GIRL
Miles 286 BOY
Cecilia 286 GIRL
Giovanni 287 BOY
Camille 287 GIRL
Kendall 288 BOY
Tiana 288 GIRL
Johnathon 289 BOY
Esther 289 GIRL
Eddie 290 BOY
Charlotte 290 GIRL
Willie 291 BOY
Candice 291 GIRL
Theodore 292 BOY
Martha 292 GIRL
Damon 293 BOY
Madeleine 293 GIRL
Maurice 294 BOY
Virginia 294 GIRL
Reginald 295 BOY
Aimee 295 GIRL
Lorenzo 296 BOY
Tia 296 GIRL
Lee 297 BOY
Elena 297 GIRL
Josiah 298 BOY
Savanna 298 GIRL
Frederick 299 BOY
Vivian 299 GIRL
Salvador 300 BOY
Selena 300 GIRL
Demetrius 301 BOY
Marie 301 GIRL
Dominick 302 BOY
Angelina 302 GIRL
Bryant 303 BOY
Imani 303 GIRL
Conor 304 BOY
Carissa 304 GIRL
Eli 305 BOY
Cassie 305 GIRL
Zackery 306 BOY
Dakota 306 GIRL
Roy 307 BOY
Adrianna 307 GIRL
Malik 308 BOY
Alexia 308 GIRL
Devante 309 BOY
Logan 309 GIRL
Quinton 310 BOY
Lillian 310 GIRL
Ross 311 BOY
Ruth 311 GIRL
Marshall 312 BOY
Darian 312 GIRL
Tyrone 313 BOY
Janelle 313 GIRL
Dean 314 BOY
Mikaela 314 GIRL
Carson 315 BOY
Sharon 315 GIRL
Tommy 316 BOY
Harley 316 GIRL
Ernesto 317 BOY
Mia 317 GIRL
Elias 318 BOY
Barbara 318 GIRL
Ty 319 BOY
Stacy 319 GIRL
Zachariah 320 BOY
Helen 320 GIRL
Terrence 321 BOY
Sadie 321 GIRL
Dante 322 BOY
Nikki 322 GIRL
Harley 323 BOY
Kierra 323 GIRL
Shaun 324 BOY
Anastasia 324 GIRL
Zane 325 BOY
Tayler 325 GIRL
Fabian 326 BOY
Kellie 326 GIRL
Pablo 327 BOY
Hunter 327 GIRL
Brock 328 BOY
Nicolette 328 GIRL
Brennan 329 BOY
Stacey 329 GIRL
Bruce 330 BOY
Shayla 330 GIRL
Kelvin 331 BOY
Tierra 331 GIRL
Darrell 332 BOY
Elise 332 GIRL
Wayne 333 BOY
Robin 333 GIRL
Rene 334 BOY
Alana 334 GIRL
Denzel 335 BOY
Carla 335 GIRL
Terrell 336 BOY
Liliana 336 GIRL
Brenden 337 BOY
Shawna 337 GIRL
Jerome 338 BOY
Annie 338 GIRL
Drake 339 BOY
Rose 339 GIRL
Francis 340 BOY
Valeria 340 GIRL
Braden 341 BOY
Ann 341 GIRL
Brendon 342 BOY
Shanice 342 GIRL
Quentin 343 BOY
Callie 343 GIRL
Nelson 344 BOY
Devin 344 GIRL
Steve 345 BOY
Christian 345 GIRL
Myles 346 BOY
Karissa 346 GIRL
Angelo 347 BOY
Eva 347 GIRL
Chandler 348 BOY
Melinda 348 GIRL
Franklin 349 BOY
Lorena 349 GIRL
Neil 350 BOY
Pamela 350 GIRL
Tucker 351 BOY
Riley 351 GIRL
Melvin 352 BOY
Kate 352 GIRL
Lane 353 BOY
Chelsie 353 GIRL
Clay 354 BOY
Paola 354 GIRL
Ashton 355 BOY
Deborah 355 GIRL
Simon 356 BOY
Brianne 356 GIRL
Darian 357 BOY
Adrienne 357 GIRL
Guillermo 358 BOY
Melody 358 GIRL
Desmond 359 BOY
Aliyah 359 GIRL
Liam 360 BOY
Elisabeth 360 GIRL
Ronnie 361 BOY
Tina 361 GIRL
Orlando 362 BOY
Justice 362 GIRL
Trevon 363 BOY
Sonia 363 GIRL
Weston 364 BOY
Larissa 364 GIRL
Dale 365 BOY
Francesca 365 GIRL
Mackenzie 366 BOY
Kylee 366 GIRL
Devan 367 BOY
Marisol 367 GIRL
Byron 368 BOY
Jane 368 GIRL
Leonard 369 BOY
Tanya 369 GIRL
Oliver 370 BOY
Chasity 370 GIRL
Ismael 371 BOY
Devon 371 GIRL
Darryl 372 BOY
Alyson 372 GIRL
Eugene 373 BOY
Tania 373 GIRL
Daquan 374 BOY
Sasha 374 GIRL
Kendrick 375 BOY
Esmeralda 375 GIRL
Leonardo 376 BOY
Natalia 376 GIRL
Roman 377 BOY
Kenya 377 GIRL
Esteban 378 BOY
Breana 378 GIRL
Emilio 379 BOY
Kira 379 GIRL
Emanuel 380 BOY
Macy 380 GIRL
Karl 381 BOY
Regina 381 GIRL
Geoffrey 382 BOY
Alaina 382 GIRL
Darien 383 BOY
Donna 383 GIRL
Keegan 384 BOY
Mckenna 384 GIRL
Stanley 385 BOY
Brooklyn 385 GIRL
Warren 386 BOY
Destinee 386 GIRL
Kenny 387 BOY
Kristine 387 GIRL
Rodolfo 388 BOY
Kali 388 GIRL
Saul 389 BOY
Leticia 389 GIRL
Ernest 390 BOY
Lily 390 GIRL
Felix 391 BOY
Bryanna 391 GIRL
Quinn 392 BOY
Josephine 392 GIRL
Graham 393 BOY
Randi 393 GIRL
Keenan 394 BOY
Juliana 394 GIRL
Beau 395 BOY
Christy 395 GIRL
Stefan 396 BOY
Tracy 396 GIRL
Clinton 397 BOY
Kari 397 GIRL
Skylar 398 BOY
Meaghan 398 GIRL
Abel 399 BOY
Precious 399 GIRL
Corbin 400 BOY
Makenzie 400 GIRL
Moises 401 BOY
Kyla 401 GIRL
Sterling 402 BOY
Paula 402 GIRL
Davon 403 BOY
Skylar 403 GIRL
Griffin 404 BOY
Serena 404 GIRL
Ray 405 BOY
Kyra 405 GIRL
Kyler 406 BOY
India 406 GIRL
Jarrett 407 BOY
Maranda 407 GIRL
Deshawn 408 BOY
Rachelle 408 GIRL
Dwayne 409 BOY
Selina 409 GIRL
Glenn 410 BOY
Taryn 410 GIRL
Kurt 411 BOY
Carley 411 GIRL
Sam 412 BOY
Frances 412 GIRL
Wade 413 BOY
Kaitlynn 413 GIRL
Joey 414 BOY
Emilee 414 GIRL
Kameron 415 BOY
Sophie 415 GIRL
Harry 416 BOY
Tiffani 416 GIRL
Cedric 417 BOY
Arielle 417 GIRL
Hugo 418 BOY
Ciera 418 GIRL
Alvin 419 BOY
Abbey 419 GIRL
Felipe 420 BOY
Irene 420 GIRL
Carter 421 BOY
Shayna 421 GIRL
Leon 422 BOY
Alice 422 GIRL
Tylor 423 BOY
Celina 423 GIRL
Davis 424 BOY
Cortney 424 GIRL
Gilberto 425 BOY
Kourtney 425 GIRL
Jaquan 426 BOY
Joy 426 GIRL
Jermaine 427 BOY
Sylvia 427 GIRL
Allan 428 BOY
Kristy 428 GIRL
Rashad 429 BOY
Brittani 429 GIRL
Reid 430 BOY
Kailey 430 GIRL
Jakob 431 BOY
Peyton 431 GIRL
Alfonso 432 BOY
Daniella 432 GIRL
Jordon 433 BOY
Alma 433 GIRL
Elliot 434 BOY
Clara 434 GIRL
Lukas 435 BOY
Kaila 435 GIRL
Dane 436 BOY
Cheyanne 436 GIRL
Sheldon 437 BOY
Kayleigh 437 GIRL
Cooper 438 BOY
Johanna 438 GIRL
Harold 439 BOY
Jaime 439 GIRL
Aidan 440 BOY
Tanisha 440 GIRL
Rudy 441 BOY
Josie 441 GIRL
Braxton 442 BOY
Mariana 442 GIRL
Kristian 443 BOY
Kristi 443 GIRL
Reed 444 BOY
Chandler 444 GIRL
Jarred 445 BOY
Sidney 445 GIRL
Gilbert 446 BOY
Payton 446 GIRL
Marquise 447 BOY
Maritza 447 GIRL
Noel 448 BOY
Elaine 448 GIRL
Tyrell 449 BOY
Robyn 449 GIRL
Javon 450 BOY
Allie 450 GIRL
Nikolas 451 BOY
Michele 451 GIRL
Tristan 452 BOY
Anissa 452 GIRL
Demarcus 453 BOY
Carina 453 GIRL
Owen 454 BOY
Christa 454 GIRL
Jarvis 455 BOY
Madelyn 455 GIRL
Clarence 456 BOY
Marlene 456 GIRL
Ramiro 457 BOY
Kiera 457 GIRL
Rogelio 458 BOY
Jeanette 458 GIRL
Elliott 459 BOY
Marilyn 459 GIRL
Stephan 460 BOY
Angelique 460 GIRL
Ali 461 BOY
Cristal 461 GIRL
Leo 462 BOY
Nadia 462 GIRL
Rolando 463 BOY
Noelle 463 GIRL
Stuart 464 BOY
Janae 464 GIRL
Alonzo 465 BOY
Yvette 465 GIRL
Justice 466 BOY
Haylee 466 GIRL
Darnell 467 BOY
Katharine 467 GIRL
Bryson 468 BOY
Micaela 468 GIRL
Sawyer 469 BOY
Tasha 469 GIRL
Tomas 470 BOY
Trisha 470 GIRL
Quincy 471 BOY
Ericka 471 GIRL
Brody 472 BOY
Lucy 472 GIRL
Deon 473 BOY
Talia 473 GIRL
Jarrod 474 BOY
Nora 474 GIRL
Donte 475 BOY
Lori 475 GIRL
Alfred 476 BOY
Blanca 476 GIRL
Charlie 477 BOY
Elisa 477 GIRL
Nigel 478 BOY
Haleigh 478 GIRL
Marlon 479 BOY
Katarina 479 GIRL
Ariel 480 BOY
Chantel 480 GIRL
Keaton 481 BOY
Yvonne 481 GIRL
Deonte 482 BOY
Kaleigh 482 GIRL
Kurtis 483 BOY
Iris 483 GIRL
Chris 484 BOY
Avery 484 GIRL
Noe 485 BOY
Dalia 485 GIRL
Roderick 486 BOY
Simone 486 GIRL
Lewis 487 BOY
Margarita 487 GIRL
Clint 488 BOY
Jada 488 GIRL
Ralph 489 BOY
Sofia 489 GIRL
Tre 490 BOY
Viviana 490 GIRL
Rodrigo 491 BOY
Paris 491 GIRL
Jayson 492 BOY
Corinne 492 GIRL
Garret 493 BOY
Carol 493 GIRL
Bret 494 BOY
Edith 494 GIRL
Bernard 495 BOY
Lyndsey 495 GIRL
Damion 496 BOY
Maribel 496 GIRL
Barry 497 BOY
Desirae 497 GIRL
Mitchel 498 BOY
Moriah 498 GIRL
Derick 499 BOY
Kelley 499 GIRL
Nathanael 500 BOY
Stefanie 500 GIRL
Tyson 501 BOY
Shaina 501 GIRL
Blaine 502 BOY
Gianna 502 GIRL
Payton 503 BOY
Susana 503 GIRL
Shannon 504 BOY
Alanna 504 GIRL
Austen 505 BOY
Tianna 505 GIRL
Kory 506 BOY
Casandra 506 GIRL
Clifford 507 BOY
Judith 507 GIRL
Markus 508 BOY
Laurel 508 GIRL
Sidney 509 BOY
Misty 509 GIRL
Julius 510 BOY
Stephany 510 GIRL
Santiago 511 BOY
Kadijah 511 GIRL
Duncan 512 BOY
Emilie 512 GIRL
Kelly 513 BOY
Itzel 513 GIRL
Grayson 514 BOY
Sandy 514 GIRL
Brad 515 BOY
Delaney 515 GIRL
Efrain 516 BOY
Charity 516 GIRL
Raheem 517 BOY
Kaley 517 GIRL
Earl 518 BOY
Kelsi 518 GIRL
Kirk 519 BOY
Perla 519 GIRL
Mauricio 520 BOY
Ivy 520 GIRL
Maximilian 521 BOY
Kiersten 521 GIRL
Dequan 522 BOY
Tess 522 GIRL
Howard 523 BOY
Bridgette 523 GIRL
Vicente 524 BOY
Kennedy 524 GIRL
Baby 525 BOY
Lizbeth 525 GIRL
Darion 526 BOY
Alexandrea 526 GIRL
Lamar 527 BOY
Dallas 527 GIRL
Dashawn 528 BOY
Yolanda 528 GIRL
Heath 529 BOY
Hallie 529 GIRL
Khalil 530 BOY
Bonnie 530 GIRL
Dorian 531 BOY
Chanel 531 GIRL
Stephon 532 BOY
Jill 532 GIRL
Wilson 533 BOY
Kassidy 533 GIRL
Walker 534 BOY
Kaylin 534 GIRL
Ahmad 535 BOY
Yasmin 535 GIRL
Perry 536 BOY
Kaylyn 536 GIRL
Humberto 537 BOY
Julianna 537 GIRL
Shelby 538 BOY
Kathy 538 GIRL
Adan 539 BOY
Mollie 539 GIRL
Dwight 540 BOY
Diane 540 GIRL
Isiah 541 BOY
Norma 541 GIRL
Tyree 542 BOY
Alisa 542 GIRL
Dion 543 BOY
Nia 543 GIRL
Jaylen 544 BOY
Rochelle 544 GIRL
Kareem 545 BOY
Lena 545 GIRL
Peyton 546 BOY
Julianne 546 GIRL
Carlton 547 BOY
Araceli 547 GIRL
Dexter 548 BOY
Isabelle 548 GIRL
Daryl 549 BOY
Rocio 549 GIRL
Antoine 550 BOY
Anita 550 GIRL
Osvaldo 551 BOY
Dorothy 551 GIRL
Gordon 552 BOY
Leanna 552 GIRL
Terence 553 BOY
Breanne 553 GIRL
Addison 554 BOY
Beatriz 554 GIRL
Gunnar 555 BOY
Paulina 555 GIRL
Jaron 556 BOY
Carlie 556 GIRL
Moses 557 BOY
Genevieve 557 GIRL
Colten 558 BOY
Lacy 558 GIRL
Kasey 559 BOY
Karli 559 GIRL
Uriel 560 BOY
Suzanne 560 GIRL
Alvaro 561 BOY
Alina 561 GIRL
Leroy 562 BOY
Janice 562 GIRL
Chaz 563 BOY
Sheila 563 GIRL
Juwan 564 BOY
Alysha 564 GIRL
Korey 565 BOY
Halie 565 GIRL
Amir 566 BOY
Hillary 566 GIRL
Courtney 567 BOY
Kelsea 567 GIRL
Jace 568 BOY
Keri 568 GIRL
Jamar 569 BOY
Antoinette 569 GIRL
Shayne 570 BOY
Charlene 570 GIRL
Roland 571 BOY
Kaylie 571 GIRL
Norman 572 BOY
Fatima 572 GIRL
Salvatore 573 BOY
Rosemary 573 GIRL
Brice 574 BOY
Cayla 574 GIRL
Glen 575 BOY
Katelin 575 GIRL
Lonnie 576 BOY
Karly 576 GIRL
Brenton 577 BOY
Sally 577 GIRL
Leonel 578 BOY
Shana 578 GIRL
Anton 579 BOY
Ashlie 579 GIRL
Darrius 580 BOY
Jacklyn 580 GIRL
Deion 581 BOY
Alex 581 GIRL
Davonte 582 BOY
Corina 582 GIRL
Fredrick 583 BOY
Dawn 583 GIRL
Mohammad 584 BOY
Eleanor 584 GIRL
Freddy 585 BOY
Zhane 585 GIRL
Adolfo 586 BOY
Rhiannon 586 GIRL
Travon 587 BOY
Maegan 587 GIRL
Brayden 588 BOY
Noemi 588 GIRL
Issac 589 BOY
Dulce 589 GIRL
Toby 590 BOY
Ashlynn 590 GIRL
Darrin 591 BOY
Skyler 591 GIRL
Cade 592 BOY
Lexus 592 GIRL
Coleman 593 BOY
Eliza 593 GIRL
Dimitri 594 BOY
Shirley 594 GIRL
Solomon 595 BOY
Karlie 595 GIRL
Deven 596 BOY
Lea 596 GIRL
Quintin 597 BOY
Lucia 597 GIRL
Jamel 598 BOY
Shelbi 598 GIRL
Kent 599 BOY
Connie 599 GIRL
Cullen 600 BOY
Roxanne 600 GIRL
Dillan 601 BOY
Sade 601 GIRL
Agustin 602 BOY
Tonya 602 GIRL
Frankie 603 BOY
Joyce 603 GIRL
Holden 604 BOY
Juanita 604 GIRL
Coty 605 BOY
Savanah 605 GIRL
Kristofer 606 BOY
Mara 606 GIRL
Reynaldo 607 BOY
Nathalie 607 GIRL
Jean 608 BOY
Beverly 608 GIRL
Joaquin 609 BOY
Eileen 609 GIRL
Conrad 610 BOY
Kasandra 610 GIRL
Devonta 611 BOY
Mckayla 611 GIRL
Neal 612 BOY
Regan 612 GIRL
Lloyd 613 BOY
Giselle 613 GIRL
Mohammed 614 BOY
Rikki 614 GIRL
Ben 615 BOY
Karlee 615 GIRL
Ezekiel 616 BOY
Elaina 616 GIRL
Mike 617 BOY
Keisha 617 GIRL
Nathanial 618 BOY
Ryan 618 GIRL
Everett 619 BOY
Heaven 619 GIRL
Lamont 620 BOY
Yadira 620 GIRL
Guadalupe 621 BOY
Jesse 621 GIRL
Aron 622 BOY
Shantel 622 GIRL
Milton 623 BOY
Clare 623 GIRL
Cortez 624 BOY
Reyna 624 GIRL
Dandre 625 BOY
Aisha 625 GIRL
Rigoberto 626 BOY
Kacie 626 GIRL
Tracy 627 BOY
Abbie 627 GIRL
Kane 628 BOY
Kalyn 628 GIRL
Cornelius 629 BOY
Shanna 629 GIRL
Jaden 630 BOY
Katy 630 GIRL
Nestor 631 BOY
Bobbie 631 GIRL
Houston 632 BOY
Cameron 632 GIRL
Malachi 633 BOY
Loren 633 GIRL
Clark 634 BOY
Kerri 634 GIRL
Vernon 635 BOY
Brook 635 GIRL
Clifton 636 BOY
Darlene 636 GIRL
Rick 637 BOY
Hailee 637 GIRL
Arnold 638 BOY
Kori 638 GIRL
Hakeem 639 BOY
Georgia 639 GIRL
Ignacio 640 BOY
Thalia 640 GIRL
Marcel 641 BOY
Kerry 641 GIRL
Ahmed 642 BOY
Rebeca 642 GIRL
Irvin 643 BOY
Annette 643 GIRL
Tate 644 BOY
Angie 644 GIRL
Brooks 645 BOY
Yasmine 645 GIRL
Dusty 646 BOY
Luz 646 GIRL
Darin 647 BOY
Lucero 647 GIRL
Duane 648 BOY
Blair 648 GIRL
Gerard 649 BOY
Latisha 649 GIRL
Deangelo 650 BOY
Montana 650 GIRL
Raphael 651 BOY
Shauna 651 GIRL
Fred 652 BOY
Mariela 652 GIRL
Jaleel 653 BOY
Alayna 653 GIRL
Rickey 654 BOY
Cora 654 GIRL
Colt 655 BOY
Tammy 655 GIRL
Forest 656 BOY
Leanne 656 GIRL
Reece 657 BOY
Tyra 657 GIRL
German 658 BOY
Jena 658 GIRL
Trever 659 BOY
Tabatha 659 GIRL
Will 660 BOY
Carli 660 GIRL
Shaquan 661 BOY
Katlin 661 GIRL
Bennett 662 BOY
Silvia 662 GIRL
Bradford 663 BOY
Brittni 663 GIRL
Ladarius 664 BOY
Jodi 664 GIRL
Winston 665 BOY
Clarisa 665 GIRL
Brennen 666 BOY
Darby 666 GIRL
Gino 667 BOY
Iesha 667 GIRL
Jairo 668 BOY
Justina 668 GIRL
Jamison 669 BOY
Aurora 669 GIRL
Mohamed 670 BOY
Rita 670 GIRL
Bernardo 671 BOY
Antonia 671 GIRL
Ezequiel 672 BOY
Stacie 672 GIRL
Herbert 673 BOY
Kala 673 GIRL
Jimmie 674 BOY
Ali 674 GIRL
Kerry 675 BOY
Beth 675 GIRL
Raymundo 676 BOY
Demi 676 GIRL
Reuben 677 BOY
Christie 677 GIRL
Madison 678 BOY
Ayanna 678 GIRL
Don 679 BOY
Janessa 679 GIRL
Brandyn 680 BOY
Christen 680 GIRL
Estevan 681 BOY
Skye 681 GIRL
Kieran 682 BOY
Bobbi 682 GIRL
Aubrey 683 BOY
Cheryl 683 GIRL
Keon 684 BOY
Debra 684 GIRL
Robin 685 BOY
Sonya 685 GIRL
Heriberto 686 BOY
Kiley 686 GIRL
Jameson 687 BOY
Stevie 687 GIRL
Kade 688 BOY
Maureen 688 GIRL
Zechariah 689 BOY
Myranda 689 GIRL
Thaddeus 690 BOY
Ella 690 GIRL
Jovan 691 BOY
Tatyana 691 GIRL
Antwan 692 BOY
Cori 692 GIRL
Jefferson 693 BOY
Denisha 693 GIRL
Dillion 694 BOY
Jaqueline 694 GIRL
Ezra 695 BOY
Octavia 695 GIRL
Akeem 696 BOY
Celia 696 GIRL
Pierce 697 BOY
Eden 697 GIRL
Rory 698 BOY
Madalyn 698 GIRL
Codey 699 BOY
Lauryn 699 GIRL
Darrion 700 BOY
Baby 700 GIRL
Loren 701 BOY
Jennie 701 GIRL
Sammy 702 BOY
Halle 702 GIRL
Dylon 703 BOY
Karley 703 GIRL
Freddie 704 BOY
Reagan 704 GIRL
Paris 705 BOY
Arlene 705 GIRL
Ulises 706 BOY
Maura 706 GIRL
Hassan 707 BOY
Brandie 707 GIRL
Arron 708 BOY
Aspen 708 GIRL
Cordell 709 BOY
Devan 709 GIRL
Johnnie 710 BOY
Kristian 710 GIRL
Jonas 711 BOY
Fabiola 711 GIRL
Kaden 712 BOY
Jayme 712 GIRL
Kolby 713 BOY
Latasha 713 GIRL
Kai 714 BOY
Melina 714 GIRL
Brandan 715 BOY
Christiana 715 GIRL
Jeff 716 BOY
Domonique 716 GIRL
Moshe 717 BOY
Gwendolyn 717 GIRL
Rashawn 718 BOY
Jenifer 718 GIRL
Vaughn 719 BOY
Racheal 719 GIRL
Irving 720 BOY
Destiney 720 GIRL
Khalid 721 BOY
Gladys 721 GIRL
Davion 722 BOY
Lara 722 GIRL
Gene 723 BOY
Leigh 723 GIRL
Santos 724 BOY
Lesley 724 GIRL
Cruz 725 BOY
Micah 725 GIRL
Javonte 726 BOY
Carlee 726 GIRL
Leslie 727 BOY
Helena 727 GIRL
Dakotah 728 BOY
Shea 728 GIRL
Gonzalo 729 BOY
Mikala 729 GIRL
Jasper 730 BOY
Ashly 730 GIRL
Caden 731 BOY
Janie 731 GIRL
Kolton 732 BOY
Joanne 732 GIRL
Donavan 733 BOY
Joselyn 733 GIRL
Stewart 734 BOY
Sarai 734 GIRL
Jamarcus 735 BOY
Shyanne 735 GIRL
Nico 736 BOY
Kristyn 736 GIRL
Pierre 737 BOY
Shelly 737 GIRL
Guy 738 BOY
Yazmin 738 GIRL
Sage 739 BOY
Breonna 739 GIRL
Lester 740 BOY
Brionna 740 GIRL
Zakary 741 BOY
Gretchen 741 GIRL
Grady 742 BOY
Kacey 742 GIRL
Jackie 743 BOY
Shakira 743 GIRL
Jamil 744 BOY
Daphne 744 GIRL
Dana 745 BOY
Destini 745 GIRL
Donnell 746 BOY
Brittanie 746 GIRL
Donnie 747 BOY
Krysta 747 GIRL
Shea 748 BOY
Yessenia 748 GIRL
Royce 749 BOY
Audra 749 GIRL
August 750 BOY
Ava 750 GIRL
Dayton 751 BOY
Ayana 751 GIRL
Infant 752 BOY
Dayana 752 GIRL
Isaias 753 BOY
Hali 753 GIRL
Jerrod 754 BOY
Hollie 754 GIRL
Keanu 755 BOY
Elyse 755 GIRL
Nick 756 BOY
Mandy 756 GIRL
Benito 757 BOY
Betty 757 GIRL
Bo 758 BOY
Dianna 758 GIRL
Camron 759 BOY
Mindy 759 GIRL
Jade 760 BOY
Lizette 760 GIRL
Jaylon 761 BOY
Ingrid 761 GIRL
Myron 762 BOY
Kenia 762 GIRL
Herman 763 BOY
Kristie 763 GIRL
Bradly 764 BOY
Maddison 764 GIRL
Cyrus 765 BOY
Shelbie 765 GIRL
Darrian 766 BOY
Brielle 766 GIRL
Erich 767 BOY
Emerald 767 GIRL
Bailey 768 BOY
Kendal 768 GIRL
Jabari 769 BOY
Kortney 769 GIRL
Keven 770 BOY
Allyssa 770 GIRL
Rhett 771 BOY
Berenice 771 GIRL
Codie 772 BOY
Kirstin 772 GIRL
Garrison 773 BOY
Juana 773 GIRL
Jarod 774 BOY
Jackie 774 GIRL
Lincoln 775 BOY
Maricela 775 GIRL
Deondre 776 BOY
Danica 776 GIRL
Elvis 777 BOY
Essence 777 GIRL
Montana 778 BOY
Kianna 778 GIRL
Reese 779 BOY
Dayna 779 GIRL
Tobias 780 BOY
Jalisa 780 GIRL
Vance 781 BOY
Janette 781 GIRL
Floyd 782 BOY
Magdalena 782 GIRL
Octavio 783 BOY
Roxana 783 GIRL
Devyn 784 BOY
Gabriel 784 GIRL
Gregorio 785 BOY
Jaimie 785 GIRL
Junior 786 BOY
Jana 786 GIRL
Fidel 787 BOY
Lynn 787 GIRL
Elmer 788 BOY
Salina 788 GIRL
Quinten 789 BOY
Trinity 789 GIRL
Alexandro 790 BOY
Alesha 790 GIRL
Aric 791 BOY
Jessika 791 GIRL
Daulton 792 BOY
Kaela 792 GIRL
Elisha 793 BOY
Liana 793 GIRL
Josef 794 BOY
Shaniqua 794 GIRL
Savon 795 BOY
Joelle 795 GIRL
Adonis 796 BOY
Terri 796 GIRL
Dewayne 797 BOY
Devyn 797 GIRL
Asa 798 BOY
Sage 798 GIRL
Dan 799 BOY
Staci 799 GIRL
Rico 800 BOY
Addison 800 GIRL
Jamaal 801 BOY
Ellie 801 GIRL
Bronson 802 BOY
Graciela 802 GIRL
Camden 803 BOY
Terra 803 GIRL
Rocky 804 BOY
Bryana 804 GIRL
Dario 805 BOY
Macey 805 GIRL
Trace 806 BOY
Katerina 806 GIRL
Ari 807 BOY
Stormy 807 GIRL
Cristopher 808 BOY
Tricia 808 GIRL
Jim 809 BOY
Zana 809 GIRL
Tayler 810 BOY
Aileen 810 GIRL
Erin 811 BOY
Lacie 811 GIRL
Josh 812 BOY
Athena 812 GIRL
Tory 813 BOY
Ayla 813 GIRL
Anderson 814 BOY
Belinda 814 GIRL
Hugh 815 BOY
Elissa 815 GIRL
Jessy 816 BOY
Kailyn 816 GIRL
Shyheim 817 BOY
Patrice 817 GIRL
Stetson 818 BOY
Phoebe 818 GIRL
Tyron 819 BOY
Celine 819 GIRL
Austyn 820 BOY
Elisha 820 GIRL
Deshaun 821 BOY
Julissa 821 GIRL
Dondre 822 BOY
Kailee 822 GIRL
Jacoby 823 BOY
Alysia 823 GIRL
Rex 824 BOY
Deja 824 GIRL
Kelsey 825 BOY
Nadine 825 GIRL
Emmett 826 BOY
Sherry 826 GIRL
Justyn 827 BOY
Traci 827 GIRL
Kadeem 828 BOY
Judy 828 GIRL
Leland 829 BOY
Maira 829 GIRL
Markell 830 BOY
Jessi 830 GIRL
Efren 831 BOY
Nataly 831 GIRL
Marquez 832 BOY
Myra 832 GIRL
Menachem 833 BOY
Olga 833 GIRL
Ted 834 BOY
Adrian 834 GIRL
Unknown 835 BOY
Alycia 835 GIRL
Cecil 836 BOY
Constance 836 GIRL
Kellen 837 BOY
Kalie 837 GIRL
Markel 838 BOY
Billie 838 GIRL
Misael 839 BOY
Catalina 839 GIRL
Rasheed 840 BOY
Marlena 840 GIRL
Alton 841 BOY
Martina 841 GIRL
Blair 842 BOY
Britany 842 GIRL
Harvey 843 BOY
Christin 843 GIRL
Justus 844 BOY
Griselda 844 GIRL
Ellis 845 BOY
Lexi 845 GIRL
Lionel 846 BOY
Marisela 846 GIRL
Maximillian 847 BOY
Ivette 847 GIRL
Abram 848 BOY
Kaycee 848 GIRL
Amos 849 BOY
Kayley 849 GIRL
Dallin 850 BOY
Scarlett 850 GIRL
Edgardo 851 BOY
Kaci 851 GIRL
Jayden 852 BOY
Alessandra 852 GIRL
Khari 853 BOY
Brea 853 GIRL
Dawson 854 BOY
Breann 854 GIRL
Denver 855 BOY
Cecelia 855 GIRL
Jevon 856 BOY
Jazmyn 856 GIRL
Tyquan 857 BOY
Irma 857 GIRL
Rusty 858 BOY
Jami 858 GIRL
Trayvon 859 BOY
Kia 859 GIRL
Niko 860 BOY
Austin 860 GIRL
Sonny 861 BOY
Tracey 861 GIRL
Alonso 862 BOY
Alysa 862 GIRL
Davin 863 BOY
Asha 863 GIRL
Hernan 864 BOY
Chantal 864 GIRL
Muhammad 865 BOY
Keely 865 GIRL
Augustus 866 BOY
Elsa 866 GIRL
Benny 867 BOY
Kaylynn 867 GIRL
Daron 868 BOY
Pauline 868 GIRL
Mikel 869 BOY
Ashanti 869 GIRL
Remington 870 BOY
Corey 870 GIRL
Silas 871 BOY
Kenzie 871 GIRL
Valentin 872 BOY
Beatrice 872 GIRL
Wendell 873 BOY
Layla 873 GIRL
Antony 874 BOY
Noel 874 GIRL
Clyde 875 BOY
Alecia 875 GIRL
Gunner 876 BOY
Bridgett 876 GIRL
Ibrahim 877 BOY
Dina 877 GIRL
Kelby 878 BOY
Kimberlee 878 GIRL
Kevon 879 BOY
Leandra 879 GIRL
Najee 880 BOY
Sarina 880 GIRL
Talon 881 BOY
Iliana 881 GIRL
Galen 882 BOY
Janay 882 GIRL
Asher 883 BOY
Latoya 883 GIRL
Barrett 884 BOY
Marlee 884 GIRL
Jess 885 BOY
Aja 885 GIRL
Jody 886 BOY
Ashely 886 GIRL
Jorden 887 BOY
Bailee 887 GIRL
Demetri 888 BOY
Melisa 888 GIRL
Devontae 889 BOY
Anjelica 889 GIRL
Lyle 890 BOY
Katlynn 890 GIRL
Auston 891 BOY
Kayli 891 GIRL
Coby 892 BOY
Sydnee 892 GIRL
Marques 893 BOY
Hana 893 GIRL
Orion 894 BOY
Haylie 894 GIRL
Sherman 895 BOY
Nikole 895 GIRL
Alexandre 896 BOY
Nohely 896 GIRL
Ryne 897 BOY
Yaritza 897 GIRL
Storm 898 BOY
Eboni 898 GIRL
Turner 899 BOY
Laken 899 GIRL
Bryon 900 BOY
Lorraine 900 GIRL
Cain 901 BOY
Mai 901 GIRL
Dionte 902 BOY
Marley 902 GIRL
Kegan 903 BOY
Kimberley 903 GIRL
Aldo 904 BOY
Makenna 904 GIRL
Andreas 905 BOY
Tiffanie 905 GIRL
Isidro 906 BOY
Damaris 906 GIRL
Jaylin 907 BOY
Emilia 907 GIRL
Titus 908 BOY
Fiona 908 GIRL
Cristobal 909 BOY
Jamila 909 GIRL
Giancarlo 910 BOY
Princess 910 GIRL
Randolph 911 BOY
Rylee 911 GIRL
Dalvin 912 BOY
Macie 912 GIRL
Edmund 913 BOY
Marcella 913 GIRL
Kelton 914 BOY
Vanesa 914 GIRL
Trae 915 BOY
Dylan 915 GIRL
Brant 916 BOY
Mariam 916 GIRL
Broderick 917 BOY
Nikita 917 GIRL
Carlo 918 BOY
Maxine 918 GIRL
Chadwick 919 BOY
Alena 919 GIRL
Jerrell 920 BOY
Chaya 920 GIRL
Kennedy 921 BOY
Jasmyn 921 GIRL
Chaim 922 BOY
Joana 922 GIRL
Darrien 923 BOY
Tyesha 923 GIRL
Domenic 924 BOY
Aubree 924 GIRL
Hans 925 BOY
Carson 925 GIRL
Layne 926 BOY
Lyndsay 926 GIRL
River 927 BOY
Susanna 927 GIRL
Chester 928 BOY
Viridiana 928 GIRL
Kendal 929 BOY
Giovanna 929 GIRL
Kenton 930 BOY
Eunice 930 GIRL
Tavon 931 BOY
Patience 931 GIRL
Codi 932 BOY
Katheryn 932 GIRL
Eliseo 933 BOY
Monika 933 GIRL
Julien 934 BOY
Tiarra 934 GIRL
Rodrick 935 BOY
Yasmeen 935 GIRL
Ulysses 936 BOY
Chantelle 936 GIRL
Alek 937 BOY
Kristal 937 GIRL
Destin 938 BOY
Lourdes 938 GIRL
Kole 939 BOY
Cydney 939 GIRL
Marty 940 BOY
Joann 940 GIRL
Otis 941 BOY
Mattie 941 GIRL
Tyrin 942 BOY
Ricki 942 GIRL
Darwin 943 BOY
Aleah 943 GIRL
Justen 944 BOY
Amie 944 GIRL
Shelton 945 BOY
Geneva 945 GIRL
Kirby 946 BOY
Lexie 946 GIRL
Randal 947 BOY
Mariel 947 GIRL
Tariq 948 BOY
Dominque 948 GIRL
Ryder 949 BOY
Tanesha 949 GIRL
Dakoda 950 BOY
China 950 GIRL
Demarco 951 BOY
Denisse 951 GIRL
Jacques 952 BOY
Leilani 952 GIRL
Axel 953 BOY
Lissette 953 GIRL
Greg 954 BOY
Rhonda 954 GIRL
Tyshawn 955 BOY
Shyann 955 GIRL
Wilfredo 956 BOY
Danyelle 956 GIRL
Ashley 957 BOY
Drew 957 GIRL
Cale 958 BOY
Jerrica 958 GIRL
Demonte 959 BOY
Paloma 959 GIRL
Mikal 960 BOY
Valentina 960 GIRL
Syed 961 BOY
Janine 961 GIRL
Sylvester 962 BOY
Laurie 962 GIRL
Eliezer 963 BOY
Leann 963 GIRL
Samson 964 BOY
Lizeth 964 GIRL
Ervin 965 BOY
Blake 965 GIRL
Male 966 BOY
Kinsey 966 GIRL
Nicklaus 967 BOY
Kirstie 967 GIRL
Pete 968 BOY
Leeann 968 GIRL
Shay 969 BOY
Michael 969 GIRL
Waylon 970 BOY
Porsha 970 GIRL
Westley 971 BOY
Andria 971 GIRL
Darrick 972 BOY
Janell 972 GIRL
Garry 973 BOY
Lana 973 GIRL
Dejuan 974 BOY
Malia 974 GIRL
Genaro 975 BOY
Reina 975 GIRL
Maverick 976 BOY
Valencia 976 GIRL
Morris 977 BOY
Caitlynn 977 GIRL
Samir 978 BOY
Elyssa 978 GIRL
Schuyler 979 BOY
Janel 979 GIRL
Armani 980 BOY
Jodie 980 GIRL
Demario 981 BOY
Kathrine 981 GIRL
Desean 982 BOY
Tatum 982 GIRL
Eddy 983 BOY
Tiera 983 GIRL
Garett 984 BOY
Adilene 984 GIRL
Kahlil 985 BOY
Annamarie 985 GIRL
Spenser 986 BOY
Darcy 986 GIRL
Bryton 987 BOY
Jean 987 GIRL
Dontae 988 BOY
Jessenia 988 GIRL
Jerald 989 BOY
London 989 GIRL
Jonatan 990 BOY
Betsy 990 GIRL
Lazaro 991 BOY
Danika 991 GIRL
Luther 992 BOY
Isis 992 GIRL
Nikko 993 BOY
Mari 993 GIRL
Abdul 994 BOY
Marjorie 994 GIRL
Brannon 995 BOY
Eliana 995 GIRL
Francesco 996 BOY
Fallon 996 GIRL
Mickey 997 BOY
Kallie 997 GIRL
Dominque 998 BOY
Lidia 998 GIRL
Kenyon 999 BOY
Lynette 999 GIRL
Blaise 1000 BOY
Meranda 1000 GIRL