2002
Jacob 1 BOY
Emily 1 GIRL
Michael 2 BOY
Madison 2 GIRL
Joshua 3 BOY
Hannah 3 GIRL
Matthew 4 BOY
Emma 4 GIRL
Ethan 5 BOY
Alexis 5 GIRL
Andrew 6 BOY
Ashley 6 GIRL
Joseph 7 BOY
Abigail 7 GIRL
Christopher 8 BOY
Sarah 8 GIRL
Nicholas 9 BOY
Samantha 9 GIRL
Daniel 10 BOY
Olivia 10 GIRL
William 11 BOY
Elizabeth 11 GIRL
Anthony 12 BOY
Alyssa 12 GIRL
David 13 BOY
Lauren 13 GIRL
Tyler 14 BOY
Isabella 14 GIRL
Alexander 15 BOY
Grace 15 GIRL
Ryan 16 BOY
Jessica 16 GIRL
John 17 BOY
Brianna 17 GIRL
James 18 BOY
Taylor 18 GIRL
Zachary 19 BOY
Kayla 19 GIRL
Brandon 20 BOY
Anna 20 GIRL
Jonathan 21 BOY
Victoria 21 GIRL
Justin 22 BOY
Megan 22 GIRL
Dylan 23 BOY
Sydney 23 GIRL
Christian 24 BOY
Rachel 24 GIRL
Samuel 25 BOY
Chloe 25 GIRL
Austin 26 BOY
Jasmine 26 GIRL
Benjamin 27 BOY
Sophia 27 GIRL
Nathan 28 BOY
Jennifer 28 GIRL
Logan 29 BOY
Morgan 29 GIRL
Jose 30 BOY
Natalie 30 GIRL
Noah 31 BOY
Kaitlyn 31 GIRL
Gabriel 32 BOY
Hailey 32 GIRL
Kevin 33 BOY
Julia 33 GIRL
Robert 34 BOY
Destiny 34 GIRL
Caleb 35 BOY
Haley 35 GIRL
Thomas 36 BOY
Katherine 36 GIRL
Jordan 37 BOY
Nicole 37 GIRL
Hunter 38 BOY
Alexandra 38 GIRL
Cameron 39 BOY
Savannah 39 GIRL
Kyle 40 BOY
Maria 40 GIRL
Elijah 41 BOY
Stephanie 41 GIRL
Jason 42 BOY
Mackenzie 42 GIRL
Jack 43 BOY
Mia 43 GIRL
Aaron 44 BOY
Allison 44 GIRL
Isaiah 45 BOY
Jordan 45 GIRL
Luke 46 BOY
Amanda 46 GIRL
Connor 47 BOY
Jenna 47 GIRL
Isaac 48 BOY
Faith 48 GIRL
Angel 49 BOY
Makayla 49 GIRL
Jackson 50 BOY
Paige 50 GIRL
Brian 51 BOY
Mary 51 GIRL
Eric 52 BOY
Brooke 52 GIRL
Mason 53 BOY
Katelyn 53 GIRL
Juan 54 BOY
Rebecca 54 GIRL
Adam 55 BOY
Madeline 55 GIRL
Evan 56 BOY
Andrea 56 GIRL
Luis 57 BOY
Kaylee 57 GIRL
Charles 58 BOY
Michelle 58 GIRL
Sean 59 BOY
Sara 59 GIRL
Aidan 60 BOY
Zoe 60 GIRL
Gavin 61 BOY
Kylie 61 GIRL
Alex 62 BOY
Sierra 62 GIRL
Nathaniel 63 BOY
Kimberly 63 GIRL
Bryan 64 BOY
Aaliyah 64 GIRL
Carlos 65 BOY
Amber 65 GIRL
Jesus 66 BOY
Gabrielle 66 GIRL
Ian 67 BOY
Caroline 67 GIRL
Steven 68 BOY
Vanessa 68 GIRL
Cole 69 BOY
Alexa 69 GIRL
Timothy 70 BOY
Trinity 70 GIRL
Cody 71 BOY
Danielle 71 GIRL
Seth 72 BOY
Erin 72 GIRL
Adrian 73 BOY
Autumn 73 GIRL
Devin 74 BOY
Shelby 74 GIRL
Lucas 75 BOY
Angelina 75 GIRL
Blake 76 BOY
Riley 76 GIRL
Richard 77 BOY
Gabriella 77 GIRL
Julian 78 BOY
Jada 78 GIRL
Patrick 79 BOY
Lily 79 GIRL
Sebastian 80 BOY
Melissa 80 GIRL
Trevor 81 BOY
Jacqueline 81 GIRL
Chase 82 BOY
Ava 82 GIRL
Dominic 83 BOY
Angela 83 GIRL
Jared 84 BOY
Bailey 84 GIRL
Antonio 85 BOY
Isabel 85 GIRL
Jeremiah 86 BOY
Jade 86 GIRL
Jaden 87 BOY
Leah 87 GIRL
Miguel 88 BOY
Courtney 88 GIRL
Xavier 89 BOY
Ella 89 GIRL
Jesse 90 BOY
Maya 90 GIRL
Garrett 91 BOY
Leslie 91 GIRL
Alejandro 92 BOY
Jocelyn 92 GIRL
Mark 93 BOY
Ariana 93 GIRL
Owen 94 BOY
Melanie 94 GIRL
Jeremy 95 BOY
Claire 95 GIRL
Hayden 96 BOY
Lillian 96 GIRL
Bryce 97 BOY
Christina 97 GIRL
Diego 98 BOY
Evelyn 98 GIRL
Riley 99 BOY
Marissa 99 GIRL
Victor 100 BOY
Audrey 100 GIRL
Jayden 101 BOY
Catherine 101 GIRL
Jake 102 BOY
Briana 102 GIRL
Tristan 103 BOY
Katie 103 GIRL
Kenneth 104 BOY
Breanna 104 GIRL
Carson 105 BOY
Alexandria 105 GIRL
Marcus 106 BOY
Laura 106 GIRL
Carter 107 BOY
Molly 107 GIRL
Dakota 108 BOY
Kathryn 108 GIRL
Jorge 109 BOY
Amy 109 GIRL
Spencer 110 BOY
Angel 110 GIRL
Tanner 111 BOY
Isabelle 111 GIRL
Kaleb 112 BOY
Sofia 112 GIRL
Liam 113 BOY
Daniela 113 GIRL
Stephen 114 BOY
Arianna 114 GIRL
Henry 115 BOY
Ashanti 115 GIRL
Colin 116 BOY
Gabriela 116 GIRL
Dalton 117 BOY
Diana 117 GIRL
Paul 118 BOY
Kelsey 118 GIRL
Wyatt 119 BOY
Kelly 119 GIRL
Edward 120 BOY
Madelyn 120 GIRL
Oscar 121 BOY
Alicia 121 GIRL
Vincent 122 BOY
Lindsey 122 GIRL
Joel 123 BOY
Caitlin 123 GIRL
Brendan 124 BOY
Jillian 124 GIRL
Colby 125 BOY
Mikayla 125 GIRL
Parker 126 BOY
Cassandra 126 GIRL
Grant 127 BOY
Cheyenne 127 GIRL
Colton 128 BOY
Alexia 128 GIRL
Maxwell 129 BOY
Margaret 129 GIRL
Shane 130 BOY
Mariah 130 GIRL
George 131 BOY
Cassidy 131 GIRL
Jeffrey 132 BOY
Avery 132 GIRL
Eduardo 133 BOY
Lizbeth 133 GIRL
Peter 134 BOY
Ana 134 GIRL
Aiden 135 BOY
Sabrina 135 GIRL
Ivan 136 BOY
Kennedy 136 GIRL
Nicolas 137 BOY
Lydia 137 GIRL
Brayden 138 BOY
Daisy 138 GIRL
Derek 139 BOY
Amelia 139 GIRL
Gage 140 BOY
Skylar 140 GIRL
Francisco 141 BOY
Tiffany 141 GIRL
Landon 142 BOY
Adriana 142 GIRL
Ricardo 143 BOY
Mckenzie 143 GIRL
Travis 144 BOY
Erica 144 GIRL
Cristian 145 BOY
Mya 145 GIRL
Jalen 146 BOY
Angelica 146 GIRL
Brady 147 BOY
Miranda 147 GIRL
Collin 148 BOY
Caitlyn 148 GIRL
Bradley 149 BOY
Sophie 149 GIRL
Alan 150 BOY
Karen 150 GIRL
Omar 151 BOY
Summer 151 GIRL
Shawn 152 BOY
Brooklyn 152 GIRL
Caden 153 BOY
Gracie 153 GIRL
Josiah 154 BOY
Crystal 154 GIRL
Preston 155 BOY
Jordyn 155 GIRL
Erik 156 BOY
Kiara 156 GIRL
Javier 157 BOY
Valerie 157 GIRL
Andres 158 BOY
Ashlyn 158 GIRL
Fernando 159 BOY
Heather 159 GIRL
Devon 160 BOY
Hope 160 GIRL
Alexis 161 BOY
Kylee 161 GIRL
Cesar 162 BOY
Alondra 162 GIRL
Damian 163 BOY
Gianna 163 GIRL
Manuel 164 BOY
Jamie 164 GIRL
Max 165 BOY
Abby 165 GIRL
Jonah 166 BOY
Erika 166 GIRL
Levi 167 BOY
Karina 167 GIRL
Braden 168 BOY
Bianca 168 GIRL
Gregory 169 BOY
Naomi 169 GIRL
Johnathan 170 BOY
Brittany 170 GIRL
Mario 171 BOY
Juliana 171 GIRL
Nolan 172 BOY
Veronica 172 GIRL
Kaden 173 BOY
Natalia 173 GIRL
Micah 174 BOY
Meghan 174 GIRL
Edgar 175 BOY
Karla 175 GIRL
Mitchell 176 BOY
Cynthia 176 GIRL
Raymond 177 BOY
Mckenna 177 GIRL
Clayton 178 BOY
Chelsea 178 GIRL
Edwin 179 BOY
Bethany 179 GIRL
Trenton 180 BOY
Monica 180 GIRL
Corey 181 BOY
Delaney 181 GIRL
Erick 182 BOY
Payton 182 GIRL
Wesley 183 BOY
Jasmin 183 GIRL
Emmanuel 184 BOY
Shannon 184 GIRL
Scott 185 BOY
Julianna 185 GIRL
Sergio 186 BOY
Kristen 186 GIRL
Marco 187 BOY
Kyla 187 GIRL
Roberto 188 BOY
Peyton 188 GIRL
Dustin 189 BOY
Maggie 189 GIRL
Taylor 190 BOY
Nevaeh 190 GIRL
Donovan 191 BOY
Alejandra 191 GIRL
Martin 192 BOY
Hayley 192 GIRL
Dawson 193 BOY
Kate 193 GIRL
Hector 194 BOY
Hanna 194 GIRL
Cooper 195 BOY
Aubrey 195 GIRL
Conner 196 BOY
Kendall 196 GIRL
Eli 197 BOY
Valeria 197 GIRL
Brett 198 BOY
Makenzie 198 GIRL
Harrison 199 BOY
Reagan 199 GIRL
Ashton 200 BOY
Ellie 200 GIRL
Dillon 201 BOY
Rylee 201 GIRL
Giovanni 202 BOY
Michaela 202 GIRL
Jakob 203 BOY
Aliyah 203 GIRL
Abraham 204 BOY
Charlotte 204 GIRL
Peyton 205 BOY
Esmeralda 205 GIRL
Alec 206 BOY
Carly 206 GIRL
Cade 207 BOY
Diamond 207 GIRL
Andy 208 BOY
Ruby 208 GIRL
Andre 209 BOY
Jazmin 209 GIRL
Malachi 210 BOY
Jayla 210 GIRL
Malik 211 BOY
Rebekah 211 GIRL
Damien 212 BOY
Sadie 212 GIRL
Trey 213 BOY
Brenda 213 GIRL
Ty 214 BOY
Desiree 214 GIRL
Jaylen 215 BOY
Ariel 215 GIRL
Frank 216 BOY
Nadia 216 GIRL
Drew 217 BOY
Giselle 217 GIRL
Elias 218 BOY
Julie 218 GIRL
Ruben 219 BOY
Kaitlin 219 GIRL
Josue 220 BOY
Addison 220 GIRL
Calvin 221 BOY
Macy 221 GIRL
Zane 222 BOY
Adrianna 222 GIRL
Skyler 223 BOY
Kara 223 GIRL
Dominick 224 BOY
Claudia 224 GIRL
Pedro 225 BOY
Alana 225 GIRL
Phillip 226 BOY
Kyra 226 GIRL
Ronald 227 BOY
Kendra 227 GIRL
Griffin 228 BOY
Genesis 228 GIRL
Bryson 229 BOY
Jazmine 229 GIRL
Leonardo 230 BOY
Alison 230 GIRL
Trent 231 BOY
Holly 231 GIRL
Rafael 232 BOY
Elena 232 GIRL
Chance 233 BOY
Nancy 233 GIRL
Gerardo 234 BOY
Allyson 234 GIRL
Derrick 235 BOY
Savanna 235 GIRL
Johnny 236 BOY
Britney 236 GIRL
Darius 237 BOY
Raven 237 GIRL
Chandler 238 BOY
Elise 238 GIRL
Miles 239 BOY
Eva 239 GIRL
Raul 240 BOY
Joanna 240 GIRL
Casey 241 BOY
Makenna 241 GIRL
Simon 242 BOY
Jaden 242 GIRL
Armando 243 BOY
Nina 243 GIRL
Kobe 244 BOY
Serena 244 GIRL
Avery 245 BOY
Guadalupe 245 GIRL
Allen 246 BOY
Fatima 246 GIRL
Marcos 247 BOY
Selena 247 GIRL
Keith 248 BOY
Haylee 248 GIRL
Troy 249 BOY
Vivian 249 GIRL
Enrique 250 BOY
Camryn 250 GIRL
Israel 251 BOY
Katelynn 251 GIRL
Donald 252 BOY
Cierra 252 GIRL
Keegan 253 BOY
Mallory 253 GIRL
Zackary 254 BOY
April 254 GIRL
Payton 255 BOY
Lindsay 255 GIRL
Julio 256 BOY
Cameron 256 GIRL
Dante 257 BOY
Mariana 257 GIRL
Jaime 258 BOY
Cindy 258 GIRL
Brenden 259 BOY
Liliana 259 GIRL
Kameron 260 BOY
Kathleen 260 GIRL
Lance 261 BOY
Wendy 261 GIRL
Alberto 262 BOY
Lucy 262 GIRL
Philip 263 BOY
Nayeli 263 GIRL
Brock 264 BOY
Josephine 264 GIRL
Gustavo 265 BOY
Anastasia 265 GIRL
Drake 266 BOY
Asia 266 GIRL
Jimmy 267 BOY
Camille 267 GIRL
Oliver 268 BOY
Zoey 268 GIRL
Jonathon 269 BOY
Cecilia 269 GIRL
Danny 270 BOY
Kassandra 270 GIRL
Fabian 271 BOY
Yesenia 271 GIRL
Louis 272 BOY
Skyler 272 GIRL
Mathew 273 BOY
Kristina 273 GIRL
Brennan 274 BOY
Ashleigh 274 GIRL
Cory 275 BOY
Sandra 275 GIRL
Kai 276 BOY
Heaven 276 GIRL
Kyler 277 BOY
Kira 277 GIRL
Angelo 278 BOY
Kirsten 278 GIRL
Brody 279 BOY
Patricia 279 GIRL
Dennis 280 BOY
Katrina 280 GIRL
Jace 281 BOY
Josie 281 GIRL
Marc 282 BOY
Amaya 282 GIRL
Tony 283 BOY
Kailey 283 GIRL
Gary 284 BOY
Miriam 284 GIRL
Camden 285 BOY
Priscilla 285 GIRL
Roman 286 BOY
Tori 286 GIRL
Jerry 287 BOY
Tatiana 287 GIRL
Arturo 288 BOY
Bridget 288 GIRL
Saul 289 BOY
Layla 289 GIRL
Damon 290 BOY
Serenity 290 GIRL
Curtis 291 BOY
Carolina 291 GIRL
Corbin 292 BOY
Madeleine 292 GIRL
Randy 293 BOY
Mercedes 293 GIRL
Emanuel 294 BOY
Tessa 294 GIRL
Pablo 295 BOY
Tara 295 GIRL
Tucker 296 BOY
Jayden 296 GIRL
Lorenzo 297 BOY
Kiana 297 GIRL
Albert 298 BOY
Rachael 298 GIRL
Lane 299 BOY
Melody 299 GIRL
Theodore 300 BOY
Casey 300 GIRL
Myles 301 BOY
Alissa 301 GIRL
Darren 302 BOY
Esther 302 GIRL
Alfredo 303 BOY
Christine 303 GIRL
Bryant 304 BOY
Natasha 304 GIRL
Douglas 305 BOY
Carmen 305 GIRL
Larry 306 BOY
Clara 306 GIRL
Tyson 307 BOY
Lauryn 307 GIRL
Grayson 308 BOY
Celeste 308 GIRL
Chad 309 BOY
Alaina 309 GIRL
Jaxon 310 BOY
Paola 310 GIRL
Quinn 311 BOY
India 311 GIRL
Joe 312 BOY
Bryanna 312 GIRL
Axel 313 BOY
Halle 313 GIRL
Maximus 314 BOY
Shayla 314 GIRL
Tristen 315 BOY
Annie 315 GIRL
Melvin 316 BOY
Alexus 316 GIRL
Lukas 317 BOY
Brittney 317 GIRL
Nickolas 318 BOY
Imani 318 GIRL
Ramon 319 BOY
Eleanor 319 GIRL
Ali 320 BOY
Nia 320 GIRL
Santiago 321 BOY
Denise 321 GIRL
Ayden 322 BOY
Heidi 322 GIRL
Ernesto 323 BOY
Dakota 323 GIRL
Zachery 324 BOY
Kayleigh 324 GIRL
Bailey 325 BOY
Sidney 325 GIRL
Maximilian 326 BOY
Anne 326 GIRL
Arthur 327 BOY
Marisa 327 GIRL
Russell 328 BOY
Brenna 328 GIRL
Kristopher 329 BOY
Logan 329 GIRL
Braxton 330 BOY
Annabelle 330 GIRL
Walter 331 BOY
Rose 331 GIRL
Jayson 332 BOY
Emilee 332 GIRL
Zion 333 BOY
Lilly 333 GIRL
Justice 334 BOY
Daniella 334 GIRL
Jay 335 BOY
Callie 335 GIRL
Moises 336 BOY
Ciara 336 GIRL
Esteban 337 BOY
Dana 337 GIRL
Emilio 338 BOY
Ruth 338 GIRL
Ismael 339 BOY
Kassidy 339 GIRL
Leo 340 BOY
Helen 340 GIRL
Dallas 341 BOY
Rosa 341 GIRL
Tommy 342 BOY
Clarissa 342 GIRL
Salvador 343 BOY
Cristina 343 GIRL
Ricky 344 BOY
Harley 344 GIRL
Lawrence 345 BOY
Kamryn 345 GIRL
Marvin 346 BOY
Annika 346 GIRL
Ezekiel 347 BOY
Fiona 347 GIRL
Micheal 348 BOY
Ashlynn 348 GIRL
Camron 349 BOY
Deanna 349 GIRL
Carl 350 BOY
Whitney 350 GIRL
Reece 351 BOY
Jadyn 351 GIRL
Quentin 352 BOY
Yasmin 352 GIRL
Mauricio 353 BOY
Ashlee 353 GIRL
Abel 354 BOY
Jenny 354 GIRL
Mateo 355 BOY
Hallie 355 GIRL
Brayan 356 BOY
Madalyn 356 GIRL
Jaheim 357 BOY
Meredith 357 GIRL
Isiah 358 BOY
Kristin 358 GIRL
Nikolas 359 BOY
Anahi 359 GIRL
Amir 360 BOY
Dominique 360 GIRL
Braeden 361 BOY
Eliza 361 GIRL
Jeffery 362 BOY
Lisa 362 GIRL
Brent 363 BOY
Paulina 363 GIRL
Jamal 364 BOY
Elisabeth 364 GIRL
Deandre 365 BOY
Eden 365 GIRL
Jon 366 BOY
Carolyn 366 GIRL
Kade 367 BOY
Talia 367 GIRL
Marshall 368 BOY
Sasha 368 GIRL
Hugo 369 BOY
Virginia 369 GIRL
Branden 370 BOY
Laila 370 GIRL
Rodney 371 BOY
Allie 371 GIRL
Dean 372 BOY
Julissa 372 GIRL
Morgan 373 BOY
Hailee 373 GIRL
Orlando 374 BOY
Tamara 374 GIRL
Jaiden 375 BOY
Kaylie 375 GIRL
Cayden 376 BOY
Teresa 376 GIRL
Jarrett 377 BOY
Tiana 377 GIRL
Maurice 378 BOY
Ashton 378 GIRL
Craig 379 BOY
Georgia 379 GIRL
Terry 380 BOY
Alayna 380 GIRL
Weston 381 BOY
Gloria 381 GIRL
Chris 382 BOY
Iris 382 GIRL
Skylar 383 BOY
Marina 383 GIRL
Eddie 384 BOY
Angie 384 GIRL
Kolby 385 BOY
Aniya 385 GIRL
Reese 386 BOY
Carla 386 GIRL
Roger 387 BOY
Linda 387 GIRL
Conor 388 BOY
Gillian 388 GIRL
Jaylin 389 BOY
Jayda 389 GIRL
Keaton 390 BOY
Tabitha 390 GIRL
Davis 391 BOY
Raquel 391 GIRL
Kody 392 BOY
Tatum 392 GIRL
Rodrigo 393 BOY
Emely 393 GIRL
Trevon 394 BOY
Eliana 394 GIRL
Felix 395 BOY
Krystal 395 GIRL
Kelvin 396 BOY
Regan 396 GIRL
Zachariah 397 BOY
Genevieve 397 GIRL
Jessie 398 BOY
Marisol 398 GIRL
Jaylon 399 BOY
Kaitlynn 399 GIRL
Bobby 400 BOY
Kiley 400 GIRL
Brendon 401 BOY
Noelle 401 GIRL
Shaun 402 BOY
Justice 402 GIRL
Julius 403 BOY
Lexi 403 GIRL
Ahmad 404 BOY
Ivy 404 GIRL
Guillermo 405 BOY
Lesly 405 GIRL
Javon 406 BOY
Baylee 406 GIRL
Walker 407 BOY
Francesca 407 GIRL
Aldo 408 BOY
Alisha 408 GIRL
Zackery 409 BOY
Monique 409 GIRL
Graham 410 BOY
America 410 GIRL
Quinton 411 BOY
Tania 411 GIRL
Holden 412 BOY
Aniyah 412 GIRL
Nelson 413 BOY
Izabella 413 GIRL
Issac 414 BOY
Gina 414 GIRL
Johnathon 415 BOY
Perla 415 GIRL
Jadon 416 BOY
Jane 416 GIRL
Charlie 417 BOY
Katlyn 417 GIRL
Clay 418 BOY
Madisyn 418 GIRL
Osvaldo 419 BOY
Renee 419 GIRL
Dorian 420 BOY
Carissa 420 GIRL
Rene 421 BOY
Haleigh 421 GIRL
Demetrius 422 BOY
Deja 422 GIRL
Khalil 423 BOY
Precious 423 GIRL
Billy 424 BOY
Martha 424 GIRL
Desmond 425 BOY
Sage 425 GIRL
Malcolm 426 BOY
Malia 426 GIRL
Reginald 427 BOY
Bella 427 GIRL
Frederick 428 BOY
Cheyanne 428 GIRL
Nasir 429 BOY
Marie 429 GIRL
Quincy 430 BOY
Alivia 430 GIRL
Silas 431 BOY
Jessie 431 GIRL
Damion 432 BOY
Amari 432 GIRL
Harley 433 BOY
Alina 433 GIRL
Blaine 434 BOY
Kaleigh 434 GIRL
Davion 435 BOY
Aurora 435 GIRL
Elliot 436 BOY
Jaqueline 436 GIRL
Willie 437 BOY
Phoebe 437 GIRL
Jonas 438 BOY
Tia 438 GIRL
Declan 439 BOY
Kyleigh 439 GIRL
Roy 440 BOY
Rylie 440 GIRL
Ezra 441 BOY
Itzel 441 GIRL
Terrance 442 BOY
Leilani 442 GIRL
Sam 443 BOY
Madyson 443 GIRL
Adan 444 BOY
Alice 444 GIRL
Bennett 445 BOY
Alyson 445 GIRL
Gerald 446 BOY
Skye 446 GIRL
Reid 447 BOY
Viviana 447 GIRL
Jermaine 448 BOY
Piper 448 GIRL
Kenny 449 BOY
Gisselle 449 GIRL
Noel 450 BOY
Leila 450 GIRL
Uriel 451 BOY
Meagan 451 GIRL
Felipe 452 BOY
Nyla 452 GIRL
Tyrese 453 BOY
Ainsley 453 GIRL
Steve 454 BOY
Camila 454 GIRL
Nathanael 455 BOY
Mckayla 455 GIRL
Tate 456 BOY
Fernanda 456 GIRL
Kristian 457 BOY
Janet 457 GIRL
Dane 458 BOY
Emilie 458 GIRL
Emiliano 459 BOY
Jacquelyn 459 GIRL
Solomon 460 BOY
Karissa 460 GIRL
Kendall 461 BOY
Yasmine 461 GIRL
Tomas 462 BOY
Brooklynn 462 GIRL
Alvin 463 BOY
Reese 463 GIRL
Noe 464 BOY
Paris 464 GIRL
Triston 465 BOY
Johanna 465 GIRL
Aden 466 BOY
Cora 466 GIRL
Bruce 467 BOY
Taryn 467 GIRL
Wilson 468 BOY
Nora 468 GIRL
Todd 469 BOY
Shania 469 GIRL
Cyrus 470 BOY
Abbey 470 GIRL
Franklin 471 BOY
Lacey 471 GIRL
Amari 472 BOY
Ayanna 472 GIRL
Moses 473 BOY
Krista 473 GIRL
Terrell 474 BOY
Macie 474 GIRL
Rylan 475 BOY
Susan 475 GIRL
Toby 476 BOY
Ellen 476 GIRL
Landen 477 BOY
Kaylin 477 GIRL
Allan 478 BOY
Joy 478 GIRL
Rogelio 479 BOY
Kiersten 479 GIRL
Darian 480 BOY
Cara 480 GIRL
Hudson 481 BOY
Kiera 481 GIRL
Cedric 482 BOY
Janelle 482 GIRL
Jasper 483 BOY
Liberty 483 GIRL
Jaquan 484 BOY
Abbigail 484 GIRL
Asher 485 BOY
Anya 485 GIRL
Byron 486 BOY
Tamia 486 GIRL
Duncan 487 BOY
Araceli 487 GIRL
Tristin 488 BOY
Carley 488 GIRL
Jerome 489 BOY
Destinee 489 GIRL
Stanley 490 BOY
Mikaela 490 GIRL
Kendrick 491 BOY
Kasey 491 GIRL
Leon 492 BOY
Alanna 492 GIRL
Reed 493 BOY
Dulce 493 GIRL
Alfonso 494 BOY
Kierra 494 GIRL
Dale 495 BOY
Ryleigh 495 GIRL
Joaquin 496 BOY
Elisa 496 GIRL
Francis 497 BOY
Angelique 497 GIRL
Sawyer 498 BOY
Brandy 498 GIRL
Dayton 499 BOY
Maddison 499 GIRL
Coby 500 BOY
Stella 500 GIRL
Marquis 501 BOY
Litzy 501 GIRL
Kayden 502 BOY
Mayra 502 GIRL
Mohamed 503 BOY
Athena 503 GIRL
Rodolfo 504 BOY
Willow 504 GIRL
Ramiro 505 BOY
Kaley 505 GIRL
Beau 506 BOY
Charity 506 GIRL
Tyrone 507 BOY
Jaiden 507 GIRL
Ahmed 508 BOY
Lorena 508 GIRL
Joey 509 BOY
Anika 509 GIRL
Johan 510 BOY
Larissa 510 GIRL
Marlon 511 BOY
Kailee 511 GIRL
Deven 512 BOY
Sharon 512 GIRL
Ariel 513 BOY
Theresa 513 GIRL
Randall 514 BOY
Tiara 514 GIRL
Devan 515 BOY
Pamela 515 GIRL
Braydon 516 BOY
Irene 516 GIRL
Lee 517 BOY
Sarai 517 GIRL
Rohan 518 BOY
Sylvia 518 GIRL
Trace 519 BOY
Madelynn 519 GIRL
Pierce 520 BOY
Janae 520 GIRL
Harry 521 BOY
Ann 521 GIRL
Gilberto 522 BOY
Miracle 522 GIRL
Alonzo 523 BOY
Raegan 523 GIRL
Luca 524 BOY
Tyler 524 GIRL
Jaydon 525 BOY
Lucia 525 GIRL
Kaiden 526 BOY
Bailee 526 GIRL
Warren 527 BOY
Brandi 527 GIRL
Jamie 528 BOY
Elaina 528 GIRL
Jude 529 BOY
Jaclyn 529 GIRL
Ross 530 BOY
Ryan 530 GIRL
Mohammad 531 BOY
Sonia 531 GIRL
Tobias 532 BOY
Abbie 532 GIRL
Zander 533 BOY
Maia 533 GIRL
Elliott 534 BOY
Kelsie 534 GIRL
Omarion 535 BOY
Rhiannon 535 GIRL
Rolando 536 BOY
Shakira 536 GIRL
Tyrell 537 BOY
Jaelyn 537 GIRL
Wade 538 BOY
Marlene 538 GIRL
Wayne 539 BOY
Cassie 539 GIRL
Easton 540 BOY
Aileen 540 GIRL
Jayce 541 BOY
Joselyn 541 GIRL
Leonel 542 BOY
Marilyn 542 GIRL
Ulises 543 BOY
Emilia 543 GIRL
Mekhi 544 BOY
Alma 544 GIRL
Xander 545 BOY
Lena 545 GIRL
Darrell 546 BOY
Simone 546 GIRL
Ben 547 BOY
Colleen 547 GIRL
Eugene 548 BOY
Jimena 548 GIRL
Will 549 BOY
Kaya 549 GIRL
Addison 550 BOY
Felicity 550 GIRL
Isaias 551 BOY
Kali 551 GIRL
Ronnie 552 BOY
Kaila 552 GIRL
Jarod 553 BOY
Kenya 553 GIRL
Kieran 554 BOY
Melina 554 GIRL
Jordon 555 BOY
Lexie 555 GIRL
Coleman 556 BOY
Aspen 556 GIRL
Gunnar 557 BOY
Eve 557 GIRL
Terrence 558 BOY
Nataly 558 GIRL
Vicente 559 BOY
Barbara 559 GIRL
Ezequiel 560 BOY
Deborah 560 GIRL
Colten 561 BOY
Hunter 561 GIRL
Leonard 562 BOY
Carlie 562 GIRL
Deshawn 563 BOY
Lesley 563 GIRL
Izaiah 564 BOY
Isis 564 GIRL
Rudy 565 BOY
Maritza 565 GIRL
Adolfo 566 BOY
Aimee 566 GIRL
Jamari 567 BOY
Madilyn 567 GIRL
Kolton 568 BOY
Chasity 568 GIRL
Romeo 569 BOY
Daphne 569 GIRL
Garret 570 BOY
Tanya 570 GIRL
Mohammed 571 BOY
Edith 571 GIRL
Savion 572 BOY
Hailie 572 GIRL
Tyree 573 BOY
Adrienne 573 GIRL
Neil 574 BOY
Macey 574 GIRL
Sage 575 BOY
Julianne 575 GIRL
Dominique 576 BOY
Gwendolyn 576 GIRL
Dominik 577 BOY
Justine 577 GIRL
Alvaro 578 BOY
Arielle 578 GIRL
Koby 579 BOY
Felicia 579 GIRL
Jaxson 580 BOY
Shyanne 580 GIRL
Efrain 581 BOY
Ally 581 GIRL
Ray 582 BOY
Brynn 582 GIRL
Brennen 583 BOY
Haylie 583 GIRL
Orion 584 BOY
Kaia 584 GIRL
Jaron 585 BOY
Reyna 585 GIRL
Harold 586 BOY
Lilian 586 GIRL
Keenan 587 BOY
Zaria 587 GIRL
Sterling 588 BOY
Judith 588 GIRL
Everett 589 BOY
Kailyn 589 GIRL
Ernest 590 BOY
Zoie 590 GIRL
Gilbert 591 BOY
Nathalie 591 GIRL
Davon 592 BOY
Juliette 592 GIRL
Humberto 593 BOY
Luz 593 GIRL
Lewis 594 BOY
Noemi 594 GIRL
Salvatore 595 BOY
Clare 595 GIRL
Rashad 596 BOY
Janiya 596 GIRL
Mike 597 BOY
Tianna 597 GIRL
Agustin 598 BOY
Annette 598 GIRL
Titus 599 BOY
Helena 599 GIRL
Donte 600 BOY
Kaylyn 600 GIRL
Elisha 601 BOY
Savanah 601 GIRL
Jett 602 BOY
Juliet 602 GIRL
Darryl 603 BOY
Valentina 603 GIRL
Yahir 604 BOY
Chelsey 604 GIRL
Brice 605 BOY
Ximena 605 GIRL
Dashawn 606 BOY
Esperanza 606 GIRL
Julien 607 BOY
Thalia 607 GIRL
Lincoln 608 BOY
Mara 608 GIRL
Karl 609 BOY
Tatyana 609 GIRL
Darien 610 BOY
Hayden 610 GIRL
Kole 611 BOY
Violet 611 GIRL
River 612 BOY
Skyla 612 GIRL
Grady 613 BOY
Elle 613 GIRL
Dwayne 614 BOY
Tess 614 GIRL
Jamar 615 BOY
Nyah 615 GIRL
Phoenix 616 BOY
Breana 616 GIRL
Glenn 617 BOY
Jolie 617 GIRL
Cullen 618 BOY
Lila 618 GIRL
Kadin 619 BOY
Paula 619 GIRL
Jameson 620 BOY
Frances 620 GIRL
Alonso 621 BOY
Hana 621 GIRL
Jairo 622 BOY
Jazlyn 622 GIRL
Jair 623 BOY
Lisbeth 623 GIRL
Kareem 624 BOY
Teagan 624 GIRL
Keon 625 BOY
Laney 625 GIRL
Antoine 626 BOY
Cristal 626 GIRL
Elvis 627 BOY
Jaida 627 GIRL
Quintin 628 BOY
Regina 628 GIRL
Ralph 629 BOY
Aisha 629 GIRL
Devonte 630 BOY
Marley 630 GIRL
Junior 631 BOY
Alisa 631 GIRL
Moshe 632 BOY
Amya 632 GIRL
Cristopher 633 BOY
Haven 633 GIRL
Davin 634 BOY
Lara 634 GIRL
Nathanial 635 BOY
Isabela 635 GIRL
Gunner 636 BOY
Rosemary 636 GIRL
Roderick 637 BOY
Antonia 637 GIRL
Ignacio 638 BOY
Alessandra 638 GIRL
Kane 639 BOY
Elaine 639 GIRL
Cruz 640 BOY
Karli 640 GIRL
Freddy 641 BOY
Keely 641 GIRL
Keshawn 642 BOY
Micah 642 GIRL
Aron 643 BOY
Nya 643 GIRL
Jamison 644 BOY
Yadira 644 GIRL
Irvin 645 BOY
Carlee 645 GIRL
Justus 646 BOY
Leticia 646 GIRL
Judah 647 BOY
Janessa 647 GIRL
Talon 648 BOY
Toni 648 GIRL
Shamar 649 BOY
Kaelyn 649 GIRL
Anton 650 BOY
Nichole 650 GIRL
Jagger 651 BOY
Celia 651 GIRL
Nehemiah 652 BOY
Kaiya 652 GIRL
Kamron 653 BOY
Lillie 653 GIRL
Markus 654 BOY
Carina 654 GIRL
Zechariah 655 BOY
Aracely 655 GIRL
Alfred 656 BOY
Cayla 656 GIRL
Derick 657 BOY
Corinne 657 GIRL
Ibrahim 658 BOY
Kenzie 658 GIRL
Muhammad 659 BOY
Mollie 659 GIRL
Garrison 660 BOY
Sydnee 660 GIRL
Marquise 661 BOY
Halie 661 GIRL
Stefan 662 BOY
Stacy 662 GIRL
Anderson 663 BOY
Karlee 663 GIRL
August 664 BOY
Sienna 664 GIRL
Devyn 665 BOY
Lea 665 GIRL
Nigel 666 BOY
Anaya 666 GIRL
Daquan 667 BOY
Eileen 667 GIRL
Rhett 668 BOY
Lana 668 GIRL
Kurt 669 BOY
Tina 669 GIRL
Asa 670 BOY
Harmony 670 GIRL
Reynaldo 671 BOY
Mariam 671 GIRL
Heath 672 BOY
Stephany 672 GIRL
Josh 673 BOY
Laurel 673 GIRL
Gordon 674 BOY
Amani 674 GIRL
Keyshawn 675 BOY
Donna 675 GIRL
Sidney 676 BOY
Mariela 676 GIRL
Donavan 677 BOY
Ansley 677 GIRL
Karson 678 BOY
Ebony 678 GIRL
Caiden 679 BOY
Leanna 679 GIRL
Raphael 680 BOY
Tyra 680 GIRL
Kellen 681 BOY
Kelli 681 GIRL
Jarred 682 BOY
Ayana 682 GIRL
Zakary 683 BOY
Jewel 683 GIRL
Alijah 684 BOY
Montana 684 GIRL
Porter 685 BOY
Melany 685 GIRL
Sheldon 686 BOY
Monserrat 686 GIRL
Howard 687 BOY
Taliyah 687 GIRL
Rigoberto 688 BOY
Adeline 688 GIRL
Layne 689 BOY
Jazmyn 689 GIRL
Octavio 690 BOY
Lizeth 690 GIRL
Clarence 691 BOY
Tayler 691 GIRL
Darnell 692 BOY
Giovanna 692 GIRL
Deon 693 BOY
Kathy 693 GIRL
Jean 694 BOY
Kianna 694 GIRL
Milton 695 BOY
Presley 695 GIRL
Misael 696 BOY
Brisa 696 GIRL
Dillan 697 BOY
Estefania 697 GIRL
Emmett 698 BOY
Arely 698 GIRL
Jaylan 699 BOY
Desirae 699 GIRL
Rory 700 BOY
Bria 700 GIRL
Brodie 701 BOY
Chaya 701 GIRL
Jabari 702 BOY
Estrella 702 GIRL
Demarcus 703 BOY
Joyce 703 GIRL
Greyson 704 BOY
Karlie 704 GIRL
Jefferson 705 BOY
Kennedi 705 GIRL
Kenyon 706 BOY
Jenifer 706 GIRL
Omari 707 BOY
Aubree 707 GIRL
Denzel 708 BOY
Shayna 708 GIRL
Maximillian 709 BOY
Delilah 709 GIRL
Gianni 710 BOY
Maeve 710 GIRL
Alessandro 711 BOY
Brielle 711 GIRL
Ari 712 BOY
Annabella 712 GIRL
Darion 713 BOY
Ciera 713 GIRL
Jaeden 714 BOY
Lia 714 GIRL
Alexandro 715 BOY
Penelope 715 GIRL
Keyon 716 BOY
Tierra 716 GIRL
Nico 717 BOY
Blanca 717 GIRL
Amarion 718 BOY
Yvette 718 GIRL
Dandre 719 BOY
Destiney 719 GIRL
Draven 720 BOY
Myah 720 GIRL
Gael 721 BOY
Shyann 721 GIRL
Kevon 722 BOY
Ingrid 722 GIRL
Keagan 723 BOY
Casandra 723 GIRL
Ryder 724 BOY
Damaris 724 GIRL
Santos 725 BOY
Quinn 725 GIRL
Isai 726 BOY
Sheila 726 GIRL
Clinton 727 BOY
Katarina 727 GIRL
Gaven 728 BOY
Maci 728 GIRL
Gonzalo 729 BOY
Aleah 729 GIRL
Camren 730 BOY
Alena 730 GIRL
Lamar 731 BOY
Annalise 731 GIRL
Jarrod 732 BOY
Maribel 732 GIRL
Geoffrey 733 BOY
Kayley 733 GIRL
Brycen 734 BOY
Margarita 734 GIRL
Roland 735 BOY
Aria 735 GIRL
Korey 736 BOY
Shaniya 736 GIRL
Brooks 737 BOY
Sydni 737 GIRL
Tariq 738 BOY
Candace 738 GIRL
Dallin 739 BOY
Kasandra 739 GIRL
Dangelo 740 BOY
Nikki 740 GIRL
Jahiem 741 BOY
Aliya 741 GIRL
Shannon 742 BOY
Cecelia 742 GIRL
Cale 743 BOY
Gia 743 GIRL
Conrad 744 BOY
Lyric 744 GIRL
Frankie 745 BOY
Alize 745 GIRL
Thaddeus 746 BOY
Abigayle 746 GIRL
Xzavier 747 BOY
Janice 747 GIRL
Brad 748 BOY
Katelin 748 GIRL
Braiden 749 BOY
Marianna 749 GIRL
Quinten 750 BOY
Micaela 750 GIRL
Semaj 751 BOY
Iyana 751 GIRL
Abdullah 752 BOY
Yazmin 752 GIRL
Waylon 753 BOY
Carrie 753 GIRL
Austyn 754 BOY
Lola 754 GIRL
Baby 755 BOY
Greta 755 GIRL
Bernard 756 BOY
Susana 756 GIRL
Stephan 757 BOY
Frida 757 GIRL
Alexzander 758 BOY
Nicolette 758 GIRL
German 759 BOY
Salma 759 GIRL
Hamza 760 BOY
Sandy 760 GIRL
Kelton 761 BOY
Amira 761 GIRL
Perry 762 BOY
Arlene 762 GIRL
Rocco 763 BOY
Evelin 763 GIRL
Giancarlo 764 BOY
Dayana 764 GIRL
Hassan 765 BOY
Parker 765 GIRL
Jacoby 766 BOY
Elyse 766 GIRL
Ronaldo 767 BOY
Hazel 767 GIRL
Sincere 768 BOY
Lexus 768 GIRL
Travon 769 BOY
Stacey 769 GIRL
Emerson 770 BOY
Devin 770 GIRL
Guadalupe 771 BOY
Liana 771 GIRL
Reagan 772 BOY
Mattie 772 GIRL
Armani 773 BOY
Christian 773 GIRL
Cael 774 BOY
Makena 774 GIRL
Elmer 775 BOY
Reilly 775 GIRL
Jaren 776 BOY
Kellie 776 GIRL
Joan 777 BOY
Calista 777 GIRL
Jovan 778 BOY
Anissa 778 GIRL
Khalid 779 BOY
Celine 779 GIRL
Antony 780 BOY
Kaliyah 780 GIRL
Bruno 781 BOY
Shaylee 781 GIRL
Darin 782 BOY
Destini 782 GIRL
Shea 783 BOY
Kayli 783 GIRL
Gideon 784 BOY
Maura 784 GIRL
Tristian 785 BOY
Aiyana 785 GIRL
Darrius 786 BOY
Kacie 786 GIRL
Dimitri 787 BOY
Kaylynn 787 GIRL
Jamel 788 BOY
Lilliana 788 GIRL
Winston 789 BOY
Elissa 789 GIRL
Deonte 790 BOY
Jaylin 790 GIRL
Javion 791 BOY
Amara 791 GIRL
Jorden 792 BOY
Karly 792 GIRL
Matteo 793 BOY
Ayla 793 GIRL
Blaze 794 BOY
Dasia 794 GIRL
Estevan 795 BOY
Catalina 795 GIRL
Jovani 796 BOY
Iliana 796 GIRL
Reuben 797 BOY
Joslyn 797 GIRL
Tre 798 BOY
Kendal 798 GIRL
Maverick 799 BOY
Carson 799 GIRL
Seamus 800 BOY
Shea 800 GIRL
Blaise 801 BOY
Taniya 801 GIRL
Finn 802 BOY
Jacey 802 GIRL
Heriberto 803 BOY
Belen 803 GIRL
Isaak 804 BOY
Lizette 804 GIRL
Clark 805 BOY
Rocio 805 GIRL
Keanu 806 BOY
Scarlett 806 GIRL
Milo 807 BOY
Fabiola 807 GIRL
Destin 808 BOY
Alysa 808 GIRL
Jordy 809 BOY
Jamya 809 GIRL
Norman 810 BOY
Katharine 810 GIRL
Chaz 811 BOY
Kenna 811 GIRL
Leroy 812 BOY
Gretchen 812 GIRL
Sonny 813 BOY
Rayna 813 GIRL
Ulysses 814 BOY
Annabel 814 GIRL
Korbin 815 BOY
Aryanna 815 GIRL
Dexter 816 BOY
Jaliyah 816 GIRL
Elian 817 BOY
Aliza 817 GIRL
Rowan 818 BOY
Ashly 818 GIRL
Braedon 819 BOY
Cali 819 GIRL
Deangelo 820 BOY
Christy 820 GIRL
Reilly 821 BOY
Elsa 821 GIRL
Austen 822 BOY
Ericka 822 GIRL
Ronan 823 BOY
Jalyn 823 GIRL
Justyn 824 BOY
Jaycee 824 GIRL
Trevion 825 BOY
Raina 825 GIRL
Treyton 826 BOY
Tracy 826 GIRL
Stone 827 BOY
Diane 827 GIRL
Adrien 828 BOY
Celina 828 GIRL
Dion 829 BOY
Kenia 829 GIRL
Fredrick 830 BOY
Robyn 830 GIRL
Nick 831 BOY
Devon 831 GIRL
Sammy 832 BOY
Emerson 832 GIRL
Brenton 833 BOY
Emmalee 833 GIRL
Earl 834 BOY
Miah 834 GIRL
Tylor 835 BOY
Denisse 835 GIRL
Yosef 836 BOY
Danna 836 GIRL
Keven 837 BOY
Jasmyn 837 GIRL
Kurtis 838 BOY
Savana 838 GIRL
Samir 839 BOY
Abigale 839 GIRL
Augustus 840 BOY
London 840 GIRL
Clifford 841 BOY
Jaidyn 841 GIRL
Lawson 842 BOY
Berenice 842 GIRL
Paxton 843 BOY
Madisen 843 GIRL
Vance 844 BOY
Bryana 844 GIRL
Dario 845 BOY
Essence 845 GIRL
Abram 846 BOY
Christiana 846 GIRL
Bernardo 847 BOY
Kaylah 847 GIRL
Jakobe 848 BOY
Robin 848 GIRL
Kennedy 849 BOY
Vanesa 849 GIRL
Nestor 850 BOY
Kourtney 850 GIRL
Deshaun 851 BOY
Makaila 851 GIRL
Forrest 852 BOY
Moriah 852 GIRL
Josef 853 BOY
Alia 853 GIRL
Marcel 854 BOY
Carol 854 GIRL
Nathen 855 BOY
Jaime 855 GIRL
Colt 856 BOY
Keyla 856 GIRL
Kian 857 BOY
Christa 857 GIRL
Tavion 858 BOY
Meadow 858 GIRL
Barry 859 BOY
Princess 859 GIRL
Gavyn 860 BOY
Rianna 860 GIRL
Shayne 861 BOY
Mireya 861 GIRL
Cornelius 862 BOY
Roxana 862 GIRL
Domenic 863 BOY
Anita 863 GIRL
Hugh 864 BOY
Brianne 864 GIRL
Aditya 865 BOY
Giana 865 GIRL
Benny 866 BOY
Beatriz 866 GIRL
Adonis 867 BOY
Jaylynn 867 GIRL
Bret 868 BOY
Patience 868 GIRL
Cordell 869 BOY
Tristan 869 GIRL
Stuart 870 BOY
Selina 870 GIRL
Aryan 871 BOY
Carli 871 GIRL
Jadyn 872 BOY
Dorothy 872 GIRL
Kylan 873 BOY
Joana 873 GIRL
London 874 BOY
Sally 874 GIRL
Marcelo 875 BOY
Hadley 875 GIRL
Nash 876 BOY
Sarahi 876 GIRL
Trever 877 BOY
Rebeca 877 GIRL
Fred 878 BOY
Shirley 878 GIRL
Houston 879 BOY
Alexandrea 879 GIRL
Irving 880 BOY
Jailyn 880 GIRL
Lamont 881 BOY
Priscila 881 GIRL
Latrell 882 BOY
Abagail 882 GIRL
Remington 883 BOY
Noelia 883 GIRL
Kelly 884 BOY
Maleah 884 GIRL
Oswaldo 885 BOY
Shreya 885 GIRL
Efren 886 BOY
Kallie 886 GIRL
Tyshawn 887 BOY
Elyssa 887 GIRL
Chaim 888 BOY
Sarina 888 GIRL
Jaheem 889 BOY
Ashtyn 889 GIRL
Nikhil 890 BOY
Dylan 890 GIRL
Samson 891 BOY
Lyndsey 891 GIRL
Glen 892 BOY
Kya 892 GIRL
Layton 893 BOY
Sky 893 GIRL
Pranav 894 BOY
Dalia 894 GIRL
Zaire 895 BOY
Darlene 895 GIRL
Arnold 896 BOY
Jana 896 GIRL
Malakai 897 BOY
Shawna 897 GIRL
Daryl 898 BOY
Jayde 898 GIRL
Fidel 899 BOY
Madalynn 899 GIRL
Javen 900 BOY
Yuliana 900 GIRL
Lisandro 901 BOY
Armani 901 GIRL
Alden 902 BOY
Jakayla 902 GIRL
Darwin 903 BOY
Maegan 903 GIRL
Kale 904 BOY
Maliyah 904 GIRL
Santino 905 BOY
Saige 905 GIRL
Lonnie 906 BOY
Sonya 906 GIRL
Dylon 907 BOY
Reanna 907 GIRL
Ellis 908 BOY
Samira 908 GIRL
Ethen 909 BOY
Alexys 909 GIRL
Raymundo 910 BOY
Devyn 910 GIRL
Stephon 911 BOY
Kelsi 911 GIRL
Carlton 912 BOY
Sade 912 GIRL
Duane 913 BOY
Sydnie 913 GIRL
Giovanny 914 BOY
Jalynn 914 GIRL
Jan 915 BOY
Marlee 915 GIRL
Adriel 916 BOY
Myra 916 GIRL
Gino 917 BOY
Joelle 917 GIRL
Haden 918 BOY
Rachelle 918 GIRL
Zain 919 BOY
Yessenia 919 GIRL
Barrett 920 BOY
Akira 920 GIRL
Luciano 921 BOY
Isabell 921 GIRL
Marquez 922 BOY
Meaghan 922 GIRL
Mitchel 923 BOY
Norma 923 GIRL
Rey 924 BOY
Rita 924 GIRL
Turner 925 BOY
Samara 925 GIRL
Vernon 926 BOY
Unique 926 GIRL
Zavier 927 BOY
Candice 927 GIRL
Gaige 928 BOY
Graciela 928 GIRL
Guy 929 BOY
Kalyn 929 GIRL
Luc 930 BOY
Paloma 930 GIRL
Maximo 931 BOY
Taya 931 GIRL
Rickey 932 BOY
Galilea 932 GIRL
Rylee 933 BOY
Kaela 933 GIRL
Vaughn 934 BOY
Melinda 934 GIRL
Antwan 935 BOY
Journey 935 GIRL
Cason 936 BOY
Katy 936 GIRL
Darrin 937 BOY
Yvonne 937 GIRL
Jamil 938 BOY
Anjali 938 GIRL
Kasey 939 BOY
Aylin 939 GIRL
Rahul 940 BOY
Breonna 940 GIRL
Aubrey 941 BOY
Keira 941 GIRL
Darrion 942 BOY
Mandy 942 GIRL
Eliseo 943 BOY
Ryann 943 GIRL
Mustafa 944 BOY
Baby 944 GIRL
Jamir 945 BOY
Janie 945 GIRL
Jevon 946 BOY
Amina 946 GIRL
Mikel 947 BOY
Jaylene 947 GIRL
Pierre 948 BOY
Mina 948 GIRL
Kent 949 BOY
Miya 949 GIRL
Neal 950 BOY
Dania 950 GIRL
Sabastian 951 BOY
Darby 951 GIRL
Syed 952 BOY
Luisa 952 GIRL
Trystan 953 BOY
Odalys 953 GIRL
Bilal 954 BOY
Deasia 954 GIRL
Eddy 955 BOY
Riya 955 GIRL
Gannon 956 BOY
Karley 956 GIRL
Jaquez 957 BOY
Estefany 957 GIRL
Kyree 958 BOY
Iyanna 958 GIRL
Maxim 959 BOY
Cadence 959 GIRL
Arjun 960 BOY
Citlali 960 GIRL
Jarvis 961 BOY
Kiya 961 GIRL
Jovany 962 BOY
Allyssa 962 GIRL
Bradyn 963 BOY
Alysha 963 GIRL
Carlo 964 BOY
Ireland 964 GIRL
Dontae 965 BOY
Marcella 965 GIRL
Jase 966 BOY
Chana 966 GIRL
Zayne 967 BOY
Trista 967 GIRL
Clifton 968 BOY
Dianna 968 GIRL
Cortez 969 BOY
Jaylyn 969 GIRL
Shemar 970 BOY
Jena 970 GIRL
Dwight 971 BOY
Aja 971 GIRL
Kory 972 BOY
Alycia 972 GIRL
Devante 973 BOY
Jaquelin 973 GIRL
Herbert 974 BOY
Yolanda 974 GIRL
Kirk 975 BOY
Alex 975 GIRL
Osbaldo 976 BOY
Kari 976 GIRL
Trevin 977 BOY
Libby 977 GIRL
Zack 978 BOY
Nyasia 978 GIRL
Freddie 979 BOY
Abril 979 GIRL
Garett 980 BOY
Brionna 980 GIRL
Jeff 981 BOY
Aubrie 981 GIRL
Kristofer 982 BOY
Lina 982 GIRL
Prince 983 BOY
Loren 983 GIRL
Bo 984 BOY
Magdalena 984 GIRL
Cristobal 985 BOY
Sheridan 985 GIRL
Eliezer 986 BOY
Estefani 986 GIRL
Giovani 987 BOY
Keeley 987 GIRL
Immanuel 988 BOY
Maryam 988 GIRL
Ryley 989 BOY
Chandler 989 GIRL
Sullivan 990 BOY
Jazmyne 990 GIRL
Lloyd 991 BOY
Jeanette 991 GIRL
Jovanni 992 BOY
Yareli 992 GIRL
Niko 993 BOY
Jackeline 993 GIRL
Alton 994 BOY
Johana 994 GIRL
Ean 995 BOY
Juana 995 GIRL
Mariano 996 BOY
Kristine 996 GIRL
Raven 997 BOY
Amiya 997 GIRL
Yousef 998 BOY
Katerina 998 GIRL
Don 999 BOY
Caitlynn 999 GIRL
Fletcher 1000 BOY
Emerald 1000 GIRL