2004
Jacob 1 BOY
Emily 1 GIRL
Michael 2 BOY
Emma 2 GIRL
Joshua 3 BOY
Madison 3 GIRL
Matthew 4 BOY
Olivia 4 GIRL
Ethan 5 BOY
Hannah 5 GIRL
Andrew 6 BOY
Abigail 6 GIRL
Daniel 7 BOY
Isabella 7 GIRL
William 8 BOY
Ashley 8 GIRL
Joseph 9 BOY
Samantha 9 GIRL
Christopher 10 BOY
Elizabeth 10 GIRL
Anthony 11 BOY
Alexis 11 GIRL
Ryan 12 BOY
Sarah 12 GIRL
Nicholas 13 BOY
Grace 13 GIRL
David 14 BOY
Alyssa 14 GIRL
Alexander 15 BOY
Sophia 15 GIRL
Tyler 16 BOY
Lauren 16 GIRL
James 17 BOY
Brianna 17 GIRL
John 18 BOY
Kayla 18 GIRL
Dylan 19 BOY
Natalie 19 GIRL
Nathan 20 BOY
Anna 20 GIRL
Jonathan 21 BOY
Jessica 21 GIRL
Brandon 22 BOY
Taylor 22 GIRL
Samuel 23 BOY
Chloe 23 GIRL
Christian 24 BOY
Hailey 24 GIRL
Benjamin 25 BOY
Ava 25 GIRL
Zachary 26 BOY
Jasmine 26 GIRL
Logan 27 BOY
Sydney 27 GIRL
Jose 28 BOY
Victoria 28 GIRL
Noah 29 BOY
Ella 29 GIRL
Justin 30 BOY
Mia 30 GIRL
Elijah 31 BOY
Morgan 31 GIRL
Gabriel 32 BOY
Julia 32 GIRL
Caleb 33 BOY
Kaitlyn 33 GIRL
Kevin 34 BOY
Rachel 34 GIRL
Austin 35 BOY
Katherine 35 GIRL
Robert 36 BOY
Megan 36 GIRL
Thomas 37 BOY
Alexandra 37 GIRL
Connor 38 BOY
Jennifer 38 GIRL
Evan 39 BOY
Destiny 39 GIRL
Aidan 40 BOY
Allison 40 GIRL
Luke 41 BOY
Savannah 41 GIRL
Jack 42 BOY
Maria 42 GIRL
Jordan 43 BOY
Nicole 43 GIRL
Angel 44 BOY
Haley 44 GIRL
Isaiah 45 BOY
Mackenzie 45 GIRL
Isaac 46 BOY
Brooke 46 GIRL
Jason 47 BOY
Makayla 47 GIRL
Jackson 48 BOY
Trinity 48 GIRL
Hunter 49 BOY
Kylie 49 GIRL
Cameron 50 BOY
Kaylee 50 GIRL
Mason 51 BOY
Paige 51 GIRL
Gavin 52 BOY
Faith 52 GIRL
Aaron 53 BOY
Lily 53 GIRL
Juan 54 BOY
Zoe 54 GIRL
Kyle 55 BOY
Stephanie 55 GIRL
Charles 56 BOY
Jenna 56 GIRL
Luis 57 BOY
Andrea 57 GIRL
Adam 58 BOY
Riley 58 GIRL
Brian 59 BOY
Katelyn 59 GIRL
Aiden 60 BOY
Angelina 60 GIRL
Eric 61 BOY
Kimberly 61 GIRL
Jayden 62 BOY
Mary 62 GIRL
Alex 63 BOY
Madeline 63 GIRL
Sean 64 BOY
Leah 64 GIRL
Bryan 65 BOY
Lillian 65 GIRL
Owen 66 BOY
Michelle 66 GIRL
Lucas 67 BOY
Amanda 67 GIRL
Nathaniel 68 BOY
Sara 68 GIRL
Ian 69 BOY
Sofia 69 GIRL
Jesus 70 BOY
Jordan 70 GIRL
Carlos 71 BOY
Rebecca 71 GIRL
Adrian 72 BOY
Alexa 72 GIRL
Diego 73 BOY
Gabrielle 73 GIRL
Julian 74 BOY
Caroline 74 GIRL
Cole 75 BOY
Vanessa 75 GIRL
Ashton 76 BOY
Gabriella 76 GIRL
Jeremiah 77 BOY
Avery 77 GIRL
Steven 78 BOY
Marissa 78 GIRL
Timothy 79 BOY
Ariana 79 GIRL
Seth 80 BOY
Audrey 80 GIRL
Chase 81 BOY
Jada 81 GIRL
Devin 82 BOY
Autumn 82 GIRL
Jaden 83 BOY
Evelyn 83 GIRL
Colin 84 BOY
Maya 84 GIRL
Cody 85 BOY
Jocelyn 85 GIRL
Landon 86 BOY
Arianna 86 GIRL
Hayden 87 BOY
Isabel 87 GIRL
Carter 88 BOY
Amber 88 GIRL
Xavier 89 BOY
Melanie 89 GIRL
Wyatt 90 BOY
Diana 90 GIRL
Dominic 91 BOY
Danielle 91 GIRL
Richard 92 BOY
Sierra 92 GIRL
Antonio 93 BOY
Leslie 93 GIRL
Jesse 94 BOY
Aaliyah 94 GIRL
Blake 95 BOY
Erin 95 GIRL
Sebastian 96 BOY
Amelia 96 GIRL
Miguel 97 BOY
Molly 97 GIRL
Jake 98 BOY
Claire 98 GIRL
Alejandro 99 BOY
Melissa 99 GIRL
Patrick 100 BOY
Bailey 100 GIRL
Carson 101 BOY
Brooklyn 101 GIRL
Victor 102 BOY
Katie 102 GIRL
Alexis 103 BOY
Catherine 103 GIRL
Caden 104 BOY
Nevaeh 104 GIRL
Kaden 105 BOY
Angela 105 GIRL
Riley 106 BOY
Amy 106 GIRL
Brayden 107 BOY
Isabelle 107 GIRL
Bryce 108 BOY
Jacqueline 108 GIRL
Henry 109 BOY
Jade 109 GIRL
Trevor 110 BOY
Gabriela 110 GIRL
Jeremy 111 BOY
Madelyn 111 GIRL
Liam 112 BOY
Shelby 112 GIRL
Mark 113 BOY
Mariah 113 GIRL
Garrett 114 BOY
Gracie 114 GIRL
Tristan 115 BOY
Mya 115 GIRL
Marcus 116 BOY
Kennedy 116 GIRL
Ivan 117 BOY
Breanna 117 GIRL
Jorge 118 BOY
Daniela 118 GIRL
Kaleb 119 BOY
Adriana 119 GIRL
Vincent 120 BOY
Briana 120 GIRL
Kenneth 121 BOY
Courtney 121 GIRL
Brady 122 BOY
Kathryn 122 GIRL
Oscar 123 BOY
Christina 123 GIRL
Joel 124 BOY
Gianna 124 GIRL
Tanner 125 BOY
Alexandria 125 GIRL
Eduardo 126 BOY
Lydia 126 GIRL
Jared 127 BOY
Miranda 127 GIRL
Paul 128 BOY
Angel 128 GIRL
Edward 129 BOY
Laura 129 GIRL
Collin 130 BOY
Alicia 130 GIRL
Alan 131 BOY
Ashlyn 131 GIRL
Parker 132 BOY
Alexia 132 GIRL
Cooper 133 BOY
Margaret 133 GIRL
Conner 134 BOY
Peyton 134 GIRL
Colton 135 BOY
Sophie 135 GIRL
Maxwell 136 BOY
Rylee 136 GIRL
Dakota 137 BOY
Kendall 137 GIRL
Nicolas 138 BOY
Kelly 138 GIRL
Cristian 139 BOY
Ana 139 GIRL
Stephen 140 BOY
Summer 140 GIRL
Grant 141 BOY
Kylee 141 GIRL
Peter 142 BOY
Natalia 142 GIRL
Ricardo 143 BOY
Daisy 143 GIRL
Josiah 144 BOY
Reagan 144 GIRL
Gage 145 BOY
Naomi 145 GIRL
George 146 BOY
Lindsey 146 GIRL
Omar 147 BOY
Kate 147 GIRL
Brendan 148 BOY
Kelsey 148 GIRL
Francisco 149 BOY
Sabrina 149 GIRL
Jeffrey 150 BOY
Alondra 150 GIRL
Spencer 151 BOY
Mckenzie 151 GIRL
Preston 152 BOY
Jillian 152 GIRL
Braden 153 BOY
Cheyenne 153 GIRL
Levi 154 BOY
Skylar 154 GIRL
Fernando 155 BOY
Karen 155 GIRL
Derek 156 BOY
Mikayla 156 GIRL
Cesar 157 BOY
Paris 157 GIRL
Javier 158 BOY
Ruby 158 GIRL
Damian 159 BOY
Payton 159 GIRL
Eli 160 BOY
Addison 160 GIRL
Nolan 161 BOY
Caitlin 161 GIRL
Peyton 162 BOY
Kyla 162 GIRL
Micah 163 BOY
Juliana 163 GIRL
Max 164 BOY
Caitlyn 164 GIRL
Shane 165 BOY
Crystal 165 GIRL
Travis 166 BOY
Abby 166 GIRL
Dalton 167 BOY
Layla 167 GIRL
Manuel 168 BOY
Cassidy 168 GIRL
Andres 169 BOY
Delaney 169 GIRL
Edgar 170 BOY
Charlotte 170 GIRL
Shawn 171 BOY
Mariana 171 GIRL
Erik 172 BOY
Bianca 172 GIRL
Edwin 173 BOY
Cassandra 173 GIRL
Emmanuel 174 BOY
Valeria 174 GIRL
Devon 175 BOY
Tiffany 175 GIRL
Bradley 176 BOY
Angelica 176 GIRL
Jonah 177 BOY
Carly 177 GIRL
Mario 178 BOY
Alana 178 GIRL
Malachi 179 BOY
Hope 179 GIRL
Erick 180 BOY
Valerie 180 GIRL
Ty 181 BOY
Giselle 181 GIRL
Ayden 182 BOY
Jasmin 182 GIRL
Johnathan 183 BOY
Erica 183 GIRL
Wesley 184 BOY
Jazmin 184 GIRL
Colby 185 BOY
Genesis 185 GIRL
Trenton 186 BOY
Mallory 186 GIRL
Donovan 187 BOY
Jordyn 187 GIRL
Raymond 188 BOY
Kiara 188 GIRL
Giovanni 189 BOY
Ellie 189 GIRL
Jalen 190 BOY
Aubrey 190 GIRL
Marco 191 BOY
Serenity 191 GIRL
Hector 192 BOY
Erika 192 GIRL
Abraham 193 BOY
Veronica 193 GIRL
Gregory 194 BOY
Chelsea 194 GIRL
Leonardo 195 BOY
Karla 195 GIRL
Damien 196 BOY
Sadie 196 GIRL
Dillon 197 BOY
Karina 197 GIRL
Clayton 198 BOY
Eva 198 GIRL
Sergio 199 BOY
Jamie 199 GIRL
Andre 200 BOY
Julianna 200 GIRL
Bryson 201 BOY
Brenda 201 GIRL
Roberto 202 BOY
Mckenna 202 GIRL
Martin 203 BOY
Lucy 203 GIRL
Jaylen 204 BOY
Celeste 204 GIRL
Andy 205 BOY
Alejandra 205 GIRL
Dawson 206 BOY
Maggie 206 GIRL
Elias 207 BOY
Amaya 207 GIRL
Josue 208 BOY
Bethany 208 GIRL
Harrison 209 BOY
Zoey 209 GIRL
Brody 210 BOY
Esmeralda 210 GIRL
Drew 211 BOY
Lilly 211 GIRL
Corey 212 BOY
Adrianna 212 GIRL
Mitchell 213 BOY
Makenzie 213 GIRL
Scott 214 BOY
Elena 214 GIRL
Israel 215 BOY
Nadia 215 GIRL
Taylor 216 BOY
Jayla 216 GIRL
Dominick 217 BOY
Meghan 217 GIRL
Ruben 218 BOY
Cadence 218 GIRL
Calvin 219 BOY
Kyra 219 GIRL
Braxton 220 BOY
Ariel 220 GIRL
Miles 221 BOY
Aliyah 221 GIRL
Brett 222 BOY
Camryn 222 GIRL
Dustin 223 BOY
Cynthia 223 GIRL
Rafael 224 BOY
Liliana 224 GIRL
Avery 225 BOY
Elise 225 GIRL
Pedro 226 BOY
Monica 226 GIRL
Troy 227 BOY
Makenna 227 GIRL
Jace 228 BOY
Kailey 228 GIRL
Oliver 229 BOY
Alison 229 GIRL
Frank 230 BOY
Lizbeth 230 GIRL
Zane 231 BOY
Hanna 231 GIRL
Ronald 232 BOY
Vivian 232 GIRL
Camden 233 BOY
Macy 233 GIRL
Skyler 234 BOY
Desiree 234 GIRL
Gerardo 235 BOY
Jayden 235 GIRL
Jakob 236 BOY
Rebekah 236 GIRL
Trey 237 BOY
Haylee 237 GIRL
Payton 238 BOY
Allyson 238 GIRL
Roman 239 BOY
Carmen 239 GIRL
Griffin 240 BOY
Brittany 240 GIRL
Armando 241 BOY
Lindsay 241 GIRL
Raul 242 BOY
Josephine 242 GIRL
Malik 243 BOY
Nina 243 GIRL
Marcos 244 BOY
Heather 244 GIRL
Brock 245 BOY
Hayley 245 GIRL
Alec 246 BOY
Jazmine 246 GIRL
Kai 247 BOY
Asia 247 GIRL
Phillip 248 BOY
Laila 248 GIRL
Derrick 249 BOY
Kara 249 GIRL
Chance 250 BOY
Jaden 250 GIRL
Cade 251 BOY
Cameron 251 GIRL
Johnny 252 BOY
Camille 252 GIRL
Keith 253 BOY
Joanna 253 GIRL
Simon 254 BOY
Carolina 254 GIRL
Enrique 255 BOY
Katelynn 255 GIRL
Allen 256 BOY
Shannon 256 GIRL
Keegan 257 BOY
Keira 257 GIRL
Trent 258 BOY
Reese 258 GIRL
Xander 259 BOY
Julie 259 GIRL
Jaiden 260 BOY
Bella 260 GIRL
Casey 261 BOY
Selena 261 GIRL
Drake 262 BOY
Aniya 262 GIRL
Donald 263 BOY
Raven 263 GIRL
Cayden 264 BOY
Kristen 264 GIRL
Leo 265 BOY
Guadalupe 265 GIRL
Jaxon 266 BOY
Piper 266 GIRL
Fabian 267 BOY
Alaina 267 GIRL
Julio 268 BOY
Diamond 268 GIRL
Angelo 269 BOY
Heaven 269 GIRL
Corbin 270 BOY
Claudia 270 GIRL
Dante 271 BOY
Fatima 271 GIRL
Grayson 272 BOY
Kendra 272 GIRL
Jaime 273 BOY
Savanna 273 GIRL
Kyler 274 BOY
Miriam 274 GIRL
Lance 275 BOY
Kira 275 GIRL
Kameron 276 BOY
Dakota 276 GIRL
Brenden 277 BOY
Cecilia 277 GIRL
Emanuel 278 BOY
Tessa 278 GIRL
Zander 279 BOY
April 279 GIRL
Jimmy 280 BOY
Sandra 280 GIRL
Landen 281 BOY
Katrina 281 GIRL
Chandler 282 BOY
Ashlee 282 GIRL
Alberto 283 BOY
Kayleigh 283 GIRL
Tyson 284 BOY
Michaela 284 GIRL
Adan 285 BOY
Clara 285 GIRL
Darius 286 BOY
Ashlynn 286 GIRL
Zackary 287 BOY
Camila 287 GIRL
Tucker 288 BOY
Anastasia 288 GIRL
Saul 289 BOY
Nancy 289 GIRL
Gustavo 290 BOY
Tatiana 290 GIRL
Mathew 291 BOY
Stella 291 GIRL
Santiago 292 BOY
Jadyn 292 GIRL
Jerry 293 BOY
Holly 293 GIRL
Lukas 294 BOY
Allie 294 GIRL
Lorenzo 295 BOY
Kaitlin 295 GIRL
Myles 296 BOY
Aniyah 296 GIRL
Emilio 297 BOY
Kirsten 297 GIRL
Lane 298 BOY
Esther 298 GIRL
Nickolas 299 BOY
Kamryn 299 GIRL
Brennan 300 BOY
Annabelle 300 GIRL
Nikolas 301 BOY
Eleanor 301 GIRL
Louis 302 BOY
Alayna 302 GIRL
Pablo 303 BOY
Serena 303 GIRL
Danny 304 BOY
Natasha 304 GIRL
Quinn 305 BOY
Cindy 305 GIRL
Aden 306 BOY
Nora 306 GIRL
Philip 307 BOY
Wendy 307 GIRL
Arturo 308 BOY
Kaylie 308 GIRL
Morgan 309 BOY
Bridget 309 GIRL
Dennis 310 BOY
Skyler 310 GIRL
Kaiden 311 BOY
Julissa 311 GIRL
Zion 312 BOY
Melody 312 GIRL
Theodore 313 BOY
Emilee 313 GIRL
Damon 314 BOY
Eliana 314 GIRL
Ezekiel 315 BOY
Emely 315 GIRL
Randy 316 BOY
Patricia 316 GIRL
Bryant 317 BOY
Rylie 317 GIRL
Kayden 318 BOY
Kathleen 318 GIRL
Jayson 319 BOY
Eliza 319 GIRL
Tony 320 BOY
Lexi 320 GIRL
Mateo 321 BOY
Aurora 321 GIRL
Curtis 322 BOY
Tara 322 GIRL
Yahir 323 BOY
Ciara 323 GIRL
Braeden 324 BOY
Josie 324 GIRL
Axel 325 BOY
Daniella 325 GIRL
Gary 326 BOY
Annika 326 GIRL
Alfredo 327 BOY
Fiona 327 GIRL
Jonathon 328 BOY
Kristina 328 GIRL
Hudson 329 BOY
Jayda 329 GIRL
Quentin 330 BOY
Brenna 330 GIRL
Tristen 331 BOY
Alivia 331 GIRL
Ismael 332 BOY
Madeleine 332 GIRL
Larry 333 BOY
Meredith 333 GIRL
Asher 334 BOY
Talia 334 GIRL
Marc 335 BOY
Marisa 335 GIRL
Brayan 336 BOY
Alissa 336 GIRL
Darren 337 BOY
Yasmin 337 GIRL
Albert 338 BOY
Yesenia 338 GIRL
Camron 339 BOY
Mercedes 339 GIRL
Amir 340 BOY
Eden 340 GIRL
Maximilian 341 BOY
Leilani 341 GIRL
Ryder 342 BOY
Heidi 342 GIRL
Salvador 343 BOY
Paola 343 GIRL
Chad 344 BOY
Kassandra 344 GIRL
Ramon 345 BOY
Brooklynn 345 GIRL
Mekhi 346 BOY
Callie 346 GIRL
Ernesto 347 BOY
Shayla 347 GIRL
Joe 348 BOY
Priscilla 348 GIRL
Cory 349 BOY
Cierra 349 GIRL
Jay 350 BOY
Britney 350 GIRL
Charlie 351 BOY
Ruth 351 GIRL
Esteban 352 BOY
Logan 352 GIRL
Douglas 353 BOY
Leila 353 GIRL
Keaton 354 BOY
Denise 354 GIRL
Marvin 355 BOY
Rose 355 GIRL
Abel 356 BOY
Marina 356 GIRL
Arthur 357 BOY
Nia 357 GIRL
Ricky 358 BOY
Brynn 358 GIRL
Dallas 359 BOY
Itzel 359 GIRL
Moises 360 BOY
Perla 360 GIRL
Orlando 361 BOY
Sage 361 GIRL
Eddie 362 BOY
Harley 362 GIRL
Lawrence 363 BOY
Kiana 363 GIRL
Emiliano 364 BOY
Helen 364 GIRL
Walter 365 BOY
Samara 365 GIRL
Russell 366 BOY
Georgia 366 GIRL
Hugo 367 BOY
Clarissa 367 GIRL
Mauricio 368 BOY
Sasha 368 GIRL
Jude 369 BOY
Janiya 369 GIRL
Carl 370 BOY
Rachael 370 GIRL
Gael 371 BOY
Tori 371 GIRL
Holden 372 BOY
Kiley 372 GIRL
Dean 373 BOY
Christine 373 GIRL
Rylan 374 BOY
Tamia 374 GIRL
Kristopher 375 BOY
Sidney 375 GIRL
Davis 376 BOY
Iris 376 GIRL
Marshall 377 BOY
Kaydence 377 GIRL
Maddox 378 BOY
Kiera 378 GIRL
Ali 379 BOY
Angie 379 GIRL
Weston 380 BOY
Anahi 380 GIRL
Ezra 381 BOY
Kyleigh 381 GIRL
Walker 382 BOY
Casey 382 GIRL
Julius 383 BOY
Tatum 383 GIRL
Joaquin 384 BOY
Shania 384 GIRL
Isiah 385 BOY
Annie 385 GIRL
Maurice 386 BOY
Halle 386 GIRL
Tate 387 BOY
Ivy 387 GIRL
Kade 388 BOY
Kadence 388 GIRL
Rodrigo 389 BOY
Lauryn 389 GIRL
Reese 390 BOY
Imani 390 GIRL
Reece 391 BOY
Nayeli 391 GIRL
Micheal 392 BOY
Alina 392 GIRL
Felix 393 BOY
Bryanna 393 GIRL
Luca 394 BOY
Hailee 394 GIRL
Tommy 395 BOY
Izabella 395 GIRL
Chris 396 BOY
Marisol 396 GIRL
Issac 397 BOY
Ximena 397 GIRL
Elliot 398 BOY
Ainsley 398 GIRL
Shaun 399 BOY
Anne 399 GIRL
Caiden 400 BOY
Skye 400 GIRL
Terry 401 BOY
Madalyn 401 GIRL
Beau 402 BOY
Kassidy 402 GIRL
Bennett 403 BOY
Genevieve 403 GIRL
Brent 404 BOY
Alice 404 GIRL
Justice 405 BOY
Madisyn 405 GIRL
Javon 406 BOY
Phoebe 406 GIRL
Guillermo 407 BOY
Lesly 407 GIRL
Amari 408 BOY
Nyla 408 GIRL
Kody 409 BOY
Teresa 409 GIRL
Jon 410 BOY
Ryleigh 410 GIRL
Osvaldo 411 BOY
Lucia 411 GIRL
Kelvin 412 BOY
Liberty 412 GIRL
Jaylin 413 BOY
Joselyn 413 GIRL
Roger 414 BOY
Paulina 414 GIRL
Braydon 415 BOY
Maritza 415 GIRL
Deandre 416 BOY
Rosa 416 GIRL
Kobe 417 BOY
Ashleigh 417 GIRL
Easton 418 BOY
Carolyn 418 GIRL
Jeffery 419 BOY
Regan 419 GIRL
Branden 420 BOY
Taryn 420 GIRL
Graham 421 BOY
Linda 421 GIRL
Khalil 422 BOY
Gloria 422 GIRL
Zachery 423 BOY
Amya 423 GIRL
Zachariah 424 BOY
Lacey 424 GIRL
Jaylon 425 BOY
Francesca 425 GIRL
Jamari 426 BOY
Dayanara 426 GIRL
Maximus 427 BOY
Alexus 427 GIRL
Toby 428 BOY
Dana 428 GIRL
Silas 429 BOY
Jaiden 429 GIRL
Jadon 430 BOY
Viviana 430 GIRL
Declan 431 BOY
Lisa 431 GIRL
Rodney 432 BOY
Krystal 432 GIRL
Melvin 433 BOY
Ryan 433 GIRL
Bailey 434 BOY
Tiana 434 GIRL
Dorian 435 BOY
Elisabeth 435 GIRL
Sawyer 436 BOY
Kaylin 436 GIRL
Davion 437 BOY
Cora 437 GIRL
Demetrius 438 BOY
Hallie 438 GIRL
Sam 439 BOY
Virginia 439 GIRL
Felipe 440 BOY
Amari 440 GIRL
Noe 441 BOY
Cristina 441 GIRL
Reid 442 BOY
Isabela 442 GIRL
Nathanael 443 BOY
Raquel 443 GIRL
Allan 444 BOY
Jenny 444 GIRL
Jamal 445 BOY
Noelle 445 GIRL
Uriel 446 BOY
Larissa 446 GIRL
Marquis 447 BOY
Tabitha 447 GIRL
Omarion 448 BOY
Alisha 448 GIRL
Frederick 449 BOY
Malia 449 GIRL
Rene 450 BOY
Whitney 450 GIRL
Conor 451 BOY
Deanna 451 GIRL
Trevon 452 BOY
Janet 452 GIRL
Bobby 453 BOY
Kaitlynn 453 GIRL
Noel 454 BOY
Madyson 454 GIRL
Jessie 455 BOY
Kiersten 455 GIRL
Jonas 456 BOY
Alyson 456 GIRL
Nelson 457 BOY
Elaina 457 GIRL
Elliott 458 BOY
Emilie 458 GIRL
Billy 459 BOY
Jane 459 GIRL
Brendon 460 BOY
Dulce 460 GIRL
Jermaine 461 BOY
Nataly 461 GIRL
Harley 462 BOY
Monique 462 GIRL
Gerald 463 BOY
Kaleigh 463 GIRL
Jaxson 464 BOY
Jimena 464 GIRL
Wilson 465 BOY
Lana 465 GIRL
Damion 466 BOY
Tania 466 GIRL
Desmond 467 BOY
Ayanna 467 GIRL
Dane 468 BOY
Anya 468 GIRL
Roy 469 BOY
Carla 469 GIRL
Quincy 470 BOY
Emilia 470 GIRL
Leonel 471 BOY
Alanna 471 GIRL
Skylar 472 BOY
Sarai 472 GIRL
Terrance 473 BOY
Carissa 473 GIRL
Rogelio 474 BOY
Macie 474 GIRL
Rowan 475 BOY
Dylan 475 GIRL
Quinton 476 BOY
Renee 476 GIRL
Solomon 477 BOY
Anika 477 GIRL
Bruce 478 BOY
India 478 GIRL
Craig 479 BOY
Simone 479 GIRL
Rohan 480 BOY
America 480 GIRL
Nasir 481 BOY
Valentina 481 GIRL
Kenny 482 BOY
Joy 482 GIRL
Tomas 483 BOY
Marlene 483 GIRL
Reed 484 BOY
Jessie 484 GIRL
Kristian 485 BOY
Miracle 485 GIRL
Ahmad 486 BOY
Athena 486 GIRL
Kanye 487 BOY
Brielle 487 GIRL
Terrell 488 BOY
Raegan 488 GIRL
Franklin 489 BOY
Lila 489 GIRL
Amarion 490 BOY
Elle 490 GIRL
Joey 491 BOY
Brittney 491 GIRL
Reginald 492 BOY
Haleigh 492 GIRL
Jaydon 493 BOY
Marie 493 GIRL
Kolby 494 BOY
Elisa 494 GIRL
Jaquan 495 BOY
Ellen 495 GIRL
Willie 496 BOY
Fernanda 496 GIRL
Triston 497 BOY
Justice 497 GIRL
Kadin 498 BOY
Baylee 498 GIRL
Rodolfo 499 BOY
Laci 499 GIRL
Tobias 500 BOY
Dominique 500 GIRL
Zackery 501 BOY
Johanna 501 GIRL
Isaias 502 BOY
Madilyn 502 GIRL
Steve 503 BOY
Carlie 503 GIRL
Devan 504 BOY
Alessandra 504 GIRL
Mohamed 505 BOY
Martha 505 GIRL
Moses 506 BOY
Jaelyn 506 GIRL
Kendall 507 BOY
Yasmine 507 GIRL
Dayton 508 BOY
Cara 508 GIRL
Byron 509 BOY
Tia 509 GIRL
Johnathon 510 BOY
Carley 510 GIRL
Deven 511 BOY
Aileen 511 GIRL
Kellen 512 BOY
Anaya 512 GIRL
Pierce 513 BOY
Kendal 513 GIRL
Alvin 514 BOY
Maddison 514 GIRL
Cyrus 515 BOY
Marley 515 GIRL
Jameson 516 BOY
Jaqueline 516 GIRL
Jarrett 517 BOY
Kristin 517 GIRL
Kendrick 518 BOY
Abbigail 518 GIRL
Leon 519 BOY
Kaley 519 GIRL
Wade 520 BOY
Lola 520 GIRL
Jayce 521 BOY
Destinee 521 GIRL
Alfonso 522 BOY
Lena 522 GIRL
Marlon 523 BOY
Teagan 523 GIRL
Francis 524 BOY
Janessa 524 GIRL
Ahmed 525 BOY
Litzy 525 GIRL
Rolando 526 BOY
Lilian 526 GIRL
Warren 527 BOY
Scarlett 527 GIRL
Ben 528 BOY
Kailee 528 GIRL
Will 529 BOY
Pamela 529 GIRL
Harry 530 BOY
Trista 530 GIRL
Trace 531 BOY
Kailyn 531 GIRL
Ramiro 532 BOY
Kierra 532 GIRL
Jamie 533 BOY
Ashanti 533 GIRL
Malcolm 534 BOY
Lexie 534 GIRL
Everett 535 BOY
Mckayla 535 GIRL
Gilberto 536 BOY
Irene 536 GIRL
Rocco 537 BOY
Isis 537 GIRL
Izaiah 538 BOY
Judith 538 GIRL
Jamarion 539 BOY
Kaya 539 GIRL
Todd 540 BOY
Laney 540 GIRL
Ronnie 541 BOY
Haylie 541 GIRL
Addison 542 BOY
Krista 542 GIRL
Adolfo 543 BOY
Kali 543 GIRL
Grady 544 BOY
Janelle 544 GIRL
Kieran 545 BOY
Karissa 545 GIRL
Deshawn 546 BOY
Madelynn 546 GIRL
Darian 547 BOY
Araceli 547 GIRL
Alonzo 548 BOY
Aspen 548 GIRL
River 549 BOY
Katlyn 549 GIRL
Orion 550 BOY
Susan 550 GIRL
Ariel 551 BOY
Willow 551 GIRL
Jerome 552 BOY
Zoie 552 GIRL
Lincoln 553 BOY
Sonia 553 GIRL
Phoenix 554 BOY
Gillian 554 GIRL
Stanley 555 BOY
Maci 555 GIRL
Lee 556 BOY
Sharon 556 GIRL
Darrell 557 BOY
Helena 557 GIRL
Judah 558 BOY
Mikaela 558 GIRL
Rudy 559 BOY
Precious 559 GIRL
Gilbert 560 BOY
Sylvia 560 GIRL
Cruz 561 BOY
Yadira 561 GIRL
Tyrone 562 BOY
Cristal 562 GIRL
Ezequiel 563 BOY
Maia 563 GIRL
Vicente 564 BOY
Presley 564 GIRL
Blaine 565 BOY
Abbey 565 GIRL
Duncan 566 BOY
Cheyanne 566 GIRL
Quintin 567 BOY
Kaelyn 567 GIRL
Finn 568 BOY
Janiyah 568 GIRL
Omari 569 BOY
Tamara 569 GIRL
Tristin 570 BOY
Abbie 570 GIRL
Randall 571 BOY
Charity 571 GIRL
Titus 572 BOY
Marilyn 572 GIRL
Johan 573 BOY
Thalia 573 GIRL
Gunnar 574 BOY
Gina 574 GIRL
Colten 575 BOY
Lillie 575 GIRL
Ray 576 BOY
Harmony 576 GIRL
Jamison 577 BOY
Tyler 577 GIRL
Jasper 578 BOY
Janae 578 GIRL
Cedric 579 BOY
Sherlyn 579 GIRL
Leonard 580 BOY
Kasey 580 GIRL
Nehemiah 581 BOY
Hayden 581 GIRL
Cristopher 582 BOY
Arely 582 GIRL
Clay 583 BOY
Mariela 583 GIRL
Efrain 584 BOY
Melany 584 GIRL
Eugene 585 BOY
Karlee 585 GIRL
Keenan 586 BOY
Adeline 586 GIRL
Ibrahim 587 BOY
Skyla 587 GIRL
Kyan 588 BOY
Violet 588 GIRL
Abram 589 BOY
Norah 589 GIRL
Alvaro 590 BOY
Daphne 590 GIRL
Ulises 591 BOY
Gwendolyn 591 GIRL
Davin 592 BOY
Ally 592 GIRL
Tyrese 593 BOY
Gisselle 593 GIRL
Anderson 594 BOY
Deja 594 GIRL
Gunner 595 BOY
Meagan 595 GIRL
Reagan 596 BOY
Delilah 596 GIRL
Ernest 597 BOY
Shaniya 597 GIRL
Wayne 598 BOY
Jaida 598 GIRL
Elisha 599 BOY
Lorena 599 GIRL
Romeo 600 BOY
Amani 600 GIRL
Tyrell 601 BOY
Mayra 601 GIRL
Karson 602 BOY
Luz 602 GIRL
Dale 603 BOY
Noemi 603 GIRL
Terrence 604 BOY
Angelique 604 GIRL
Jair 605 BOY
Macey 605 GIRL
Jett 606 BOY
Amara 606 GIRL
Jordon 607 BOY
Estrella 607 GIRL
Aldo 608 BOY
Alma 608 GIRL
Jairo 609 BOY
Sienna 609 GIRL
Harold 610 BOY
Eve 610 GIRL
Mohammed 611 BOY
Lesley 611 GIRL
Ross 612 BOY
Roselyn 612 GIRL
Camren 613 BOY
Rubi 613 GIRL
Moshe 614 BOY
Saniya 614 GIRL
Tyree 615 BOY
Karlie 615 GIRL
Brodie 616 BOY
Lia 616 GIRL
Jabari 617 BOY
Lea 617 GIRL
Jase 618 BOY
Ingrid 618 GIRL
Kareem 619 BOY
Bailee 619 GIRL
Davon 620 BOY
Jacquelyn 620 GIRL
Emmett 621 BOY
Jolie 621 GIRL
Mohammad 622 BOY
Nathalie 622 GIRL
Mike 623 BOY
Charlize 623 GIRL
Neil 624 BOY
Rhiannon 624 GIRL
Porter 625 BOY
Lizeth 625 GIRL
Gianni 626 BOY
Dayana 626 GIRL
Julien 627 BOY
Melina 627 GIRL
Kole 628 BOY
Reyna 628 GIRL
Brennen 629 BOY
Stacy 629 GIRL
Antoine 630 BOY
Tiara 630 GIRL
Lewis 631 BOY
Carlee 631 GIRL
Alijah 632 BOY
Kenya 632 GIRL
Brooks 633 BOY
Kaila 633 GIRL
Coleman 634 BOY
Kennedi 634 GIRL
Jamar 635 BOY
Tanya 635 GIRL
Keshawn 636 BOY
Julianne 636 GIRL
Kolton 637 BOY
Mara 637 GIRL
Markus 638 BOY
Danna 638 GIRL
Dominik 639 BOY
Frances 639 GIRL
Aron 640 BOY
Kelsie 640 GIRL
Freddy 641 BOY
Arielle 641 GIRL
Alexzander 642 BOY
Tess 642 GIRL
Ronan 643 BOY
Deborah 643 GIRL
Aryan 644 BOY
Emmalee 644 GIRL
Layne 645 BOY
Jamya 645 GIRL
Brice 646 BOY
Kenzie 646 GIRL
Junior 647 BOY
Penelope 647 GIRL
Donte 648 BOY
Juliet 648 GIRL
Misael 649 BOY
Clare 649 GIRL
Cohen 650 BOY
Jazlyn 650 GIRL
Agustin 651 BOY
Jazmyn 651 GIRL
Dashawn 652 BOY
Amira 652 GIRL
Octavio 653 BOY
Regina 653 GIRL
Dominique 654 BOY
Kaylynn 654 GIRL
Greyson 655 BOY
Aisha 655 GIRL
Jaron 656 BOY
Lilliana 656 GIRL
Jefferson 657 BOY
Parker 657 GIRL
Sage 658 BOY
Aimee 658 GIRL
Brycen 659 BOY
Brandy 659 GIRL
Josh 660 BOY
Elaine 660 GIRL
Devyn 661 BOY
Ansley 661 GIRL
Irvin 662 BOY
Cassie 662 GIRL
Salvatore 663 BOY
Paula 663 GIRL
Zechariah 664 BOY
Brandi 664 GIRL
Aydan 665 BOY
Jaylin 665 GIRL
Dillan 666 BOY
Kayley 666 GIRL
Kamron 667 BOY
London 667 GIRL
Ignacio 668 BOY
Theresa 668 GIRL
Braiden 669 BOY
Ashton 669 GIRL
Raphael 670 BOY
Haven 670 GIRL
Garret 671 BOY
Zaria 671 GIRL
Asa 672 BOY
Jaclyn 672 GIRL
August 673 BOY
Justine 673 GIRL
Sterling 674 BOY
Barbara 674 GIRL
Alessandro 675 BOY
Celia 675 GIRL
Alonso 676 BOY
Juliette 676 GIRL
Giancarlo 677 BOY
Sanaa 677 GIRL
Ari 678 BOY
Sydnee 678 GIRL
Muhammad 679 BOY
Alena 679 GIRL
Humberto 680 BOY
Hazel 680 GIRL
Jean 681 BOY
Mariam 681 GIRL
Glenn 682 BOY
Taliyah 682 GIRL
Draven 683 BOY
Aria 683 GIRL
Dwayne 684 BOY
Giovanna 684 GIRL
Jaeden 685 BOY
Quinn 685 GIRL
Nathanial 686 BOY
Ann 686 GIRL
Waylon 687 BOY
Edith 687 GIRL
Rigoberto 688 BOY
Aiyana 688 GIRL
Heath 689 BOY
Kaylyn 689 GIRL
Damarion 690 BOY
Hadley 690 GIRL
Keagan 691 BOY
Hana 691 GIRL
Gideon 692 BOY
Marianna 692 GIRL
Elvis 693 BOY
Karli 693 GIRL
Nico 694 BOY
Shyanne 694 GIRL
Jaylan 695 BOY
Annette 695 GIRL
Kane 696 BOY
Aleah 696 GIRL
Karl 697 BOY
Kaia 697 GIRL
Darryl 698 BOY
Taniya 698 GIRL
Isai 699 BOY
Cecelia 699 GIRL
Matteo 700 BOY
Colleen 700 GIRL
Reynaldo 701 BOY
Monserrat 701 GIRL
Coby 702 BOY
Savanah 702 GIRL
Braylon 703 BOY
Yazmin 703 GIRL
Derick 704 BOY
Alisa 704 GIRL
Javion 705 BOY
Tyra 705 GIRL
Korbin 706 BOY
Greta 706 GIRL
Cullen 707 BOY
Kya 707 GIRL
Darnell 708 BOY
Maeve 708 GIRL
Keon 709 BOY
Tatyana 709 GIRL
Kasey 710 BOY
Rowan 710 GIRL
Ralph 711 BOY
Felicity 711 GIRL
Braedon 712 BOY
Tianna 712 GIRL
Oswaldo 713 BOY
Ayla 713 GIRL
Xzavier 714 BOY
Damaris 714 GIRL
Rhett 715 BOY
Lyric 715 GIRL
Alfred 716 BOY
Aracely 716 GIRL
Emerson 717 BOY
Rosemary 717 GIRL
Gaven 718 BOY
Ryann 718 GIRL
Rashad 719 BOY
Breana 719 GIRL
Roderick 720 BOY
Hailie 720 GIRL
Rory 721 BOY
Jaidyn 721 GIRL
Sidney 722 BOY
Liana 722 GIRL
Kian 723 BOY
Luna 723 GIRL
Clark 724 BOY
Adrienne 724 GIRL
Lawson 725 BOY
Elyse 725 GIRL
Marquise 726 BOY
Annabella 726 GIRL
Lamar 727 BOY
Aubree 727 GIRL
Armani 728 BOY
Chasity 728 GIRL
Alexandro 729 BOY
Frida 729 GIRL
Hamza 730 BOY
Ayana 730 GIRL
Clinton 731 BOY
Carina 731 GIRL
Justus 732 BOY
Kaliyah 732 GIRL
Alden 733 BOY
Amiya 733 GIRL
Donavan 734 BOY
Lara 734 GIRL
Sincere 735 BOY
Rebeca 735 GIRL
Garrison 736 BOY
Saige 736 GIRL
Semaj 737 BOY
Eileen 737 GIRL
Mathias 738 BOY
Maura 738 GIRL
Yair 739 BOY
Chelsey 739 GIRL
Conrad 740 BOY
Laurel 740 GIRL
Arjun 741 BOY
Nya 741 GIRL
Darien 742 BOY
Hunter 742 GIRL
Jaheim 743 BOY
Kayden 743 GIRL
Konner 744 BOY
Leticia 744 GIRL
Clarence 745 BOY
Princess 745 GIRL
Frankie 746 BOY
Annalise 746 GIRL
Gavyn 747 BOY
Corinne 747 GIRL
Jovan 748 BOY
Stephany 748 GIRL
Aditya 749 BOY
Tina 749 GIRL
Gordon 750 BOY
Brisa 750 GIRL
Anton 751 BOY
Esperanza 751 GIRL
Denzel 752 BOY
Chaya 752 GIRL
Dangelo 753 BOY
Gia 753 GIRL
Milton 754 BOY
Yareli 754 GIRL
Jovani 755 BOY
Toni 755 GIRL
Keyshawn 756 BOY
Cali 756 GIRL
Luciano 757 BOY
Micah 757 GIRL
Ronaldo 758 BOY
Jaylynn 758 GIRL
Sheldon 759 BOY
Jakayla 759 GIRL
Estevan 760 BOY
Joyce 760 GIRL
Santino 761 BOY
Catalina 761 GIRL
Antony 762 BOY
Devin 762 GIRL
Talon 763 BOY
Karly 763 GIRL
Bernard 764 BOY
Maribel 764 GIRL
Maverick 765 BOY
Meadow 765 GIRL
Milo 766 BOY
Aliya 766 GIRL
Pranav 767 BOY
Leanna 767 GIRL
Santos 768 BOY
Abigayle 768 GIRL
Adrien 769 BOY
Jaylene 769 GIRL
Jan 770 BOY
Jewel 770 GIRL
Malakai 771 BOY
Keely 771 GIRL
Nigel 772 BOY
Evelin 772 GIRL
Barrett 773 BOY
Nichole 773 GIRL
Cale 774 BOY
Shaylee 774 GIRL
Demarcus 775 BOY
Kayli 775 GIRL
Howard 776 BOY
Mollie 776 GIRL
Nathen 777 BOY
Aliza 777 GIRL
Roland 778 BOY
Aryanna 778 GIRL
Rylee 779 BOY
Lizette 779 GIRL
Seamus 780 BOY
Rayna 780 GIRL
Adonis 781 BOY
Cayla 781 GIRL
Devonte 782 BOY
Antonia 782 GIRL
Kurt 783 BOY
Donna 783 GIRL
Ryker 784 BOY
Kianna 784 GIRL
Vaughn 785 BOY
Shea 785 GIRL
Bruno 786 BOY
Myah 786 GIRL
Tristian 787 BOY
Katharine 787 GIRL
Vance 788 BOY
Laisha 788 GIRL
Marques 789 BOY
Shyann 789 GIRL
Bradyn 790 BOY
Jaliyah 790 GIRL
Kylan 791 BOY
Tayler 791 GIRL
Stefan 792 BOY
Joslyn 792 GIRL
Baby 793 BOY
Lainey 793 GIRL
Jorden 794 BOY
Mattie 794 GIRL
Enzo 795 BOY
Yvette 795 GIRL
Kale 796 BOY
Campbell 796 GIRL
Prince 797 BOY
Celine 797 GIRL
Cash 798 BOY
Sandy 798 GIRL
Dexter 799 BOY
Kenna 799 GIRL
Jadyn 800 BOY
Shayna 800 GIRL
Adriel 801 BOY
Jacey 801 GIRL
Fredrick 802 BOY
Raina 802 GIRL
Hassan 803 BOY
Sheila 803 GIRL
Cason 804 BOY
Iliana 804 GIRL
Keyon 805 BOY
Yoselin 805 GIRL
Samir 806 BOY
Kimora 806 GIRL
Kamari 807 BOY
Magdalena 807 GIRL
Perry 808 BOY
Taniyah 808 GIRL
Remington 809 BOY
Hillary 809 GIRL
Dandre 810 BOY
Micaela 810 GIRL
Davian 811 BOY
Carrie 811 GIRL
Ean 812 BOY
Jenifer 812 GIRL
Maximillian 813 BOY
Salma 813 GIRL
Jaidyn 814 BOY
Amiyah 814 GIRL
Matthias 815 BOY
Elsa 815 GIRL
Blaze 816 BOY
Jalyn 816 GIRL
Deon 817 BOY
Essence 817 GIRL
Leroy 818 BOY
Ebony 818 GIRL
Darwin 819 BOY
Christian 819 GIRL
Demarion 820 BOY
Candace 820 GIRL
Jacoby 821 BOY
Marlee 821 GIRL
Kelton 822 BOY
Alysa 822 GIRL
Clifford 823 BOY
Amaris 823 GIRL
Houston 824 BOY
Dalia 824 GIRL
Sammy 825 BOY
Halie 825 GIRL
Daquan 826 BOY
Madalynn 826 GIRL
German 827 BOY
Libby 827 GIRL
Quinten 828 BOY
Ciera 828 GIRL
Zain 829 BOY
Makena 829 GIRL
Cannon 830 BOY
Alia 830 GIRL
Dylon 831 BOY
Galilea 831 GIRL
Brad 832 BOY
Stacey 832 GIRL
Chaim 833 BOY
Xiomara 833 GIRL
Giovanny 834 BOY
Destiney 834 GIRL
Sonny 835 BOY
Marin 835 GIRL
Winston 836 BOY
Abril 836 GIRL
Ellis 837 BOY
Reina 837 GIRL
Kaeden 838 BOY
Amelie 838 GIRL
Konnor 839 BOY
Ashly 839 GIRL
Marcel 840 BOY
Desirae 840 GIRL
Augustus 841 BOY
Jasmyn 841 GIRL
Landyn 842 BOY
Patience 842 GIRL
Zakary 843 BOY
Devon 843 GIRL
Dion 844 BOY
Joana 844 GIRL
Dario 845 BOY
Mandy 845 GIRL
Jakobe 846 BOY
Susana 846 GIRL
Luka 847 BOY
Carol 847 GIRL
Norman 848 BOY
Moriah 848 GIRL
Soren 849 BOY
Annabel 849 GIRL
Braulio 850 BOY
Giana 850 GIRL
Geoffrey 851 BOY
Paloma 851 GIRL
Nick 852 BOY
Ada 852 GIRL
Reuben 853 BOY
Katarina 853 GIRL
Simeon 854 BOY
Nicolette 854 GIRL
Elian 855 BOY
Shreya 855 GIRL
Gonzalo 856 BOY
Areli 856 GIRL
Kenyon 857 BOY
Aubrie 857 GIRL
Madison 858 BOY
Dorothy 858 GIRL
Yosef 859 BOY
Graciela 859 GIRL
Darion 860 BOY
Rocio 860 GIRL
Nikhil 861 BOY
Isabell 861 GIRL
Stephan 862 BOY
Janice 862 GIRL
Andon 863 BOY
Blanca 863 GIRL
Bo 864 BOY
Karley 864 GIRL
Elmer 865 BOY
Ali 865 GIRL
Gannon 866 BOY
Fabiola 866 GIRL
Jordy 867 BOY
Iyanna 867 GIRL
Jovany 868 BOY
Kaiya 868 GIRL
London 869 BOY
Lucille 869 GIRL
Mikel 870 BOY
Nikki 870 GIRL
Tariq 871 BOY
Diya 871 GIRL
Keanu 872 BOY
Kathy 872 GIRL
Shannon 873 BOY
Madisen 873 GIRL
Jaren 874 BOY
Calista 874 GIRL
Brenton 875 BOY
Katelin 875 GIRL
Shamar 876 BOY
Lacie 876 GIRL
Bernardo 877 BOY
Yuliana 877 GIRL
Deangelo 878 BOY
Kaylah 878 GIRL
Nestor 879 BOY
Phoenix 879 GIRL
Domenic 880 BOY
Felicia 880 GIRL
Ethen 881 BOY
Abigale 881 GIRL
Guadalupe 882 BOY
Aryana 882 GIRL
Koby 883 BOY
Belen 883 GIRL
Paxton 884 BOY
Elissa 884 GIRL
Aydin 885 BOY
Gretchen 885 GIRL
Dwight 886 BOY
Mina 886 GIRL
Heriberto 887 BOY
Harper 887 GIRL
Matias 888 BOY
Lina 888 GIRL
Arnav 889 BOY
Aleena 889 GIRL
Blaise 890 BOY
Elyssa 890 GIRL
Franco 891 BOY
Sarahi 891 GIRL
Jovanni 892 BOY
Treasure 892 GIRL
Maxim 893 BOY
Iyana 893 GIRL
Haden 894 BOY
Saniyah 894 GIRL
Jaydin 895 BOY
Addyson 895 GIRL
Shea 896 BOY
Jaycee 896 GIRL
Abdullah 897 BOY
Lacy 897 GIRL
Deacon 898 BOY
Amina 898 GIRL
Maximo 899 BOY
Devyn 899 GIRL
Arnold 900 BOY
Emerson 900 GIRL
Savion 901 BOY
Noelia 901 GIRL
Gino 902 BOY
Savana 902 GIRL
Isaak 903 BOY
Anissa 903 GIRL
Ryland 904 BOY
Diane 904 GIRL
Teagan 905 BOY
Reilly 905 GIRL
Thaddeus 906 BOY
Anita 906 GIRL
Turner 907 BOY
Kasandra 907 GIRL
Boston 908 BOY
Keyla 908 GIRL
Stephon 909 BOY
Mira 909 GIRL
Carmelo 910 BOY
Rhea 910 GIRL
Dallin 911 BOY
Bryn 911 GIRL
Jovanny 912 BOY
Camilla 912 GIRL
Travon 913 BOY
Jaylyn 913 GIRL
Chaz 914 BOY
Karis 914 GIRL
Cortez 915 BOY
Natalee 915 GIRL
Eddy 916 BOY
Aylin 916 GIRL
Jamir 917 BOY
Maleah 917 GIRL
Kamden 918 BOY
Kenia 918 GIRL
Antwan 919 BOY
Sally 919 GIRL
Zack 920 BOY
Alize 920 GIRL
Hugh 921 BOY
Gracelyn 921 GIRL
Irving 922 BOY
Chanel 922 GIRL
Josef 923 BOY
Christiana 923 GIRL
Marcelo 924 BOY
Brianne 924 GIRL
Stone 925 BOY
Jaylee 925 GIRL
Malaki 926 BOY
Destini 926 GIRL
Darrius 927 BOY
Lyndsey 927 GIRL
Jordyn 928 BOY
Maliyah 928 GIRL
Kennedy 929 BOY
Margarita 929 GIRL
Lamont 930 BOY
Beatriz 930 GIRL
Rex 931 BOY
Chana 931 GIRL
Tyshawn 932 BOY
Kelli 932 GIRL
Atticus 933 BOY
Nathaly 933 GIRL
Deshaun 934 BOY
Abagail 934 GIRL
Keven 935 BOY
Joelle 935 GIRL
Vincenzo 936 BOY
Jailyn 936 GIRL
Javen 937 BOY
Lilia 937 GIRL
Rhys 938 BOY
Nyasia 938 GIRL
Shayne 939 BOY
Astrid 939 GIRL
Zavier 940 BOY
Jackeline 940 GIRL
Benny 941 BOY
Jaime 941 GIRL
Jamel 942 BOY
Journey 942 GIRL
Koda 943 BOY
Kallie 943 GIRL
Jaleel 944 BOY
Maren 944 GIRL
Kamren 945 BOY
Maryam 945 GIRL
Kevon 946 BOY
Miah 946 GIRL
Layton 947 BOY
Livia 947 GIRL
Sullivan 948 BOY
Mireya 948 GIRL
Branson 949 BOY
Tracy 949 GIRL
Carlo 950 BOY
Bria 950 GIRL
Earl 951 BOY
Jayleen 951 GIRL
Korey 952 BOY
Melisa 952 GIRL
Marquez 953 BOY
Sydnie 953 GIRL
Samson 954 BOY
Ashtyn 954 GIRL
Cael 955 BOY
Janiah 955 GIRL
Elvin 956 BOY
Robin 956 GIRL
Niko 957 BOY
Citlali 957 GIRL
Truman 958 BOY
Gwyneth 958 GIRL
Fletcher 959 BOY
Jaylen 959 GIRL
Haiden 960 BOY
Jana 960 GIRL
Barry 961 BOY
Jazmyne 961 GIRL
Tayshaun 962 BOY
Tamya 962 GIRL
Yusuf 963 BOY
Lorelei 963 GIRL
Zaid 964 BOY
Riya 964 GIRL
Zaire 965 BOY
Anabel 965 GIRL
Andreas 966 BOY
Delia 966 GIRL
Cornelius 967 BOY
Taya 967 GIRL
Dimitri 968 BOY
Zariah 968 GIRL
Efren 969 BOY
Lexus 969 GIRL
Jayvon 970 BOY
Robyn 970 GIRL
Kerry 971 BOY
Sydni 971 GIRL
Raymundo 972 BOY
Angeles 972 GIRL
Trenten 973 BOY
Kourtney 973 GIRL
Trever 974 BOY
Dasia 974 GIRL
Jeramiah 975 BOY
Ericka 975 GIRL
Rishi 976 BOY
Roxana 976 GIRL
Tre 977 BOY
Dania 977 GIRL
Darin 978 BOY
Dianna 978 GIRL
Immanuel 979 BOY
Kaci 979 GIRL
Jarvis 980 BOY
Kalyn 980 GIRL
Kason 981 BOY
Averie 981 GIRL
Broderick 982 BOY
Christa 982 GIRL
Rey 983 BOY
Yaritza 983 GIRL
Trevion 984 BOY
Alex 984 GIRL
Reilly 985 BOY
Arlene 985 GIRL
Darrin 986 BOY
Drew 986 GIRL
Guy 987 BOY
Shirley 987 GIRL
Jarod 988 BOY
Yessenia 988 GIRL
Nash 989 BOY
Carli 989 GIRL
Trevin 990 BOY
Jalynn 990 GIRL
Cordell 991 BOY
Katy 991 GIRL
Cristofer 992 BOY
Selina 992 GIRL
Eliezer 993 BOY
Makaila 993 GIRL
Fisher 994 BOY
Montana 994 GIRL
Rahul 995 BOY
Samira 995 GIRL
Destin 996 BOY
Darlene 996 GIRL
Jagger 997 BOY
Estefania 997 GIRL
Jamarcus 998 BOY
Heidy 998 GIRL
Tylor 999 BOY
Miya 999 GIRL
Bronson 1000 BOY
Alexandrea 1000 GIRL