1996
Michael 1 BOY
Emily 1 GIRL
Matthew 2 BOY
Jessica 2 GIRL
Jacob 3 BOY
Ashley 3 GIRL
Christopher 4 BOY
Sarah 4 GIRL
Joshua 5 BOY
Samantha 5 GIRL
Nicholas 6 BOY
Taylor 6 GIRL
Tyler 7 BOY
Hannah 7 GIRL
Brandon 8 BOY
Alexis 8 GIRL
Austin 9 BOY
Rachel 9 GIRL
Andrew 10 BOY
Elizabeth 10 GIRL
Daniel 11 BOY
Kayla 11 GIRL
Joseph 12 BOY
Megan 12 GIRL
David 13 BOY
Amanda 13 GIRL
Zachary 14 BOY
Brittany 14 GIRL
John 15 BOY
Madison 15 GIRL
Ryan 16 BOY
Lauren 16 GIRL
James 17 BOY
Brianna 17 GIRL
William 18 BOY
Victoria 18 GIRL
Anthony 19 BOY
Jennifer 19 GIRL
Justin 20 BOY
Stephanie 20 GIRL
Jonathan 21 BOY
Courtney 21 GIRL
Alexander 22 BOY
Nicole 22 GIRL
Robert 23 BOY
Alyssa 23 GIRL
Christian 24 BOY
Rebecca 24 GIRL
Kyle 25 BOY
Morgan 25 GIRL
Kevin 26 BOY
Alexandra 26 GIRL
Jordan 27 BOY
Amber 27 GIRL
Thomas 28 BOY
Jasmine 28 GIRL
Benjamin 29 BOY
Danielle 29 GIRL
Samuel 30 BOY
Haley 30 GIRL
Cody 31 BOY
Katherine 31 GIRL
Jose 32 BOY
Abigail 32 GIRL
Dylan 33 BOY
Anna 33 GIRL
Aaron 34 BOY
Olivia 34 GIRL
Eric 35 BOY
Shelby 35 GIRL
Brian 36 BOY
Kelsey 36 GIRL
Nathan 37 BOY
Maria 37 GIRL
Steven 38 BOY
Allison 38 GIRL
Adam 39 BOY
Sydney 39 GIRL
Timothy 40 BOY
Kaitlyn 40 GIRL
Jason 41 BOY
Kimberly 41 GIRL
Logan 42 BOY
Melissa 42 GIRL
Charles 43 BOY
Savannah 43 GIRL
Patrick 44 BOY
Mary 44 GIRL
Richard 45 BOY
Brooke 45 GIRL
Sean 46 BOY
Natalie 46 GIRL
Hunter 47 BOY
Michelle 47 GIRL
Caleb 48 BOY
Julia 48 GIRL
Cameron 49 BOY
Jordan 49 GIRL
Noah 50 BOY
Sara 50 GIRL
Jesse 51 BOY
Erin 51 GIRL
Juan 52 BOY
Tiffany 52 GIRL
Connor 53 BOY
Emma 53 GIRL
Alex 54 BOY
Gabrielle 54 GIRL
Mark 55 BOY
Chelsea 55 GIRL
Jeremy 56 BOY
Destiny 56 GIRL
Luis 57 BOY
Christina 57 GIRL
Dakota 58 BOY
Sabrina 58 GIRL
Devin 59 BOY
Marissa 59 GIRL
Stephen 60 BOY
Vanessa 60 GIRL
Gabriel 61 BOY
Andrea 61 GIRL
Ethan 62 BOY
Sierra 62 GIRL
Trevor 63 BOY
Mariah 63 GIRL
Jared 64 BOY
Katelyn 64 GIRL
Evan 65 BOY
Paige 65 GIRL
Bryan 66 BOY
Laura 66 GIRL
Carlos 67 BOY
Madeline 67 GIRL
Tristan 68 BOY
Jacqueline 68 GIRL
Nathaniel 69 BOY
Cheyenne 69 GIRL
Ian 70 BOY
Kristen 70 GIRL
Isaiah 71 BOY
Heather 71 GIRL
Jeffrey 72 BOY
Briana 72 GIRL
Travis 73 BOY
Kelly 73 GIRL
Jesus 74 BOY
Breanna 74 GIRL
Luke 75 BOY
Mackenzie 75 GIRL
Chase 76 BOY
Alexandria 76 GIRL
Kenneth 77 BOY
Miranda 77 GIRL
Dustin 78 BOY
Caroline 78 GIRL
Paul 79 BOY
Erica 79 GIRL
Antonio 80 BOY
Shannon 80 GIRL
Elijah 81 BOY
Monica 81 GIRL
Taylor 82 BOY
Katie 82 GIRL
Bradley 83 BOY
Jenna 83 GIRL
Blake 84 BOY
Caitlin 84 GIRL
Garrett 85 BOY
Bailey 85 GIRL
Isaac 86 BOY
Lindsey 86 GIRL
Marcus 87 BOY
Kathryn 87 GIRL
Mitchell 88 BOY
Amy 88 GIRL
Jack 89 BOY
Cassandra 89 GIRL
Tanner 90 BOY
Angela 90 GIRL
Miguel 91 BOY
Alicia 91 GIRL
Adrian 92 BOY
Crystal 92 GIRL
Lucas 93 BOY
Hailey 93 GIRL
Corey 94 BOY
Catherine 94 GIRL
Edward 95 BOY
Grace 95 GIRL
Peter 96 BOY
Jamie 96 GIRL
Malik 97 BOY
Angelica 97 GIRL
Gregory 98 BOY
Leah 98 GIRL
Dalton 99 BOY
Molly 99 GIRL
Victor 100 BOY
Alexa 100 GIRL
Derek 101 BOY
Cynthia 101 GIRL
Angel 102 BOY
Michaela 102 GIRL
Seth 103 BOY
Kaitlin 103 GIRL
Mason 104 BOY
Autumn 104 GIRL
Colton 105 BOY
Margaret 105 GIRL
Cole 106 BOY
Erika 106 GIRL
Alejandro 107 BOY
Diana 107 GIRL
Scott 108 BOY
Karina 108 GIRL
Spencer 109 BOY
Cassidy 109 GIRL
Brett 110 BOY
Kaylee 110 GIRL
Shawn 111 BOY
Kylie 111 GIRL
Shane 112 BOY
Chloe 112 GIRL
Jorge 113 BOY
Meghan 113 GIRL
Jake 114 BOY
Veronica 114 GIRL
Collin 115 BOY
Brittney 115 GIRL
Vincent 116 BOY
Claire 116 GIRL
Alec 117 BOY
Bethany 117 GIRL
George 118 BOY
Leslie 118 GIRL
Grant 119 BOY
Melanie 119 GIRL
Bryce 120 BOY
Hayley 120 GIRL
Dillon 121 BOY
Casey 121 GIRL
Erik 122 BOY
Dominique 122 GIRL
Eduardo 123 BOY
Bianca 123 GIRL
Joel 124 BOY
Carly 124 GIRL
Oscar 125 BOY
Daisy 125 GIRL
Colin 126 BOY
Sophia 126 GIRL
Devon 127 BOY
Jocelyn 127 GIRL
Ricardo 128 BOY
Rachael 128 GIRL
Julian 129 BOY
Makayla 129 GIRL
Cristian 130 BOY
Holly 130 GIRL
Brendan 131 BOY
Gabriela 131 GIRL
Francisco 132 BOY
Brenda 132 GIRL
Raymond 133 BOY
Lindsay 133 GIRL
Wyatt 134 BOY
Karen 134 GIRL
Dominic 135 BOY
Christine 135 GIRL
Jackson 136 BOY
Kendra 136 GIRL
Wesley 137 BOY
Summer 137 GIRL
Johnathan 138 BOY
Caitlyn 138 GIRL
Henry 139 BOY
Gabriella 139 GIRL
Omar 140 BOY
Whitney 140 GIRL
Xavier 141 BOY
Ana 141 GIRL
Casey 142 BOY
Selena 142 GIRL
Cory 143 BOY
Mikayla 143 GIRL
Alan 144 BOY
Desiree 144 GIRL
Manuel 145 BOY
Jade 145 GIRL
Riley 146 BOY
Rebekah 146 GIRL
Mario 147 BOY
Kristin 147 GIRL
Edgar 148 BOY
Kristina 148 GIRL
Clayton 149 BOY
Faith 149 GIRL
Phillip 150 BOY
Julie 150 GIRL
Nicolas 151 BOY
Kathleen 151 GIRL
Martin 152 BOY
Isabella 152 GIRL
Javier 153 BOY
Adriana 153 GIRL
Chance 154 BOY
Valerie 154 GIRL
Troy 155 BOY
Zoe 155 GIRL
Ronald 156 BOY
Ariana 156 GIRL
Chandler 157 BOY
Alondra 157 GIRL
Donald 158 BOY
Mckenzie 158 GIRL
Keith 159 BOY
Patricia 159 GIRL
Chad 160 BOY
Alejandra 160 GIRL
Andres 161 BOY
Brandi 161 GIRL
Frank 162 BOY
Angel 162 GIRL
Drew 163 BOY
Ariel 163 GIRL
Jeremiah 164 BOY
Audrey 164 GIRL
Levi 165 BOY
Kara 165 GIRL
Ivan 166 BOY
Alison 166 GIRL
Sergio 167 BOY
Tara 167 GIRL
Hayden 168 BOY
Lisa 168 GIRL
Derrick 169 BOY
Marisa 169 GIRL
Cesar 170 BOY
Natasha 170 GIRL
Jonathon 171 BOY
Shania 171 GIRL
Andre 172 BOY
Nancy 172 GIRL
Hector 173 BOY
Claudia 173 GIRL
Marco 174 BOY
Dana 174 GIRL
Roberto 175 BOY
Lydia 175 GIRL
Brady 176 BOY
Kirsten 176 GIRL
Maxwell 177 BOY
April 177 GIRL
Fernando 178 BOY
Alexus 178 GIRL
Parker 179 BOY
Diamond 179 GIRL
Alexis 180 BOY
Mia 180 GIRL
Douglas 181 BOY
Sandra 181 GIRL
Darius 182 BOY
Deja 182 GIRL
Calvin 183 BOY
Mallory 183 GIRL
Liam 184 BOY
Raven 184 GIRL
Philip 185 BOY
Tori 185 GIRL
Kaleb 186 BOY
Hope 186 GIRL
Trenton 187 BOY
Cierra 187 GIRL
Erick 188 BOY
Evelyn 188 GIRL
Preston 189 BOY
Jasmin 189 GIRL
Ruben 190 BOY
Kiana 190 GIRL
Curtis 191 BOY
Katrina 191 GIRL
Gavin 192 BOY
Bridget 192 GIRL
Johnny 193 BOY
Meagan 193 GIRL
Jerry 194 BOY
Yesenia 194 GIRL
Sebastian 195 BOY
Cindy 195 GIRL
Edwin 196 BOY
Monique 196 GIRL
Jonah 197 BOY
Isabel 197 GIRL
Pedro 198 BOY
Kendall 198 GIRL
Conner 199 BOY
Jillian 199 GIRL
Bailey 200 BOY
Asia 200 GIRL
Gage 201 BOY
Maya 201 GIRL
Gary 202 BOY
Ashlee 202 GIRL
Dennis 203 BOY
Kassandra 203 GIRL
Mathew 204 BOY
Karla 204 GIRL
Gerardo 205 BOY
Ciara 205 GIRL
Randy 206 BOY
Hanna 206 GIRL
Raul 207 BOY
Kennedy 207 GIRL
Max 208 BOY
Abby 208 GIRL
Harrison 209 BOY
Joanna 209 GIRL
Micah 210 BOY
Deanna 210 GIRL
Emmanuel 211 BOY
Kiara 211 GIRL
Allen 212 BOY
Mercedes 212 GIRL
Julio 213 BOY
Naomi 213 GIRL
Damian 214 BOY
Arianna 214 GIRL
Rafael 215 BOY
Brandy 215 GIRL
Landon 216 BOY
Jazmin 216 GIRL
Skyler 217 BOY
Krystal 217 GIRL
Diego 218 BOY
Guadalupe 218 GIRL
Larry 219 BOY
Anne 219 GIRL
Zachery 220 BOY
Tatiana 220 GIRL
Jalen 221 BOY
Krista 221 GIRL
Armando 222 BOY
Amelia 222 GIRL
Jimmy 223 BOY
Katelynn 223 GIRL
Marcos 224 BOY
Chelsey 224 GIRL
Colby 225 BOY
Jada 225 GIRL
Brent 226 BOY
Tessa 226 GIRL
Abraham 227 BOY
Ashlyn 227 GIRL
Enrique 228 BOY
Jazmine 228 GIRL
Tony 229 BOY
Mckenna 229 GIRL
Jaime 230 BOY
Denise 230 GIRL
Albert 231 BOY
Tabitha 231 GIRL
Marc 232 BOY
Allyson 232 GIRL
Dallas 233 BOY
Carolyn 233 GIRL
Louis 234 BOY
Marisol 234 GIRL
Andy 235 BOY
Gina 235 GIRL
Alberto 236 BOY
Katlyn 236 GIRL
Giovanni 237 BOY
Meredith 237 GIRL
Trey 238 BOY
Ashleigh 238 GIRL
Kristopher 239 BOY
Imani 239 GIRL
Josiah 240 BOY
Alisha 240 GIRL
Zackary 241 BOY
Nina 241 GIRL
Ty 242 BOY
Alana 242 GIRL
Carter 243 BOY
Celeste 243 GIRL
Morgan 244 BOY
Clarissa 244 GIRL
Danny 245 BOY
Ellen 245 GIRL
Donovan 246 BOY
Cristina 246 GIRL
Craig 247 BOY
Brenna 247 GIRL
Ricky 248 BOY
Riley 248 GIRL
Tristen 249 BOY
Tiara 249 GIRL
Carl 250 BOY
Savanna 250 GIRL
Avery 251 BOY
Lillian 251 GIRL
Trent 252 BOY
Kasey 252 GIRL
Darren 253 BOY
Daniela 253 GIRL
Josue 254 BOY
Jordyn 254 GIRL
Jeffery 255 BOY
Peyton 255 GIRL
Lawrence 256 BOY
Maggie 256 GIRL
Nolan 257 BOY
Logan 257 GIRL
Aidan 258 BOY
Aubrey 258 GIRL
Terry 259 BOY
Justine 259 GIRL
Russell 260 BOY
Lily 260 GIRL
Lane 261 BOY
Priscilla 261 GIRL
Micheal 262 BOY
Kyra 262 GIRL
Nickolas 263 BOY
Madeleine 263 GIRL
Israel 264 BOY
Delaney 264 GIRL
Arturo 265 BOY
Felicia 265 GIRL
Rodney 266 BOY
Alexia 266 GIRL
Joe 267 BOY
Alissa 267 GIRL
Lance 268 BOY
Marina 268 GIRL
Deandre 269 BOY
Cecilia 269 GIRL
Kody 270 BOY
Teresa 270 GIRL
Ross 271 BOY
Tia 271 GIRL
Walter 272 BOY
Colleen 272 GIRL
Alfredo 273 BOY
Dakota 273 GIRL
Lorenzo 274 BOY
Lacey 274 GIRL
Carson 275 BOY
Carolina 275 GIRL
Arthur 276 BOY
Shayla 276 GIRL
Braden 277 BOY
Adrianna 277 GIRL
Owen 278 BOY
Sadie 278 GIRL
Damon 279 BOY
Raquel 279 GIRL
Ramon 280 BOY
Mikaela 280 GIRL
Griffin 281 BOY
Kylee 281 GIRL
Jamal 282 BOY
Genesis 282 GIRL
Dante 283 BOY
Kelsie 283 GIRL
Quentin 284 BOY
Payton 284 GIRL
Roger 285 BOY
Jenny 285 GIRL
Billy 286 BOY
Brooklyn 286 GIRL
Jay 287 BOY
Tamara 287 GIRL
Branden 288 BOY
Kyla 288 GIRL
Bobby 289 BOY
Miriam 289 GIRL
Dominick 290 BOY
Heidi 290 GIRL
Zane 291 BOY
Rosa 291 GIRL
Elias 292 BOY
Annie 292 GIRL
Brenden 293 BOY
Virginia 293 GIRL
Theodore 294 BOY
Linda 294 GIRL
Marquis 295 BOY
Ruby 295 GIRL
Gustavo 296 BOY
Jessie 296 GIRL
Brennan 297 BOY
Wendy 297 GIRL
Todd 298 BOY
Renee 298 GIRL
Brock 299 BOY
Susan 299 GIRL
Jessie 300 BOY
Camille 300 GIRL
Johnathon 301 BOY
Elena 301 GIRL
Quinton 302 BOY
Charlotte 302 GIRL
Salvador 303 BOY
Jaclyn 303 GIRL
Saul 304 BOY
Tiana 304 GIRL
Drake 305 BOY
Elise 305 GIRL
Tommy 306 BOY
Makenzie 306 GIRL
Marvin 307 BOY
Cheyanne 307 GIRL
Bryant 308 BOY
Gloria 308 GIRL
Eli 309 BOY
Serena 309 GIRL
Marshall 310 BOY
Angelina 310 GIRL
Kyler 311 BOY
Jacquelyn 311 GIRL
Dean 312 BOY
Destinee 312 GIRL
Damien 313 BOY
Helen 313 GIRL
Malcolm 314 BOY
Vivian 314 GIRL
Jon 315 BOY
Ashton 315 GIRL
Zackery 316 BOY
Mayra 316 GIRL
Miles 317 BOY
Theresa 317 GIRL
Conor 318 BOY
Callie 318 GIRL
Eddie 319 BOY
Carrie 319 GIRL
Justice 320 BOY
Esther 320 GIRL
Randall 321 BOY
Carmen 321 GIRL
Gerald 322 BOY
Madelyn 322 GIRL
Reginald 323 BOY
Martha 323 GIRL
Maurice 324 BOY
Justice 324 GIRL
Frederick 325 BOY
Cara 325 GIRL
Tucker 326 BOY
Sharon 326 GIRL
Ashton 327 BOY
Anastasia 327 GIRL
Fabian 328 BOY
Skylar 328 GIRL
Willie 329 BOY
Sophie 329 GIRL
Keegan 330 BOY
Valeria 330 GIRL
Pablo 331 BOY
Baylee 331 GIRL
Quinn 332 BOY
Kali 332 GIRL
Angelo 333 BOY
Tyler 333 GIRL
Ernesto 334 BOY
Julianna 334 GIRL
Ismael 335 BOY
Aaliyah 335 GIRL
Peyton 336 BOY
Sidney 336 GIRL
Emilio 337 BOY
Natalia 337 GIRL
Demetrius 338 BOY
Janet 338 GIRL
Esteban 339 BOY
Juliana 339 GIRL
Terrance 340 BOY
Josie 340 GIRL
Triston 341 BOY
Pamela 341 GIRL
Simon 342 BOY
Toni 342 GIRL
Lee 343 BOY
Liliana 343 GIRL
Kameron 344 BOY
Kate 344 GIRL
Dominique 345 BOY
Marie 345 GIRL
Roy 346 BOY
Ebony 346 GIRL
Zachariah 347 BOY
Lorena 347 GIRL
Khalil 348 BOY
Eva 348 GIRL
Brendon 349 BOY
Kelli 349 GIRL
Franklin 350 BOY
Emilee 350 GIRL
Bryson 351 BOY
Ruth 351 GIRL
Emanuel 352 BOY
Kierra 352 GIRL
Guillermo 353 BOY
Francesca 353 GIRL
Jamie 354 BOY
Hunter 354 GIRL
Tyrone 355 BOY
Nichole 355 GIRL
Devonte 356 BOY
Nadia 356 GIRL
Devante 357 BOY
Tatyana 357 GIRL
Kelvin 358 BOY
Haylee 358 GIRL
Kendall 359 BOY
Esmeralda 359 GIRL
Trevon 360 BOY
Carla 360 GIRL
Terrell 361 BOY
Sofia 361 GIRL
Cooper 362 BOY
Candace 362 GIRL
Roman 363 BOY
Bryanna 363 GIRL
Bruce 364 BOY
Tierra 364 GIRL
Isiah 365 BOY
Kaitlynn 365 GIRL
Myles 366 BOY
Macy 366 GIRL
Orlando 367 BOY
Elisabeth 367 GIRL
Rene 368 BOY
Harley 368 GIRL
Steve 369 BOY
Kailey 369 GIRL
Clay 370 BOY
Isabelle 370 GIRL
Shaun 371 BOY
Josephine 371 GIRL
Jarrett 372 BOY
Kira 372 GIRL
Skylar 373 BOY
Carissa 373 GIRL
Tristin 374 BOY
Christian 374 GIRL
Desmond 375 BOY
Robin 375 GIRL
Terrence 376 BOY
Carley 376 GIRL
Nelson 377 BOY
Paola 377 GIRL
Rodrigo 378 BOY
Precious 378 GIRL
Weston 379 BOY
Rose 379 GIRL
Felix 380 BOY
Sasha 380 GIRL
Jakob 381 BOY
Breana 381 GIRL
Lukas 382 BOY
Britney 382 GIRL
Darrell 383 BOY
Tayler 383 GIRL
Kristian 384 BOY
Alaina 384 GIRL
Oliver 385 BOY
Nikki 385 GIRL
Francis 386 BOY
Janelle 386 GIRL
Abel 387 BOY
Kellie 387 GIRL
Brayden 388 BOY
Haleigh 388 GIRL
Dangelo 389 BOY
Bria 389 GIRL
Harley 390 BOY
Aimee 390 GIRL
Ronnie 391 BOY
Aliyah 391 GIRL
Wayne 392 BOY
Taryn 392 GIRL
Jerome 393 BOY
Devin 393 GIRL
Nikolas 394 BOY
India 394 GIRL
Brody 395 BOY
Antonia 395 GIRL
Keenan 396 BOY
Alyson 396 GIRL
Braxton 397 BOY
Ann 397 GIRL
Wade 398 BOY
Brianne 398 GIRL
Cedric 399 BOY
Melody 399 GIRL
Melvin 400 BOY
Clara 400 GIRL
Grayson 401 BOY
Gianna 401 GIRL
Leonardo 402 BOY
Barbara 402 GIRL
Moises 403 BOY
Cassie 403 GIRL
Graham 404 BOY
Devon 404 GIRL
Neil 405 BOY
Ivy 405 GIRL
Payton 406 BOY
Lucy 406 GIRL
Kendrick 407 BOY
Jane 407 GIRL
Kenny 408 BOY
Larissa 408 GIRL
Davis 409 BOY
Sonia 409 GIRL
Byron 410 BOY
Deborah 410 GIRL
Deion 411 BOY
Kayleigh 411 GIRL
Dale 412 BOY
Noelle 412 GIRL
Tyrell 413 BOY
Mariana 413 GIRL
Chris 414 BOY
Regina 414 GIRL
Rodolfo 415 BOY
Candice 415 GIRL
Leonard 416 BOY
Marilyn 416 GIRL
Javon 417 BOY
Carina 417 GIRL
Marquise 418 BOY
Irene 418 GIRL
Corbin 419 BOY
Arielle 419 GIRL
Darian 420 BOY
Stacy 420 GIRL
Devan 421 BOY
Tyra 421 GIRL
Reed 422 BOY
Karissa 422 GIRL
Austen 423 BOY
Nicolette 423 GIRL
Ali 424 BOY
Kiersten 424 GIRL
Beau 425 BOY
Kenya 425 GIRL
Stanley 426 BOY
Tania 426 GIRL
Jermaine 427 BOY
Kaila 427 GIRL
Warren 428 BOY
Yasmine 428 GIRL
Keaton 429 BOY
Kourtney 429 GIRL
Sam 430 BOY
Alice 430 GIRL
Darryl 431 BOY
Lesley 431 GIRL
Hugo 432 BOY
Shayna 432 GIRL
Jordon 433 BOY
Johanna 433 GIRL
Tevin 434 BOY
Daniella 434 GIRL
Dane 435 BOY
Kassidy 435 GIRL
Donte 436 BOY
Joy 436 GIRL
Noel 437 BOY
Stacey 437 GIRL
Ernest 438 BOY
Allie 438 GIRL
Tomas 439 BOY
Adrienne 439 GIRL
Harold 440 BOY
Tiffani 440 GIRL
Daquan 441 BOY
Tina 441 GIRL
Alfonso 442 BOY
Elisa 442 GIRL
Reid 443 BOY
Simone 443 GIRL
Duncan 444 BOY
Yasmin 444 GIRL
Tyson 445 BOY
Tanya 445 GIRL
Walker 446 BOY
Reagan 446 GIRL
Felipe 447 BOY
Nia 447 GIRL
Karl 448 BOY
Alma 448 GIRL
Jaquan 449 BOY
Lexus 449 GIRL
Eugene 450 BOY
Micaela 450 GIRL
Alvin 451 BOY
Nora 451 GIRL
Ramiro 452 BOY
Abbey 452 GIRL
Deshawn 453 BOY
Mckayla 453 GIRL
Jayson 454 BOY
Paula 454 GIRL
Glenn 455 BOY
Angelique 455 GIRL
Harry 456 BOY
Talia 456 GIRL
Kurt 457 BOY
Sylvia 457 GIRL
Leon 458 BOY
Leticia 458 GIRL
Dwayne 459 BOY
Chasity 459 GIRL
Gilberto 460 BOY
Christy 460 GIRL
Joey 461 BOY
Frances 461 GIRL
Sterling 462 BOY
Alanna 462 GIRL
Ariel 463 BOY
Cristal 463 GIRL
Davon 464 BOY
Kari 464 GIRL
Gilbert 465 BOY
Eliza 465 GIRL
Jace 466 BOY
Melinda 466 GIRL
Tylor 467 BOY
Ciera 467 GIRL
Jarred 468 BOY
Shawna 468 GIRL
Mackenzie 469 BOY
Skyler 469 GIRL
Marlon 470 BOY
Elaine 470 GIRL
Rogelio 471 BOY
Tianna 471 GIRL
Denzel 472 BOY
Maritza 472 GIRL
Nathanael 473 BOY
Kelsi 473 GIRL
Tyree 474 BOY
Chelsie 474 GIRL
Sheldon 475 BOY
Emilie 475 GIRL
Charlie 476 BOY
Marlene 476 GIRL
Elliot 477 BOY
Robyn 477 GIRL
Rudy 478 BOY
Hailee 478 GIRL
Garret 479 BOY
Bailee 479 GIRL
Stefan 480 BOY
Kaley 480 GIRL
Allan 481 BOY
Jaime 481 GIRL
Leo 482 BOY
Kaleigh 482 GIRL
Raekwon 483 BOY
Kaylin 483 GIRL
Ray 484 BOY
Viviana 484 GIRL
Noe 485 BOY
Chandler 485 GIRL
Damion 486 BOY
Avery 486 GIRL
Quincy 487 BOY
Charity 487 GIRL
Mauricio 488 BOY
Moriah 488 GIRL
Juwan 489 BOY
Regan 489 GIRL
Deangelo 490 BOY
Thalia 490 GIRL
Deonte 491 BOY
Carlie 491 GIRL
Forrest 492 BOY
Eleanor 492 GIRL
Cade 493 BOY
Kaylie 493 GIRL
Lewis 494 BOY
Kristy 494 GIRL
Jaylen 495 BOY
Perla 495 GIRL
Alfred 496 BOY
Kiera 496 GIRL
Maximilian 497 BOY
Tamia 497 GIRL
Osvaldo 498 BOY
Darian 498 GIRL
Brad 499 BOY
Hallie 499 GIRL
Colten 500 BOY
Kristine 500 GIRL
Elliott 501 BOY
Randi 501 GIRL
Rashad 502 BOY
Maribel 502 GIRL
Geoffrey 503 BOY
Yvette 503 GIRL
Ralph 504 BOY
Christa 504 GIRL
Malachi 505 BOY
Janae 505 GIRL
Blaine 506 BOY
Chantel 506 GIRL
Darnell 507 BOY
Shaina 507 GIRL
Santiago 508 BOY
Judith 508 GIRL
Alonzo 509 BOY
Cortney 509 GIRL
Julius 510 BOY
Shyanne 510 GIRL
Demarcus 511 BOY
Margarita 511 GIRL
Adan 512 BOY
Paulina 512 GIRL
Deon 513 BOY
Ashlynn 513 GIRL
Mohammad 514 BOY
Genevieve 514 GIRL
Uriel 515 BOY
Jocelyne 515 GIRL
Clinton 516 BOY
Tracy 516 GIRL
Dorian 517 BOY
Cameron 517 GIRL
Cullen 518 BOY
Keely 518 GIRL
Jaden 519 BOY
Blanca 519 GIRL
Ahmad 520 BOY
Iris 520 GIRL
Ezekiel 521 BOY
Jeanette 521 GIRL
Issac 522 BOY
Meaghan 522 GIRL
Rolando 523 BOY
Lizbeth 523 GIRL
Nigel 524 BOY
Desirae 524 GIRL
Sawyer 525 BOY
Leanna 525 GIRL
Wilson 526 BOY
Clare 526 GIRL
Efrain 527 BOY
Halie 527 GIRL
Clarence 528 BOY
Kathy 528 GIRL
Sidney 529 BOY
Yvonne 529 GIRL
Kaden 530 BOY
Maddison 530 GIRL
Jarrod 531 BOY
Makenna 531 GIRL
Stephan 532 BOY
Madalyn 532 GIRL
Moses 533 BOY
Stephany 533 GIRL
Mike 534 BOY
Rachelle 534 GIRL
Roderick 535 BOY
Cayla 535 GIRL
Amir 536 BOY
Dallas 536 GIRL
Dandre 537 BOY
Julianne 537 GIRL
Solomon 538 BOY
Brittani 538 GIRL
Clifford 539 BOY
Paris 539 GIRL
Deven 540 BOY
Ericka 540 GIRL
Kurtis 541 BOY
Katharine 541 GIRL
Quintin 542 BOY
Phoebe 542 GIRL
Humberto 543 BOY
Darby 543 GIRL
Addison 544 BOY
Essence 544 GIRL
Bret 545 BOY
Alexandrea 545 GIRL
Stephon 546 BOY
Katelin 546 GIRL
Coleman 547 BOY
Addison 547 GIRL
Darien 548 BOY
Lyric 548 GIRL
Gordon 549 BOY
Moesha 549 GIRL
Toby 550 BOY
Maranda 550 GIRL
Kelly 551 BOY
Mollie 551 GIRL
Barry 552 BOY
Fatima 552 GIRL
Gunnar 553 BOY
Jayla 553 GIRL
Kade 554 BOY
Donna 554 GIRL
Kolton 555 BOY
Tanisha 555 GIRL
Ezra 556 BOY
Kaylyn 556 GIRL
Kory 557 BOY
Rosemary 557 GIRL
Antoine 558 BOY
Susana 558 GIRL
Kasey 559 BOY
Alina 559 GIRL
Dion 560 BOY
Chanel 560 GIRL
Ezequiel 561 BOY
Alisa 561 GIRL
Leonel 562 BOY
Lena 562 GIRL
Derick 563 BOY
Savanah 563 GIRL
Stuart 564 BOY
Aisha 564 GIRL
Bennett 565 BOY
Carol 565 GIRL
Bernard 566 BOY
Kacie 566 GIRL
Holden 567 BOY
Tess 567 GIRL
Mitchel 568 BOY
Lea 568 GIRL
Freddy 569 BOY
Edith 569 GIRL
Jonas 570 BOY
Lexi 570 GIRL
Earl 571 BOY
Breanne 571 GIRL
Ahmed 572 BOY
Casandra 572 GIRL
Brenton 573 BOY
Sandy 573 GIRL
Dashawn 574 BOY
Kristi 574 GIRL
Aron 575 BOY
Kiley 575 GIRL
Alvaro 576 BOY
Lucia 576 GIRL
Shannon 577 BOY
Bridgette 577 GIRL
Roland 578 BOY
Shantel 578 GIRL
Vicente 579 BOY
Michele 579 GIRL
Ben 580 BOY
Jaqueline 580 GIRL
Sage 581 BOY
Skye 581 GIRL
Mohammed 582 BOY
Anita 582 GIRL
Perry 583 BOY
Georgia 583 GIRL
Pierce 584 BOY
Diane 584 GIRL
Dexter 585 BOY
Mara 585 GIRL
Fredrick 586 BOY
Heaven 586 GIRL
Tate 587 BOY
Corinne 587 GIRL
Markus 588 BOY
Noemi 588 GIRL
Howard 589 BOY
Sarai 589 GIRL
Shelby 590 BOY
Bonnie 590 GIRL
Joaquin 591 BOY
Tristan 591 GIRL
Tristian 592 BOY
Estefania 592 GIRL
Jarvis 593 BOY
Lyndsey 593 GIRL
Kirk 594 BOY
Reyna 594 GIRL
Cordell 595 BOY
Araceli 595 GIRL
Kareem 596 BOY
Karly 596 GIRL
Anfernee 597 BOY
Beatriz 597 GIRL
Leroy 598 BOY
Nathalie 598 GIRL
Kai 599 BOY
Ryan 599 GIRL
Brice 600 BOY
Ella 600 GIRL
Chaz 601 BOY
Jacklyn 601 GIRL
Salvatore 602 BOY
Stefanie 602 GIRL
Jaylon 603 BOY
Gillian 603 GIRL
Korey 604 BOY
Rylee 604 GIRL
Lamar 605 BOY
Sheila 605 GIRL
Jayden 606 BOY
Yolanda 606 GIRL
Shayne 607 BOY
Halle 607 GIRL
Irvin 608 BOY
Fiona 608 GIRL
Daryl 609 BOY
Selina 609 GIRL
Rhett 610 BOY
Ellie 610 GIRL
Clint 611 BOY
Laurel 611 GIRL
Isaias 612 BOY
Montana 612 GIRL
Agustin 613 BOY
Eileen 613 GIRL
Devyn 614 BOY
Karli 614 GIRL
Mohamed 615 BOY
Brielle 615 GIRL
Carlton 616 BOY
Destiney 616 GIRL
Darion 617 BOY
Karlee 617 GIRL
Everett 618 BOY
Katarina 618 GIRL
Keanu 619 BOY
Karlie 619 GIRL
Milton 620 BOY
Misty 620 GIRL
Travon 621 BOY
Kianna 621 GIRL
Will 622 BOY
Carli 622 GIRL
Dayton 623 BOY
Sally 623 GIRL
Kieran 624 BOY
Giselle 624 GIRL
Raheem 625 BOY
Kailee 625 GIRL
Marcel 626 BOY
Keisha 626 GIRL
Frankie 627 BOY
Alysha 627 GIRL
Nathanial 628 BOY
Micah 628 GIRL
Austyn 629 BOY
Aspen 629 GIRL
Tre 630 BOY
Celina 630 GIRL
Guadalupe 631 BOY
Alayna 631 GIRL
River 632 BOY
Aurora 632 GIRL
Caden 633 BOY
Emely 633 GIRL
Moshe 634 BOY
Lexie 634 GIRL
Houston 635 BOY
Elaina 635 GIRL
Dwight 636 BOY
Alex 636 GIRL
Baby 637 BOY
Shauna 637 GIRL
Madison 638 BOY
Dorothy 638 GIRL
Neal 639 BOY
Eden 639 GIRL
Jaron 640 BOY
Kelley 640 GIRL
Clark 641 BOY
Yadira 641 GIRL
Heath 642 BOY
Abbie 642 GIRL
Ulises 643 BOY
Angie 643 GIRL
Adolfo 644 BOY
Antoinette 644 GIRL
Octavio 645 BOY
Demi 645 GIRL
Darrius 646 BOY
Helena 646 GIRL
German 647 BOY
Shakira 647 GIRL
Norman 648 BOY
Lori 648 GIRL
Glen 649 BOY
Jill 649 GIRL
Hudson 650 BOY
Kaela 650 GIRL
Kent 651 BOY
Joyce 651 GIRL
Fred 652 BOY
Kelsea 652 GIRL
Reece 653 BOY
Shana 653 GIRL
Rigoberto 654 BOY
Shirley 654 GIRL
Brennen 655 BOY
Janice 655 GIRL
Raphael 656 BOY
Katlin 656 GIRL
Courtney 657 BOY
Zoey 657 GIRL
Kane 658 BOY
Destini 658 GIRL
Ignacio 659 BOY
Ayanna 659 GIRL
Jasper 660 BOY
Lauryn 660 GIRL
Shaquille 661 BOY
Sage 661 GIRL
Brooks 662 BOY
Celia 662 GIRL
Jamar 663 BOY
Tasha 663 GIRL
Jaylin 664 BOY
Shelbie 664 GIRL
Justus 665 BOY
Blair 665 GIRL
Winston 666 BOY
Suzanne 666 GIRL
Jamel 667 BOY
Annika 667 GIRL
Terence 668 BOY
Trisha 668 GIRL
Colt 669 BOY
Norma 669 GIRL
Vernon 670 BOY
Lesly 670 GIRL
Darrin 671 BOY
Roxanne 671 GIRL
Lonnie 672 BOY
Trinity 672 GIRL
Conrad 673 BOY
Rocio 673 GIRL
Kolby 674 BOY
Carlee 674 GIRL
Cornelius 675 BOY
Cora 675 GIRL
Quinten 676 BOY
Ali 676 GIRL
Reynaldo 677 BOY
Kasandra 677 GIRL
Rory 678 BOY
Ashlie 678 GIRL
Davonte 679 BOY
Luz 679 GIRL
Hakeem 680 BOY
Odalys 680 GIRL
Arnold 681 BOY
Rochelle 681 GIRL
Dequan 682 BOY
Dulce 682 GIRL
Jean 683 BOY
Fabiola 683 GIRL
Camden 684 BOY
Shelbi 684 GIRL
Estevan 685 BOY
Joselyn 685 GIRL
Darin 686 BOY
Shanice 686 GIRL
Davion 687 BOY
Dalia 687 GIRL
Dillan 688 BOY
Athena 688 GIRL
Nestor 689 BOY
Yessenia 689 GIRL
Marques 690 BOY
Juanita 690 GIRL
Zechariah 691 BOY
Ashanti 691 GIRL
Duane 692 BOY
Kerri 692 GIRL
Jefferson 693 BOY
Hillary 693 GIRL
Don 694 BOY
Brook 694 GIRL
Clifton 695 BOY
Christiana 695 GIRL
Jairo 696 BOY
Keri 696 GIRL
Elisha 697 BOY
Loren 697 GIRL
Mateo 698 BOY
Daisha 698 GIRL
Stone 699 BOY
Maura 699 GIRL
Tracy 700 BOY
Janessa 700 GIRL
Brandan 701 BOY
Itzel 701 GIRL
Devonta 702 BOY
Kirstin 702 GIRL
Marquez 703 BOY
Rita 703 GIRL
Ladarius 704 BOY
Aileen 704 GIRL
Keshawn 705 BOY
Jena 705 GIRL
Raymundo 706 BOY
Arlene 706 GIRL
Trever 707 BOY
Yamilex 707 GIRL
Layne 708 BOY
Aleah 708 GIRL
August 709 BOY
Breann 709 GIRL
Jameson 710 BOY
Kacey 710 GIRL
Lamont 711 BOY
Anissa 711 GIRL
Santos 712 BOY
Kaelyn 712 GIRL
Aldo 713 BOY
Rhiannon 713 GIRL
Keon 714 BOY
Sarina 714 GIRL
Cruz 715 BOY
Kailyn 715 GIRL
Jamison 716 BOY
Rebeca 716 GIRL
Kristofer 717 BOY
Annette 717 GIRL
Talon 718 BOY
Silvia 718 GIRL
Dontae 719 BOY
Mariela 719 GIRL
Anton 720 BOY
Kori 720 GIRL
Jarod 721 BOY
Gretchen 721 GIRL
Thaddeus 722 BOY
Jesse 722 GIRL
Elmer 723 BOY
Tristen 723 GIRL
Rick 724 BOY
Kerry 724 GIRL
Bernardo 725 BOY
Maegan 725 GIRL
Rickey 726 BOY
Sonya 726 GIRL
Bradford 727 BOY
Zaria 727 GIRL
Lloyd 728 BOY
Charlene 728 GIRL
Reuben 729 BOY
Esperanza 729 GIRL
Antwan 730 BOY
Mikala 730 GIRL
Coby 731 BOY
Allyssa 731 GIRL
Cortez 732 BOY
Drew 732 GIRL
Cyrus 733 BOY
Justina 733 GIRL
Junior 734 BOY
Melina 734 GIRL
Kahlil 735 BOY
Miracle 735 GIRL
Reese 736 BOY
Shanna 736 GIRL
Hassan 737 BOY
Shea 737 GIRL
Armani 738 BOY
Tamera 738 GIRL
Kellen 739 BOY
Ava 739 GIRL
Silas 740 BOY
Brionna 740 GIRL
Jimmie 741 BOY
Karley 741 GIRL
Aubrey 742 BOY
Sydnee 742 GIRL
Ibrahim 743 BOY
Cecelia 743 GIRL
Jaleel 744 BOY
Darlene 744 GIRL
Herbert 745 BOY
Macey 745 GIRL
Paris 746 BOY
Alysia 746 GIRL
Tobias 747 BOY
Mireya 747 GIRL
Trace 748 BOY
Alize 748 GIRL
Johnnie 749 BOY
Gwendolyn 749 GIRL
Infant 750 BOY
Jodi 750 GIRL
Cristopher 751 BOY
Sade 751 GIRL
Garrison 752 BOY
Berenice 752 GIRL
Gino 753 BOY
Bobbie 753 GIRL
Julien 754 BOY
Myranda 754 GIRL
Benito 755 BOY
Alycia 755 GIRL
Freddie 756 BOY
Ashly 756 GIRL
Brandyn 757 BOY
Iesha 757 GIRL
Darrion 758 BOY
Kristian 758 GIRL
Dawson 759 BOY
Xena 759 GIRL
Dusty 760 BOY
Abbigail 760 GIRL
Gerard 761 BOY
Corina 761 GIRL
Heriberto 762 BOY
Lucero 762 GIRL
Donavan 763 BOY
Macie 763 GIRL
Jovan 764 BOY
Dania 764 GIRL
Alonso 765 BOY
Dasia 765 GIRL
Dimitri 766 BOY
Gladys 766 GIRL
Guy 767 BOY
Lacy 767 GIRL
Hugh 768 BOY
Ashli 768 GIRL
Bo 769 BOY
Brooklynn 769 GIRL
Misael 770 BOY
Graciela 770 GIRL
Rashawn 771 BOY
Katy 771 GIRL
Arron 772 BOY
Katia 772 GIRL
Javonte 773 BOY
Breonna 773 GIRL
Muhammad 774 BOY
Celine 774 GIRL
Antony 775 BOY
Kalyn 775 GIRL
Asher 776 BOY
Shyann 776 GIRL
Montana 777 BOY
Lara 777 GIRL
Tavon 778 BOY
Lizette 778 GIRL
Dallin 779 BOY
Elissa 779 GIRL
Ellis 780 BOY
Malia 780 GIRL
Elvis 781 BOY
Nataly 781 GIRL
Keyshawn 782 BOY
Beverly 782 GIRL
Zakary 783 BOY
Jackie 783 GIRL
Coty 784 BOY
Julissa 784 GIRL
Jackie 785 BOY
Yasmeen 785 GIRL
Camron 786 BOY
Alessandra 786 GIRL
Orion 787 BOY
Jayme 787 GIRL
Codey 788 BOY
Unique 788 GIRL
Efren 789 BOY
Joanne 789 GIRL
Gonzalo 790 BOY
Kaci 790 GIRL
Ari 791 BOY
Mandy 791 GIRL
Justyn 792 BOY
Dawn 792 GIRL
Sammy 793 BOY
Christen 793 GIRL
Destin 794 BOY
Kayli 794 GIRL
Trystan 795 BOY
Khadijah 795 GIRL
Herman 796 BOY
Bryana 796 GIRL
Kerry 797 BOY
Kristyn 797 GIRL
Tyron 798 BOY
Leanne 798 GIRL
Kelton 799 BOY
Alena 799 GIRL
Rasheed 800 BOY
Connie 800 GIRL
Benny 801 BOY
Monika 801 GIRL
Deondre 802 BOY
Ingrid 802 GIRL
Deshaun 803 BOY
Kayley 803 GIRL
Donnie 804 BOY
Devyn 804 GIRL
Kevon 805 BOY
Patience 805 GIRL
Royce 806 BOY
Roxana 806 GIRL
Tariq 807 BOY
Devan 807 GIRL
Anderson 808 BOY
Daija 808 GIRL
Robin 809 BOY
Cheryl 809 GIRL
Dylon 810 BOY
Kaylynn 810 GIRL
Greyson 811 BOY
Anika 811 GIRL
Gunner 812 BOY
Carson 812 GIRL
Hernan 813 BOY
Mindy 813 GIRL
Jamarcus 814 BOY
Magdalena 814 GIRL
Jerrod 815 BOY
Hollie 815 GIRL
Ulysses 816 BOY
Scarlett 816 GIRL
Dillion 817 BOY
Sienna 817 GIRL
Fidel 818 BOY
Maricela 818 GIRL
Leslie 819 BOY
Ayana 819 GIRL
Tyquan 820 BOY
Dianna 820 GIRL
Aric 821 BOY
Mariam 821 GIRL
Broderick 822 BOY
Aja 822 GIRL
Josef 823 BOY
Maia 823 GIRL
Aiden 824 BOY
Chantal 824 GIRL
Jabari 825 BOY
Juliet 825 GIRL
Alexandro 826 BOY
Kenzie 826 GIRL
Braeden 827 BOY
Jennie 827 GIRL
Dan 828 BOY
Amani 828 GIRL
Khalid 829 BOY
Jenifer 829 GIRL
Adonis 830 BOY
Daja 830 GIRL
Grady 831 BOY
Kortney 831 GIRL
Maximillian 832 BOY
Noel 832 GIRL
Stewart 833 BOY
Chynna 833 GIRL
Turner 834 BOY
Daphne 834 GIRL
Dakotah 835 BOY
Bobbi 835 GIRL
Jade 836 BOY
Racheal 836 GIRL
Nick 837 BOY
Beth 837 GIRL
Gene 838 BOY
Haylie 838 GIRL
Kennedy 839 BOY
Alysa 839 GIRL
Mikel 840 BOY
Octavia 840 GIRL
Bradly 841 BOY
Vanesa 841 GIRL
Easton 842 BOY
Brandie 842 GIRL
Brayan 843 BOY
Constance 843 GIRL
Lester 844 BOY
Emerald 844 GIRL
Maverick 845 BOY
Judy 845 GIRL
Asa 846 BOY
Myra 846 GIRL
Bronson 847 BOY
Ayla 847 GIRL
Donnell 848 BOY
Maureen 848 GIRL
Josh 849 BOY
Sydni 849 GIRL
Garett 850 BOY
Sydnie 850 GIRL
Myron 851 BOY
Jana 851 GIRL
Draven 852 BOY
Joelle 852 GIRL
Pierre 853 BOY
Kala 853 GIRL
Remington 854 BOY
Kalie 854 GIRL
Tarik 855 BOY
Lilly 855 GIRL
Erich 856 BOY
Marley 856 GIRL
Gregorio 857 BOY
Stevie 857 GIRL
Vance 858 BOY
Catalina 858 GIRL
Axel 859 BOY
Tatianna 859 GIRL
Chaim 860 BOY
Janie 860 GIRL
Dana 861 BOY
Trista 861 GIRL
Demarco 862 BOY
Elyssa 862 GIRL
Emmett 863 BOY
Janette 863 GIRL
Mickey 864 BOY
Nadine 864 GIRL
Shamar 865 BOY
Terri 865 GIRL
Tyshawn 866 BOY
Alecia 866 GIRL
Jacoby 867 BOY
Cori 867 GIRL
Jamil 868 BOY
Gabriel 868 GIRL
Jorden 869 BOY
Marianna 869 GIRL
Keion 870 BOY
Debra 870 GIRL
Keven 871 BOY
Elsa 871 GIRL
Nico 872 BOY
Hali 872 GIRL
Dewayne 873 BOY
Shianne 873 GIRL
Jim 874 BOY
Tammy 874 GIRL
Marcelo 875 BOY
Kia 875 GIRL
Seamus 876 BOY
Nayeli 876 GIRL
Titus 877 BOY
Damaris 877 GIRL
Abram 878 BOY
Dayna 878 GIRL
Raquan 879 BOY
Elisha 879 GIRL
Rohan 880 BOY
Emilia 880 GIRL
Jeff 881 BOY
Mattie 881 GIRL
Kole 882 BOY
Stacie 882 GIRL
Shea 883 BOY
Tabatha 883 GIRL
Cecil 884 BOY
Chase 884 GIRL
Carlo 885 BOY
Eliana 885 GIRL
Codie 886 BOY
Jessika 886 GIRL
Jair 887 BOY
Martina 887 GIRL
Sonny 888 BOY
Amari 888 GIRL
Irving 889 BOY
Annamarie 889 GIRL
Loren 890 BOY
Asha 890 GIRL
Ryne 891 BOY
Hana 891 GIRL
Braydon 892 BOY
Juliette 892 GIRL
Davin 893 BOY
Tonya 893 GIRL
Auston 894 BOY
Audra 894 GIRL
Darrian 895 BOY
Juana 895 GIRL
Jessy 896 BOY
Kallie 896 GIRL
Lincoln 897 BOY
Susanna 897 GIRL
Tayler 898 BOY
Baby 898 GIRL
Isai 899 BOY
Leigh 899 GIRL
Simeon 900 BOY
Reina 900 GIRL
Niko 901 BOY
Domonique 901 GIRL
Akeem 902 BOY
Isis 902 GIRL
Denver 903 BOY
Christie 903 GIRL
Ervin 904 BOY
Madisen 904 GIRL
Luciano 905 BOY
Marisela 905 GIRL
Shemar 906 BOY
Shelly 906 GIRL
Valentin 907 BOY
Elyse 907 GIRL
Andreas 908 BOY
Katlynn 908 GIRL
Barrett 909 BOY
Kaycee 909 GIRL
Eliseo 910 BOY
Kinsey 910 GIRL
Killian 911 BOY
Odalis 911 GIRL
Jess 912 BOY
Adrian 912 GIRL
Leland 913 BOY
Beatrice 913 GIRL
Alden 914 BOY
Brittni 914 GIRL
Cale 915 BOY
Kendal 915 GIRL
Erin 916 BOY
Layla 916 GIRL
Galen 917 BOY
Stormy 917 GIRL
Jonatan 918 BOY
Aubree 918 GIRL
Reilly 919 BOY
Betty 919 GIRL
Cedrick 920 BOY
Jazmyn 920 GIRL
Najee 921 BOY
Kenia 921 GIRL
Rocky 922 BOY
Kaylah 922 GIRL
Romello 923 BOY
Princess 923 GIRL
Brennon 924 BOY
Annabelle 924 GIRL
Dejuan 925 BOY
Chaya 925 GIRL
Domenic 926 BOY
Cydney 926 GIRL
Ishmael 927 BOY
Marlena 927 GIRL
Devontae 928 BOY
Krysta 928 GIRL
Kelsey 929 BOY
Sarahi 929 GIRL
Reagan 930 BOY
Yajaira 930 GIRL
Vaughn 931 BOY
Dina 931 GIRL
Dakoda 932 BOY
Leilani 932 GIRL
Dionte 933 BOY
Lynn 933 GIRL
Jayce 934 BOY
Alia 934 GIRL
Jude 935 BOY
Denisse 935 GIRL
Kenton 936 BOY
Jalisa 936 GIRL
Markel 937 BOY
Jami 937 GIRL
Rex 938 BOY
Marlee 938 GIRL
Eddy 939 BOY
Haven 939 GIRL
Edgardo 940 BOY
Katerina 940 GIRL
Jacques 941 BOY
Liana 941 GIRL
Augustus 942 BOY
Cinthia 942 GIRL
Eliezer 943 BOY
Terra 943 GIRL
Menachem 944 BOY
Viridiana 944 GIRL
Rico 945 BOY
Jailene 945 GIRL
Spenser 946 BOY
Jazlyn 946 GIRL
Abdul 947 BOY
Kyleigh 947 GIRL
Alton 948 BOY
Tatum 948 GIRL
Armand 949 BOY
Valentina 949 GIRL
Cristobal 950 BOY
Alyssia 950 GIRL
Shaquan 951 BOY
Anjelica 951 GIRL
Storm 952 BOY
Billie 952 GIRL
Alek 953 BOY
Chyna 953 GIRL
Jamaal 954 BOY
Estefany 954 GIRL
Justen 955 BOY
Ivette 955 GIRL
Ted 956 BOY
Sheridan 956 GIRL
Brant 957 BOY
Ansley 957 GIRL
Cain 958 BOY
Madyson 958 GIRL
Clyde 959 BOY
Paloma 959 GIRL
Dario 960 BOY
Rikki 960 GIRL
Floyd 961 BOY
Alesha 961 GIRL
Harvey 962 BOY
Eboni 962 GIRL
Jaylan 963 BOY
Jaycie 963 GIRL
Syed 964 BOY
Giovanna 964 GIRL
Nasir 965 BOY
Jacey 965 GIRL
Trayvon 966 BOY
Lexis 966 GIRL
Alexandre 967 BOY
Lacie 967 GIRL
Bryon 968 BOY
Olga 968 GIRL
Francesco 969 BOY
Tracey 969 GIRL
Kirby 970 BOY
Tyesha 970 GIRL
Shelton 971 BOY
Belinda 971 GIRL
Lionel 972 BOY
Yazmin 972 GIRL
Romeo 973 BOY
Eryn 973 GIRL
Abdullah 974 BOY
Astrid 974 GIRL
Dalvin 975 BOY
Caitlynn 975 GIRL
Teddy 976 BOY
Daijah 976 GIRL
Blaise 977 BOY
Jasmyn 977 GIRL
Edmund 978 BOY
Christin 978 GIRL
Jody 979 BOY
Infant 979 GIRL
Lazaro 980 BOY
Joslyn 980 GIRL
Randolph 981 BOY
Quinn 981 GIRL
Amos 982 BOY
Dejah 982 GIRL
Chadwick 983 BOY
Fernanda 983 GIRL
Daron 984 BOY
Maxine 984 GIRL
Dominik 985 BOY
Janay 985 GIRL
Dyllan 986 BOY
Pauline 986 GIRL
Emerson 987 BOY
Yaritza 987 GIRL
Sydney 988 BOY
Jessi 988 GIRL
Waylon 989 BOY
Leeann 989 GIRL
Giancarlo 990 BOY
Melisa 990 GIRL
Keagan 991 BOY
Blake 991 GIRL
Kendal 992 BOY
China 992 GIRL
Kordell 993 BOY
Luisa 993 GIRL
Montel 994 BOY
Rayna 994 GIRL
Pete 995 BOY
Alivia 995 GIRL
Rodrick 996 BOY
Griselda 996 GIRL
Tom 997 BOY
Kimberley 997 GIRL
Branson 998 BOY
Leann 998 GIRL
Bruno 999 BOY
Jaden 999 GIRL
Deonta 1000 BOY
Kimberlee 1000 GIRL