1990
Michael 1 BOY
Jessica 1 GIRL
Christopher 2 BOY
Ashley 2 GIRL
Matthew 3 BOY
Brittany 3 GIRL
Joshua 4 BOY
Amanda 4 GIRL
Daniel 5 BOY
Samantha 5 GIRL
David 6 BOY
Sarah 6 GIRL
Andrew 7 BOY
Stephanie 7 GIRL
James 8 BOY
Jennifer 8 GIRL
Justin 9 BOY
Elizabeth 9 GIRL
Joseph 10 BOY
Lauren 10 GIRL
Ryan 11 BOY
Megan 11 GIRL
John 12 BOY
Emily 12 GIRL
Robert 13 BOY
Nicole 13 GIRL
Nicholas 14 BOY
Kayla 14 GIRL
Anthony 15 BOY
Amber 15 GIRL
William 16 BOY
Rachel 16 GIRL
Jonathan 17 BOY
Courtney 17 GIRL
Kyle 18 BOY
Danielle 18 GIRL
Brandon 19 BOY
Heather 19 GIRL
Jacob 20 BOY
Melissa 20 GIRL
Tyler 21 BOY
Rebecca 21 GIRL
Zachary 22 BOY
Michelle 22 GIRL
Kevin 23 BOY
Tiffany 23 GIRL
Eric 24 BOY
Chelsea 24 GIRL
Steven 25 BOY
Christina 25 GIRL
Thomas 26 BOY
Katherine 26 GIRL
Brian 27 BOY
Alyssa 27 GIRL
Alexander 28 BOY
Jasmine 28 GIRL
Jordan 29 BOY
Laura 29 GIRL
Timothy 30 BOY
Hannah 30 GIRL
Cody 31 BOY
Kimberly 31 GIRL
Adam 32 BOY
Kelsey 32 GIRL
Benjamin 33 BOY
Victoria 33 GIRL
Aaron 34 BOY
Sara 34 GIRL
Richard 35 BOY
Mary 35 GIRL
Patrick 36 BOY
Erica 36 GIRL
Sean 37 BOY
Alexandra 37 GIRL
Charles 38 BOY
Amy 38 GIRL
Stephen 39 BOY
Crystal 39 GIRL
Jeremy 40 BOY
Andrea 40 GIRL
Jose 41 BOY
Kelly 41 GIRL
Travis 42 BOY
Kristen 42 GIRL
Jeffrey 43 BOY
Erin 43 GIRL
Nathan 44 BOY
Brittney 44 GIRL
Samuel 45 BOY
Anna 45 GIRL
Mark 46 BOY
Taylor 46 GIRL
Jason 47 BOY
Maria 47 GIRL
Jesse 48 BOY
Allison 48 GIRL
Paul 49 BOY
Cassandra 49 GIRL
Dustin 50 BOY
Caitlin 50 GIRL
Gregory 51 BOY
Lindsey 51 GIRL
Kenneth 52 BOY
Angela 52 GIRL
Scott 53 BOY
Alicia 53 GIRL
Derek 54 BOY
Jamie 54 GIRL
Austin 55 BOY
Katie 55 GIRL
Corey 56 BOY
Vanessa 56 GIRL
Bryan 57 BOY
Kathryn 57 GIRL
Ethan 58 BOY
Morgan 58 GIRL
Alex 59 BOY
Jordan 59 GIRL
Christian 60 BOY
Whitney 60 GIRL
Juan 61 BOY
Brianna 61 GIRL
Cameron 62 BOY
Christine 62 GIRL
Jared 63 BOY
Natalie 63 GIRL
Taylor 64 BOY
Lisa 64 GIRL
Bradley 65 BOY
Kristin 65 GIRL
Luis 66 BOY
Alexis 66 GIRL
Cory 67 BOY
Jacqueline 67 GIRL
Edward 68 BOY
Shannon 68 GIRL
Shawn 69 BOY
Lindsay 69 GIRL
Ian 70 BOY
Brooke 70 GIRL
Evan 71 BOY
Catherine 71 GIRL
Marcus 72 BOY
Olivia 72 GIRL
Shane 73 BOY
April 73 GIRL
Peter 74 BOY
Erika 74 GIRL
Carlos 75 BOY
Katelyn 75 GIRL
Trevor 76 BOY
Monica 76 GIRL
Antonio 77 BOY
Kristina 77 GIRL
Vincent 78 BOY
Kaitlyn 78 GIRL
George 79 BOY
Paige 79 GIRL
Keith 80 BOY
Molly 80 GIRL
Phillip 81 BOY
Jenna 81 GIRL
Victor 82 BOY
Leah 82 GIRL
Dylan 83 BOY
Julia 83 GIRL
Brett 84 BOY
Bianca 84 GIRL
Chad 85 BOY
Tara 85 GIRL
Nathaniel 86 BOY
Melanie 86 GIRL
Donald 87 BOY
Marissa 87 GIRL
Caleb 88 BOY
Cynthia 88 GIRL
Casey 89 BOY
Holly 89 GIRL
Jesus 90 BOY
Abigail 90 GIRL
Blake 91 BOY
Meghan 91 GIRL
Raymond 92 BOY
Kathleen 92 GIRL
Mitchell 93 BOY
Julie 93 GIRL
Adrian 94 BOY
Ariel 94 GIRL
Joel 95 BOY
Alexandria 95 GIRL
Erik 96 BOY
Veronica 96 GIRL
Ronald 97 BOY
Patricia 97 GIRL
Devin 98 BOY
Gabrielle 98 GIRL
Garrett 99 BOY
Diana 99 GIRL
Gabriel 100 BOY
Shelby 100 GIRL
Miguel 101 BOY
Kaitlin 101 GIRL
Seth 102 BOY
Margaret 102 GIRL
Douglas 103 BOY
Brandi 103 GIRL
Logan 104 BOY
Krystal 104 GIRL
Spencer 105 BOY
Natasha 105 GIRL
Derrick 106 BOY
Casey 106 GIRL
Wesley 107 BOY
Bethany 107 GIRL
Johnathan 108 BOY
Haley 108 GIRL
Frank 109 BOY
Briana 109 GIRL
Chase 110 BOY
Kara 110 GIRL
Philip 111 BOY
Rachael 111 GIRL
Lucas 112 BOY
Miranda 112 GIRL
Martin 113 BOY
Breanna 113 GIRL
Gary 114 BOY
Dana 114 GIRL
Francisco 115 BOY
Leslie 115 GIRL
Craig 116 BOY
Caroline 116 GIRL
Jorge 117 BOY
Kendra 117 GIRL
Luke 118 BOY
Sabrina 118 GIRL
Mario 119 BOY
Angelica 119 GIRL
Curtis 120 BOY
Karen 120 GIRL
Ricardo 121 BOY
Felicia 121 GIRL
Colin 122 BOY
Jillian 122 GIRL
Julian 123 BOY
Brenda 123 GIRL
Jonathon 124 BOY
Ana 124 GIRL
Alan 125 BOY
Desiree 125 GIRL
Alejandro 126 BOY
Meagan 126 GIRL
Brent 127 BOY
Katrina 127 GIRL
Troy 128 BOY
Chelsey 128 GIRL
Dennis 129 BOY
Valerie 129 GIRL
Johnny 130 BOY
Emma 130 GIRL
Randy 131 BOY
Nancy 131 GIRL
Isaac 132 BOY
Monique 132 GIRL
Angel 133 BOY
Alison 133 GIRL
Manuel 134 BOY
Sandra 134 GIRL
Oscar 135 BOY
Alisha 135 GIRL
Jeffery 136 BOY
Britney 136 GIRL
Andre 137 BOY
Brandy 137 GIRL
Henry 138 BOY
Joanna 138 GIRL
Colton 139 BOY
Gina 139 GIRL
Jake 140 BOY
Grace 140 GIRL
Allen 141 BOY
Sierra 141 GIRL
Russell 142 BOY
Candace 142 GIRL
Edgar 143 BOY
Jaclyn 143 GIRL
Larry 144 BOY
Adriana 144 GIRL
Carl 145 BOY
Krista 145 GIRL
Tony 146 BOY
Alexa 146 GIRL
Jerry 147 BOY
Candice 147 GIRL
Mathew 148 BOY
Lacey 148 GIRL
Eduardo 149 BOY
Rebekah 149 GIRL
Roberto 150 BOY
Sydney 150 GIRL
Devon 151 BOY
Nichole 151 GIRL
Darius 152 BOY
Denise 152 GIRL
Clayton 153 BOY
Dominique 153 GIRL
Jeremiah 154 BOY
Ashlee 154 GIRL
Brendan 155 BOY
Anne 155 GIRL
Hector 156 BOY
Yesenia 156 GIRL
Javier 157 BOY
Kirsten 157 GIRL
Todd 158 BOY
Deanna 158 GIRL
Omar 159 BOY
Claire 159 GIRL
Drew 160 BOY
Colleen 160 GIRL
Sergio 161 BOY
Audrey 161 GIRL
Danny 162 BOY
Mallory 162 GIRL
Marc 163 BOY
Carly 163 GIRL
Terry 164 BOY
Tabitha 164 GIRL
Kristopher 165 BOY
Cristina 165 GIRL
Jack 166 BOY
Raven 166 GIRL
Albert 167 BOY
Priscilla 167 GIRL
Louis 168 BOY
Stacey 168 GIRL
Bryce 169 BOY
Carolyn 169 GIRL
Edwin 170 BOY
Carrie 170 GIRL
Jimmy 171 BOY
Kiara 171 GIRL
Max 172 BOY
Susan 172 GIRL
Calvin 173 BOY
Stacy 173 GIRL
Lawrence 174 BOY
Angel 174 GIRL
Micheal 175 BOY
Linda 175 GIRL
Ricky 176 BOY
Mercedes 176 GIRL
Ruben 177 BOY
Autumn 177 GIRL
Ivan 178 BOY
Ashleigh 178 GIRL
Fernando 179 BOY
Kylie 179 GIRL
Rodney 180 BOY
Teresa 180 GIRL
Lance 181 BOY
Kelli 181 GIRL
Levi 182 BOY
Gabriela 182 GIRL
Grant 183 BOY
Caitlyn 183 GIRL
Dillon 184 BOY
Renee 184 GIRL
Bobby 185 BOY
Cindy 185 GIRL
Xavier 186 BOY
Arielle 186 GIRL
Nicolas 187 BOY
Ebony 187 GIRL
Maxwell 188 BOY
Justine 188 GIRL
Dominic 189 BOY
Karina 189 GIRL
Ross 190 BOY
Meredith 190 GIRL
Walter 191 BOY
Bridget 191 GIRL
Randall 192 BOY
Hillary 192 GIRL
Dalton 193 BOY
Daisy 193 GIRL
Dakota 194 BOY
Amelia 194 GIRL
Julio 195 BOY
Mayra 195 GIRL
Arthur 196 BOY
Theresa 196 GIRL
Pedro 197 BOY
Madeline 197 GIRL
Preston 198 BOY
Sasha 198 GIRL
Cesar 199 BOY
Claudia 199 GIRL
Darren 200 BOY
Heidi 200 GIRL
Clinton 201 BOY
Robin 201 GIRL
Rafael 202 BOY
Destiny 202 GIRL
Andres 203 BOY
Madison 203 GIRL
Bryant 204 BOY
Savannah 204 GIRL
Maurice 205 BOY
Wendy 205 GIRL
Isaiah 206 BOY
Lydia 206 GIRL
Dominique 207 BOY
Melinda 207 GIRL
Mason 208 BOY
Ellen 208 GIRL
Roger 209 BOY
Tamara 209 GIRL
Raul 210 BOY
Barbara 210 GIRL
Gerald 211 BOY
Alejandra 211 GIRL
Joe 212 BOY
Chloe 212 GIRL
Lee 213 BOY
Marie 213 GIRL
Billy 214 BOY
Jenny 214 GIRL
Jaime 215 BOY
Virginia 215 GIRL
Jon 216 BOY
Kasey 216 GIRL
Jay 217 BOY
Carmen 217 GIRL
Emmanuel 218 BOY
Jade 218 GIRL
Hunter 219 BOY
Jocelyn 219 GIRL
Tanner 220 BOY
Evelyn 220 GIRL
Connor 221 BOY
Jacquelyn 221 GIRL
Willie 222 BOY
Abby 222 GIRL
Erick 223 BOY
Janet 223 GIRL
Shaun 224 BOY
Tracy 224 GIRL
Alberto 225 BOY
Cortney 225 GIRL
Marco 226 BOY
Bailey 226 GIRL
Jamie 227 BOY
Ariana 227 GIRL
Noah 228 BOY
Cassie 228 GIRL
Armando 229 BOY
Martha 229 GIRL
Reginald 230 BOY
Brittani 230 GIRL
Jessie 231 BOY
Jasmin 231 GIRL
Eddie 232 BOY
Hilary 232 GIRL
Theodore 233 BOY
Adrienne 233 GIRL
Zachery 234 BOY
Kaylee 234 GIRL
Terrance 235 BOY
Cara 235 GIRL
Roy 236 BOY
Allyson 236 GIRL
Marvin 237 BOY
Pamela 237 GIRL
Micah 238 BOY
Kristine 238 GIRL
Collin 239 BOY
Raquel 239 GIRL
Bruce 240 BOY
Tina 240 GIRL
Malcolm 241 BOY
Gloria 241 GIRL
Wayne 242 BOY
Rosa 242 GIRL
Elijah 243 BOY
Camille 243 GIRL
Colby 244 BOY
Michele 244 GIRL
Darrell 245 BOY
Tiara 245 GIRL
Abraham 246 BOY
Tasha 246 GIRL
Jamal 247 BOY
Mackenzie 247 GIRL
Cole 248 BOY
Kristy 248 GIRL
Geoffrey 249 BOY
Shawna 249 GIRL
Ramon 250 BOY
Sophia 250 GIRL
Johnathon 251 BOY
Ann 251 GIRL
Frederick 252 BOY
Tanya 252 GIRL
Trent 253 BOY
Latoya 253 GIRL
Gerardo 254 BOY
Jessie 254 GIRL
Darryl 255 BOY
Marisa 255 GIRL
Terrence 256 BOY
Kari 256 GIRL
Brock 257 BOY
Carissa 257 GIRL
Marquis 258 BOY
Janelle 258 GIRL
Arturo 259 BOY
Mariah 259 GIRL
Tyrone 260 BOY
Nina 260 GIRL
Neil 261 BOY
Angelina 261 GIRL
Ronnie 262 BOY
Deborah 262 GIRL
Enrique 263 BOY
Carla 263 GIRL
Jerome 264 BOY
Kellie 264 GIRL
Byron 265 BOY
Elise 265 GIRL
Trenton 266 BOY
Hope 266 GIRL
Steve 267 BOY
Hayley 267 GIRL
Nickolas 268 BOY
Cierra 268 GIRL
Miles 269 BOY
Kristi 269 GIRL
Tommy 270 BOY
Kate 270 GIRL
Alec 271 BOY
Summer 271 GIRL
Alfredo 272 BOY
Aimee 272 GIRL
Marcos 273 BOY
Chelsie 273 GIRL
Kurt 274 BOY
Sharon 274 GIRL
Andy 275 BOY
Toni 275 GIRL
Deandre 276 BOY
Alissa 276 GIRL
Morgan 277 BOY
Devon 277 GIRL
Melvin 278 BOY
Misty 278 GIRL
Harrison 279 BOY
Karla 279 GIRL
Marshall 280 BOY
Jeanette 280 GIRL
Nelson 281 BOY
Regina 281 GIRL
Terrell 282 BOY
Nikki 282 GIRL
Ernest 283 BOY
Tatiana 283 GIRL
Francis 284 BOY
Christy 284 GIRL
Dale 285 BOY
Miriam 285 GIRL
Dean 286 BOY
Esther 286 GIRL
Desmond 287 BOY
Charlotte 287 GIRL
Kelvin 288 BOY
Maggie 288 GIRL
Kendall 289 BOY
Stefanie 289 GIRL
Demetrius 290 BOY
Tessa 290 GIRL
Leonard 291 BOY
Ruby 291 GIRL
Josue 292 BOY
Gabriella 292 GIRL
Salvador 293 BOY
Hailey 293 GIRL
Gavin 294 BOY
Ciara 294 GIRL
Karl 295 BOY
Faith 295 GIRL
Glenn 296 BOY
Paula 296 GIRL
Quinton 297 BOY
Callie 297 GIRL
Franklin 298 BOY
Aubrey 298 GIRL
Donovan 299 BOY
Asia 299 GIRL
Branden 300 BOY
Naomi 300 GIRL
Skyler 301 BOY
Jazmine 301 GIRL
Nolan 302 BOY
Carolina 302 GIRL
Rene 303 BOY
Tia 303 GIRL
Kody 304 BOY
Jazmin 304 GIRL
Kaleb 305 BOY
Trisha 305 GIRL
Jermaine 306 BOY
Ruth 306 GIRL
Dwayne 307 BOY
Rose 307 GIRL
Diego 308 BOY
Kelley 308 GIRL
Lorenzo 309 BOY
Robyn 309 GIRL
Ernesto 310 BOY
Jaime 310 GIRL
Riley 311 BOY
Michaela 311 GIRL
Eugene 312 BOY
Kassandra 312 GIRL
Stanley 313 BOY
Karissa 313 GIRL
Orlando 314 BOY
Melody 314 GIRL
Brady 315 BOY
Sonia 315 GIRL
Chance 316 BOY
Devin 316 GIRL
Israel 317 BOY
Donna 317 GIRL
Jarrod 318 BOY
Brianne 318 GIRL
Jackson 319 BOY
Christian 319 GIRL
Sebastian 320 BOY
Helen 320 GIRL
Damon 321 BOY
Kelsie 321 GIRL
Damian 322 BOY
Clarissa 322 GIRL
Wade 323 BOY
Lori 323 GIRL
Harold 324 BOY
Marina 324 GIRL
Fabian 325 BOY
Adrianna 325 GIRL
Landon 326 BOY
Cecilia 326 GIRL
Zachariah 327 BOY
Shaniqua 327 GIRL
Ray 328 BOY
Guadalupe 328 GIRL
Giovanni 329 BOY
Jill 329 GIRL
Tristan 330 BOY
Cheyenne 330 GIRL
Alvin 331 BOY
Ashton 331 GIRL
Damien 332 BOY
Rachelle 332 GIRL
Zackary 333 BOY
Sylvia 333 GIRL
Alexis 334 BOY
Annie 334 GIRL
Angelo 335 BOY
Taryn 335 GIRL
Dane 336 BOY
Roxanne 336 GIRL
Beau 337 BOY
Shayla 337 GIRL
Quentin 338 BOY
Randi 338 GIRL
Kendrick 339 BOY
Isabel 339 GIRL
Warren 340 BOY
Leticia 340 GIRL
Gilbert 341 BOY
Mia 341 GIRL
Parker 342 BOY
Hanna 342 GIRL
Gustavo 343 BOY
Katlyn 343 GIRL
Stuart 344 BOY
Eva 344 GIRL
Trey 345 BOY
Jane 345 GIRL
Clifford 346 BOY
Simone 346 GIRL
Kirk 347 BOY
Alice 347 GIRL
Barry 348 BOY
Elisabeth 348 GIRL
Jordon 349 BOY
Shana 349 GIRL
Lamar 350 BOY
Carol 350 GIRL
Kelly 351 BOY
Frances 351 GIRL
Joey 352 BOY
Tierra 352 GIRL
Darnell 353 BOY
Elena 353 GIRL
Josiah 354 BOY
Antoinette 354 GIRL
Rashad 355 BOY
Lacy 355 GIRL
Courtney 356 BOY
Ericka 356 GIRL
Pablo 357 BOY
Brittni 357 GIRL
Elliott 358 BOY
Alyson 358 GIRL
Gage 359 BOY
Dawn 359 GIRL
Elias 360 BOY
Latasha 360 GIRL
Antoine 361 BOY
Yvette 361 GIRL
Brad 362 BOY
Chantel 362 GIRL
Eli 363 BOY
Diane 363 GIRL
Alfred 364 BOY
Shauna 364 GIRL
Ashton 365 BOY
Tonya 365 GIRL
Dante 366 BOY
Lillian 366 GIRL
Stefan 367 BOY
Meaghan 367 GIRL
Felix 368 BOY
Alana 368 GIRL
Elliot 369 BOY
Liliana 369 GIRL
Harry 370 BOY
Suzanne 370 GIRL
Oliver 371 BOY
Yvonne 371 GIRL
Emanuel 372 BOY
Christa 372 GIRL
Clarence 373 BOY
Chasity 373 GIRL
Roman 374 BOY
Johanna 374 GIRL
Clint 375 BOY
Joy 375 GIRL
Dexter 376 BOY
Kristie 376 GIRL
Cedric 377 BOY
Rochelle 377 GIRL
Hayden 378 BOY
Katelynn 378 GIRL
Simon 379 BOY
Sandy 379 GIRL
Jarrett 380 BOY
Bonnie 380 GIRL
Tevin 381 BOY
Daniela 381 GIRL
Allan 382 BOY
Anastasia 382 GIRL
Brennan 383 BOY
Lorena 383 GIRL
Abel 384 BOY
Lyndsey 384 GIRL
Ralph 385 BOY
Tanisha 385 GIRL
Kory 386 BOY
Alma 386 GIRL
Roderick 387 BOY
Irene 387 GIRL
Rudy 388 BOY
Keri 388 GIRL
Infant 389 BOY
Leanna 389 GIRL
Leon 390 BOY
Marlene 390 GIRL
Dallas 391 BOY
Yolanda 391 GIRL
Keenan 392 BOY
Beth 392 GIRL
Dominick 393 BOY
Maribel 393 GIRL
Noel 394 BOY
Charlene 394 GIRL
Sam 395 BOY
Nadia 395 GIRL
Guillermo 396 BOY
Keisha 396 GIRL
Graham 397 BOY
Blanca 397 GIRL
Weston 398 BOY
Celeste 398 GIRL
Lewis 399 BOY
Maya 399 GIRL
Blaine 400 BOY
Marisol 400 GIRL
Rodolfo 401 BOY
Katharine 401 GIRL
Julius 402 BOY
Kourtney 402 GIRL
Earl 403 BOY
Larissa 403 GIRL
Howard 404 BOY
Kendall 404 GIRL
Akeem 405 BOY
Anita 405 GIRL
Stephan 406 BOY
Corinne 406 GIRL
Tyson 407 BOY
Casandra 407 GIRL
Wyatt 408 BOY
Shaina 408 GIRL
Saul 409 BOY
Elaine 409 GIRL
Kurtis 410 BOY
Alysha 410 GIRL
Jarred 411 BOY
Arianna 411 GIRL
Derick 412 BOY
Shayna 412 GIRL
Ismael 413 BOY
Sheila 413 GIRL
Esteban 414 BOY
Kayleigh 414 GIRL
Hugo 415 BOY
Cheryl 415 GIRL
Leonardo 416 BOY
Tabatha 416 GIRL
Cristian 417 BOY
Iris 417 GIRL
Bret 418 BOY
Brenna 418 GIRL
Zackery 419 BOY
Chanel 419 GIRL
Forrest 420 BOY
Stacie 420 GIRL
Jamar 421 BOY
Elisa 421 GIRL
Charlie 422 BOY
Kylee 422 GIRL
Alfonso 423 BOY
Mindy 423 GIRL
Donte 424 BOY
Tiana 424 GIRL
Carlton 425 BOY
Esmeralda 425 GIRL
Corbin 426 BOY
Dorothy 426 GIRL
Felipe 427 BOY
Juliana 427 GIRL
Myles 428 BOY
Kyla 428 GIRL
Shannon 429 BOY
Diamond 429 GIRL
Bernard 430 BOY
Shanna 430 GIRL
Gilberto 431 BOY
Nora 431 GIRL
Kenny 432 BOY
Marilyn 432 GIRL
Isiah 433 BOY
Kierra 433 GIRL
Zane 434 BOY
Infant 434 GIRL
Jarvis 435 BOY
Kaila 435 GIRL
Korey 436 BOY
Christie 436 GIRL
Ty 437 BOY
Josephine 437 GIRL
Emilio 438 BOY
Kerri 438 GIRL
Rogelio 439 BOY
Staci 439 GIRL
Daryl 440 BOY
Bridgette 440 GIRL
Sheldon 441 BOY
Alaina 441 GIRL
Demarcus 442 BOY
Stephany 442 GIRL
Leroy 443 BOY
Ciera 443 GIRL
Clay 444 BOY
Julianne 444 GIRL
Denzel 445 BOY
Kali 445 GIRL
Dwight 446 BOY
Jalisa 446 GIRL
Coty 447 BOY
Kerry 447 GIRL
Chaz 448 BOY
Vivian 448 GIRL
Chris 449 BOY
Sally 449 GIRL
Tyrell 450 BOY
Tammy 450 GIRL
Brendon 451 BOY
Lucy 451 GIRL
Terence 452 BOY
Precious 452 GIRL
Owen 453 BOY
Debra 453 GIRL
Deangelo 454 BOY
Judith 454 GIRL
Perry 455 BOY
Sadie 455 GIRL
Carson 456 BOY
Tiffani 456 GIRL
Kasey 457 BOY
Kirstie 457 GIRL
Marlon 458 BOY
Charity 458 GIRL
Conor 459 BOY
Margarita 459 GIRL
Neal 460 BOY
Alisa 460 GIRL
Heath 461 BOY
Krystle 461 GIRL
Kameron 462 BOY
Mollie 462 GIRL
Sterling 463 BOY
Noelle 463 GIRL
Glen 464 BOY
Eileen 464 GIRL
Raphael 465 BOY
Francesca 465 GIRL
Skylar 466 BOY
Tori 466 GIRL
Moises 467 BOY
Mandy 467 GIRL
Fredrick 468 BOY
Cassidy 468 GIRL
Brenton 469 BOY
Leigh 469 GIRL
Norman 470 BOY
Sheena 470 GIRL
Gordon 471 BOY
Patrice 471 GIRL
Nikolas 472 BOY
Beatriz 472 GIRL
Clifton 473 BOY
Jodi 473 GIRL
Ali 474 BOY
Alanna 474 GIRL
Tucker 475 BOY
Traci 475 GIRL
Alonzo 476 BOY
Ashlie 476 GIRL
Leo 477 BOY
Janice 477 GIRL
Ramiro 478 BOY
Natalia 478 GIRL
Davon 479 BOY
Joyce 479 GIRL
Wilson 480 BOY
Jordyn 480 GIRL
Deshawn 481 BOY
Desirae 481 GIRL
Ariel 482 BOY
Abbey 482 GIRL
Kerry 483 BOY
Connie 483 GIRL
Shayne 484 BOY
Darlene 484 GIRL
Braden 485 BOY
Genevieve 485 GIRL
Chandler 486 BOY
Maritza 486 GIRL
Cornelius 487 BOY
Blair 487 GIRL
Kent 488 BOY
India 488 GIRL
Vernon 489 BOY
Tania 489 GIRL
Lloyd 490 BOY
Mckenzie 490 GIRL
Tomas 491 BOY
Britany 491 GIRL
Avery 492 BOY
Tracey 492 GIRL
Devan 493 BOY
Latisha 493 GIRL
Frankie 494 BOY
Norma 494 GIRL
Pierre 495 BOY
Kelsi 495 GIRL
Jaron 496 BOY
Tricia 496 GIRL
Rolando 497 BOY
Maureen 497 GIRL
Fred 498 BOY
Breanne 498 GIRL
Jayson 499 BOY
Shantel 499 GIRL
Keegan 500 BOY
Daniella 500 GIRL
Markus 501 BOY
Angelia 501 GIRL
Quincy 502 BOY
Janae 502 GIRL
Rickey 503 BOY
Kathy 503 GIRL
Quintin 504 BOY
Zoe 504 GIRL
Roland 505 BOY
Serena 505 GIRL
Garret 506 BOY
Constance 506 GIRL
Mike 507 BOY
Jaimie 507 GIRL
Lonnie 508 BOY
Mariana 508 GIRL
Darrin 509 BOY
Rosemary 509 GIRL
Rick 510 BOY
Shirley 510 GIRL
Rodrigo 511 BOY
Nicolette 511 GIRL
Humberto 512 BOY
Sonya 512 GIRL
Rory 513 BOY
Annette 513 GIRL
Ben 514 BOY
Katy 514 GIRL
Sidney 515 BOY
Loren 515 GIRL
Tracy 516 BOY
Lea 516 GIRL
Quinn 517 BOY
Kacie 517 GIRL
Brenden 518 BOY
Cristal 518 GIRL
Jamel 519 BOY
Jami 519 GIRL
Dorian 520 BOY
Kristyn 520 GIRL
Duane 521 BOY
Beverly 521 GIRL
Jean 522 BOY
Clara 522 GIRL
Nathanael 523 BOY
Jackie 523 GIRL
Mackenzie 524 BOY
Alycia 524 GIRL
Shelby 525 BOY
Ryan 525 GIRL
Dion 526 BOY
Elyse 526 GIRL
Gerard 527 BOY
Kira 527 GIRL
Lukas 528 BOY
Lena 528 GIRL
Brice 529 BOY
Juanita 529 GIRL
Darin 530 BOY
Gladys 530 GIRL
Herbert 531 BOY
Kaleigh 531 GIRL
Dana 532 BOY
Laurel 532 GIRL
Cortez 533 BOY
Isamar 533 GIRL
Antwan 534 BOY
Leanne 534 GIRL
Javon 535 BOY
Ashly 535 GIRL
Reynaldo 536 BOY
Justina 536 GIRL
Clark 537 BOY
Tyler 537 GIRL
Drake 538 BOY
Lara 538 GIRL
Efrain 539 BOY
Lesley 539 GIRL
Kadeem 540 BOY
Mara 540 GIRL
Noe 541 BOY
Jacklyn 541 GIRL
Freddy 542 BOY
Paris 542 GIRL
Kristofer 543 BOY
Kala 543 GIRL
Reid 544 BOY
Carina 544 GIRL
Donnie 545 BOY
Jana 545 GIRL
Tylor 546 BOY
Breana 546 GIRL
Mauricio 547 BOY
Rita 547 GIRL
Adan 548 BOY
Rocio 548 GIRL
Deon 549 BOY
Whitley 549 GIRL
Bryson 550 BOY
Cayla 550 GIRL
Carter 551 BOY
Brandie 551 GIRL
Jace 552 BOY
Chantal 552 GIRL
Don 553 BOY
Brittanie 553 GIRL
Jimmie 554 BOY
Terri 554 GIRL
Marquise 555 BOY
Susana 555 GIRL
Everett 556 BOY
Araceli 556 GIRL
Malik 557 BOY
Alexia 557 GIRL
Lane 558 BOY
Eliza 558 GIRL
Arnold 559 BOY
Ashlyn 559 GIRL
Marcel 560 BOY
Edith 560 GIRL
Johnnie 561 BOY
Joanne 561 GIRL
Ahmad 562 BOY
Jena 562 GIRL
Santiago 563 BOY
Skylar 563 GIRL
Tyree 564 BOY
Kirstin 564 GIRL
Guy 565 BOY
Shelly 565 GIRL
Milton 566 BOY
Kiera 566 GIRL
Salvatore 567 BOY
Katelin 567 GIRL
Jerrod 568 BOY
Aisha 568 GIRL
Darrius 569 BOY
Sade 569 GIRL
Kristian 570 BOY
Kyra 570 GIRL
Lamont 571 BOY
Paulina 571 GIRL
Mitchel 572 BOY
Tamika 572 GIRL
Nigel 573 BOY
Tess 573 GIRL
Freddie 574 BOY
Cecily 574 GIRL
Kareem 575 BOY
Judy 575 GIRL
Alvaro 576 BOY
Maegan 576 GIRL
Toby 577 BOY
Betty 577 GIRL
Jakob 578 BOY
Madeleine 578 GIRL
Bradford 579 BOY
Allie 579 GIRL
Blair 580 BOY
Lynn 580 GIRL
Thaddeus 581 BOY
Sherry 581 GIRL
Kwame 582 BOY
Lucia 582 GIRL
Reuben 583 BOY
Maricela 583 GIRL
Rico 584 BOY
Jennie 584 GIRL
Leslie 585 BOY
Lily 585 GIRL
Sammy 586 BOY
Angie 586 GIRL
Vicente 587 BOY
Lakeisha 587 GIRL
Moses 588 BOY
Emilee 588 GIRL
Will 589 BOY
Celia 589 GIRL
Harley 590 BOY
Genesis 590 GIRL
Stephon 591 BOY
Brittny 591 GIRL
Keaton 592 BOY
Noemi 592 GIRL
Stewart 593 BOY
Keshia 593 GIRL
Chadwick 594 BOY
Dianna 594 GIRL
Robin 595 BOY
Jayme 595 GIRL
Winston 596 BOY
Maranda 596 GIRL
Davis 597 BOY
Dakota 597 GIRL
Joaquin 598 BOY
Eleanor 598 GIRL
Ignacio 599 BOY
Savanna 599 GIRL
Aron 600 BOY
Jessika 600 GIRL
Griffin 601 BOY
Kaley 601 GIRL
Bo 602 BOY
Kailey 602 GIRL
Anton 603 BOY
Adrian 603 GIRL
Mohammad 604 BOY
Luz 604 GIRL
Liam 605 BOY
Rhonda 605 GIRL
Issac 606 BOY
Sophie 606 GIRL
Rusty 607 BOY
Talia 607 GIRL
Amir 608 BOY
Jerrica 608 GIRL
Leland 609 BOY
Hollie 609 GIRL
Baby 610 BOY
Logan 610 GIRL
Guadalupe 611 BOY
Britni 611 GIRL
Hakeem 612 BOY
Shante 612 GIRL
Irvin 613 BOY
Silvia 613 GIRL
Jasper 614 BOY
Kenya 614 GIRL
Deonte 615 BOY
Christin 615 GIRL
German 616 BOY
Emilie 616 GIRL
Leonel 617 BOY
Marisela 617 GIRL
Gene 618 BOY
Octavia 618 GIRL
Colten 619 BOY
Josie 619 GIRL
Nico 620 BOY
Kiersten 620 GIRL
Conrad 621 BOY
Kaci 621 GIRL
Jovan 622 BOY
Fatima 622 GIRL
Kyler 623 BOY
Jenifer 623 GIRL
Ryne 624 BOY
Belinda 624 GIRL
Ezekiel 625 BOY
Lizette 625 GIRL
Nestor 626 BOY
Gretchen 626 GIRL
Agustin 627 BOY
Katlin 627 GIRL
Conner 628 BOY
Kristian 628 GIRL
Jackie 629 BOY
Lizbeth 629 GIRL
Loren 630 BOY
Terra 630 GIRL
Darian 631 BOY
Angelique 631 GIRL
Lester 632 BOY
Ashely 632 GIRL
Lyle 633 BOY
Bryanna 633 GIRL
Jarod 634 BOY
Janette 634 GIRL
Bradly 635 BOY
Yadira 635 GIRL
Garrick 636 BOY
Perla 636 GIRL
Herman 637 BOY
Racheal 637 GIRL
Clyde 638 BOY
Bobbie 638 GIRL
Osvaldo 639 BOY
Danica 639 GIRL
Rigoberto 640 BOY
Dayna 640 GIRL
Floyd 641 BOY
Macy 641 GIRL
Ted 642 BOY
Lacie 642 GIRL
Dusty 643 BOY
Alysia 643 GIRL
Jeff 644 BOY
Maura 644 GIRL
Addison 645 BOY
Sofia 645 GIRL
Vance 646 BOY
Corina 646 GIRL
Dewayne 647 BOY
Elisha 647 GIRL
Khiry 648 BOY
Jesse 648 GIRL
Adolfo 649 BOY
Laurie 649 GIRL
Nathanial 650 BOY
Christen 650 GIRL
Sonny 651 BOY
Kacey 651 GIRL
Donnell 652 BOY
Stevie 652 GIRL
Jonah 653 BOY
Alexandrea 653 GIRL
Erin 654 BOY
Kaitlynn 654 GIRL
Reed 655 BOY
Jaleesa 655 GIRL
Ashley 656 BOY
Lorraine 656 GIRL
Rocky 657 BOY
Clare 657 GIRL
Kellen 658 BOY
Julianna 658 GIRL
Paris 659 BOY
Janine 659 GIRL
Dan 660 BOY
Nikita 660 GIRL
Jameson 661 BOY
Antonia 661 GIRL
Jamison 662 BOY
Nathalie 662 GIRL
Rex 663 BOY
Yessenia 663 GIRL
Cecil 664 BOY
Alina 664 GIRL
Lionel 665 BOY
Paola 665 GIRL
Tory 666 BOY
Kimberley 666 GIRL
Demario 667 BOY
Viviana 667 GIRL
Antwon 668 BOY
Janie 668 GIRL
Grayson 669 BOY
Devan 669 GIRL
Jamaal 670 BOY
Kasandra 670 GIRL
Nick 671 BOY
Corey 671 GIRL
Randolph 672 BOY
Rhiannon 672 GIRL
Arron 673 BOY
Audra 673 GIRL
Bennett 674 BOY
Janessa 674 GIRL
Damion 675 BOY
Cameron 675 GIRL
Chester 676 BOY
Kortney 676 GIRL
Jairo 677 BOY
Kaylyn 677 GIRL
Mohammed 678 BOY
Alecia 678 GIRL
Myron 679 BOY
Gwendolyn 679 GIRL
Wendell 680 BOY
Yasmin 680 GIRL
Brooks 681 BOY
Valeria 681 GIRL
Heriberto 682 BOY
Arlene 682 GIRL
Shea 683 BOY
Irma 683 GIRL
Maximilian 684 BOY
Joann 684 GIRL
Irving 685 BOY
Abbie 685 GIRL
Spenser 686 BOY
Roxana 686 GIRL
Bronson 687 BOY
Ali 687 GIRL
Jim 688 BOY
Brittaney 688 GIRL
Solomon 689 BOY
Skye 689 GIRL
Uriel 690 BOY
Shanae 690 GIRL
Jerrell 691 BOY
Tiffanie 691 GIRL
Tom 692 BOY
Kristal 692 GIRL
Aric 693 BOY
Leann 693 GIRL
Jess 694 BOY
Nadine 694 GIRL
Octavio 695 BOY
Alesha 695 GIRL
Barrett 696 BOY
Chrystal 696 GIRL
Otis 697 BOY
Eden 697 GIRL
Elmer 698 BOY
Amie 698 GIRL
Jody 699 BOY
Domonique 699 GIRL
Josh 700 BOY
Lauryn 700 GIRL
Male 701 BOY
Myra 701 GIRL
Moshe 702 BOY
Latifah 702 GIRL
Royce 703 BOY
Shelley 703 GIRL
Alton 704 BOY
Celina 704 GIRL
Austen 705 BOY
Cori 705 GIRL
Cooper 706 BOY
Giselle 706 GIRL
Harvey 707 BOY
Krysta 707 GIRL
Bryon 708 BOY
Tayler 708 GIRL
Daquan 709 BOY
Allyssa 709 GIRL
Jefferson 710 BOY
Kimberlee 710 GIRL
Aubrey 711 BOY
Mikayla 711 GIRL
Greg 712 BOY
Tianna 712 GIRL
Sylvester 713 BOY
Brittnee 713 GIRL
Benny 714 BOY
Kanisha 714 GIRL
Braxton 715 BOY
Lyndsay 715 GIRL
Tyron 716 BOY
Aurora 716 GIRL
Cruz 717 BOY
Georgia 717 GIRL
Elvis 718 BOY
Kaylin 718 GIRL
Erich 719 BOY
Janay 719 GIRL
Estevan 720 BOY
Beatrice 720 GIRL
Ahmed 721 BOY
Chantelle 721 GIRL
Randal 722 BOY
Ashli 722 GIRL
Dominque 723 BOY
Britny 723 GIRL
Rashawn 724 BOY
Cassondra 724 GIRL
Tobias 725 BOY
Rebeca 725 GIRL
Justen 726 BOY
Reyna 726 GIRL
Scotty 727 BOY
Shanice 727 GIRL
Houston 728 BOY
Shanika 728 GIRL
Kelsey 729 BOY
Jerica 729 GIRL
Deven 730 BOY
Griselda 730 GIRL
Dashawn 731 BOY
Athena 731 GIRL
Derik 732 BOY
Iesha 732 GIRL
Hassan 733 BOY
Madelyn 733 GIRL
Westley 734 BOY
Rubi 734 GIRL
Dontae 735 BOY
Bernadette 735 GIRL
Hugh 736 BOY
Porsha 736 GIRL
Duncan 737 BOY
Ingrid 737 GIRL
Ron 738 BOY
Skyler 738 GIRL
Amos 739 BOY
Betsy 739 GIRL
Mohamed 740 BOY
Iliana 740 GIRL
Unknown 741 BOY
Stefani 741 GIRL
Arsenio 742 BOY
Chandra 742 GIRL
Cristopher 743 BOY
Elissa 743 GIRL
Jamil 744 BOY
Debbie 744 GIRL
Hans 745 BOY
Trista 745 GIRL
Brandan 746 BOY
Anabel 746 GIRL
Dandre 747 BOY
Deja 747 GIRL
Santos 748 BOY
Kassie 748 GIRL
Cordell 749 BOY
Latrice 749 GIRL
Ladarius 750 BOY
Michael 750 GIRL
Robbie 751 BOY
Kandace 751 GIRL
Trever 752 BOY
Kandice 752 GIRL
Ulysses 753 BOY
Kiley 753 GIRL
Vaughn 754 BOY
Krystina 754 GIRL
Jaquan 755 BOY
Dina 755 GIRL
Holden 756 BOY
Pauline 756 GIRL
Mikel 757 BOY
Martika 757 GIRL
Ellis 758 BOY
Kiana 758 GIRL
Wilfredo 759 BOY
Marcella 759 GIRL
Jessy 760 BOY
Princess 760 GIRL
Morris 761 BOY
Carley 761 GIRL
Camron 762 BOY
Chelsi 762 GIRL
Ezra 763 BOY
Joan 763 GIRL
Bernardo 764 BOY
Daphne 764 GIRL
Ezequiel 765 BOY
Selina 765 GIRL
Galen 766 BOY
Bobbi 766 GIRL
Luther 767 BOY
Keely 767 GIRL
Colt 768 BOY
Lora 768 GIRL
Garry 769 BOY
Tiera 769 GIRL
Gonzalo 770 BOY
Ivy 770 GIRL
Raheem 771 BOY
Jean 771 GIRL
Darrel 772 BOY
Jeannette 772 GIRL
Efren 773 BOY
Mikaela 773 GIRL
Grady 774 BOY
Felisha 774 GIRL
Brant 775 BOY
Breann 775 GIRL
Jonas 776 BOY
Julissa 776 GIRL
Niko 777 BOY
Melisa 777 GIRL
Dereck 778 BOY
Hallie 778 GIRL
Edgardo 779 BOY
Kelsea 779 GIRL
Jerod 780 BOY
Selena 780 GIRL
Marty 781 BOY
Kathrine 781 GIRL
Pete 782 BOY
Darcy 782 GIRL
Dario 783 BOY
Adrianne 783 GIRL
Kirby 784 BOY
Laci 784 GIRL
Martez 785 BOY
Monika 785 GIRL
Josef 786 BOY
Olga 786 GIRL
Coleman 787 BOY
Phylicia 787 GIRL
Cullen 788 BOY
Kim 788 GIRL
Gino 789 BOY
Marquita 789 GIRL
Dejuan 790 BOY
Noel 790 GIRL
Reece 791 BOY
Jaqueline 791 GIRL
Aldo 792 BOY
Joelle 792 GIRL
Sherman 793 BOY
Kori 793 GIRL
Teddy 794 BOY
Eboni 794 GIRL
Benito 795 BOY
Jolene 795 GIRL
Brody 796 BOY
Mai 796 GIRL
Jacques 797 BOY
Avery 797 GIRL
Ulises 798 BOY
Latonya 798 GIRL
Asa 799 BOY
Liana 799 GIRL
Codey 800 BOY
Maira 800 GIRL
Demarco 801 BOY
Moriah 801 GIRL
Stevie 802 BOY
Alex 802 GIRL
Donavan 803 BOY
Leandra 803 GIRL
Fidel 804 BOY
Makayla 804 GIRL
Alonso 805 BOY
Marla 805 GIRL
Alphonso 806 BOY
Kaylie 806 GIRL
Brandyn 807 BOY
Kaela 807 GIRL
Gregorio 808 BOY
Lana 808 GIRL
Jerald 809 BOY
Tanesha 809 GIRL
Virgil 810 BOY
Delia 810 GIRL
Isaias 811 BOY
Micaela 811 GIRL
Jamarcus 812 BOY
Juana 812 GIRL
Marques 813 BOY
Leeann 813 GIRL
Shelton 814 BOY
Elaina 814 GIRL
Willis 815 BOY
Valencia 815 GIRL
Zechariah 816 BOY
Alyse 816 GIRL
Cary 817 BOY
Elsa 817 GIRL
Darrick 818 BOY
Ayla 818 GIRL
Edmund 819 BOY
Charmaine 819 GIRL
Keon 820 BOY
Lynette 820 GIRL
Kolby 821 BOY
Mariela 821 GIRL
Stacy 822 BOY
Symone 822 GIRL
Domingo 823 BOY
Kyle 823 GIRL
Laquan 824 BOY
Rikki 824 GIRL
Mychal 825 BOY
Gillian 825 GIRL
Raymundo 826 BOY
Laquita 826 GIRL
Rodrick 827 BOY
Riley 827 GIRL
Cedrick 828 BOY
Sonja 828 GIRL
Cyrus 829 BOY
Alessandra 829 GIRL
Jade 830 BOY
Billie 830 GIRL
Junior 831 BOY
Christiana 831 GIRL
Antony 832 BOY
Martina 832 GIRL
Claude 833 BOY
Melina 833 GIRL
Francesco 834 BOY
Tyesha 834 GIRL
Ira 835 BOY
Jamila 835 GIRL
Mickey 836 BOY
Janna 836 GIRL
Alexandro 837 BOY
Nikole 837 GIRL
Carlo 838 BOY
Teri 838 GIRL
Dangelo 839 BOY
Bridgett 839 GIRL
Ervin 840 BOY
Deidra 840 GIRL
Darien 841 BOY
Krysten 841 GIRL
Rhett 842 BOY
Tameka 842 GIRL
Trevon 843 BOY
Brittnie 843 GIRL
Louie 844 BOY
Portia 844 GIRL
Walker 845 BOY
Destinee 845 GIRL
August 846 BOY
Kaycee 846 GIRL
Madison 847 BOY
Cecelia 847 GIRL
Rudolph 848 BOY
Geneva 848 GIRL
Daron 849 BOY
Ivana 849 GIRL
Earnest 850 BOY
Kalyn 850 GIRL
Jerad 851 BOY
Aileen 851 GIRL
Khalil 852 BOY
Cora 852 GIRL
Travon 853 BOY
Doris 853 GIRL
Kiefer 854 BOY
Fabiola 854 GIRL
Lincoln 855 BOY
Heaven 855 GIRL
Roosevelt 856 BOY
Shea 856 GIRL
Ken 857 BOY
Susanna 857 GIRL
Carey 858 BOY
Cody 858 GIRL
Darion 859 BOY
Ivette 859 GIRL
Jerel 860 BOY
Kia 860 GIRL
Quinten 861 BOY
Baby 861 GIRL
Ari 862 BOY
Becky 862 GIRL
Deron 863 BOY
Gianna 863 GIRL
Greggory 864 BOY
Nia 864 GIRL
Jessica 865 BOY
Cherie 865 GIRL
Jorden 866 BOY
Janell 866 GIRL
Kenton 867 BOY
Lucero 867 GIRL
Laron 868 BOY
Brook 868 GIRL
Mykel 869 BOY
Ella 869 GIRL
Rocco 870 BOY
Andria 870 GIRL
Timmy 871 BOY
Jodie 871 GIRL
Bennie 872 BOY
Phoebe 872 GIRL
Malcom 873 BOY
Alexander 873 GIRL
Marquez 874 BOY
Jaimee 874 GIRL
Stacey 875 BOY
Magen 875 GIRL
Dayton 876 BOY
Mandi 876 GIRL
Ibrahim 877 BOY
Corrine 877 GIRL
Kevon 878 BOY
Kati 878 GIRL
Titus 879 BOY
Kenisha 879 GIRL
Van 880 BOY
Samatha 880 GIRL
Anderson 881 BOY
Sarai 881 GIRL
Jarret 882 BOY
Dara 882 GIRL
Marion 883 BOY
Shelbi 883 GIRL
Zakary 884 BOY
Deana 884 GIRL
Cade 885 BOY
Demetria 885 GIRL
Daren 886 BOY
Danika 886 GIRL
Kendal 887 BOY
Marjorie 887 GIRL
Vince 888 BOY
Shakira 888 GIRL
Aidan 889 BOY
Karly 889 GIRL
Broderick 890 BOY
Liza 890 GIRL
Pierce 891 BOY
Tera 891 GIRL
Tommie 892 BOY
Isabella 892 GIRL
Chaim 893 BOY
Lashonda 893 GIRL
Michel 894 BOY
Chaya 894 GIRL
Payton 895 BOY
Holli 895 GIRL
Reese 896 BOY
Lakeshia 896 GIRL
Andreas 897 BOY
Lissette 897 GIRL
Axel 898 BOY
Richelle 898 GIRL
Brennen 899 BOY
Roxanna 899 GIRL
Derrell 900 BOY
Alysa 900 GIRL
Monte 901 BOY
Marcia 901 GIRL
Valentin 902 BOY
Maryann 902 GIRL
Donta 903 BOY
Dulce 903 GIRL
Nikko 904 BOY
Gabriel 904 GIRL
Wallace 905 BOY
Joana 905 GIRL
Emerson 906 BOY
Katheryn 906 GIRL
Jabari 907 BOY
Micah 907 GIRL
Jacoby 908 BOY
Catrina 908 GIRL
Kendell 909 BOY
Jessenia 909 GIRL
Darwin 910 BOY
Lourdes 910 GIRL
Giancarlo 911 BOY
Brooklyn 911 GIRL
Garett 912 BOY
Dominque 912 GIRL
Isidro 913 BOY
Nataly 913 GIRL
Gregg 914 BOY
Cathy 914 GIRL
Jan 915 BOY
Chastity 915 GIRL
Kegan 916 BOY
Jessi 916 GIRL
Prince 917 BOY
Trina 917 GIRL
Rashaad 918 BOY
Fallon 918 GIRL
Samson 919 BOY
Magdalena 919 GIRL
Abram 920 BOY
Shanell 920 GIRL
Cale 921 BOY
Sherri 921 GIRL
Cassidy 922 BOY
Sidney 922 GIRL
Cristobal 923 BOY
Anjelica 923 GIRL
Dave 924 BOY
Carlie 924 GIRL
Eddy 925 BOY
Chanelle 925 GIRL
Jered 926 BOY
Karli 926 GIRL
Remington 927 BOY
Tracie 927 GIRL
Kai 928 BOY
Eunice 928 GIRL
Talon 929 BOY
Imani 929 GIRL
Codie 930 BOY
Jesica 930 GIRL
Cortney 931 BOY
Kalie 931 GIRL
Kelby 932 BOY
Krystin 932 GIRL
Rasheed 933 BOY
Mari 933 GIRL
Abdul 934 BOY
Loretta 934 GIRL
Elvin 935 BOY
Marian 935 GIRL
Laurence 936 BOY
Alannah 936 GIRL
Antione 937 BOY
Blake 937 GIRL
Britton 938 BOY
Bree 938 GIRL
Hernan 939 BOY
Roberta 939 GIRL
Kalvin 940 BOY
Aja 940 GIRL
Najee 941 BOY
Fiona 941 GIRL
Rakeem 942 BOY
Kallie 942 GIRL
Reggie 943 BOY
Shari 943 GIRL
Wilbert 944 BOY
Lisette 944 GIRL
Federico 945 BOY
Vicky 945 GIRL
Jeffry 946 BOY
Danyelle 946 GIRL
Peyton 947 BOY
Geraldine 947 GIRL
Samir 948 BOY
Helena 948 GIRL
Alden 949 BOY
Candy 949 GIRL
Alexandre 950 BOY
Edna 950 GIRL
Channing 951 BOY
Kanesha 951 GIRL
Chauncey 952 BOY
Lia 952 GIRL
Julien 953 BOY
Ava 953 GIRL
Tremaine 954 BOY
Laken 954 GIRL
Camden 955 BOY
Lee 955 GIRL
Derrek 956 BOY
Catalina 956 GIRL
Elisha 957 BOY
Kacy 957 GIRL
Garrison 958 BOY
Kristan 958 GIRL
Malachi 959 BOY
Cari 959 GIRL
Shay 960 BOY
Haleigh 960 GIRL
Tyrel 961 BOY
Jeanne 961 GIRL
Cornell 962 BOY
Jesenia 962 GIRL
Eliseo 963 BOY
Mariel 963 GIRL
Elton 964 BOY
Marsha 964 GIRL
Emmett 965 BOY
Janel 965 GIRL
Marlin 966 BOY
Dena 966 GIRL
Mikhail 967 BOY
Lizeth 967 GIRL
Silas 968 BOY
Luisa 968 GIRL
Davin 969 BOY
Marlena 969 GIRL
Dionte 970 BOY
Cory 970 GIRL
Jedidiah 971 BOY
Deidre 971 GIRL
Justine 972 BOY
Eryn 972 GIRL
Kraig 973 BOY
Annmarie 973 GIRL
Marcelo 974 BOY
Danae 974 GIRL
Martell 975 BOY
Dora 975 GIRL
Ronny 976 BOY
Georgina 976 GIRL
Torrey 977 BOY
Graciela 977 GIRL
Trace 978 BOY
Shamika 978 GIRL
Deontae 979 BOY
Tosha 979 GIRL
Donny 980 BOY
Marianne 980 GIRL
Jarrell 981 BOY
Wanda 981 GIRL
Jeremey 982 BOY
Christopher 982 GIRL
Jeromy 983 BOY
Elyssa 983 GIRL
Keven 984 BOY
Emilia 984 GIRL
Tavon 985 BOY
Kimber 985 GIRL
Coby 986 BOY
Jody 986 GIRL
Edwardo 987 BOY
Lynsey 987 GIRL
Keenen 988 BOY
Renae 988 GIRL
Kristoffer 989 BOY
Shameka 989 GIRL
Lazaro 990 BOY
Deirdre 990 GIRL
Torey 991 BOY
Shantell 991 GIRL
Bill 992 BOY
Cherish 992 GIRL
Bruno 993 BOY
Linsey 993 GIRL
Genaro 994 BOY
Hali 994 GIRL
Waylon 995 BOY
Tarah 995 GIRL
Brittany 996 BOY
Annemarie 996 GIRL
Eliezer 997 BOY
Asha 997 GIRL
Jory 998 BOY
Jada 998 GIRL
Misael 999 BOY
Leila 999 GIRL
Tate 1000 BOY
Peggy 1000 GIRL