2006
Jacob 1 BOY
Emily 1 GIRL
Michael 2 BOY
Emma 2 GIRL
Joshua 3 BOY
Madison 3 GIRL
Ethan 4 BOY
Isabella 4 GIRL
Matthew 5 BOY
Ava 5 GIRL
Daniel 6 BOY
Abigail 6 GIRL
Christopher 7 BOY
Olivia 7 GIRL
Andrew 8 BOY
Hannah 8 GIRL
Anthony 9 BOY
Sophia 9 GIRL
William 10 BOY
Samantha 10 GIRL
Joseph 11 BOY
Elizabeth 11 GIRL
Alexander 12 BOY
Ashley 12 GIRL
David 13 BOY
Mia 13 GIRL
Ryan 14 BOY
Alexis 14 GIRL
Noah 15 BOY
Sarah 15 GIRL
James 16 BOY
Natalie 16 GIRL
Nicholas 17 BOY
Grace 17 GIRL
Tyler 18 BOY
Chloe 18 GIRL
Logan 19 BOY
Alyssa 19 GIRL
John 20 BOY
Brianna 20 GIRL
Christian 21 BOY
Ella 21 GIRL
Jonathan 22 BOY
Taylor 22 GIRL
Nathan 23 BOY
Anna 23 GIRL
Benjamin 24 BOY
Lauren 24 GIRL
Samuel 25 BOY
Hailey 25 GIRL
Dylan 26 BOY
Kayla 26 GIRL
Brandon 27 BOY
Addison 27 GIRL
Gabriel 28 BOY
Victoria 28 GIRL
Elijah 29 BOY
Jasmine 29 GIRL
Aiden 30 BOY
Savannah 30 GIRL
Angel 31 BOY
Julia 31 GIRL
Jose 32 BOY
Jessica 32 GIRL
Zachary 33 BOY
Lily 33 GIRL
Caleb 34 BOY
Sydney 34 GIRL
Jack 35 BOY
Morgan 35 GIRL
Jackson 36 BOY
Katherine 36 GIRL
Kevin 37 BOY
Destiny 37 GIRL
Gavin 38 BOY
Lillian 38 GIRL
Mason 39 BOY
Alexa 39 GIRL
Isaiah 40 BOY
Alexandra 40 GIRL
Austin 41 BOY
Kaitlyn 41 GIRL
Evan 42 BOY
Kaylee 42 GIRL
Luke 43 BOY
Nevaeh 43 GIRL
Aidan 44 BOY
Brooke 44 GIRL
Justin 45 BOY
Makayla 45 GIRL
Jordan 46 BOY
Allison 46 GIRL
Robert 47 BOY
Maria 47 GIRL
Isaac 48 BOY
Angelina 48 GIRL
Landon 49 BOY
Rachel 49 GIRL
Jayden 50 BOY
Gabriella 50 GIRL
Thomas 51 BOY
Jennifer 51 GIRL
Cameron 52 BOY
Avery 52 GIRL
Connor 53 BOY
Mackenzie 53 GIRL
Hunter 54 BOY
Zoe 54 GIRL
Jason 55 BOY
Riley 55 GIRL
Diego 56 BOY
Sofia 56 GIRL
Aaron 57 BOY
Maya 57 GIRL
Owen 58 BOY
Kimberly 58 GIRL
Lucas 59 BOY
Andrea 59 GIRL
Charles 60 BOY
Megan 60 GIRL
Juan 61 BOY
Katelyn 61 GIRL
Luis 62 BOY
Gabrielle 62 GIRL
Adrian 63 BOY
Trinity 63 GIRL
Adam 64 BOY
Faith 64 GIRL
Julian 65 BOY
Evelyn 65 GIRL
Bryan 66 BOY
Kylie 66 GIRL
Alex 67 BOY
Brooklyn 67 GIRL
Sean 68 BOY
Audrey 68 GIRL
Nathaniel 69 BOY
Leah 69 GIRL
Carlos 70 BOY
Stephanie 70 GIRL
Jeremiah 71 BOY
Madeline 71 GIRL
Brian 72 BOY
Sara 72 GIRL
Hayden 73 BOY
Jocelyn 73 GIRL
Jesus 74 BOY
Nicole 74 GIRL
Carter 75 BOY
Haley 75 GIRL
Sebastian 76 BOY
Paige 76 GIRL
Eric 77 BOY
Arianna 77 GIRL
Xavier 78 BOY
Ariana 78 GIRL
Brayden 79 BOY
Vanessa 79 GIRL
Kyle 80 BOY
Michelle 80 GIRL
Ian 81 BOY
Mariah 81 GIRL
Wyatt 82 BOY
Amelia 82 GIRL
Chase 83 BOY
Melanie 83 GIRL
Cole 84 BOY
Mary 84 GIRL
Dominic 85 BOY
Isabelle 85 GIRL
Tristan 86 BOY
Claire 86 GIRL
Carson 87 BOY
Isabel 87 GIRL
Jaden 88 BOY
Jenna 88 GIRL
Miguel 89 BOY
Caroline 89 GIRL
Steven 90 BOY
Valeria 90 GIRL
Caden 91 BOY
Aaliyah 91 GIRL
Kaden 92 BOY
Aubrey 92 GIRL
Antonio 93 BOY
Jada 93 GIRL
Timothy 94 BOY
Natalia 94 GIRL
Henry 95 BOY
Autumn 95 GIRL
Alejandro 96 BOY
Rebecca 96 GIRL
Blake 97 BOY
Jordan 97 GIRL
Liam 98 BOY
Gianna 98 GIRL
Richard 99 BOY
Jayla 99 GIRL
Devin 100 BOY
Layla 100 GIRL
Riley 101 BOY
Mya 101 GIRL
Jesse 102 BOY
Amanda 102 GIRL
Seth 103 BOY
Gracie 103 GIRL
Victor 104 BOY
Marissa 104 GIRL
Brady 105 BOY
Molly 105 GIRL
Cody 106 BOY
Adriana 106 GIRL
Jake 107 BOY
Katie 107 GIRL
Vincent 108 BOY
Leslie 108 GIRL
Bryce 109 BOY
Keira 109 GIRL
Patrick 110 BOY
Gabriela 110 GIRL
Colin 111 BOY
Jade 111 GIRL
Marcus 112 BOY
Bailey 112 GIRL
Cooper 113 BOY
Madelyn 113 GIRL
Preston 114 BOY
Angela 114 GIRL
Kaleb 115 BOY
Kennedy 115 GIRL
Parker 116 BOY
Danielle 116 GIRL
Josiah 117 BOY
Melissa 117 GIRL
Oscar 118 BOY
Jacqueline 118 GIRL
Ayden 119 BOY
Zoey 119 GIRL
Jorge 120 BOY
Diana 120 GIRL
Ashton 121 BOY
Briana 121 GIRL
Alan 122 BOY
Catherine 122 GIRL
Jeremy 123 BOY
Charlotte 123 GIRL
Joel 124 BOY
Eva 124 GIRL
Trevor 125 BOY
Sophie 125 GIRL
Eduardo 126 BOY
Breanna 126 GIRL
Ivan 127 BOY
Valerie 127 GIRL
Kenneth 128 BOY
Amy 128 GIRL
Mark 129 BOY
Naomi 129 GIRL
Alexis 130 BOY
Erin 130 GIRL
Omar 131 BOY
Lydia 131 GIRL
Cristian 132 BOY
Daniela 132 GIRL
Colton 133 BOY
Shelby 133 GIRL
Paul 134 BOY
Rylee 134 GIRL
Levi 135 BOY
Serenity 135 GIRL
Damian 136 BOY
Amber 136 GIRL
Jared 137 BOY
Ruby 137 GIRL
Garrett 138 BOY
Peyton 138 GIRL
Eli 139 BOY
Miranda 139 GIRL
Nicolas 140 BOY
Ashlyn 140 GIRL
Braden 141 BOY
Sierra 141 GIRL
Tanner 142 BOY
Kate 142 GIRL
Edward 143 BOY
Ana 143 GIRL
Conner 144 BOY
Kathryn 144 GIRL
Nolan 145 BOY
Skylar 145 GIRL
Giovanni 146 BOY
Kylee 146 GIRL
Brody 147 BOY
Alexandria 147 GIRL
Micah 148 BOY
Kendall 148 GIRL
Maxwell 149 BOY
Daisy 149 GIRL
Malachi 150 BOY
Liliana 150 GIRL
Fernando 151 BOY
Lilly 151 GIRL
Ricardo 152 BOY
Lucy 152 GIRL
George 153 BOY
Mikayla 153 GIRL
Peyton 154 BOY
Summer 154 GIRL
Grant 155 BOY
Reagan 155 GIRL
Gage 156 BOY
Jazmin 156 GIRL
Francisco 157 BOY
Sadie 157 GIRL
Edwin 158 BOY
Christina 158 GIRL
Derek 159 BOY
Reese 159 GIRL
Max 160 BOY
Angel 160 GIRL
Andres 161 BOY
Margaret 161 GIRL
Javier 162 BOY
Juliana 162 GIRL
Travis 163 BOY
Payton 163 GIRL
Manuel 164 BOY
Alexia 164 GIRL
Stephen 165 BOY
Mckenzie 165 GIRL
Emmanuel 166 BOY
Alana 166 GIRL
Peter 167 BOY
Alicia 167 GIRL
Cesar 168 BOY
Giselle 168 GIRL
Shawn 169 BOY
Genesis 169 GIRL
Jonah 170 BOY
Alondra 170 GIRL
Edgar 171 BOY
Cheyenne 171 GIRL
Dakota 172 BOY
Laura 172 GIRL
Oliver 173 BOY
Karen 173 GIRL
Erick 174 BOY
Jillian 174 GIRL
Hector 175 BOY
Ellie 175 GIRL
Bryson 176 BOY
Mariana 176 GIRL
Johnathan 177 BOY
Sienna 177 GIRL
Mario 178 BOY
Jordyn 178 GIRL
Shane 179 BOY
Adrianna 179 GIRL
Jeffrey 180 BOY
Camila 180 GIRL
Collin 181 BOY
Bella 181 GIRL
Spencer 182 BOY
Bianca 182 GIRL
Abraham 183 BOY
Jasmin 183 GIRL
Leonardo 184 BOY
Kelsey 184 GIRL
Brendan 185 BOY
Kiara 185 GIRL
Elias 186 BOY
Lindsey 186 GIRL
Jace 187 BOY
Elena 187 GIRL
Bradley 188 BOY
Nadia 188 GIRL
Erik 189 BOY
Maggie 189 GIRL
Wesley 190 BOY
Courtney 190 GIRL
Jaylen 191 BOY
Dakota 191 GIRL
Trenton 192 BOY
Chelsea 192 GIRL
Josue 193 BOY
Delaney 193 GIRL
Raymond 194 BOY
Julianna 194 GIRL
Sergio 195 BOY
Kyra 195 GIRL
Damien 196 BOY
Makenzie 196 GIRL
Devon 197 BOY
Sabrina 197 GIRL
Donovan 198 BOY
Cassidy 198 GIRL
Dalton 199 BOY
Caitlyn 199 GIRL
Martin 200 BOY
Hope 200 GIRL
Landen 201 BOY
Crystal 201 GIRL
Miles 202 BOY
Ariel 202 GIRL
Israel 203 BOY
Jayden 203 GIRL
Andy 204 BOY
Kyla 204 GIRL
Drew 205 BOY
Abby 205 GIRL
Marco 206 BOY
Annabelle 206 GIRL
Andre 207 BOY
Caitlin 207 GIRL
Gregory 208 BOY
Angelica 208 GIRL
Roman 209 BOY
Karla 209 GIRL
Ty 210 BOY
Tiffany 210 GIRL
Jaxon 211 BOY
Veronica 211 GIRL
Avery 212 BOY
Kelly 212 GIRL
Cayden 213 BOY
Ciara 213 GIRL
Jaiden 214 BOY
Cadence 214 GIRL
Roberto 215 BOY
Amaya 215 GIRL
Dominick 216 BOY
Camryn 216 GIRL
Rafael 217 BOY
Mckenna 217 GIRL
Grayson 218 BOY
Elise 218 GIRL
Pedro 219 BOY
Cassandra 219 GIRL
Calvin 220 BOY
Aniyah 220 GIRL
Camden 221 BOY
Josephine 221 GIRL
Taylor 222 BOY
Erica 222 GIRL
Dillon 223 BOY
Vivian 223 GIRL
Braxton 224 BOY
Esmeralda 224 GIRL
Keegan 225 BOY
Julissa 225 GIRL
Clayton 226 BOY
Jazmine 226 GIRL
Ruben 227 BOY
Karina 227 GIRL
Jalen 228 BOY
Fatima 228 GIRL
Troy 229 BOY
Allie 229 GIRL
Kayden 230 BOY
Savanna 230 GIRL
Santiago 231 BOY
Makenna 231 GIRL
Harrison 232 BOY
Alejandra 232 GIRL
Dawson 233 BOY
Clara 233 GIRL
Corey 234 BOY
Mallory 234 GIRL
Maddox 235 BOY
Laila 235 GIRL
Leo 236 BOY
Aliyah 236 GIRL
Johnny 237 BOY
Brooklynn 237 GIRL
Kai 238 BOY
Erika 238 GIRL
Drake 239 BOY
Brenda 239 GIRL
Julio 240 BOY
Cynthia 240 GIRL
Lukas 241 BOY
Stella 241 GIRL
Kaiden 242 BOY
Jamie 242 GIRL
Zane 243 BOY
Kendra 243 GIRL
Aden 244 BOY
Bethany 244 GIRL
Frank 245 BOY
Nora 245 GIRL
Simon 246 BOY
Piper 246 GIRL
Sawyer 247 BOY
Haylee 247 GIRL
Marcos 248 BOY
Alaina 248 GIRL
Hudson 249 BOY
Kira 249 GIRL
Trey 250 BOY
Monica 250 GIRL
Ronald 251 BOY
Carly 251 GIRL
Asher 252 BOY
Tessa 252 GIRL
Scott 253 BOY
Heaven 253 GIRL
Griffin 254 BOY
Alivia 254 GIRL
Raul 255 BOY
Guadalupe 255 GIRL
Derrick 256 BOY
Joanna 256 GIRL
Ryder 257 BOY
Kailey 257 GIRL
Rylan 258 BOY
Carmen 258 GIRL
Dustin 259 BOY
Allyson 259 GIRL
Tucker 260 BOY
Paris 260 GIRL
Brock 261 BOY
Violet 261 GIRL
Angelo 262 BOY
Aniya 262 GIRL
Emanuel 263 BOY
Lindsay 263 GIRL
Armando 264 BOY
Ayla 264 GIRL
Kyler 265 BOY
Cecilia 265 GIRL
Zion 266 BOY
Kayleigh 266 GIRL
Payton 267 BOY
Macy 267 GIRL
Gerardo 268 BOY
Alayna 268 GIRL
Ezekiel 269 BOY
Hanna 269 GIRL
Skyler 270 BOY
Katelynn 270 GIRL
Colby 271 BOY
Alison 271 GIRL
Fabian 272 BOY
Nina 272 GIRL
Chance 273 BOY
Georgia 273 GIRL
Mateo 274 BOY
Dulce 274 GIRL
Mitchell 275 BOY
Kamryn 275 GIRL
Tyson 276 BOY
Rebekah 276 GIRL
Keith 277 BOY
Eleanor 277 GIRL
Xander 278 BOY
Kaylie 278 GIRL
Jaime 279 BOY
Kara 279 GIRL
Darius 280 BOY
Lola 280 GIRL
Enrique 281 BOY
Carolina 281 GIRL
Quinn 282 BOY
Eliana 282 GIRL
Allen 283 BOY
Tatiana 283 GIRL
Kameron 284 BOY
Leila 284 GIRL
Phillip 285 BOY
Selena 285 GIRL
Joaquin 286 BOY
Jadyn 286 GIRL
Trent 287 BOY
Anahi 287 GIRL
Cade 288 BOY
Anastasia 288 GIRL
Corbin 289 BOY
Cameron 289 GIRL
Malik 290 BOY
Izabella 290 GIRL
Dante 291 BOY
Josie 291 GIRL
Pablo 292 BOY
Miriam 292 GIRL
Jakob 293 BOY
Ashlynn 293 GIRL
Brayan 294 BOY
Jayda 294 GIRL
Axel 295 BOY
Heidi 295 GIRL
Theodore 296 BOY
Julie 296 GIRL
Saul 297 BOY
Scarlett 297 GIRL
Emilio 298 BOY
Esther 298 GIRL
Brennan 299 BOY
Melody 299 GIRL
Lincoln 300 BOY
Desiree 300 GIRL
Lorenzo 301 BOY
Kiera 301 GIRL
Adan 302 BOY
Paola 302 GIRL
Donald 303 BOY
Callie 303 GIRL
Brett 304 BOY
Jaden 304 GIRL
Gustavo 305 BOY
Emerson 305 GIRL
Zander 306 BOY
Hayley 306 GIRL
Danny 307 BOY
Daniella 307 GIRL
Casey 308 BOY
Camille 308 GIRL
Talan 309 BOY
Emely 309 GIRL
Randy 310 BOY
Meredith 310 GIRL
Myles 311 BOY
Estrella 311 GIRL
Caiden 312 BOY
Aurora 312 GIRL
Dennis 313 BOY
Leilani 313 GIRL
Gael 314 BOY
Joselyn 314 GIRL
Alberto 315 BOY
Skyler 315 GIRL
Mathew 316 BOY
Diamond 316 GIRL
Brenden 317 BOY
Rylie 317 GIRL
Jerry 318 BOY
Brittany 318 GIRL
Julius 319 BOY
April 319 GIRL
Zackary 320 BOY
Eden 320 GIRL
Lance 321 BOY
Marisol 321 GIRL
Lane 322 BOY
Meghan 322 GIRL
Arturo 323 BOY
Lizbeth 323 GIRL
Amir 324 BOY
Yasmin 324 GIRL
Jimmy 325 BOY
Eliza 325 GIRL
Louis 326 BOY
Nancy 326 GIRL
Ismael 327 BOY
Celeste 327 GIRL
Alec 328 BOY
Ryleigh 328 GIRL
Tony 329 BOY
Lila 329 GIRL
Jude 330 BOY
Shayla 330 GIRL
Braeden 331 BOY
Michaela 331 GIRL
Emiliano 332 BOY
Asia 332 GIRL
Esteban 333 BOY
Fiona 333 GIRL
Alfredo 334 BOY
Ivy 334 GIRL
Tristen 335 BOY
Annika 335 GIRL
Nickolas 336 BOY
Sasha 336 GIRL
Charlie 337 BOY
Madeleine 337 GIRL
Abel 338 BOY
Ashlee 338 GIRL
Curtis 339 BOY
Claudia 339 GIRL
Ezra 340 BOY
Lucia 340 GIRL
Shaun 341 BOY
Heather 341 GIRL
Leland 342 BOY
Harmony 342 GIRL
Philip 343 BOY
Helen 343 GIRL
Moises 344 BOY
Kaitlin 344 GIRL
Camron 345 BOY
Lexi 345 GIRL
Marvin 346 BOY
Holly 346 GIRL
Quentin 347 BOY
Bridget 347 GIRL
Maximilian 348 BOY
Presley 348 GIRL
Luca 349 BOY
Tatum 349 GIRL
Gary 350 BOY
Rose 350 GIRL
Jay 351 BOY
Samara 351 GIRL
Dallas 352 BOY
Danica 352 GIRL
Jayson 353 BOY
London 353 GIRL
Albert 354 BOY
Wendy 354 GIRL
Walter 355 BOY
Alina 355 GIRL
Orlando 356 BOY
Kaydence 356 GIRL
Jonas 357 BOY
Natasha 357 GIRL
Chris 358 BOY
Madalyn 358 GIRL
Easton 359 BOY
Shannon 359 GIRL
Ali 360 BOY
Kyleigh 360 GIRL
Darren 361 BOY
Alessandra 361 GIRL
Nehemiah 362 BOY
Sherlyn 362 GIRL
Rodrigo 363 BOY
Talia 363 GIRL
Declan 364 BOY
Sandra 364 GIRL
Douglas 365 BOY
Cindy 365 GIRL
Morgan 366 BOY
Phoebe 366 GIRL
Ramon 367 BOY
Kaelyn 367 GIRL
Mauricio 368 BOY
Genevieve 368 GIRL
Bennett 369 BOY
Iris 369 GIRL
Joe 370 BOY
Addyson 370 GIRL
Hugo 371 BOY
Kathleen 371 GIRL
Elliot 372 BOY
Priscilla 372 GIRL
Silas 373 BOY
Ruth 373 GIRL
Maximus 374 BOY
Kristen 374 GIRL
Chad 375 BOY
Emilee 375 GIRL
Jonathon 376 BOY
Johanna 376 GIRL
Arthur 377 BOY
Alissa 377 GIRL
Cash 378 BOY
Itzel 378 GIRL
Ernesto 379 BOY
Denise 379 GIRL
Weston 380 BOY
Nia 380 GIRL
Larry 381 BOY
Brenna 381 GIRL
Keaton 382 BOY
Katrina 382 GIRL
Nikolas 383 BOY
Alice 383 GIRL
Holden 384 BOY
Cora 384 GIRL
Dean 385 BOY
Nyla 385 GIRL
Damon 386 BOY
Janiya 386 GIRL
Yahir 387 BOY
Perla 387 GIRL
Elliott 388 BOY
Harley 388 GIRL
Bryant 389 BOY
Angie 389 GIRL
Salvador 390 BOY
Janelle 390 GIRL
Jaxson 391 BOY
Kadence 391 GIRL
Kristopher 392 BOY
Rachael 392 GIRL
Dane 393 BOY
Ximena 393 GIRL
Ricky 394 BOY
Nayeli 394 GIRL
Eddie 395 BOY
Dana 395 GIRL
Braydon 396 BOY
Serena 396 GIRL
Felix 397 BOY
Nataly 397 GIRL
Jadon 398 BOY
Annie 398 GIRL
Anderson 399 BOY
Kaylin 399 GIRL
Maurice 400 BOY
Rosa 400 GIRL
Braylon 401 BOY
Kiana 401 GIRL
Chandler 402 BOY
Brynn 402 GIRL
Uriel 403 BOY
Maddison 403 GIRL
Russell 404 BOY
Kristina 404 GIRL
Davis 405 BOY
Anya 405 GIRL
Isiah 406 BOY
Marina 406 GIRL
Lawrence 407 BOY
Kirsten 407 GIRL
Marc 408 BOY
Madyson 408 GIRL
Issac 409 BOY
Imani 409 GIRL
Javon 410 BOY
Malia 410 GIRL
Justice 411 BOY
Casey 411 GIRL
Tate 412 BOY
Lana 412 GIRL
Reece 413 BOY
Patricia 413 GIRL
Walker 414 BOY
Madisyn 414 GIRL
Cohen 415 BOY
Marley 415 GIRL
Jaydon 416 BOY
Hayden 416 GIRL
Marshall 417 BOY
Sage 417 GIRL
Nasir 418 BOY
Yesenia 418 GIRL
Micheal 419 BOY
Lesly 419 GIRL
Zachariah 420 BOY
Emilia 420 GIRL
Amari 421 BOY
Kassandra 421 GIRL
Reid 422 BOY
Kimora 422 GIRL
Phoenix 423 BOY
Sidney 423 GIRL
Jameson 424 BOY
Bryanna 424 GIRL
Melvin 425 BOY
Teagan 425 GIRL
Rowan 426 BOY
Aubree 426 GIRL
Jayce 427 BOY
Haylie 427 GIRL
Talon 428 BOY
Francesca 428 GIRL
Carl 429 BOY
Kiley 429 GIRL
Graham 430 BOY
Lauryn 430 GIRL
Cory 431 BOY
Fernanda 431 GIRL
Jeffery 432 BOY
Logan 432 GIRL
Reese 433 BOY
Skye 433 GIRL
Kelvin 434 BOY
Raegan 434 GIRL
Kade 435 BOY
Dayanara 435 GIRL
Skylar 436 BOY
Madilyn 436 GIRL
Demetrius 437 BOY
Christine 437 GIRL
Beau 438 BOY
Valentina 438 GIRL
Franklin 439 BOY
Lilian 439 GIRL
Guillermo 440 BOY
Mercedes 440 GIRL
Jaylin 441 BOY
Raven 441 GIRL
Brodie 442 BOY
Jaelyn 442 GIRL
Mekhi 443 BOY
Sarai 443 GIRL
Jamari 444 BOY
Taryn 444 GIRL
Moses 445 BOY
Lilliana 445 GIRL
Terry 446 BOY
Lacey 446 GIRL
Nelson 447 BOY
Tania 447 GIRL
Noel 448 BOY
Elaina 448 GIRL
Rodney 449 BOY
Viviana 449 GIRL
Noe 450 BOY
Hallie 450 GIRL
Everett 451 BOY
Noelle 451 GIRL
Deandre 452 BOY
Tori 452 GIRL
Roger 453 BOY
Gloria 453 GIRL
Khalil 454 BOY
Hailee 454 GIRL
Jon 455 BOY
Ryan 455 GIRL
Finn 456 BOY
Ainsley 456 GIRL
Felipe 457 BOY
Kassidy 457 GIRL
Roy 458 BOY
America 458 GIRL
Jamarion 459 BOY
Brielle 459 GIRL
Tommy 460 BOY
Anne 460 GIRL
Izaiah 461 BOY
Janiyah 461 GIRL
Nathanael 462 BOY
Linda 462 GIRL
Sam 463 BOY
Tara 463 GIRL
Desmond 464 BOY
Jaiden 464 GIRL
Terrance 465 BOY
Hazel 465 GIRL
Kristian 466 BOY
Melany 466 GIRL
Mohamed 467 BOY
Adeline 467 GIRL
Leonel 468 BOY
Clarissa 468 GIRL
Dorian 469 BOY
Baylee 469 GIRL
Reed 470 BOY
Isabela 470 GIRL
Ariel 471 BOY
Alyson 471 GIRL
Branden 472 BOY
Jimena 472 GIRL
Billy 473 BOY
Alanna 473 GIRL
Jermaine 474 BOY
Britney 474 GIRL
Grady 475 BOY
Jenny 475 GIRL
Porter 476 BOY
Amya 476 GIRL
Quinton 477 BOY
Tiana 477 GIRL
Davion 478 BOY
Jane 478 GIRL
Jaylon 479 BOY
Macie 479 GIRL
Bobby 480 BOY
Elle 480 GIRL
Brent 481 BOY
Penelope 481 GIRL
Bruce 482 BOY
Miracle 482 GIRL
Frederick 483 BOY
Laney 483 GIRL
Tobias 484 BOY
Lillie 484 GIRL
Jessie 485 BOY
Anika 485 GIRL
Solomon 486 BOY
Anaya 486 GIRL
Triston 487 BOY
Shania 487 GIRL
Tomas 488 BOY
Kaleigh 488 GIRL
Quincy 489 BOY
Lena 489 GIRL
Rocco 490 BOY
Abbigail 490 GIRL
Osvaldo 491 BOY
Emilie 491 GIRL
Rene 492 BOY
Kailyn 492 GIRL
Judah 493 BOY
Halle 493 GIRL
Kody 494 BOY
Hadley 494 GIRL
Zachery 495 BOY
Cristina 495 GIRL
Conor 496 BOY
Maritza 496 GIRL
Damion 497 BOY
Natalee 497 GIRL
Kenny 498 BOY
Marisa 498 GIRL
Cristopher 499 BOY
Paulina 499 GIRL
Cruz 500 BOY
Raquel 500 GIRL
Brendon 501 BOY
Carla 501 GIRL
Gunnar 502 BOY
Elisabeth 502 GIRL
Greyson 503 BOY
Lisa 503 GIRL
Jamal 504 BOY
Athena 504 GIRL
Leon 505 BOY
Krystal 505 GIRL
Warren 506 BOY
Maia 506 GIRL
Allan 507 BOY
Joy 507 GIRL
Marlon 508 BOY
Helena 508 GIRL
Toby 509 BOY
Kiersten 509 GIRL
Colten 510 BOY
Harper 510 GIRL
River 511 BOY
Virginia 511 GIRL
Wilson 512 BOY
Jaqueline 512 GIRL
Alvin 513 BOY
Norah 513 GIRL
Willie 514 BOY
Marilyn 514 GIRL
Cyrus 515 BOY
Marlene 515 GIRL
Reginald 516 BOY
Luna 516 GIRL
Rogelio 517 BOY
Carolyn 517 GIRL
Deshawn 518 BOY
Danna 518 GIRL
Rodolfo 519 BOY
Amari 519 GIRL
Terrell 520 BOY
Lexie 520 GIRL
Rohan 521 BOY
Lia 521 GIRL
Harley 522 BOY
Saniya 522 GIRL
Byron 523 BOY
Kenya 523 GIRL
Ahmad 524 BOY
Sylvia 524 GIRL
Ulises 525 BOY
Kaitlynn 525 GIRL
Kellen 526 BOY
Martha 526 GIRL
Kendrick 527 BOY
Ayanna 527 GIRL
Johan 528 BOY
Rihanna 528 GIRL
Orion 529 BOY
Willow 529 GIRL
Trevon 530 BOY
Pamela 530 GIRL
Isaias 531 BOY
Whitney 531 GIRL
Steve 532 BOY
Deanna 532 GIRL
Will 533 BOY
Jazlyn 533 GIRL
Jamison 534 BOY
Tabitha 534 GIRL
Jett 535 BOY
Teresa 535 GIRL
Trace 536 BOY
Yazmin 536 GIRL
Joey 537 BOY
Aileen 537 GIRL
Terrence 538 BOY
Nathalie 538 GIRL
Emerson 539 BOY
Liberty 539 GIRL
Dayton 540 BOY
Quinn 540 GIRL
Ezequiel 541 BOY
Yadira 541 GIRL
Johnathon 542 BOY
Kali 542 GIRL
Kobe 543 BOY
Elisa 543 GIRL
Gerald 544 BOY
Ellen 544 GIRL
Malcolm 545 BOY
Alexus 545 GIRL
Oswaldo 546 BOY
Melina 546 GIRL
Waylon 547 BOY
Justice 547 GIRL
Craig 548 BOY
Delilah 548 GIRL
Pierce 549 BOY
Madelynn 549 GIRL
Titus 550 BOY
Carley 550 GIRL
Wade 551 BOY
Tiara 551 GIRL
Alfonso 552 BOY
Zoie 552 GIRL
Marquis 553 BOY
Dayana 553 GIRL
Gilberto 554 BOY
Destinee 554 GIRL
Ben 555 BOY
Precious 555 GIRL
Karson 556 BOY
Annabella 556 GIRL
Tristin 557 BOY
Kenzie 557 GIRL
Alonzo 558 BOY
Jessie 558 GIRL
Ahmed 559 BOY
Cara 559 GIRL
Ray 560 BOY
Jaida 560 GIRL
Francis 561 BOY
Barbara 561 GIRL
Addison 562 BOY
Janet 562 GIRL
Ronnie 563 BOY
Cierra 563 GIRL
Jairo 564 BOY
Simone 564 GIRL
Jase 565 BOY
Kasey 565 GIRL
Kieran 566 BOY
Isis 566 GIRL
Ramiro 567 BOY
Regan 567 GIRL
Jasper 568 BOY
India 568 GIRL
Emmett 569 BOY
Danika 569 GIRL
Alvaro 570 BOY
Araceli 570 GIRL
Rolando 571 BOY
Amira 571 GIRL
Blaine 572 BOY
Aspen 572 GIRL
Kendall 573 BOY
Amara 573 GIRL
Romeo 574 BOY
Kristin 574 GIRL
Tyrone 575 BOY
Tamia 575 GIRL
Aydan 576 BOY
Arely 576 GIRL
Jerome 577 BOY
Judith 577 GIRL
Gunner 578 BOY
Marie 578 GIRL
Camren 579 BOY
Mckayla 579 GIRL
Landyn 580 BOY
Patience 580 GIRL
Adolfo 581 BOY
Juliet 581 GIRL
Devan 582 BOY
Renee 582 GIRL
Jamie 583 BOY
Kailee 583 GIRL
Alijah 584 BOY
Alisha 584 GIRL
Zackery 585 BOY
Carissa 585 GIRL
Abram 586 BOY
Jaidyn 586 GIRL
Aldo 587 BOY
Arielle 587 GIRL
Brycen 588 BOY
Yasmine 588 GIRL
Mohammad 589 BOY
Annalise 589 GIRL
Darian 590 BOY
Eve 590 GIRL
Gideon 591 BOY
Luz 591 GIRL
Brooks 592 BOY
Carlie 592 GIRL
Harry 593 BOY
Irene 593 GIRL
Ibrahim 594 BOY
Janessa 594 GIRL
Cedric 595 BOY
Reyna 595 GIRL
Julien 596 BOY
Haleigh 596 GIRL
Darrell 597 BOY
Evangeline 597 GIRL
Ronan 598 BOY
Skyla 598 GIRL
Vicente 599 BOY
Sonia 599 GIRL
Stanley 600 BOY
Yoselin 600 GIRL
Davin 601 BOY
Kierra 601 GIRL
Braiden 602 BOY
Cali 602 GIRL
Davon 603 BOY
Regina 603 GIRL
Neil 604 BOY
Aubrie 604 GIRL
Maverick 605 BOY
Brisa 605 GIRL
Deven 606 BOY
Daphne 606 GIRL
Keenan 607 BOY
Sanaa 607 GIRL
Alessandro 608 BOY
Tia 608 GIRL
Jabari 609 BOY
Damaris 609 GIRL
Dwayne 610 BOY
Haven 610 GIRL
Gianni 611 BOY
Susan 611 GIRL
Dominik 612 BOY
Addisyn 612 GIRL
Lee 613 BOY
Lea 613 GIRL
Leonard 614 BOY
Jolie 614 GIRL
Alexzander 615 BOY
Rubi 615 GIRL
Keagan 616 BOY
Alma 616 GIRL
Xzavier 617 BOY
Felicity 617 GIRL
August 618 BOY
Karissa 618 GIRL
Matteo 619 BOY
Ingrid 619 GIRL
Misael 620 BOY
Jazmyn 620 GIRL
Tyrese 621 BOY
Kaylynn 621 GIRL
Randall 622 BOY
Kennedi 622 GIRL
Asa 623 BOY
Sharon 623 GIRL
Ryker 624 BOY
Kayden 624 GIRL
Krish 625 BOY
Savanah 625 GIRL
Boston 626 BOY
Brittney 626 GIRL
Junior 627 BOY
Yareli 627 GIRL
Rudy 628 BOY
Jaylin 628 GIRL
Elisha 629 BOY
Siena 629 GIRL
Markus 630 BOY
Ally 630 GIRL
Antoine 631 BOY
Gwendolyn 631 GIRL
Kolton 632 BOY
Jaylynn 632 GIRL
Mohammed 633 BOY
Larissa 633 GIRL
Ari 634 BOY
Noemi 634 GIRL
Bailey 635 BOY
Amiyah 635 GIRL
Kadin 636 BOY
Macey 636 GIRL
Sincere 637 BOY
Parker 637 GIRL
London 638 BOY
Edith 638 GIRL
Muhammad 639 BOY
Lyla 639 GIRL
Aron 640 BOY
Kaya 640 GIRL
Freddy 641 BOY
Mikaela 641 GIRL
Jefferson 642 BOY
Rowan 642 GIRL
Alonso 643 BOY
Gia 643 GIRL
Javion 644 BOY
Lyric 644 GIRL
Wayne 645 BOY
Maeve 645 GIRL
Damarion 646 BOY
Shaniya 646 GIRL
Eugene 647 BOY
Myah 647 GIRL
Frankie 648 BOY
Dominique 648 GIRL
Jamar 649 BOY
Karlee 649 GIRL
Kole 650 BOY
Abbie 650 GIRL
Quintin 651 BOY
Bailee 651 GIRL
Harold 652 BOY
Aryanna 652 GIRL
Todd 653 BOY
Arabella 653 GIRL
Duncan 654 BOY
Carlee 654 GIRL
Tyrell 655 BOY
Monique 655 GIRL
Jaquan 656 BOY
Mayra 656 GIRL
Agustin 657 BOY
Cheyanne 657 GIRL
Gilbert 658 BOY
Juliette 658 GIRL
Jarrett 659 BOY
Campbell 659 GIRL
Rashad 660 BOY
Cristal 660 GIRL
Coleman 661 BOY
Aria 661 GIRL
Moshe 662 BOY
Tyra 662 GIRL
Efrain 663 BOY
Clare 663 GIRL
Kamari 664 BOY
Taniya 664 GIRL
Kolby 665 BOY
Alena 665 GIRL
Jaeden 666 BOY
Maci 666 GIRL
Nico 667 BOY
Aleah 667 GIRL
Kamron 668 BOY
Jacquelyn 668 GIRL
Octavio 669 BOY
Cecelia 669 GIRL
Irvin 670 BOY
Kaley 670 GIRL
Kasey 671 BOY
Paula 671 GIRL
Lamar 672 BOY
Stacy 672 GIRL
Lawson 673 BOY
Charity 673 GIRL
Yandel 674 BOY
Evelin 674 GIRL
Bradyn 675 BOY
Esperanza 675 GIRL
Zechariah 676 BOY
Deborah 676 GIRL
Jordy 677 BOY
Gisselle 677 GIRL
Lewis 678 BOY
Tamara 678 GIRL
Milo 679 BOY
Janae 679 GIRL
Mike 680 BOY
Greta 680 GIRL
Raphael 681 BOY
Mara 681 GIRL
Davian 682 BOY
Laci 682 GIRL
Rhett 683 BOY
Aisha 683 GIRL
Aryan 684 BOY
Elyse 684 GIRL
Draven 685 BOY
Emmalee 685 GIRL
Ryland 686 BOY
Kaylyn 686 GIRL
Deacon 687 BOY
Amani 687 GIRL
Santino 688 BOY
Ashleigh 688 GIRL
Sage 689 BOY
Marianna 689 GIRL
Dashawn 690 BOY
Tianna 690 GIRL
Layne 691 BOY
Lizeth 691 GIRL
Jaylan 692 BOY
Mariam 692 GIRL
Semaj 693 BOY
Angelique 693 GIRL
Jovani 694 BOY
Kaia 694 GIRL
Brice 695 BOY
Abbey 695 GIRL
Clark 696 BOY
Catalina 696 GIRL
Humberto 697 BOY
Ryann 697 GIRL
Armani 698 BOY
Keely 698 GIRL
Kenyon 699 BOY
Aliya 699 GIRL
Tyree 700 BOY
Ayana 700 GIRL
Kane 701 BOY
Krista 701 GIRL
Giovanny 702 BOY
Monserrat 702 GIRL
Ignacio 703 BOY
Rosemary 703 GIRL
Luciano 704 BOY
Ansley 704 GIRL
Kian 705 BOY
Lorena 705 GIRL
Isai 706 BOY
Roselyn 706 GIRL
Adriel 707 BOY
Celia 707 GIRL
Clay 708 BOY
Giana 708 GIRL
Nigel 709 BOY
Princess 709 GIRL
Gavyn 710 BOY
Saniyah 710 GIRL
Darnell 711 BOY
Akeelah 711 GIRL
Yair 712 BOY
Gina 712 GIRL
Kareem 713 BOY
Joslyn 713 GIRL
Josh 714 BOY
Micah 714 GIRL
Omari 715 BOY
Ada 715 GIRL
Giancarlo 716 BOY
Hana 716 GIRL
Layton 717 BOY
Theresa 717 GIRL
Santos 718 BOY
Zaria 718 GIRL
Vance 719 BOY
Elaine 719 GIRL
Arjun 720 BOY
Valery 720 GIRL
Jean 721 BOY
Liana 721 GIRL
Donte 722 BOY
Aracely 722 GIRL
Ernest 723 BOY
Giovanna 723 GIRL
Nathanial 724 BOY
Isabell 724 GIRL
Anton 725 BOY
Lainey 725 GIRL
Jair 726 BOY
Shyanne 726 GIRL
Malakai 727 BOY
Iliana 727 GIRL
Omarion 728 BOY
Lucille 728 GIRL
Tristian 729 BOY
Kayley 729 GIRL
Roderick 730 BOY
Jakayla 730 GIRL
Aydin 731 BOY
Ann 731 GIRL
Brennen 732 BOY
Cassie 732 GIRL
Cale 733 BOY
Dylan 733 GIRL
Vaughn 734 BOY
Tess 734 GIRL
Demarcus 735 BOY
Taliyah 735 GIRL
Derick 736 BOY
Adrienne 736 GIRL
Enzo 737 BOY
Jamya 737 GIRL
Hamza 738 BOY
Rhiannon 738 GIRL
Jordon 739 BOY
Aiyana 739 GIRL
Kylan 740 BOY
Lorelei 740 GIRL
Mathias 741 BOY
Tyler 741 GIRL
Nash 742 BOY
Amiya 742 GIRL
Justus 743 BOY
Betsy 743 GIRL
Braedon 744 BOY
Chasity 744 GIRL
Dale 745 BOY
Meagan 745 GIRL
Kaeden 746 BOY
Tanya 746 GIRL
Ross 747 BOY
Jacey 747 GIRL
Devyn 748 BOY
Leanna 748 GIRL
Demarion 749 BOY
Mila 749 GIRL
Garret 750 BOY
Lesley 750 GIRL
Jan 751 BOY
Charlize 751 GIRL
Kason 752 BOY
Salma 752 GIRL
Cason 753 BOY
Deja 753 GIRL
Adrien 754 BOY
Cherish 754 GIRL
Alfred 755 BOY
Kaliyah 755 GIRL
Braylen 756 BOY
Mollie 756 GIRL
Jadyn 757 BOY
Anabelle 757 GIRL
Beckett 758 BOY
Gillian 758 GIRL
Jorden 759 BOY
Gracelyn 759 GIRL
Aedan 760 BOY
Hailie 760 GIRL
Elvis 761 BOY
Charlie 761 GIRL
Barrett 762 BOY
Jaliyah 762 GIRL
Dominique 763 BOY
Aimee 763 GIRL
Ralph 764 BOY
Karlie 764 GIRL
Hassan 765 BOY
Jaycee 765 GIRL
Kale 766 BOY
Kelsie 766 GIRL
Atticus 767 BOY
Adison 767 GIRL
Jamir 768 BOY
Miah 768 GIRL
Karl 769 BOY
Sydnee 769 GIRL
Keon 770 BOY
Eileen 770 GIRL
Bo 771 BOY
Gretchen 771 GIRL
Darwin 772 BOY
Kaila 772 GIRL
Darryl 773 BOY
Kianna 773 GIRL
Dillan 774 BOY
Thalia 774 GIRL
Ean 775 BOY
Marlee 775 GIRL
Jovanni 776 BOY
Aylin 776 GIRL
Paxton 777 BOY
Abigayle 777 GIRL
Amare 778 BOY
Emery 778 GIRL
Finnegan 779 BOY
Frances 779 GIRL
Jordyn 780 BOY
Ashly 780 GIRL
Remington 781 BOY
Lilyana 781 GIRL
Ronaldo 782 BOY
Nathaly 782 GIRL
Ellis 783 BOY
Nathalia 783 GIRL
Sterling 784 BOY
Amelie 784 GIRL
Carmine 785 BOY
Chaya 785 GIRL
Heath 786 BOY
Rhianna 786 GIRL
Roland 787 BOY
Katlyn 787 GIRL
Conrad 788 BOY
Shaylee 788 GIRL
Rigoberto 789 BOY
Zariah 789 GIRL
Cullen 790 BOY
Chelsey 790 GIRL
Giovani 791 BOY
Shakira 791 GIRL
Reagan 792 BOY
Elsa 792 GIRL
Bruno 793 BOY
Jaelynn 793 GIRL
Deangelo 794 BOY
Madalynn 794 GIRL
Kamden 795 BOY
Noelia 795 GIRL
Cannon 796 BOY
Jaylyn 796 GIRL
Rylee 797 BOY
Leticia 797 GIRL
Messiah 798 BOY
Libby 798 GIRL
Korbin 799 BOY
Stephany 799 GIRL
Shamar 800 BOY
Blanca 800 GIRL
Sidney 801 BOY
Brandy 801 GIRL
Marques 802 BOY
Makena 802 GIRL
Malaki 803 BOY
Maribel 803 GIRL
Cristofer 804 BOY
Meadow 804 GIRL
Jovanny 805 BOY
Saige 805 GIRL
Nathen 806 BOY
Xiomara 806 GIRL
Luka 807 BOY
Nyasia 807 GIRL
Soren 808 BOY
Mariela 808 GIRL
Zavier 809 BOY
Belinda 809 GIRL
Aditya 810 BOY
Shayna 810 GIRL
Alden 811 BOY
Rayna 811 GIRL
Donavan 812 BOY
Trista 812 GIRL
Matthias 813 BOY
Sariah 813 GIRL
Rex 814 BOY
Kendal 814 GIRL
Antony 815 BOY
Lilianna 815 GIRL
Matias 816 BOY
Phoenix 816 GIRL
Salvatore 817 BOY
Zion 817 GIRL
Clarence 818 BOY
Jaylee 818 GIRL
Jaron 819 BOY
Toni 819 GIRL
Nick 820 BOY
Tatyana 820 GIRL
Zaire 821 BOY
Kallie 821 GIRL
Adonis 822 BOY
Journey 822 GIRL
Keshawn 823 BOY
Aryana 823 GIRL
Lucian 824 BOY
Janiah 824 GIRL
Prince 825 BOY
Camilla 825 GIRL
Rory 826 BOY
Corinne 826 GIRL
Teagan 827 BOY
Mattie 827 GIRL
Antwan 828 BOY
Natalya 828 GIRL
Konnor 829 BOY
Litzy 829 GIRL
Darien 830 BOY
Aleena 830 GIRL
Augustus 831 BOY
Joyce 831 GIRL
Coby 832 BOY
Donna 832 GIRL
Jovany 833 BOY
Jayleen 833 GIRL
Reynaldo 834 BOY
Lara 834 GIRL
Samir 835 BOY
Paisley 835 GIRL
Howard 836 BOY
Frida 836 GIRL
Houston 837 BOY
Yaretzi 837 GIRL
Ace 838 BOY
Selah 838 GIRL
German 839 BOY
Essence 839 GIRL
Jovan 840 BOY
Galilea 840 GIRL
Devonte 841 BOY
Keyla 841 GIRL
Seamus 842 BOY
Sarahi 842 GIRL
Sheldon 843 BOY
Scarlet 843 GIRL
Clinton 844 BOY
Breana 844 GIRL
Milton 845 BOY
Abril 845 GIRL
Estevan 846 BOY
Laurel 846 GIRL
Karter 847 BOY
Maleah 847 GIRL
Bode 848 BOY
Annabel 848 GIRL
Deon 849 BOY
Dalia 849 GIRL
Glenn 850 BOY
Johana 850 GIRL
Kael 851 BOY
Kaiya 851 GIRL
Maxim 852 BOY
Karma 852 GIRL
Deshaun 853 BOY
Paloma 853 GIRL
Rey 854 BOY
Rebeca 854 GIRL
Eddy 855 BOY
Braelyn 855 GIRL
Makai 856 BOY
Aliza 856 GIRL
Vincenzo 857 BOY
Elliana 857 GIRL
Haden 858 BOY
Zara 858 GIRL
Koen 859 BOY
Carrie 859 GIRL
Quinten 860 BOY
Jaclyn 860 GIRL
Alexandro 861 BOY
Jewel 861 GIRL
Branson 862 BOY
Sheyla 862 GIRL
Dangelo 863 BOY
Angeline 863 GIRL
Leandro 864 BOY
Carina 864 GIRL
Zain 865 BOY
Karli 865 GIRL
Marquise 866 BOY
Kaylen 866 GIRL
Savion 867 BOY
Lilah 867 GIRL
Blaze 868 BOY
Montana 868 GIRL
Darion 869 BOY
Anais 869 GIRL
Carmelo 870 BOY
Bria 870 GIRL
Zayden 871 BOY
Maliyah 871 GIRL
Haiden 872 BOY
Cailyn 872 GIRL
Reuben 873 BOY
Kamila 873 GIRL
Nikhil 874 BOY
Kenia 874 GIRL
Dario 875 BOY
Susana 875 GIRL
Konner 876 BOY
Kinsley 876 GIRL
Santana 877 BOY
Adyson 877 GIRL
Stefan 878 BOY
Bethzy 878 GIRL
Winston 879 BOY
Elsie 879 GIRL
Andreas 880 BOY
Iyana 880 GIRL
Gauge 881 BOY
Annette 881 GIRL
Keyon 882 BOY
Ashanti 882 GIRL
Sonny 883 BOY
Desirae 883 GIRL
Broderick 884 BOY
Julianne 884 GIRL
Hezekiah 885 BOY
Brylee 885 GIRL
Finley 886 BOY
Cayla 886 GIRL
Samson 887 BOY
Kayli 887 GIRL
Abdullah 888 BOY
Naima 888 GIRL
Gannon 889 BOY
Abigale 889 GIRL
Marcelo 890 BOY
Alisa 890 GIRL
Landin 891 BOY
Taniyah 891 GIRL
Pranav 892 BOY
Joselin 892 GIRL
Talen 893 BOY
Shea 893 GIRL
Zakary 894 BOY
Yuridia 894 GIRL
Garrison 895 BOY
Abagail 895 GIRL
King 896 BOY
Mariyah 896 GIRL
Brad 897 BOY
Yaritza 897 GIRL
Kasen 898 BOY
Kinsey 898 GIRL
Kyan 899 BOY
Averie 899 GIRL
Gordon 900 BOY
Moriah 900 GIRL
Royce 901 BOY
Selina 901 GIRL
Tyshawn 902 BOY
Colleen 902 GIRL
Fredrick 903 BOY
Jaylah 903 GIRL
Van 904 BOY
Kinley 904 GIRL
Chaz 905 BOY
Estefani 905 GIRL
Colt 906 BOY
Katharine 906 GIRL
Elmer 907 BOY
Kathy 907 GIRL
Keven 908 BOY
Magdalena 908 GIRL
Jacoby 909 BOY
Amaris 909 GIRL
Aidyn 910 BOY
Finley 910 GIRL
Valentin 911 BOY
Tayler 911 GIRL
Yusuf 912 BOY
Jaylene 912 GIRL
Dexter 913 BOY
Yvette 913 GIRL
Jamarcus 914 BOY
Belen 914 GIRL
Rhys 915 BOY
Charlee 915 GIRL
Sullivan 916 BOY
Karley 916 GIRL
Cael 917 BOY
Chanel 917 GIRL
Franco 918 BOY
Myla 918 GIRL
Gaige 919 BOY
Shyla 919 GIRL
Kadyn 920 BOY
Adamaris 920 GIRL
Guadalupe 921 BOY
Adelaide 921 GIRL
Maximo 922 BOY
Maura 922 GIRL
Memphis 923 BOY
Tayla 923 GIRL
Austen 924 BOY
Kenna 924 GIRL
Gonzalo 925 BOY
Raina 925 GIRL
Jeramiah 926 BOY
Jasmyn 926 GIRL
Nestor 927 BOY
Luciana 927 GIRL
Treyvon 928 BOY
Alia 928 GIRL
Camryn 929 BOY
Destini 929 GIRL
Darrius 930 BOY
Lilia 930 GIRL
Jerimiah 931 BOY
Savana 931 GIRL
Arnav 932 BOY
Tina 932 GIRL
Jasiah 933 BOY
Alani 933 GIRL
Sammy 934 BOY
Makaila 934 GIRL
Travon 935 BOY
Mira 935 GIRL
Zack 936 BOY
Armani 936 GIRL
Carlo 937 BOY
Halie 937 GIRL
Cortez 938 BOY
Reina 938 GIRL
Cornelius 939 BOY
Malaya 939 GIRL
Denzel 940 BOY
Rocio 940 GIRL
Kingston 941 BOY
Cloe 941 GIRL
Brenton 942 BOY
Karis 942 GIRL
Truman 943 BOY
Kya 943 GIRL
Yosef 944 BOY
Margarita 944 GIRL
Bernard 945 BOY
Nichole 945 GIRL
Chaim 946 BOY
Sheila 946 GIRL
Edison 947 BOY
Yuliana 947 GIRL
Gaven 948 BOY
Citlali 948 GIRL
Keyshawn 949 BOY
Jalynn 949 GIRL
Simeon 950 BOY
Justine 950 GIRL
Case 951 BOY
Kaylah 951 GIRL
Ethen 952 BOY
Lacie 952 GIRL
Harper 953 BOY
Marin 953 GIRL
Javen 954 BOY
Maryam 954 GIRL
Landan 955 BOY
Bree 955 GIRL
Leroy 956 BOY
Jalyn 956 GIRL
Marcel 957 BOY
Leia 957 GIRL
Perry 958 BOY
Riya 958 GIRL
Zayne 959 BOY
Alize 959 GIRL
Destin 960 BOY
Briley 960 GIRL
Trystan 961 BOY
Micaela 961 GIRL
Benny 962 BOY
Tatianna 962 GIRL
Coen 963 BOY
Khloe 963 GIRL
Domenic 964 BOY
Mckinley 964 GIRL
Stephan 965 BOY
Akira 965 GIRL
Braulio 966 BOY
Beatrice 966 GIRL
Valentino 967 BOY
Brandi 967 GIRL
Efren 968 BOY
Carol 968 GIRL
Imanol 969 BOY
Jorja 969 GIRL
Jamel 970 BOY
Miya 970 GIRL
Jaydin 971 BOY
Amirah 971 GIRL
Josef 972 BOY
Destiney 972 GIRL
Rocky 973 BOY
Lucero 973 GIRL
Austyn 974 BOY
Sanai 974 GIRL
Bernardo 975 BOY
Shyann 975 GIRL
Izayah 976 BOY
Stacey 976 GIRL
Jaheim 977 BOY
Nya 977 GIRL
Joan 978 BOY
Amina 978 GIRL
Johnpaul 979 BOY
Areli 979 GIRL
Kamren 980 BOY
Fabiola 980 GIRL
Korey 981 BOY
Lina 981 GIRL
Lamont 982 BOY
Hillary 982 GIRL
Niko 983 BOY
Mireya 983 GIRL
Stone 984 BOY
Christiana 984 GIRL
Blaise 985 BOY
Dania 985 GIRL
Shannon 986 BOY
Leyla 986 GIRL
Anders 987 BOY
Selene 987 GIRL
Dion 988 BOY
Dahlia 988 GIRL
Guy 989 BOY
Lorelai 989 GIRL
Mikel 990 BOY
Chana 990 GIRL
Cristobal 991 BOY
Iyanna 991 GIRL
Dandre 992 BOY
Rayne 992 GIRL
Earl 993 BOY
Ericka 993 GIRL
Hugh 994 BOY
Janice 994 GIRL
Jax 995 BOY
Mina 995 GIRL
Rayan 996 BOY
Neveah 996 GIRL
Ronin 997 BOY
Nicolette 997 GIRL
Thaddeus 998 BOY
Izabelle 998 GIRL
Brogan 999 BOY
Joana 999 GIRL
Jarvis 1000 BOY
Flor 1000 GIRL