2000
Jacob 1 BOY
Emily 1 GIRL
Michael 2 BOY
Hannah 2 GIRL
Matthew 3 BOY
Madison 3 GIRL
Joshua 4 BOY
Ashley 4 GIRL
Christopher 5 BOY
Sarah 5 GIRL
Nicholas 6 BOY
Alexis 6 GIRL
Andrew 7 BOY
Samantha 7 GIRL
Joseph 8 BOY
Jessica 8 GIRL
Daniel 9 BOY
Taylor 9 GIRL
Tyler 10 BOY
Elizabeth 10 GIRL
William 11 BOY
Lauren 11 GIRL
Brandon 12 BOY
Alyssa 12 GIRL
Ryan 13 BOY
Kayla 13 GIRL
John 14 BOY
Abigail 14 GIRL
Zachary 15 BOY
Brianna 15 GIRL
David 16 BOY
Olivia 16 GIRL
Anthony 17 BOY
Emma 17 GIRL
James 18 BOY
Megan 18 GIRL
Justin 19 BOY
Grace 19 GIRL
Alexander 20 BOY
Victoria 20 GIRL
Jonathan 21 BOY
Rachel 21 GIRL
Christian 22 BOY
Anna 22 GIRL
Austin 23 BOY
Sydney 23 GIRL
Dylan 24 BOY
Destiny 24 GIRL
Ethan 25 BOY
Morgan 25 GIRL
Benjamin 26 BOY
Jennifer 26 GIRL
Noah 27 BOY
Jasmine 27 GIRL
Samuel 28 BOY
Haley 28 GIRL
Robert 29 BOY
Julia 29 GIRL
Nathan 30 BOY
Kaitlyn 30 GIRL
Cameron 31 BOY
Nicole 31 GIRL
Kevin 32 BOY
Amanda 32 GIRL
Thomas 33 BOY
Katherine 33 GIRL
Jose 34 BOY
Natalie 34 GIRL
Hunter 35 BOY
Hailey 35 GIRL
Jordan 36 BOY
Alexandra 36 GIRL
Kyle 37 BOY
Savannah 37 GIRL
Caleb 38 BOY
Chloe 38 GIRL
Jason 39 BOY
Rebecca 39 GIRL
Logan 40 BOY
Stephanie 40 GIRL
Aaron 41 BOY
Maria 41 GIRL
Eric 42 BOY
Sophia 42 GIRL
Brian 43 BOY
Mackenzie 43 GIRL
Gabriel 44 BOY
Allison 44 GIRL
Adam 45 BOY
Isabella 45 GIRL
Jack 46 BOY
Amber 46 GIRL
Isaiah 47 BOY
Mary 47 GIRL
Juan 48 BOY
Danielle 48 GIRL
Luis 49 BOY
Gabrielle 49 GIRL
Connor 50 BOY
Jordan 50 GIRL
Charles 51 BOY
Brooke 51 GIRL
Elijah 52 BOY
Michelle 52 GIRL
Isaac 53 BOY
Sierra 53 GIRL
Steven 54 BOY
Katelyn 54 GIRL
Evan 55 BOY
Andrea 55 GIRL
Jared 56 BOY
Madeline 56 GIRL
Sean 57 BOY
Sara 57 GIRL
Timothy 58 BOY
Kimberly 58 GIRL
Luke 59 BOY
Courtney 59 GIRL
Cody 60 BOY
Erin 60 GIRL
Nathaniel 61 BOY
Brittany 61 GIRL
Alex 62 BOY
Vanessa 62 GIRL
Seth 63 BOY
Jacqueline 63 GIRL
Mason 64 BOY
Jenna 64 GIRL
Richard 65 BOY
Caroline 65 GIRL
Carlos 66 BOY
Faith 66 GIRL
Angel 67 BOY
Makayla 67 GIRL
Patrick 68 BOY
Bailey 68 GIRL
Devin 69 BOY
Paige 69 GIRL
Bryan 70 BOY
Shelby 70 GIRL
Cole 71 BOY
Melissa 71 GIRL
Jackson 72 BOY
Kaylee 72 GIRL
Ian 73 BOY
Christina 73 GIRL
Garrett 74 BOY
Trinity 74 GIRL
Trevor 75 BOY
Caitlin 75 GIRL
Jesus 76 BOY
Mariah 76 GIRL
Chase 77 BOY
Autumn 77 GIRL
Adrian 78 BOY
Marissa 78 GIRL
Mark 79 BOY
Angela 79 GIRL
Blake 80 BOY
Breanna 80 GIRL
Sebastian 81 BOY
Catherine 81 GIRL
Antonio 82 BOY
Zoe 82 GIRL
Lucas 83 BOY
Briana 83 GIRL
Jeremy 84 BOY
Jada 84 GIRL
Gavin 85 BOY
Laura 85 GIRL
Miguel 86 BOY
Claire 86 GIRL
Julian 87 BOY
Alexa 87 GIRL
Dakota 88 BOY
Kelsey 88 GIRL
Alejandro 89 BOY
Kathryn 89 GIRL
Jesse 90 BOY
Leslie 90 GIRL
Dalton 91 BOY
Alexandria 91 GIRL
Bryce 92 BOY
Sabrina 92 GIRL
Tanner 93 BOY
Isabel 93 GIRL
Kenneth 94 BOY
Mia 94 GIRL
Stephen 95 BOY
Molly 95 GIRL
Jake 96 BOY
Leah 96 GIRL
Victor 97 BOY
Katie 97 GIRL
Spencer 98 BOY
Gabriella 98 GIRL
Marcus 99 BOY
Cheyenne 99 GIRL
Paul 100 BOY
Cassandra 100 GIRL
Brendan 101 BOY
Tiffany 101 GIRL
Xavier 102 BOY
Erica 102 GIRL
Jeremiah 103 BOY
Lindsey 103 GIRL
Jeffrey 104 BOY
Kylie 104 GIRL
Tristan 105 BOY
Cassidy 105 GIRL
Jalen 106 BOY
Diana 106 GIRL
Jorge 107 BOY
Amy 107 GIRL
Edward 108 BOY
Mikayla 108 GIRL
Riley 109 BOY
Ariana 109 GIRL
Colton 110 BOY
Margaret 110 GIRL
Wyatt 111 BOY
Kelly 111 GIRL
Joel 112 BOY
Miranda 112 GIRL
Maxwell 113 BOY
Maya 113 GIRL
Aidan 114 BOY
Melanie 114 GIRL
Travis 115 BOY
Audrey 115 GIRL
Shane 116 BOY
Jade 116 GIRL
Colin 117 BOY
Gabriela 117 GIRL
Dominic 118 BOY
Caitlyn 118 GIRL
Carson 119 BOY
Angel 119 GIRL
Vincent 120 BOY
Jillian 120 GIRL
Derek 121 BOY
Alicia 121 GIRL
Oscar 122 BOY
Jocelyn 122 GIRL
Grant 123 BOY
Erika 123 GIRL
Eduardo 124 BOY
Lily 124 GIRL
Peter 125 BOY
Madelyn 125 GIRL
Henry 126 BOY
Heather 126 GIRL
Parker 127 BOY
Adriana 127 GIRL
Hayden 128 BOY
Arianna 128 GIRL
Collin 129 BOY
Lillian 129 GIRL
George 130 BOY
Kiara 130 GIRL
Bradley 131 BOY
Riley 131 GIRL
Mitchell 132 BOY
Crystal 132 GIRL
Devon 133 BOY
Mckenzie 133 GIRL
Ricardo 134 BOY
Meghan 134 GIRL
Shawn 135 BOY
Skylar 135 GIRL
Taylor 136 BOY
Ana 136 GIRL
Nicolas 137 BOY
Britney 137 GIRL
Gregory 138 BOY
Angelica 138 GIRL
Francisco 139 BOY
Kennedy 139 GIRL
Liam 140 BOY
Chelsea 140 GIRL
Kaleb 141 BOY
Daisy 141 GIRL
Preston 142 BOY
Kristen 142 GIRL
Erik 143 BOY
Veronica 143 GIRL
Alexis 144 BOY
Isabelle 144 GIRL
Owen 145 BOY
Summer 145 GIRL
Omar 146 BOY
Hope 146 GIRL
Diego 147 BOY
Brittney 147 GIRL
Dustin 148 BOY
Hayley 148 GIRL
Corey 149 BOY
Lydia 149 GIRL
Fernando 150 BOY
Evelyn 150 GIRL
Clayton 151 BOY
Bethany 151 GIRL
Carter 152 BOY
Shannon 152 GIRL
Ivan 153 BOY
Michaela 153 GIRL
Jaden 154 BOY
Karen 154 GIRL
Javier 155 BOY
Jamie 155 GIRL
Alec 156 BOY
Daniela 156 GIRL
Johnathan 157 BOY
Angelina 157 GIRL
Scott 158 BOY
Kaitlin 158 GIRL
Manuel 159 BOY
Karina 159 GIRL
Cristian 160 BOY
Sophie 160 GIRL
Alan 161 BOY
Sofia 161 GIRL
Raymond 162 BOY
Diamond 162 GIRL
Brett 163 BOY
Payton 163 GIRL
Max 164 BOY
Cynthia 164 GIRL
Andres 165 BOY
Alexia 165 GIRL
Gage 166 BOY
Valerie 166 GIRL
Mario 167 BOY
Monica 167 GIRL
Dawson 168 BOY
Peyton 168 GIRL
Dillon 169 BOY
Carly 169 GIRL
Cesar 170 BOY
Bianca 170 GIRL
Wesley 171 BOY
Hanna 171 GIRL
Levi 172 BOY
Brenda 172 GIRL
Jakob 173 BOY
Rebekah 173 GIRL
Chandler 174 BOY
Alejandra 174 GIRL
Martin 175 BOY
Mya 175 GIRL
Malik 176 BOY
Avery 176 GIRL
Edgar 177 BOY
Brooklyn 177 GIRL
Trenton 178 BOY
Ashlyn 178 GIRL
Sergio 179 BOY
Lindsay 179 GIRL
Nolan 180 BOY
Ava 180 GIRL
Josiah 181 BOY
Desiree 181 GIRL
Marco 182 BOY
Alondra 182 GIRL
Peyton 183 BOY
Camryn 183 GIRL
Harrison 184 BOY
Ariel 184 GIRL
Hector 185 BOY
Naomi 185 GIRL
Micah 186 BOY
Jordyn 186 GIRL
Roberto 187 BOY
Kendra 187 GIRL
Drew 188 BOY
Mckenna 188 GIRL
Erick 189 BOY
Holly 189 GIRL
Brady 190 BOY
Julie 190 GIRL
Conner 191 BOY
Kendall 191 GIRL
Jonah 192 BOY
Kara 192 GIRL
Casey 193 BOY
Jasmin 193 GIRL
Jayden 194 BOY
Selena 194 GIRL
Emmanuel 195 BOY
Esmeralda 195 GIRL
Edwin 196 BOY
Amaya 196 GIRL
Andre 197 BOY
Kylee 197 GIRL
Phillip 198 BOY
Maggie 198 GIRL
Brayden 199 BOY
Makenzie 199 GIRL
Landon 200 BOY
Claudia 200 GIRL
Giovanni 201 BOY
Cameron 201 GIRL
Bailey 202 BOY
Kyra 202 GIRL
Ronald 203 BOY
Karla 203 GIRL
Braden 204 BOY
Kathleen 204 GIRL
Damian 205 BOY
Abby 205 GIRL
Donovan 206 BOY
Delaney 206 GIRL
Ruben 207 BOY
Amelia 207 GIRL
Frank 208 BOY
Casey 208 GIRL
Gerardo 209 BOY
Serena 209 GIRL
Pedro 210 BOY
Savanna 210 GIRL
Andy 211 BOY
Aaliyah 211 GIRL
Chance 212 BOY
Giselle 212 GIRL
Abraham 213 BOY
Mallory 213 GIRL
Calvin 214 BOY
April 214 GIRL
Trey 215 BOY
Adrianna 215 GIRL
Cade 216 BOY
Raven 216 GIRL
Donald 217 BOY
Christine 217 GIRL
Derrick 218 BOY
Kristina 218 GIRL
Payton 219 BOY
Natalia 219 GIRL
Darius 220 BOY
Asia 220 GIRL
Enrique 221 BOY
Nina 221 GIRL
Keith 222 BOY
Valeria 222 GIRL
Raul 223 BOY
Aubrey 223 GIRL
Jaylen 224 BOY
Lauryn 224 GIRL
Troy 225 BOY
Kate 225 GIRL
Jonathon 226 BOY
Jazmin 226 GIRL
Cory 227 BOY
Rachael 227 GIRL
Marc 228 BOY
Patricia 228 GIRL
Skyler 229 BOY
Katelynn 229 GIRL
Rafael 230 BOY
Cierra 230 GIRL
Griffin 231 BOY
Alison 231 GIRL
Trent 232 BOY
Macy 232 GIRL
Colby 233 BOY
Nancy 233 GIRL
Johnny 234 BOY
Elena 234 GIRL
Chad 235 BOY
Kyla 235 GIRL
Eli 236 BOY
Katrina 236 GIRL
Armando 237 BOY
Jazmine 237 GIRL
Kobe 238 BOY
Joanna 238 GIRL
Caden 239 BOY
Tara 239 GIRL
Cooper 240 BOY
Gianna 240 GIRL
Marcos 241 BOY
Juliana 241 GIRL
Elias 242 BOY
Fatima 242 GIRL
Brenden 243 BOY
Allyson 243 GIRL
Israel 244 BOY
Gracie 244 GIRL
Avery 245 BOY
Guadalupe 245 GIRL
Zane 246 BOY
Sadie 246 GIRL
Dante 247 BOY
Genesis 247 GIRL
Josue 248 BOY
Yesenia 248 GIRL
Zackary 249 BOY
Julianna 249 GIRL
Mathew 250 BOY
Skyler 250 GIRL
Allen 251 BOY
Alexus 251 GIRL
Dennis 252 BOY
Tatiana 252 GIRL
Leonardo 253 BOY
Elise 253 GIRL
Ashton 254 BOY
Alana 254 GIRL
Philip 255 BOY
Kirsten 255 GIRL
Julio 256 BOY
Nadia 256 GIRL
Miles 257 BOY
Sandra 257 GIRL
Damien 258 BOY
Dominique 258 GIRL
Ty 259 BOY
Haylee 259 GIRL
Gustavo 260 BOY
Ruby 260 GIRL
Drake 261 BOY
Jayla 261 GIRL
Jaime 262 BOY
Cindy 262 GIRL
Simon 263 BOY
Tori 263 GIRL
Jerry 264 BOY
Sidney 264 GIRL
Curtis 265 BOY
Ella 265 GIRL
Kameron 266 BOY
Tessa 266 GIRL
Lance 267 BOY
Carolina 267 GIRL
Brock 268 BOY
Jaqueline 268 GIRL
Bryson 269 BOY
Camille 269 GIRL
Alberto 270 BOY
Whitney 270 GIRL
Dominick 271 BOY
Carmen 271 GIRL
Jimmy 272 BOY
Vivian 272 GIRL
Kaden 273 BOY
Bridget 273 GIRL
Douglas 274 BOY
Celeste 274 GIRL
Gary 275 BOY
Priscilla 275 GIRL
Brennan 276 BOY
Kiana 276 GIRL
Zachery 277 BOY
Makenna 277 GIRL
Randy 278 BOY
Madeleine 278 GIRL
Louis 279 BOY
Alissa 279 GIRL
Larry 280 BOY
Natasha 280 GIRL
Nickolas 281 BOY
Miriam 281 GIRL
Tony 282 BOY
Ciara 282 GIRL
Keegan 283 BOY
Cecilia 283 GIRL
Albert 284 BOY
Kassandra 284 GIRL
Fabian 285 BOY
Mercedes 285 GIRL
Saul 286 BOY
Reagan 286 GIRL
Danny 287 BOY
Aliyah 287 GIRL
Tucker 288 BOY
Josephine 288 GIRL
Damon 289 BOY
Charlotte 289 GIRL
Myles 290 BOY
Rylee 290 GIRL
Arturo 291 BOY
Shania 291 GIRL
Corbin 292 BOY
Kira 292 GIRL
Deandre 293 BOY
Meredith 293 GIRL
Kristopher 294 BOY
Eva 294 GIRL
Ricky 295 BOY
Dakota 295 GIRL
Lane 296 BOY
Lisa 296 GIRL
Darren 297 BOY
Hallie 297 GIRL
Pablo 298 BOY
Anne 298 GIRL
Jarrett 299 BOY
Rose 299 GIRL
Zion 300 BOY
Liliana 300 GIRL
Alfredo 301 BOY
Kristin 301 GIRL
Micheal 302 BOY
Kailey 302 GIRL
Angelo 303 BOY
Marisa 303 GIRL
Carl 304 BOY
Deanna 304 GIRL
Oliver 305 BOY
Imani 305 GIRL
Kyler 306 BOY
Annie 306 GIRL
Tommy 307 BOY
Nia 307 GIRL
Walter 308 BOY
Carolyn 308 GIRL
Dallas 309 BOY
Anastasia 309 GIRL
Jace 310 BOY
Brenna 310 GIRL
Quinn 311 BOY
Dana 311 GIRL
Theodore 312 BOY
Kassidy 312 GIRL
Grayson 313 BOY
Shayla 313 GIRL
Lorenzo 314 BOY
Ashlee 314 GIRL
Joe 315 BOY
Alaina 315 GIRL
Arthur 316 BOY
Rosa 316 GIRL
Bryant 317 BOY
Wendy 317 GIRL
Brent 318 BOY
Logan 318 GIRL
Ramon 319 BOY
Tabitha 319 GIRL
Russell 320 BOY
Paola 320 GIRL
Roman 321 BOY
Callie 321 GIRL
Moises 322 BOY
Addison 322 GIRL
Lawrence 323 BOY
Lucy 323 GIRL
Aiden 324 BOY
Gillian 324 GIRL
Quentin 325 BOY
Clarissa 325 GIRL
Tyrese 326 BOY
Destinee 326 GIRL
Tristen 327 BOY
Josie 327 GIRL
Jay 328 BOY
Denise 328 GIRL
Emanuel 329 BOY
Katlyn 329 GIRL
Salvador 330 BOY
Esther 330 GIRL
Terry 331 BOY
Bryanna 331 GIRL
Morgan 332 BOY
Mariana 332 GIRL
Jeffery 333 BOY
Emilee 333 GIRL
Esteban 334 BOY
Georgia 334 GIRL
Tyson 335 BOY
Deja 335 GIRL
Braxton 336 BOY
Kamryn 336 GIRL
Branden 337 BOY
Ashleigh 337 GIRL
Brody 338 BOY
Cristina 338 GIRL
Craig 339 BOY
Baylee 339 GIRL
Ismael 340 BOY
Heaven 340 GIRL
Marvin 341 BOY
Raquel 341 GIRL
Isiah 342 BOY
Monique 342 GIRL
Rodney 343 BOY
Teresa 343 GIRL
Marshall 344 BOY
Ruth 344 GIRL
Maurice 345 BOY
Helen 345 GIRL
Ernesto 346 BOY
Krystal 346 GIRL
Emilio 347 BOY
Cassie 347 GIRL
Brendon 348 BOY
Kayleigh 348 GIRL
Kody 349 BOY
Tiana 349 GIRL
Eddie 350 BOY
Marina 350 GIRL
Malachi 351 BOY
Heidi 351 GIRL
Abel 352 BOY
Ivy 352 GIRL
Keaton 353 BOY
Ashton 353 GIRL
Jon 354 BOY
Clara 354 GIRL
Shaun 355 BOY
Meagan 355 GIRL
Skylar 356 BOY
Gina 356 GIRL
Nikolas 357 BOY
Linda 357 GIRL
Ezekiel 358 BOY
Gloria 358 GIRL
Kendall 359 BOY
Jacquelyn 359 GIRL
Santiago 360 BOY
Ellie 360 GIRL
Camden 361 BOY
Jenny 361 GIRL
Trevon 362 BOY
Renee 362 GIRL
Bobby 363 BOY
Lizbeth 363 GIRL
Axel 364 BOY
Daniella 364 GIRL
Conor 365 BOY
Anahi 365 GIRL
Jamal 366 BOY
Virginia 366 GIRL
Lukas 367 BOY
Gisselle 367 GIRL
Malcolm 368 BOY
Kaitlynn 368 GIRL
Zackery 369 BOY
Julissa 369 GIRL
Jayson 370 BOY
Cheyanne 370 GIRL
Javon 371 BOY
Lacey 371 GIRL
Reginald 372 BOY
Haleigh 372 GIRL
Roger 373 BOY
Marie 373 GIRL
Zachariah 374 BOY
Eleanor 374 GIRL
Desmond 375 BOY
Martha 375 GIRL
Felix 376 BOY
Kierra 376 GIRL
Johnathon 377 BOY
Tiara 377 GIRL
Dean 378 BOY
Talia 378 GIRL
Quinton 379 BOY
Mikaela 379 GIRL
Ali 380 BOY
Eliza 380 GIRL
Davis 381 BOY
Kaylie 381 GIRL
Demetrius 382 BOY
Harley 382 GIRL
Gerald 383 BOY
Madalyn 383 GIRL
Rodrigo 384 BOY
Hailee 384 GIRL
Billy 385 BOY
Jaden 385 GIRL
Reece 386 BOY
Kasey 386 GIRL
Rene 387 BOY
Ashlynn 387 GIRL
Justice 388 BOY
Brandi 388 GIRL
Kelvin 389 BOY
Lesly 389 GIRL
Leo 390 BOY
Elisabeth 390 GIRL
Maximilian 391 BOY
Viviana 391 GIRL
Guillermo 392 BOY
Allie 392 GIRL
Kevon 393 BOY
Cara 393 GIRL
Steve 394 BOY
Marisol 394 GIRL
Chris 395 BOY
India 395 GIRL
Frederick 396 BOY
Litzy 396 GIRL
Clay 397 BOY
Tatyana 397 GIRL
Weston 398 BOY
Melody 398 GIRL
Dorian 399 BOY
Brandy 399 GIRL
Hugo 400 BOY
Jessie 400 GIRL
Orlando 401 BOY
Alisha 401 GIRL
Roy 402 BOY
Hunter 402 GIRL
Terrance 403 BOY
Noelle 403 GIRL
Kai 404 BOY
Carla 404 GIRL
Khalil 405 BOY
Francesca 405 GIRL
Graham 406 BOY
Tia 406 GIRL
Noel 407 BOY
Layla 407 GIRL
Nathanael 408 BOY
Krista 408 GIRL
Terrell 409 BOY
Zoey 409 GIRL
Willie 410 BOY
Carley 410 GIRL
Tyrone 411 BOY
Carissa 411 GIRL
Camron 412 BOY
Iris 412 GIRL
Mauricio 413 BOY
Janet 413 GIRL
Amir 414 BOY
Kaleigh 414 GIRL
Darian 415 BOY
Tyler 415 GIRL
Jarod 416 BOY
Theresa 416 GIRL
Nelson 417 BOY
Tamara 417 GIRL
Kade 418 BOY
Yasmine 418 GIRL
Reese 419 BOY
Tatum 419 GIRL
Garret 420 BOY
Sharon 420 GIRL
Kristian 421 BOY
Alice 421 GIRL
Marquis 422 BOY
Susan 422 GIRL
Rodolfo 423 BOY
Yasmin 423 GIRL
Dane 424 BOY
Tamia 424 GIRL
Felipe 425 BOY
Abbey 425 GIRL
Todd 426 BOY
Alayna 426 GIRL
Elian 427 BOY
Kali 427 GIRL
Walker 428 BOY
Bailee 428 GIRL
Mateo 429 BOY
Lesley 429 GIRL
Jaylon 430 BOY
Mckayla 430 GIRL
Kenny 431 BOY
Lilly 431 GIRL
Bruce 432 BOY
Ayanna 432 GIRL
Ross 433 BOY
Serenity 433 GIRL
Damion 434 BOY
Karissa 434 GIRL
Ezra 435 BOY
Jane 435 GIRL
Francis 436 BOY
Maddison 436 GIRL
Tate 437 BOY
Precious 437 GIRL
Byron 438 BOY
Jayda 438 GIRL
Reid 439 BOY
Kelsie 439 GIRL
Warren 440 BOY
Phoebe 440 GIRL
Bennett 441 BOY
Lexi 441 GIRL
Randall 442 BOY
Halle 442 GIRL
Triston 443 BOY
Kiersten 443 GIRL
Jermaine 444 BOY
Kiera 444 GIRL
Jaquan 445 BOY
Felicity 445 GIRL
Harley 446 BOY
Annika 446 GIRL
Jessie 447 BOY
Taryn 447 GIRL
Duncan 448 BOY
Tyra 448 GIRL
Franklin 449 BOY
Kaylin 449 GIRL
Reed 450 BOY
Kiley 450 GIRL
Braeden 451 BOY
Ellen 451 GIRL
Charlie 452 BOY
Jaclyn 452 GIRL
Holden 453 BOY
Madisyn 453 GIRL
Ahmad 454 BOY
Rhiannon 454 GIRL
Blaine 455 BOY
Colleen 455 GIRL
Kendrick 456 BOY
Pamela 456 GIRL
Issac 457 BOY
Tania 457 GIRL
Sawyer 458 BOY
Joy 458 GIRL
Melvin 459 BOY
Charity 459 GIRL
Jaylin 460 BOY
Fiona 460 GIRL
Moses 461 BOY
Alyson 461 GIRL
Sam 462 BOY
Kaila 462 GIRL
Solomon 463 BOY
Annabelle 463 GIRL
Cedric 464 BOY
Emely 464 GIRL
Beau 465 BOY
Alina 465 GIRL
Mohammad 466 BOY
Angelique 466 GIRL
Jordon 467 BOY
Regan 467 GIRL
Elliot 468 BOY
Irene 468 GIRL
Alvin 469 BOY
Johanna 469 GIRL
Darrell 470 BOY
Janae 470 GIRL
Lee 471 BOY
Janelle 471 GIRL
Jarred 472 BOY
Madyson 472 GIRL
Mohamed 473 BOY
Justine 473 GIRL
Wade 474 BOY
Paris 474 GIRL
Davion 475 BOY
Chelsey 475 GIRL
Tomas 476 BOY
Sasha 476 GIRL
Jaxon 477 BOY
Paulina 477 GIRL
Uriel 478 BOY
Mayra 478 GIRL
Deven 479 BOY
Zaria 479 GIRL
Gilberto 480 BOY
Skye 480 GIRL
Rogelio 481 BOY
Brisa 481 GIRL
Ronnie 482 BOY
Cora 482 GIRL
Julius 483 BOY
Emilie 483 GIRL
Allan 484 BOY
Felicia 484 GIRL
Brayan 485 BOY
Larissa 485 GIRL
Terrence 486 BOY
Tianna 486 GIRL
Deshawn 487 BOY
Macie 487 GIRL
Joey 488 BOY
Aurora 488 GIRL
Alfonso 489 BOY
Sage 489 GIRL
Noe 490 BOY
Lucia 490 GIRL
Ahmed 491 BOY
Alma 491 GIRL
Tyrell 492 BOY
Chasity 492 GIRL
Tyree 493 BOY
Ann 493 GIRL
Devan 494 BOY
Nichole 494 GIRL
Jerome 495 BOY
Jayden 495 GIRL
Neil 496 BOY
Alanna 496 GIRL
Ramiro 497 BOY
Deborah 497 GIRL
Pierce 498 BOY
Malia 498 GIRL
Davon 499 BOY
Angie 499 GIRL
Devonte 500 BOY
Carlie 500 GIRL
Jamie 501 BOY
Nora 501 GIRL
Adan 502 BOY
Kailee 502 GIRL
Leon 503 BOY
Carrie 503 GIRL
Eugene 504 BOY
Elaina 504 GIRL
Stanley 505 BOY
Sylvia 505 GIRL
Marlon 506 BOY
Sonia 506 GIRL
Quincy 507 BOY
Genevieve 507 GIRL
Leonard 508 BOY
Kenya 508 GIRL
Wayne 509 BOY
Piper 509 GIRL
Will 510 BOY
Marilyn 510 GIRL
Alvaro 511 BOY
Amari 511 GIRL
Ernest 512 BOY
Macey 512 GIRL
Harry 513 BOY
Marlene 513 GIRL
Addison 514 BOY
Tayler 514 GIRL
Jadon 515 BOY
Julianne 515 GIRL
Ray 516 BOY
Brooklynn 516 GIRL
Alonzo 517 BOY
Lorena 517 GIRL
Rolando 518 BOY
Perla 518 GIRL
Keyshawn 519 BOY
Elisa 519 GIRL
Mohammed 520 BOY
Kaley 520 GIRL
Tristin 521 BOY
Barbara 521 GIRL
Donte 522 BOY
Eden 522 GIRL
Leonel 523 BOY
Leilani 523 GIRL
Dominique 524 BOY
Miracle 524 GIRL
Wilson 525 BOY
Devin 525 GIRL
Jonas 526 BOY
Aileen 526 GIRL
Gilbert 527 BOY
Chyna 527 GIRL
Kieran 528 BOY
Athena 528 GIRL
Coby 529 BOY
Esperanza 529 GIRL
Dangelo 530 BOY
Adrienne 530 GIRL
Colten 531 BOY
Regina 531 GIRL
Keenan 532 BOY
Shyanne 532 GIRL
Koby 533 BOY
Luz 533 GIRL
Jarrod 534 BOY
Tierra 534 GIRL
Harold 535 BOY
Cristal 535 GIRL
Dale 536 BOY
Eliana 536 GIRL
Elliott 537 BOY
Clare 537 GIRL
Toby 538 BOY
Eve 538 GIRL
Dwayne 539 BOY
Kelli 539 GIRL
Osvaldo 540 BOY
Sydnee 540 GIRL
Cyrus 541 BOY
Madelynn 541 GIRL
Kolby 542 BOY
Breana 542 GIRL
Sage 543 BOY
Melina 543 GIRL
Coleman 544 BOY
Arielle 544 GIRL
Declan 545 BOY
Toni 545 GIRL
Adolfo 546 BOY
Corinne 546 GIRL
Trace 547 BOY
Justice 547 GIRL
Brennen 548 BOY
Maia 548 GIRL
Shamar 549 BOY
Tess 549 GIRL
Ariel 550 BOY
Ciera 550 GIRL
Darryl 551 BOY
Abbigail 551 GIRL
Efrain 552 BOY
Ebony 552 GIRL
Orion 553 BOY
Maritza 553 GIRL
Keshawn 554 BOY
Lexie 554 GIRL
Ulises 555 BOY
Isis 555 GIRL
Darien 556 BOY
Aimee 556 GIRL
Rudy 557 BOY
Lena 557 GIRL
Braydon 558 BOY
Leticia 558 GIRL
Vicente 559 BOY
Sydni 559 GIRL
Nasir 560 BOY
Sarai 560 GIRL
Ben 561 BOY
Halie 561 GIRL
Dayton 562 BOY
Alivia 562 GIRL
Joaquin 563 BOY
Destiney 563 GIRL
Karl 564 BOY
Edith 564 GIRL
Dandre 565 BOY
Laurel 565 GIRL
Isaias 566 BOY
Carina 566 GIRL
Rylan 567 BOY
Fernanda 567 GIRL
Sterling 568 BOY
Amya 568 GIRL
Cullen 569 BOY
Destini 569 GIRL
Quintin 570 BOY
Aspen 570 GIRL
Stefan 571 BOY
Nathalie 571 GIRL
Brice 572 BOY
Paula 572 GIRL
Lewis 573 BOY
Tanya 573 GIRL
Gunnar 574 BOY
Tina 574 GIRL
Humberto 575 BOY
Frances 575 GIRL
Nigel 576 BOY
Christian 576 GIRL
Alfred 577 BOY
Elaine 577 GIRL
Agustin 578 BOY
Aniya 578 GIRL
Asher 579 BOY
Ryan 579 GIRL
Daquan 580 BOY
Essence 580 GIRL
Easton 581 BOY
Mollie 581 GIRL
Salvatore 582 BOY
Shayna 582 GIRL
Jaron 583 BOY
Simone 583 GIRL
Nathanial 584 BOY
Kyleigh 584 GIRL
Everett 585 BOY
Nikki 585 GIRL
Ralph 586 BOY
Anya 586 GIRL
Hudson 587 BOY
Reyna 587 GIRL
Marquise 588 BOY
Kaylyn 588 GIRL
Tobias 589 BOY
Nicolette 589 GIRL
Glenn 590 BOY
Savanah 590 GIRL
Antoine 591 BOY
Abbie 591 GIRL
Jasper 592 BOY
Kailyn 592 GIRL
Elvis 593 BOY
Montana 593 GIRL
Kane 594 BOY
Itzel 594 GIRL
Sidney 595 BOY
Leila 595 GIRL
Ezequiel 596 BOY
Cayla 596 GIRL
Aron 597 BOY
Stacy 597 GIRL
Devyn 598 BOY
Araceli 598 GIRL
Mike 599 BOY
Robin 599 GIRL
Silas 600 BOY
Dulce 600 GIRL
Tylor 601 BOY
Candace 601 GIRL
Dashawn 602 BOY
Noemi 602 GIRL
Jaiden 603 BOY
Aleah 603 GIRL
Jayce 604 BOY
Ally 604 GIRL
Deonte 605 BOY
Nayeli 605 GIRL
Cristopher 606 BOY
Mara 606 GIRL
Romeo 607 BOY
Jewel 607 GIRL
Deon 608 BOY
Keely 608 GIRL
Freddy 609 BOY
Alisa 609 GIRL
Kurt 610 BOY
Karlee 610 GIRL
River 611 BOY
Micaela 611 GIRL
Kolton 612 BOY
Desirae 612 GIRL
August 613 BOY
Antonia 613 GIRL
Roderick 614 BOY
Brynn 614 GIRL
Derick 615 BOY
Leanna 615 GIRL
Clarence 616 BOY
Jaelyn 616 GIRL
Jamar 617 BOY
Judith 617 GIRL
Rohan 618 BOY
Katelin 618 GIRL
Kareem 619 BOY
Sienna 619 GIRL
Muhammad 620 BOY
Celia 620 GIRL
Raphael 621 BOY
Raegan 621 GIRL
Demarcus 622 BOY
Yvette 622 GIRL
Sheldon 623 BOY
Juliet 623 GIRL
Markus 624 BOY
Emilia 624 GIRL
Cayden 625 BOY
Anika 625 GIRL
Luca 626 BOY
Calista 626 GIRL
Tre 627 BOY
Eileen 627 GIRL
Jean 628 BOY
Kianna 628 GIRL
Jamison 629 BOY
Carlee 629 GIRL
Rory 630 BOY
Thalia 630 GIRL
Brad 631 BOY
Rylie 631 GIRL
Jaylan 632 BOY
Daphne 632 GIRL
Titus 633 BOY
Kacie 633 GIRL
Clinton 634 BOY
Rosemary 634 GIRL
Jevon 635 BOY
Karli 635 GIRL
Julien 636 BOY
Ericka 636 GIRL
Emiliano 637 BOY
Lyndsey 637 GIRL
Alonso 638 BOY
Hana 638 GIRL
Lamar 639 BOY
Haylie 639 GIRL
Cordell 640 BOY
Jadyn 640 GIRL
Gordon 641 BOY
Madilyn 641 GIRL
Ignacio 642 BOY
Micah 642 GIRL
Jett 643 BOY
Laila 643 GIRL
Keon 644 BOY
Blanca 644 GIRL
Baby 645 BOY
Kayley 645 GIRL
Rashad 646 BOY
Katarina 646 GIRL
Cruz 647 BOY
Kellie 647 GIRL
Tariq 648 BOY
Maribel 648 GIRL
Deangelo 649 BOY
Sandy 649 GIRL
Armani 650 BOY
Joselyn 650 GIRL
Geoffrey 651 BOY
Kaelyn 651 GIRL
Milton 652 BOY
Madisen 652 GIRL
Elisha 653 BOY
Kathy 653 GIRL
Bernard 654 BOY
Margarita 654 GIRL
Darion 655 BOY
Carson 655 GIRL
Darnell 656 BOY
Stella 656 GIRL
Asa 657 BOY
Juliette 657 GIRL
Bret 658 BOY
Devon 658 GIRL
Izaiah 659 BOY
Camila 659 GIRL
Moshe 660 BOY
Donna 660 GIRL
Jairo 661 BOY
Bria 661 GIRL
Irvin 662 BOY
Helena 662 GIRL
Aldo 663 BOY
Lea 663 GIRL
Howard 664 BOY
Jazlyn 664 GIRL
Stuart 665 BOY
Jazmyn 665 GIRL
Ayden 666 BOY
Skyla 666 GIRL
Garrison 667 BOY
Christy 667 GIRL
Kellen 668 BOY
Katharine 668 GIRL
Travon 669 BOY
Joyce 669 GIRL
Zechariah 670 BOY
Karlie 670 GIRL
Norman 671 BOY
Lexus 671 GIRL
Shemar 672 BOY
Alessandra 672 GIRL
Dillan 673 BOY
Delilah 673 GIRL
Junior 674 BOY
Moriah 674 GIRL
Rhett 675 BOY
Salma 675 GIRL
Darrius 676 BOY
Celine 676 GIRL
Kamron 677 BOY
Lizeth 677 GIRL
Barry 678 BOY
Beatriz 678 GIRL
Jude 679 BOY
Brianne 679 GIRL
Rigoberto 680 BOY
Kourtney 680 GIRL
Amari 681 BOY
Sydnie 681 GIRL
Jovan 682 BOY
Stacey 682 GIRL
Octavio 683 BOY
Mariam 683 GIRL
Perry 684 BOY
Robyn 684 GIRL
Hassan 685 BOY
Hayden 685 GIRL
Jaren 686 BOY
Janessa 686 GIRL
Kole 687 BOY
Kenzie 687 GIRL
Latrell 688 BOY
Jalyn 688 GIRL
Misael 689 BOY
Meaghan 689 GIRL
Roland 690 BOY
Sheila 690 GIRL
Quinten 691 BOY
Aisha 691 GIRL
Ibrahim 692 BOY
Jaida 692 GIRL
Justus 693 BOY
Estrella 693 GIRL
German 694 BOY
Shawna 694 GIRL
Gonzalo 695 BOY
Marley 695 GIRL
Forrest 696 BOY
Ayana 696 GIRL
Mackenzie 697 BOY
Karly 697 GIRL
Nehemiah 698 BOY
Melinda 698 GIRL
Anton 699 BOY
Devyn 699 GIRL
Chaz 700 BOY
Nataly 700 GIRL
Talon 701 BOY
Rosalinda 701 GIRL
Maximillian 702 BOY
Brielle 702 GIRL
Guadalupe 703 BOY
Laney 703 GIRL
Austen 704 BOY
Loren 704 GIRL
Brooks 705 BOY
Sally 705 GIRL
Greyson 706 BOY
Lilian 706 GIRL
Winston 707 BOY
Lizette 707 GIRL
Antwan 708 BOY
Rebeca 708 GIRL
Conrad 709 BOY
Tracy 709 GIRL
Dion 710 BOY
Jenifer 710 GIRL
Lincoln 711 BOY
Chandler 711 GIRL
Earl 712 BOY
America 712 GIRL
Jaydon 713 BOY
Diane 713 GIRL
Landen 714 BOY
Valentina 714 GIRL
Gunner 715 BOY
Abigayle 715 GIRL
Jefferson 716 BOY
Candice 716 GIRL
Brenton 717 BOY
Susana 717 GIRL
Stephan 718 BOY
Aliya 718 GIRL
Stone 719 BOY
Casandra 719 GIRL
Fredrick 720 BOY
Harmony 720 GIRL
Kurtis 721 BOY
Jacey 721 GIRL
Leroy 722 BOY
Alena 722 GIRL
Shannon 723 BOY
Shea 723 GIRL
Shayne 724 BOY
Aniyah 724 GIRL
Karson 725 BOY
Aylin 725 GIRL
Stephon 726 BOY
Carol 726 GIRL
Nestor 727 BOY
Stephany 727 GIRL
Frankie 728 BOY
Zoie 728 GIRL
Gianni 729 BOY
Jackeline 729 GIRL
Keagan 730 BOY
Savana 730 GIRL
Tristian 731 BOY
Alia 731 GIRL
Zakary 732 BOY
Gwendolyn 732 GIRL
Dimitri 733 BOY
Alexandrea 733 GIRL
Donavan 734 BOY
Damaris 734 GIRL
Draven 735 BOY
Marian 735 GIRL
Jameson 736 BOY
Anita 736 GIRL
Kory 737 BOY
Jaime 737 GIRL
Daryl 738 BOY
Jaiden 738 GIRL
Emmett 739 BOY
Kristine 739 GIRL
Clifton 740 BOY
Carli 740 GIRL
Cortez 741 BOY
Violet 741 GIRL
Destin 742 BOY
Gretchen 742 GIRL
Jamari 743 BOY
Janice 743 GIRL
Dallin 744 BOY
Annette 744 GIRL
Estevan 745 BOY
Mariela 745 GIRL
Grady 746 BOY
Amani 746 GIRL
Davin 747 BOY
Dorothy 747 GIRL
Santos 748 BOY
Bella 748 GIRL
Carlton 749 BOY
Kaylynn 749 GIRL
Marcel 750 BOY
Maura 750 GIRL
Mitchel 751 BOY
Lila 751 GIRL
Dylon 752 BOY
Armani 752 GIRL
Clifford 753 BOY
Anissa 753 GIRL
Syed 754 BOY
Kelsi 754 GIRL
Adonis 755 BOY
Aubree 755 GIRL
Dexter 756 BOY
Greta 756 GIRL
Keyon 757 BOY
Kaya 757 GIRL
Reynaldo 758 BOY
Kayli 758 GIRL
Devante 759 BOY
Lillie 759 GIRL
Kasey 760 BOY
Willow 760 GIRL
Sammy 761 BOY
Ansley 761 GIRL
Thaddeus 762 BOY
Lia 762 GIRL
Arnold 763 BOY
Catalina 763 GIRL
Clark 764 BOY
Maci 764 GIRL
Jarvis 765 BOY
Shyann 765 GIRL
Garett 766 BOY
Alysa 766 GIRL
Nick 767 BOY
Celina 767 GIRL
Dwight 768 BOY
Kasandra 768 GIRL
Glen 769 BOY
Quinn 769 GIRL
Infant 770 BOY
Jaquelin 770 GIRL
Keanu 771 BOY
Hailie 771 GIRL
Kent 772 BOY
Haven 772 GIRL
Kenyon 773 BOY
Kallie 773 GIRL
Denzel 774 BOY
Maegan 774 GIRL
Lamont 775 BOY
Maeve 775 GIRL
Ulysses 776 BOY
Rocio 776 GIRL
Houston 777 BOY
Yolanda 777 GIRL
Layne 778 BOY
Cecelia 778 GIRL
Anderson 779 BOY
Chaya 779 GIRL
Darin 780 BOY
Gabriel 780 GIRL
Jorden 781 BOY
Mattie 781 GIRL
Kayden 782 BOY
Noelia 782 GIRL
Khalid 783 BOY
Christa 783 GIRL
Antony 784 BOY
Kari 784 GIRL
Deondre 785 BOY
Kaylah 785 GIRL
Ellis 786 BOY
Nya 786 GIRL
Marquez 787 BOY
Jeanette 787 GIRL
Ari 788 BOY
Kennedi 788 GIRL
Austyn 789 BOY
Nyah 789 GIRL
Brycen 790 BOY
Presley 790 GIRL
Cornelius 791 BOY
Yadira 791 GIRL
Remington 792 BOY
Reilly 792 GIRL
Braedon 793 BOY
Shaina 793 GIRL
Hamza 794 BOY
Elissa 794 GIRL
Ryder 795 BOY
Marianna 795 GIRL
Abram 796 BOY
Alize 796 GIRL
Terence 797 BOY
Arlene 797 GIRL
Zaire 798 BOY
Izabella 798 GIRL
Jamel 799 BOY
Lyric 799 GIRL
Tevin 800 BOY
Aiyana 800 GIRL
Alexandro 801 BOY
Amara 801 GIRL
Jordy 802 BOY
Christiana 802 GIRL
Kelly 803 BOY
Allyssa 803 GIRL
Porter 804 BOY
Drew 804 GIRL
Reuben 805 BOY
Rachelle 805 GIRL
Trever 806 BOY
Adeline 806 GIRL
Dario 807 BOY
Jacklyn 807 GIRL
Jackie 808 BOY
Liana 808 GIRL
Keven 809 BOY
Citlalli 809 GIRL
Cristobal 810 BOY
Giovanna 810 GIRL
Guy 811 BOY
Jesse 811 GIRL
Josef 812 BOY
Selina 812 GIRL
Raymundo 813 BOY
Brook 813 GIRL
Colt 814 BOY
Graciela 814 GIRL
Giancarlo 815 BOY
Princess 815 GIRL
Judah 816 BOY
Cali 816 GIRL
Paris 817 BOY
Elyse 817 GIRL
Rahul 818 BOY
Berenice 818 GIRL
Savion 819 BOY
Chanel 819 GIRL
Deshaun 820 BOY
Iliana 820 GIRL
Josh 821 BOY
Jolie 821 GIRL
Korey 822 BOY
Caitlynn 822 GIRL
Gerard 823 BOY
Annalise 823 GIRL
Jacoby 824 BOY
Cortney 824 GIRL
Lonnie 825 BOY
Darlene 825 GIRL
Reilly 826 BOY
Sarina 826 GIRL
Seamus 827 BOY
Dasia 827 GIRL
Don 828 BOY
London 828 GIRL
Giovanny 829 BOY
Yvonne 829 GIRL
Kristofer 830 BOY
Karley 830 GIRL
Samir 831 BOY
Myah 831 GIRL
Dominik 832 BOY
Shaylee 832 GIRL
Finn 833 BOY
Amira 833 GIRL
Jamil 834 BOY
Kristy 834 GIRL
Jan 835 BOY
Ryleigh 835 GIRL
Benny 836 BOY
Dariana 836 GIRL
Cale 837 BOY
Juanita 837 GIRL
Irving 838 BOY
Teagan 838 GIRL
Jaxson 839 BOY
Kiarra 839 GIRL
Kaiden 840 BOY
Ryann 840 GIRL
Nico 841 BOY
Yamilet 841 GIRL
Rashawn 842 BOY
Alexys 842 GIRL
Vernon 843 BOY
Kacey 843 GIRL
Aubrey 844 BOY
Shakira 844 GIRL
Gaven 845 BOY
Sheridan 845 GIRL
Sincere 846 BOY
Dianna 846 GIRL
Jabari 847 BOY
Baby 847 GIRL
Kirk 848 BOY
Lara 848 GIRL
Marcelo 849 BOY
Isabela 849 GIRL
Mikel 850 BOY
Reina 850 GIRL
Heath 851 BOY
Shirley 851 GIRL
Kadin 852 BOY
Jaycee 852 GIRL
Maximus 853 BOY
Silvia 853 GIRL
Alden 854 BOY
Tatianna 854 GIRL
Davonte 855 BOY
Eryn 855 GIRL
Justyn 856 BOY
Ingrid 856 GIRL
Kelton 857 BOY
Keara 857 GIRL
Brandan 858 BOY
Kalyn 858 GIRL
Courtney 859 BOY
Lisette 859 GIRL
Camren 860 BOY
Monserrat 860 GIRL
Dewayne 861 BOY
Randi 861 GIRL
Darrin 862 BOY
Reanna 862 GIRL
Duane 863 BOY
Abril 863 GIRL
Elmer 864 BOY
Ivana 864 GIRL
Maverick 865 BOY
Lori 865 GIRL
Nikhil 866 BOY
Maranda 866 GIRL
Chaim 867 BOY
Parker 867 GIRL
Darrion 868 BOY
Darby 868 GIRL
Sonny 869 BOY
Darian 869 GIRL
Abdullah 870 BOY
Jasmyn 870 GIRL
Bronson 871 BOY
Jaylin 871 GIRL
Xzavier 872 BOY
Kaela 872 GIRL
Jovani 873 BOY
Katia 873 GIRL
Nathen 874 BOY
Ayla 874 GIRL
Phoenix 875 BOY
Bridgette 875 GIRL
Reagan 876 BOY
Kinsey 876 GIRL
Blaze 877 BOY
Elyssa 877 GIRL
Efren 878 BOY
Hillary 878 GIRL
Luciano 879 BOY
Yazmin 879 GIRL
Tyrek 880 BOY
Caleigh 880 GIRL
Deontae 881 BOY
Dayana 881 GIRL
Fidel 882 BOY
Nikita 882 GIRL
Gaige 883 BOY
Rita 883 GIRL
Royce 884 BOY
Asha 884 GIRL
Tyshawn 885 BOY
Chantel 885 GIRL
Ronaldo 886 BOY
Reese 886 GIRL
Prince 887 BOY
Stefanie 887 GIRL
Rickey 888 BOY
Nadine 888 GIRL
Aden 889 BOY
Samara 889 GIRL
Deion 890 BOY
Unique 890 GIRL
Gideon 891 BOY
Michele 891 GIRL
Neal 892 BOY
Sonya 892 GIRL
Benito 893 BOY
Hazel 893 GIRL
Denver 894 BOY
Cielo 894 GIRL
London 895 BOY
Mireya 895 GIRL
Matteo 896 BOY
Paloma 896 GIRL
Bernardo 897 BOY
Patience 897 GIRL
Raven 898 BOY
Aryanna 898 GIRL
Samson 899 BOY
Magdalena 899 GIRL
Turner 900 BOY
Anaya 900 GIRL
Carlo 901 BOY
Dallas 901 GIRL
Gino 902 BOY
Joelle 902 GIRL
Johan 903 BOY
Kaia 903 GIRL
Ryley 904 BOY
Norma 904 GIRL
Domenic 905 BOY
Taya 905 GIRL
Hugh 906 BOY
Arely 906 GIRL
Trystan 907 BOY
Misty 907 GIRL
Rocky 908 BOY
Trisha 908 GIRL
Simeon 909 BOY
Deasia 909 GIRL
Trevion 910 BOY
Elsa 910 GIRL
Emerson 911 BOY
Alysha 911 GIRL
Heriberto 912 BOY
Bryana 912 GIRL
Joan 913 BOY
Dawn 913 GIRL
Marques 914 BOY
Aracely 914 GIRL
Tyreek 915 BOY
Brionna 915 GIRL
Vaughn 916 BOY
Joana 916 GIRL
Clint 917 BOY
Katerina 917 GIRL
Nash 918 BOY
Alex 918 GIRL
Raheem 919 BOY
Hadley 919 GIRL
Mariano 920 BOY
Martina 920 GIRL
Ladarius 921 BOY
Maryam 921 GIRL
Lloyd 922 BOY
Bonnie 922 GIRL
Myron 923 BOY
Jazmyne 923 GIRL
Omari 924 BOY
Shaniya 924 GIRL
Keshaun 925 BOY
Ali 925 GIRL
Pierre 926 BOY
Alycia 926 GIRL
Xander 927 BOY
Dejah 927 GIRL
Eliseo 928 BOY
Estefania 928 GIRL
Jeff 929 BOY
Emmalee 929 GIRL
Rick 930 BOY
Jakayla 930 GIRL
Bradly 931 BOY
Nyasia 931 GIRL
Freddie 932 BOY
Anjali 932 GIRL
Mekhi 933 BOY
Daisha 933 GIRL
Sabastian 934 BOY
Lilliana 934 GIRL
Shea 935 BOY
Myra 935 GIRL
Alessandro 936 BOY
Amiya 936 GIRL
Adrien 937 BOY
Belen 937 GIRL
Isai 938 BOY
Jana 938 GIRL
Kavon 939 BOY
Saige 939 GIRL
Kian 940 BOY
Aja 940 GIRL
Paxton 941 BOY
Scarlett 941 GIRL
Rasheed 942 BOY
Annabel 942 GIRL
Blaise 943 BOY
Joanne 943 GIRL
Brodie 944 BOY
Aliza 944 GIRL
Dan 945 BOY
Ashly 945 GIRL
Donnie 946 BOY
Cydney 946 GIRL
Isidro 947 BOY
Destany 947 GIRL
Jaeden 948 BOY
Gia 948 GIRL
Javion 949 BOY
Keira 949 GIRL
Jimmie 950 BOY
Roxanne 950 GIRL
Johnnie 951 BOY
Fabiola 951 GIRL
Kennedy 952 BOY
Kaci 952 GIRL
Tyrique 953 BOY
Abagail 953 GIRL
Andreas 954 BOY
Abigale 954 GIRL
Augustus 955 BOY
Janiya 955 GIRL
Jalon 956 BOY
Odalys 956 GIRL
Jamir 957 BOY
Aria 957 GIRL
Valentin 958 BOY
Daija 958 GIRL
Lawson 959 BOY
Delia 959 GIRL
Fred 960 BOY
Kameron 960 GIRL
Korbin 961 BOY
Katy 961 GIRL
Maxim 962 BOY
Lourdes 962 GIRL
Donavon 963 BOY
Raina 963 GIRL
Herbert 964 BOY
Ashtyn 964 GIRL
Javonte 965 BOY
Dayna 965 GIRL
Alexzander 966 BOY
Emerald 966 GIRL
Bruno 967 BOY
Kirstin 967 GIRL
Ean 968 BOY
Marlee 968 GIRL
Rowan 969 BOY
Neha 969 GIRL
Alek 970 BOY
Antoinette 970 GIRL
Brandyn 971 BOY
Beatrice 971 GIRL
Demarco 972 BOY
Blair 972 GIRL
Kamren 973 BOY
Kori 973 GIRL
Hernan 974 BOY
Annamarie 974 GIRL
Bo 975 BOY
Breonna 975 GIRL
Genaro 976 BOY
Luisa 976 GIRL
Jamarcus 977 BOY
Yasmeen 977 GIRL
Aric 978 BOY
Yessenia 978 GIRL
Branson 979 BOY
Breanne 979 GIRL
Brennon 980 BOY
Laisha 980 GIRL
Rey 981 BOY
Leann 981 GIRL
Barrett 982 BOY
Rhianna 982 GIRL
Braiden 983 BOY
Amina 983 GIRL
Brant 984 BOY
Jailyn 984 GIRL
Dontae 985 BOY
Jayde 985 GIRL
Jovany 986 BOY
Jill 986 GIRL
Kale 987 BOY
Katlynn 987 GIRL
Nicklaus 988 BOY
Kaylan 988 GIRL
Dillion 989 BOY
Jena 989 GIRL
Kylan 990 BOY
Iyana 990 GIRL
Treyvon 991 BOY
Keeley 991 GIRL
Vincenzo 992 BOY
Kenia 992 GIRL
Zander 993 BOY
Kenna 993 GIRL
Dayne 994 BOY
Maiya 994 GIRL
Francesco 995 BOY
Mandy 995 GIRL
Isaak 996 BOY
Rayna 996 GIRL
Lionel 997 BOY
Adrian 997 GIRL
Donnell 998 BOY
Marlen 998 GIRL
Giovani 999 BOY
Melisa 999 GIRL
Jaleel 1000 BOY
Sky 1000 GIRL