1998
Michael 1 BOY
Emily 1 GIRL
Jacob 2 BOY
Hannah 2 GIRL
Matthew 3 BOY
Samantha 3 GIRL
Joshua 4 BOY
Ashley 4 GIRL
Christopher 5 BOY
Sarah 5 GIRL
Nicholas 6 BOY
Alexis 6 GIRL
Brandon 7 BOY
Taylor 7 GIRL
Tyler 8 BOY
Jessica 8 GIRL
Andrew 9 BOY
Madison 9 GIRL
Austin 10 BOY
Elizabeth 10 GIRL
Joseph 11 BOY
Alyssa 11 GIRL
Daniel 12 BOY
Kayla 12 GIRL
David 13 BOY
Megan 13 GIRL
William 14 BOY
Lauren 14 GIRL
John 15 BOY
Rachel 15 GIRL
Zachary 16 BOY
Victoria 16 GIRL
Ryan 17 BOY
Brianna 17 GIRL
James 18 BOY
Abigail 18 GIRL
Anthony 19 BOY
Amanda 19 GIRL
Justin 20 BOY
Jennifer 20 GIRL
Jonathan 21 BOY
Olivia 21 GIRL
Alexander 22 BOY
Emma 22 GIRL
Robert 23 BOY
Morgan 23 GIRL
Kyle 24 BOY
Nicole 24 GIRL
Dylan 25 BOY
Brittany 25 GIRL
Christian 26 BOY
Jasmine 26 GIRL
Jordan 27 BOY
Alexandra 27 GIRL
Samuel 28 BOY
Sydney 28 GIRL
Noah 29 BOY
Stephanie 29 GIRL
Benjamin 30 BOY
Rebecca 30 GIRL
Thomas 31 BOY
Anna 31 GIRL
Kevin 32 BOY
Julia 32 GIRL
Jose 33 BOY
Katherine 33 GIRL
Nathan 34 BOY
Destiny 34 GIRL
Cameron 35 BOY
Haley 35 GIRL
Hunter 36 BOY
Kaitlyn 36 GIRL
Aaron 37 BOY
Amber 37 GIRL
Ethan 38 BOY
Allison 38 GIRL
Eric 39 BOY
Courtney 39 GIRL
Jason 40 BOY
Natalie 40 GIRL
Brian 41 BOY
Danielle 41 GIRL
Caleb 42 BOY
Jordan 42 GIRL
Cody 43 BOY
Maria 43 GIRL
Logan 44 BOY
Savannah 44 GIRL
Adam 45 BOY
Mary 45 GIRL
Steven 46 BOY
Brooke 46 GIRL
Connor 47 BOY
Gabrielle 47 GIRL
Charles 48 BOY
Sara 48 GIRL
Timothy 49 BOY
Shelby 49 GIRL
Sean 50 BOY
Madeline 50 GIRL
Jared 51 BOY
Sierra 51 GIRL
Juan 52 BOY
Vanessa 52 GIRL
Luis 53 BOY
Grace 53 GIRL
Gabriel 54 BOY
Kimberly 54 GIRL
Richard 55 BOY
Michelle 55 GIRL
Alex 56 BOY
Kelsey 56 GIRL
Patrick 57 BOY
Erin 57 GIRL
Trevor 58 BOY
Katelyn 58 GIRL
Isaiah 59 BOY
Melissa 59 GIRL
Nathaniel 60 BOY
Bailey 60 GIRL
Jack 61 BOY
Andrea 61 GIRL
Devin 62 BOY
Mariah 62 GIRL
Evan 63 BOY
Paige 63 GIRL
Mark 64 BOY
Mackenzie 64 GIRL
Isaac 65 BOY
Jenna 65 GIRL
Elijah 66 BOY
Marissa 66 GIRL
Chase 67 BOY
Tiffany 67 GIRL
Jeremy 68 BOY
Sabrina 68 GIRL
Carlos 69 BOY
Christina 69 GIRL
Jesse 70 BOY
Hailey 70 GIRL
Adrian 71 BOY
Makayla 71 GIRL
Dakota 72 BOY
Cheyenne 72 GIRL
Ian 73 BOY
Sophia 73 GIRL
Bryan 74 BOY
Caroline 74 GIRL
Luke 75 BOY
Laura 75 GIRL
Jesus 76 BOY
Breanna 76 GIRL
Cole 77 BOY
Autumn 77 GIRL
Stephen 78 BOY
Caitlin 78 GIRL
Antonio 79 BOY
Briana 79 GIRL
Garrett 80 BOY
Miranda 80 GIRL
Angel 81 BOY
Alexandria 81 GIRL
Tanner 82 BOY
Mikayla 82 GIRL
Mason 83 BOY
Diana 83 GIRL
Spencer 84 BOY
Isabella 84 GIRL
Blake 85 BOY
Cassandra 85 GIRL
Kenneth 86 BOY
Kaylee 86 GIRL
Seth 87 BOY
Chloe 87 GIRL
Dalton 88 BOY
Katie 88 GIRL
Paul 89 BOY
Kelly 89 GIRL
Miguel 90 BOY
Kathryn 90 GIRL
Jeffrey 91 BOY
Claire 91 GIRL
Tristan 92 BOY
Alexa 92 GIRL
Lucas 93 BOY
Erica 93 GIRL
Bryce 94 BOY
Chelsea 94 GIRL
Alejandro 95 BOY
Jacqueline 95 GIRL
Marcus 96 BOY
Amy 96 GIRL
Victor 97 BOY
Lindsey 97 GIRL
Travis 98 BOY
Alicia 98 GIRL
Brendan 99 BOY
Heather 99 GIRL
Jackson 100 BOY
Angela 100 GIRL
Bradley 101 BOY
Kristen 101 GIRL
Jake 102 BOY
Catherine 102 GIRL
Mitchell 103 BOY
Michaela 103 GIRL
Taylor 104 BOY
Shannon 104 GIRL
Colton 105 BOY
Monica 105 GIRL
Edward 106 BOY
Faith 106 GIRL
Jorge 107 BOY
Leah 107 GIRL
Dustin 108 BOY
Molly 108 GIRL
Gregory 109 BOY
Angelica 109 GIRL
Derek 110 BOY
Crystal 110 GIRL
Peter 111 BOY
Leslie 111 GIRL
Alec 112 BOY
Jamie 112 GIRL
Shawn 113 BOY
Cassidy 113 GIRL
Jeremiah 114 BOY
Margaret 114 GIRL
Corey 115 BOY
Caitlyn 115 GIRL
Gavin 116 BOY
Gabriella 116 GIRL
Shane 117 BOY
Kylie 117 GIRL
Joel 118 BOY
Isabel 118 GIRL
Devon 119 BOY
Jada 119 GIRL
Dominic 120 BOY
Kaitlin 120 GIRL
Vincent 121 BOY
Meghan 121 GIRL
Colin 122 BOY
Zoe 122 GIRL
Scott 123 BOY
Maya 123 GIRL
Julian 124 BOY
Erika 124 GIRL
Ricardo 125 BOY
Jade 125 GIRL
George 126 BOY
Cynthia 126 GIRL
Grant 127 BOY
Veronica 127 GIRL
Riley 128 BOY
Jocelyn 128 GIRL
Oscar 129 BOY
Gabriela 129 GIRL
Collin 130 BOY
Mia 130 GIRL
Xavier 131 BOY
Summer 131 GIRL
Nicolas 132 BOY
Bethany 132 GIRL
Brett 133 BOY
Adriana 133 GIRL
Dillon 134 BOY
Esmeralda 134 GIRL
Maxwell 135 BOY
Melanie 135 GIRL
Henry 136 BOY
Daisy 136 GIRL
Wyatt 137 BOY
Ariana 137 GIRL
Francisco 138 BOY
Angel 138 GIRL
Malik 139 BOY
Selena 139 GIRL
Erik 140 BOY
Carly 140 GIRL
Parker 141 BOY
Ana 141 GIRL
Raymond 142 BOY
Mckenzie 142 GIRL
Johnathan 143 BOY
Brittney 143 GIRL
Cristian 144 BOY
Karina 144 GIRL
Eduardo 145 BOY
Audrey 145 GIRL
Omar 146 BOY
Dominique 146 GIRL
Manuel 147 BOY
Ariel 147 GIRL
Alexis 148 BOY
Valerie 148 GIRL
Javier 149 BOY
Brenda 149 GIRL
Clayton 150 BOY
Casey 150 GIRL
Mario 151 BOY
Hayley 151 GIRL
Wesley 152 BOY
Karen 152 GIRL
Bailey 153 BOY
Lydia 153 GIRL
Ivan 154 BOY
Kendra 154 GIRL
Liam 155 BOY
Rebekah 155 GIRL
Kaleb 156 BOY
Bianca 156 GIRL
Andres 157 BOY
Alejandra 157 GIRL
Max 158 BOY
Jillian 158 GIRL
Levi 159 BOY
Desiree 159 GIRL
Hayden 160 BOY
Hope 160 GIRL
Alan 161 BOY
Lindsay 161 GIRL
Darius 162 BOY
Madelyn 162 GIRL
Brady 163 BOY
Holly 163 GIRL
Cory 164 BOY
Diamond 164 GIRL
Martin 165 BOY
Hanna 165 GIRL
Fernando 166 BOY
Riley 166 GIRL
Edgar 167 BOY
Arianna 167 GIRL
Cesar 168 BOY
Julie 168 GIRL
Gage 169 BOY
Lily 169 GIRL
Casey 170 BOY
Rachael 170 GIRL
Sergio 171 BOY
Kathleen 171 GIRL
Roberto 172 BOY
Skylar 172 GIRL
Chandler 173 BOY
Kiara 173 GIRL
Harrison 174 BOY
Lillian 174 GIRL
Dawson 175 BOY
Kara 175 GIRL
Preston 176 BOY
Christine 176 GIRL
Phillip 177 BOY
Jasmin 177 GIRL
Frank 178 BOY
Evelyn 178 GIRL
Owen 179 BOY
Claudia 179 GIRL
Donald 180 BOY
Patricia 180 GIRL
Marco 181 BOY
Cierra 181 GIRL
Ronald 182 BOY
April 182 GIRL
Trenton 183 BOY
Kennedy 183 GIRL
Troy 184 BOY
Alexus 184 GIRL
Hector 185 BOY
Raven 185 GIRL
Diego 186 BOY
Allyson 186 GIRL
Chad 187 BOY
Kendall 187 GIRL
Drew 188 BOY
Alison 188 GIRL
Carter 189 BOY
Tara 189 GIRL
Jakob 190 BOY
Adrianna 190 GIRL
Keith 191 BOY
Naomi 191 GIRL
Conner 192 BOY
Kristina 192 GIRL
Andre 193 BOY
Whitney 193 GIRL
Derrick 194 BOY
Abby 194 GIRL
Jonathon 195 BOY
Daniela 195 GIRL
Aidan 196 BOY
Isabelle 196 GIRL
Edwin 197 BOY
Jordyn 197 GIRL
Sebastian 198 BOY
Cameron 198 GIRL
Micah 199 BOY
Kyra 199 GIRL
Pedro 200 BOY
Brooklyn 200 GIRL
Dante 201 BOY
Kirsten 201 GIRL
Landon 202 BOY
Ashlyn 202 GIRL
Calvin 203 BOY
Alondra 203 GIRL
Jalen 204 BOY
Mallory 204 GIRL
Ruben 205 BOY
Natasha 205 GIRL
Erick 206 BOY
Asia 206 GIRL
Damian 207 BOY
Jazmin 207 GIRL
Chance 208 BOY
Nancy 208 GIRL
Donovan 209 BOY
Karla 209 GIRL
Trey 210 BOY
Katelynn 210 GIRL
Abraham 211 BOY
Kristin 211 GIRL
Josiah 212 BOY
Mckenna 212 GIRL
Emmanuel 213 BOY
Marisa 213 GIRL
Philip 214 BOY
Dana 214 GIRL
Griffin 215 BOY
Tatiana 215 GIRL
Johnny 216 BOY
Madeleine 216 GIRL
Gerardo 217 BOY
Amelia 217 GIRL
Carson 218 BOY
Peyton 218 GIRL
Jonah 219 BOY
Jazmine 219 GIRL
Colby 220 BOY
Delaney 220 GIRL
Peyton 221 BOY
Serena 221 GIRL
Mathew 222 BOY
Aaliyah 222 GIRL
Andy 223 BOY
Guadalupe 223 GIRL
Armando 224 BOY
Mercedes 224 GIRL
Giovanni 225 BOY
Tessa 225 GIRL
Curtis 226 BOY
Kiana 226 GIRL
Douglas 227 BOY
Payton 227 GIRL
Jerry 228 BOY
Sandra 228 GIRL
Rafael 229 BOY
Alexia 229 GIRL
Skyler 230 BOY
Lisa 230 GIRL
Trent 231 BOY
Nina 231 GIRL
Raul 232 BOY
Sofia 232 GIRL
Nolan 233 BOY
Tori 233 GIRL
Gary 234 BOY
Kylee 234 GIRL
Zackary 235 BOY
Katrina 235 GIRL
Marcos 236 BOY
Cindy 236 GIRL
Enrique 237 BOY
Bridget 237 GIRL
Dennis 238 BOY
Mya 238 GIRL
Allen 239 BOY
Joanna 239 GIRL
Jaime 240 BOY
Priscilla 240 GIRL
Zachery 241 BOY
Savanna 241 GIRL
Marc 242 BOY
Giselle 242 GIRL
Israel 243 BOY
Aubrey 243 GIRL
Randy 244 BOY
Deja 244 GIRL
Brenden 245 BOY
Deanna 245 GIRL
Avery 246 BOY
Avery 246 GIRL
Alberto 247 BOY
Dakota 247 GIRL
Larry 248 BOY
Kassandra 248 GIRL
Brent 249 BOY
Maggie 249 GIRL
Braden 250 BOY
Alissa 250 GIRL
Julio 251 BOY
Ciara 251 GIRL
Louis 252 BOY
Celeste 252 GIRL
Miles 253 BOY
Imani 253 GIRL
Cooper 254 BOY
Alana 254 GIRL
Tony 255 BOY
Sophie 255 GIRL
Josue 256 BOY
Brandi 256 GIRL
Leonardo 257 BOY
Ruby 257 GIRL
Nickolas 258 BOY
Monique 258 GIRL
Albert 259 BOY
Julianna 259 GIRL
Carl 260 BOY
Genesis 260 GIRL
Elias 261 BOY
Yesenia 261 GIRL
Ty 262 BOY
Katlyn 262 GIRL
Kobe 263 BOY
Meagan 263 GIRL
Dominick 264 BOY
Kyla 264 GIRL
Jimmy 265 BOY
Anastasia 265 GIRL
Kristopher 266 BOY
Gianna 266 GIRL
Kameron 267 BOY
Ashlee 267 GIRL
Zane 268 BOY
Angelina 268 GIRL
Drake 269 BOY
Makenzie 269 GIRL
Danny 270 BOY
Natalia 270 GIRL
Micheal 271 BOY
Sidney 271 GIRL
Damon 272 BOY
Kate 272 GIRL
Quentin 273 BOY
Elena 273 GIRL
Brennan 274 BOY
Anne 274 GIRL
Jarod 275 BOY
Kira 275 GIRL
Tristen 276 BOY
Sadie 276 GIRL
Lawrence 277 BOY
Carmen 277 GIRL
Ashton 278 BOY
Rosa 278 GIRL
Brock 279 BOY
Kailey 279 GIRL
Darren 280 BOY
Meredith 280 GIRL
Ramon 281 BOY
Tabitha 281 GIRL
Jarrett 282 BOY
Krystal 282 GIRL
Brayden 283 BOY
Camille 283 GIRL
Nikolas 284 BOY
Brandy 284 GIRL
Dallas 285 BOY
Cecilia 285 GIRL
Joe 286 BOY
Shania 286 GIRL
Deandre 287 BOY
Brenna 287 GIRL
Eli 288 BOY
Ashleigh 288 GIRL
Theodore 289 BOY
Juliana 289 GIRL
Arthur 290 BOY
Valeria 290 GIRL
Arturo 291 BOY
Tiana 291 GIRL
Ricky 292 BOY
Logan 292 GIRL
Jeffery 293 BOY
Bryanna 293 GIRL
Lane 294 BOY
Elise 294 GIRL
Lorenzo 295 BOY
Mikaela 295 GIRL
Alfredo 296 BOY
Skyler 296 GIRL
Morgan 297 BOY
Rose 297 GIRL
Tommy 298 BOY
Gina 298 GIRL
Russell 299 BOY
Carolina 299 GIRL
Damien 300 BOY
Callie 300 GIRL
Simon 301 BOY
Kasey 301 GIRL
Angelo 302 BOY
Clarissa 302 GIRL
Terry 303 BOY
Denise 303 GIRL
Myles 304 BOY
Hunter 304 GIRL
Keegan 305 BOY
Charlotte 305 GIRL
Tucker 306 BOY
Shayla 306 GIRL
Saul 307 BOY
Destinee 307 GIRL
Payton 308 BOY
Teresa 308 GIRL
Branden 309 BOY
Cassie 309 GIRL
Pablo 310 BOY
Miriam 310 GIRL
Gustavo 311 BOY
Tatyana 311 GIRL
Bryant 312 BOY
Allie 312 GIRL
Walter 313 BOY
Linda 313 GIRL
Kyler 314 BOY
Tia 314 GIRL
Craig 315 BOY
Cristina 315 GIRL
Lance 316 BOY
Baylee 316 GIRL
Fabian 317 BOY
Krista 317 GIRL
Brendon 318 BOY
Ashton 318 GIRL
Rodney 319 BOY
Nadia 319 GIRL
Terrell 320 BOY
Tyra 320 GIRL
Bryson 321 BOY
Lacey 321 GIRL
Corbin 322 BOY
Marina 322 GIRL
Braxton 323 BOY
Esther 323 GIRL
Bobby 324 BOY
Annie 324 GIRL
Marvin 325 BOY
Raquel 325 GIRL
Jay 326 BOY
Vivian 326 GIRL
Maurice 327 BOY
Carolyn 327 GIRL
Jaden 328 BOY
Tiara 328 GIRL
Jon 329 BOY
Cheyanne 329 GIRL
Quinn 330 BOY
Gillian 330 GIRL
Salvador 331 BOY
Nia 331 GIRL
Billy 332 BOY
Julissa 332 GIRL
Conor 333 BOY
Reagan 333 GIRL
Kody 334 BOY
Gloria 334 GIRL
Cade 335 BOY
Aliyah 335 GIRL
Ernesto 336 BOY
Tamara 336 GIRL
Quinton 337 BOY
Macy 337 GIRL
Roman 338 BOY
Renee 338 GIRL
Eddie 339 BOY
Wendy 339 GIRL
Emilio 340 BOY
Mariana 340 GIRL
Ross 341 BOY
Alisha 341 GIRL
Justice 342 BOY
Heidi 342 GIRL
Johnathon 343 BOY
Liliana 343 GIRL
Trevon 344 BOY
Colleen 344 GIRL
Zackery 345 BOY
Eva 345 GIRL
Dean 346 BOY
Ruth 346 GIRL
Roger 347 BOY
Josephine 347 GIRL
Isiah 348 BOY
Chelsey 348 GIRL
Jaylen 349 BOY
Helen 349 GIRL
Brody 350 BOY
Ava 350 GIRL
Ismael 351 BOY
Kelsie 351 GIRL
Desmond 352 BOY
Harley 352 GIRL
Marshall 353 BOY
Emilee 353 GIRL
Willie 354 BOY
Paola 354 GIRL
Reginald 355 BOY
Kaitlynn 355 GIRL
Oliver 356 BOY
Tyler 356 GIRL
Marquis 357 BOY
Cara 357 GIRL
Skylar 358 BOY
Haylee 358 GIRL
Grayson 359 BOY
Heaven 359 GIRL
Jayson 360 BOY
Josie 360 GIRL
Frederick 361 BOY
Mayra 361 GIRL
Esteban 362 BOY
Virginia 362 GIRL
Keaton 363 BOY
Kayleigh 363 GIRL
Emanuel 364 BOY
Marie 364 GIRL
Todd 365 BOY
Theresa 365 GIRL
Malcolm 366 BOY
Camryn 366 GIRL
Kelvin 367 BOY
Kassidy 367 GIRL
Kendall 368 BOY
Jenny 368 GIRL
Guillermo 369 BOY
Mckayla 369 GIRL
Shaun 370 BOY
Jacquelyn 370 GIRL
Moises 371 BOY
Janet 371 GIRL
Jamal 372 BOY
Francesca 372 GIRL
Zachariah 373 BOY
Kierra 373 GIRL
Terrance 374 BOY
Martha 374 GIRL
Davis 375 BOY
Clara 375 GIRL
Gerald 376 BOY
Justine 376 GIRL
Demetrius 377 BOY
Felicia 377 GIRL
Abel 378 BOY
Tamia 378 GIRL
Jace 379 BOY
Jessie 379 GIRL
Triston 380 BOY
Precious 380 GIRL
Tyson 381 BOY
Elisabeth 381 GIRL
Randall 382 BOY
Susan 382 GIRL
Bruce 383 BOY
Ivy 383 GIRL
Roy 384 BOY
Rylee 384 GIRL
Jessie 385 BOY
Marisol 385 GIRL
Duncan 386 BOY
Eleanor 386 GIRL
Darian 387 BOY
Jayla 387 GIRL
Felix 388 BOY
Pamela 388 GIRL
Franklin 389 BOY
Carley 389 GIRL
Steve 390 BOY
Melody 390 GIRL
Orlando 391 BOY
Jaclyn 391 GIRL
Lukas 392 BOY
Lucy 392 GIRL
Ali 393 BOY
Talia 393 GIRL
Clay 394 BOY
Lesley 394 GIRL
Jayden 395 BOY
Daniella 395 GIRL
Jarrod 396 BOY
Larissa 396 GIRL
Rene 397 BOY
Tatum 397 GIRL
Tyrone 398 BOY
Sharon 398 GIRL
Khalil 399 BOY
Alaina 399 GIRL
Nelson 400 BOY
Carissa 400 GIRL
Ahmad 401 BOY
Kali 401 GIRL
Lee 402 BOY
Madalyn 402 GIRL
Jamie 403 BOY
Addison 403 GIRL
Kristian 404 BOY
Noelle 404 GIRL
Tyree 405 BOY
Kaylie 405 GIRL
Chris 406 BOY
Carla 406 GIRL
Graham 407 BOY
Lexi 407 GIRL
Nathanael 408 BOY
Abbey 408 GIRL
Devan 409 BOY
Alyson 409 GIRL
Francis 410 BOY
Julianne 410 GIRL
Rodolfo 411 BOY
Janelle 411 GIRL
Weston 412 BOY
Yasmine 412 GIRL
Malachi 413 BOY
Ella 413 GIRL
Jerome 414 BOY
Bailee 414 GIRL
Hugo 415 BOY
Jane 415 GIRL
Holden 416 BOY
Ally 416 GIRL
Kendrick 417 BOY
Toni 417 GIRL
Melvin 418 BOY
Sonia 418 GIRL
Cedric 419 BOY
Lizbeth 419 GIRL
Javon 420 BOY
Carrie 420 GIRL
Tristin 421 BOY
Lauryn 421 GIRL
Byron 422 BOY
Makenna 422 GIRL
Reid 423 BOY
Kaleigh 423 GIRL
Warren 424 BOY
Tayler 424 GIRL
Jaquan 425 BOY
Tierra 425 GIRL
Jarred 426 BOY
Ellen 426 GIRL
Walker 427 BOY
Nichole 427 GIRL
Deshawn 428 BOY
Karissa 428 GIRL
Jordon 429 BOY
Georgia 429 GIRL
Jermaine 430 BOY
Haleigh 430 GIRL
Harley 431 BOY
Regan 431 GIRL
Darrell 432 BOY
Ebony 432 GIRL
Kaden 433 BOY
Sasha 433 GIRL
Leo 434 BOY
Arielle 434 GIRL
Damion 435 BOY
Justice 435 GIRL
Ronnie 436 BOY
Taryn 436 GIRL
Trace 437 BOY
Ellie 437 GIRL
Wayne 438 BOY
Yasmin 438 GIRL
Reed 439 BOY
Alice 439 GIRL
Devonte 440 BOY
Adrienne 440 GIRL
Maximilian 441 BOY
Kaylin 441 GIRL
Amir 442 BOY
Joy 442 GIRL
Marquise 443 BOY
Kiera 443 GIRL
Tariq 444 BOY
Nathalie 444 GIRL
Alvin 445 BOY
Lorena 445 GIRL
Rodrigo 446 BOY
Tania 446 GIRL
Santiago 447 BOY
Ayanna 447 GIRL
Wade 448 BOY
Ashlynn 448 GIRL
Tyrell 449 BOY
Eliza 449 GIRL
Beau 450 BOY
Simone 450 GIRL
Gilberto 451 BOY
Britney 451 GIRL
Allan 452 BOY
Kelli 452 GIRL
Ezekiel 453 BOY
Iris 453 GIRL
Charlie 454 BOY
Chasity 454 GIRL
Felipe 455 BOY
Paris 455 GIRL
Noel 456 BOY
Celine 456 GIRL
Tomas 457 BOY
Essence 457 GIRL
Keenan 458 BOY
Kiersten 458 GIRL
Terrence 459 BOY
Breana 459 GIRL
Sam 460 BOY
Maddison 460 GIRL
Camron 461 BOY
Devin 461 GIRL
Eugene 462 BOY
Micaela 462 GIRL
Neil 463 BOY
Barbara 463 GIRL
Caden 464 BOY
Kaila 464 GIRL
Alfonso 465 BOY
Rhiannon 465 GIRL
Reece 466 BOY
Deborah 466 GIRL
Dale 467 BOY
Ann 467 GIRL
Elliot 468 BOY
Carlie 468 GIRL
Harry 469 BOY
Angelique 469 GIRL
Donte 470 BOY
Sylvia 470 GIRL
Stanley 471 BOY
Frances 471 GIRL
Mauricio 472 BOY
Annika 472 GIRL
Leonard 473 BOY
Elisa 473 GIRL
Noe 474 BOY
Leticia 474 GIRL
Ariel 475 BOY
Aimee 475 GIRL
Issac 476 BOY
Nora 476 GIRL
Garret 477 BOY
Tianna 477 GIRL
Kenny 478 BOY
Viviana 478 GIRL
Dominique 479 BOY
Candace 479 GIRL
Leon 480 BOY
Hallie 480 GIRL
Davon 481 BOY
Janae 481 GIRL
Dane 482 BOY
Nikki 482 GIRL
Karl 483 BOY
Christian 483 GIRL
Rogelio 484 BOY
Robyn 484 GIRL
Bennett 485 BOY
Aileen 485 GIRL
Ernest 486 BOY
Alma 486 GIRL
Julius 487 BOY
Perla 487 GIRL
Mohammad 488 BOY
Shayna 488 GIRL
Jaylon 489 BOY
Hailee 489 GIRL
Ray 490 BOY
Lesly 490 GIRL
Deven 491 BOY
Marilyn 491 GIRL
Ezra 492 BOY
Skye 492 GIRL
Colten 493 BOY
Irene 493 GIRL
Marlon 494 BOY
Alina 494 GIRL
Ramiro 495 BOY
Kacie 495 GIRL
Glenn 496 BOY
Savanah 496 GIRL
Rolando 497 BOY
Fatima 497 GIRL
Blaine 498 BOY
India 498 GIRL
River 499 BOY
Clare 499 GIRL
Solomon 500 BOY
Kaley 500 GIRL
Elliott 501 BOY
Luz 501 GIRL
Mohamed 502 BOY
Johanna 502 GIRL
Sawyer 503 BOY
Regina 503 GIRL
Tylor 504 BOY
Aurora 504 GIRL
Sterling 505 BOY
Devon 505 GIRL
Dorian 506 BOY
Brianne 506 GIRL
Gilbert 507 BOY
Alanna 507 GIRL
Moses 508 BOY
Ciera 508 GIRL
Darryl 509 BOY
Laurel 509 GIRL
Dwayne 510 BOY
Montana 510 GIRL
Gunnar 511 BOY
Kailee 511 GIRL
Tate 512 BOY
Robin 512 GIRL
Mateo 513 BOY
Amari 513 GIRL
Harold 514 BOY
Shyanne 514 GIRL
Osvaldo 515 BOY
Anahi 515 GIRL
Uriel 516 BOY
Jewel 516 GIRL
Daquan 517 BOY
Stacy 517 GIRL
Sheldon 518 BOY
Emilie 518 GIRL
Joey 519 BOY
Lexus 519 GIRL
Wilson 520 BOY
Fiona 520 GIRL
Jonas 521 BOY
Kelsi 521 GIRL
Camden 522 BOY
Cristal 522 GIRL
Juwan 523 BOY
Elaine 523 GIRL
Mohammed 524 BOY
Lexie 524 GIRL
Alonzo 525 BOY
Zaria 525 GIRL
Rudy 526 BOY
Trinity 526 GIRL
Brice 527 BOY
Lena 527 GIRL
Coleman 528 BOY
Ryan 528 GIRL
Kade 529 BOY
Charity 529 GIRL
Stefan 530 BOY
Zoey 530 GIRL
Cordell 531 BOY
Bria 531 GIRL
Austen 532 BOY
Sienna 532 GIRL
Adan 533 BOY
Paulina 533 GIRL
Brennen 534 BOY
Kenya 534 GIRL
Cullen 535 BOY
Genevieve 535 GIRL
Sidney 536 BOY
Cora 536 GIRL
Nigel 537 BOY
Kiley 537 GIRL
Alfred 538 BOY
Maia 538 GIRL
Deonte 539 BOY
Antonia 539 GIRL
Orion 540 BOY
Keely 540 GIRL
Efrain 541 BOY
Kellie 541 GIRL
Quintin 542 BOY
Brooklynn 542 GIRL
Kurt 543 BOY
Darian 543 GIRL
Nathanial 544 BOY
Jailene 544 GIRL
Aiden 545 BOY
Moriah 545 GIRL
Geoffrey 546 BOY
Paula 546 GIRL
Reese 547 BOY
Ericka 547 GIRL
Addison 548 BOY
Katharine 548 GIRL
Kai 549 BOY
Athena 549 GIRL
Kolby 550 BOY
Judith 550 GIRL
Sage 551 BOY
Maritza 551 GIRL
Ronaldo 552 BOY
Carina 552 GIRL
Antoine 553 BOY
Kamryn 553 GIRL
Cyrus 554 BOY
Eileen 554 GIRL
Darnell 555 BOY
Kayley 555 GIRL
Jaret 556 BOY
Shawna 556 GIRL
Joaquin 557 BOY
Mollie 557 GIRL
Dayton 558 BOY
Cayla 558 GIRL
Lewis 559 BOY
Destiney 559 GIRL
Gianni 560 BOY
Stacey 560 GIRL
Leonel 561 BOY
Noemi 561 GIRL
Ben 562 BOY
Kaylyn 562 GIRL
Clarence 563 BOY
Mireya 563 GIRL
Kane 564 BOY
Mariela 564 GIRL
Ulises 565 BOY
Eden 565 GIRL
Vicente 566 BOY
Jaime 566 GIRL
Derick 567 BOY
Donna 567 GIRL
Alvaro 568 BOY
Alayna 568 GIRL
Davion 569 BOY
Tina 569 GIRL
Rashad 570 BOY
Halle 570 GIRL
Devante 571 BOY
Salma 571 GIRL
Darien 572 BOY
Tess 572 GIRL
Dashawn 573 BOY
Marlene 573 GIRL
Quincy 574 BOY
Graciela 574 GIRL
Coby 575 BOY
Leanna 575 GIRL
Humberto 576 BOY
Kourtney 576 GIRL
Toby 577 BOY
Maribel 577 GIRL
Will 578 BOY
Madisyn 578 GIRL
Demarcus 579 BOY
Alisa 579 GIRL
Isaias 580 BOY
Nicolette 580 GIRL
Brad 581 BOY
Blanca 581 GIRL
Dandre 582 BOY
Micah 582 GIRL
Everett 583 BOY
Meaghan 583 GIRL
Ralph 584 BOY
Lilly 584 GIRL
Tevin 585 BOY
Melinda 585 GIRL
Howard 586 BOY
Emely 586 GIRL
Stephon 587 BOY
Katelin 587 GIRL
Jaylin 588 BOY
Chandler 588 GIRL
Clinton 589 BOY
Mara 589 GIRL
Ezequiel 590 BOY
Aspen 590 GIRL
Jaron 591 BOY
Edith 591 GIRL
Koby 592 BOY
Karlee 592 GIRL
Tobias 593 BOY
Candice 593 GIRL
Ahmed 594 BOY
Destini 594 GIRL
Kareem 595 BOY
Araceli 595 GIRL
Dillan 596 BOY
Karli 596 GIRL
Pierce 597 BOY
Angie 597 GIRL
August 598 BOY
Chyna 598 GIRL
Jamison 599 BOY
Casandra 599 GIRL
Stephan 600 BOY
Corinne 600 GIRL
Earl 601 BOY
Karlie 601 GIRL
Aron 602 BOY
Tanya 602 GIRL
Romeo 603 BOY
Abbie 603 GIRL
Adolfo 604 BOY
Aisha 604 GIRL
Bret 605 BOY
Juliet 605 GIRL
Kurtis 606 BOY
Katarina 606 GIRL
Kolton 607 BOY
Phoebe 607 GIRL
Rory 608 BOY
Macey 608 GIRL
Salvatore 609 BOY
Margarita 609 GIRL
Barry 610 BOY
Reyna 610 GIRL
Jasper 611 BOY
Sage 611 GIRL
Tyrese 612 BOY
Abbigail 612 GIRL
Conrad 613 BOY
Carlee 613 GIRL
Darion 614 BOY
Christy 614 GIRL
Deon 615 BOY
Desirae 615 GIRL
Bernard 616 BOY
Sarai 616 GIRL
Devyn 617 BOY
Rosemary 617 GIRL
Dexter 618 BOY
Kathy 618 GIRL
Forrest 619 BOY
Celia 619 GIRL
Denzel 620 BOY
Gracie 620 GIRL
Fredrick 621 BOY
Yvette 621 GIRL
Kory 622 BOY
Leann 622 GIRL
Dangelo 623 BOY
Reilly 623 GIRL
Perry 624 BOY
Thalia 624 GIRL
Kieran 625 BOY
Isis 625 GIRL
Mackenzie 626 BOY
Sydnee 626 GIRL
Roderick 627 BOY
Lyndsey 627 GIRL
Kasey 628 BOY
Madyson 628 GIRL
Braydon 629 BOY
Karly 629 GIRL
Mike 630 BOY
Lucia 630 GIRL
Markus 631 BOY
Madelynn 631 GIRL
Stone 632 BOY
Gisselle 632 GIRL
Darrius 633 BOY
Miracle 633 GIRL
Agustin 634 BOY
Jazmyn 634 GIRL
Braeden 635 BOY
Kristine 635 GIRL
Deangelo 636 BOY
Lea 636 GIRL
Rhett 637 BOY
Christa 637 GIRL
Ignacio 638 BOY
Taya 638 GIRL
Freddy 639 BOY
Lyric 639 GIRL
Gordon 640 BOY
Sandy 640 GIRL
Mitchel 641 BOY
Annabelle 641 GIRL
Irvin 642 BOY
Maranda 642 GIRL
Travon 643 BOY
Beatriz 643 GIRL
Leroy 644 BOY
Diane 644 GIRL
Tre 645 BOY
Nikita 645 GIRL
Jovan 646 BOY
Cortney 646 GIRL
Keon 647 BOY
Kacey 647 GIRL
Rigoberto 648 BOY
Maegan 648 GIRL
Shannon 649 BOY
Carli 649 GIRL
Garrison 650 BOY
Chelsie 650 GIRL
Heath 651 BOY
Elaina 651 GIRL
Norman 652 BOY
Kailyn 652 GIRL
Aldo 653 BOY
Malia 653 GIRL
Moshe 654 BOY
Kianna 654 GIRL
Clifford 655 BOY
Randi 655 GIRL
Austyn 656 BOY
Rylie 656 GIRL
Jamar 657 BOY
Anita 657 GIRL
Armani 658 BOY
Carol 658 GIRL
Cruz 659 BOY
Alivia 659 GIRL
Keshawn 660 BOY
Kari 660 GIRL
Marcel 661 BOY
Sheila 661 GIRL
Rylan 662 BOY
Allyssa 662 GIRL
Marquez 663 BOY
Celina 663 GIRL
Stuart 664 BOY
Estrella 664 GIRL
Dion 665 BOY
Halie 665 GIRL
Gunner 666 BOY
Kyleigh 666 GIRL
Hudson 667 BOY
Tracy 667 GIRL
Raphael 668 BOY
Alexandrea 668 GIRL
Dwight 669 BOY
Anissa 669 GIRL
Easton 670 BOY
Bridgette 670 GIRL
Tristian 671 BOY
Juliette 671 GIRL
Anton 672 BOY
Shaina 672 GIRL
Dimitri 673 BOY
Rocio 673 GIRL
Elisha 674 BOY
Tiffani 674 GIRL
Quinten 675 BOY
Brook 675 GIRL
Brenton 676 BOY
Brielle 676 GIRL
Hassan 677 BOY
Aleah 677 GIRL
Roland 678 BOY
Helena 678 GIRL
Silas 679 BOY
Stephany 679 GIRL
Amari 680 BOY
Jayda 680 GIRL
Frankie 681 BOY
Selina 681 GIRL
Lamar 682 BOY
Chantel 682 GIRL
Raekwon 683 BOY
Maura 683 GIRL
Estevan 684 BOY
Lizette 684 GIRL
Sammy 685 BOY
Joyce 685 GIRL
Asher 686 BOY
Darby 686 GIRL
Carlton 687 BOY
Susana 687 GIRL
Brayan 688 BOY
Jazlyn 688 GIRL
Davonte 689 BOY
Rachelle 689 GIRL
Donavan 690 BOY
Yvonne 690 GIRL
Jarvis 691 BOY
Yadira 691 GIRL
Jaxon 692 BOY
Dulce 692 GIRL
Daryl 693 BOY
Sally 693 GIRL
Tyrek 694 BOY
Chanel 694 GIRL
Zion 695 BOY
Jaqueline 695 GIRL
Clifton 696 BOY
Calista 696 GIRL
Jorden 697 BOY
Kasandra 697 GIRL
Jameson 698 BOY
Madisen 698 GIRL
Kelly 699 BOY
Janessa 699 GIRL
Shamar 700 BOY
Esperanza 700 GIRL
Zechariah 701 BOY
Macie 701 GIRL
Cornelius 702 BOY
Gwendolyn 702 GIRL
Elvis 703 BOY
Shea 703 GIRL
Korey 704 BOY
Damaris 704 GIRL
Chaz 705 BOY
Kenzie 705 GIRL
Justyn 706 BOY
Loren 706 GIRL
Talon 707 BOY
Rebeca 707 GIRL
Guadalupe 708 BOY
Eliana 708 GIRL
Courtney 709 BOY
Stefanie 709 GIRL
Declan 710 BOY
Dorothy 710 GIRL
Dylon 711 BOY
Janice 711 GIRL
Rashawn 712 BOY
Karley 712 GIRL
Arnold 713 BOY
Alize 713 GIRL
Shayne 714 BOY
Elissa 714 GIRL
Cristopher 715 BOY
Jeanette 715 GIRL
Maximillian 716 BOY
Katlin 716 GIRL
Trever 717 BOY
Bonnie 717 GIRL
Kirk 718 BOY
Lori 718 GIRL
Justus 719 BOY
Misty 719 GIRL
Antwan 720 BOY
Norma 720 GIRL
Reynaldo 721 BOY
Brynn 721 GIRL
Jefferson 722 BOY
Kallie 722 GIRL
Kent 723 BOY
Kayli 723 GIRL
Santos 724 BOY
Ayana 724 GIRL
Houston 725 BOY
Arlene 725 GIRL
Muhammad 726 BOY
Kaela 726 GIRL
Nestor 727 BOY
Kristy 727 GIRL
Remington 728 BOY
Brittani 728 GIRL
Brooks 729 BOY
Christiana 729 GIRL
Savion 730 BOY
Juanita 730 GIRL
Baby 731 BOY
Anika 731 GIRL
Lamont 732 BOY
Carson 732 GIRL
Clark 733 BOY
Amani 733 GIRL
Deondre 734 BOY
Michele 734 GIRL
Layne 735 BOY
Caitlynn 735 GIRL
Alonso 736 BOY
Leila 736 GIRL
Jairo 737 BOY
Aylin 737 GIRL
Raheem 738 BOY
Hana 738 GIRL
Darrin 739 BOY
Leilani 739 GIRL
Glen 740 BOY
Mikala 740 GIRL
Misael 741 BOY
Daria 741 GIRL
Jarett 742 BOY
Kaelyn 742 GIRL
Kamron 743 BOY
Shirley 743 GIRL
Reuben 744 BOY
Shyann 744 GIRL
Dallin 745 BOY
Nataly 745 GIRL
Fred 746 BOY
Gretchen 746 GIRL
Milton 747 BOY
Itzel 747 GIRL
Kole 748 BOY
Mariam 748 GIRL
Jamel 749 BOY
Tea 749 GIRL
Ulysses 750 BOY
Ansley 750 GIRL
Junior 751 BOY
Devyn 751 GIRL
Madison 752 BOY
Marley 752 GIRL
Jadon 753 BOY
Alessandra 753 GIRL
Ladarius 754 BOY
Kori 754 GIRL
Tyrique 755 BOY
Yolanda 755 GIRL
Josef 756 BOY
Dallas 756 GIRL
Brandan 757 BOY
Antoinette 757 GIRL
Colt 758 BOY
Giovanna 758 GIRL
German 759 BOY
Raegan 759 GIRL
Cortez 760 BOY
Daphne 760 GIRL
Jacoby 761 BOY
Berenice 761 GIRL
Winston 762 BOY
Elyse 762 GIRL
Elmer 763 BOY
Jaden 763 GIRL
Guy 764 BOY
Quinn 764 GIRL
Don 765 BOY
Dasia 765 GIRL
Neal 766 BOY
Kaci 766 GIRL
Vernon 767 BOY
Yasmeen 767 GIRL
Zakary 768 BOY
Alena 768 GIRL
Duane 769 BOY
Annette 769 GIRL
Nash 770 BOY
Kaylynn 770 GIRL
Tahj 771 BOY
Alex 771 GIRL
Dequan 772 BOY
Fabiola 772 GIRL
Hugh 773 BOY
Jenifer 773 GIRL
Paris 774 BOY
Alysa 774 GIRL
Terence 775 BOY
Jacklyn 775 GIRL
Tyriq 776 BOY
Joselyn 776 GIRL
Bradly 777 BOY
Shelbie 777 GIRL
Clint 778 BOY
Drew 778 GIRL
Jackie 779 BOY
Erykah 779 GIRL
Darin 780 BOY
Leanne 780 GIRL
Tracy 781 BOY
Makala 781 GIRL
Julien 782 BOY
Kelley 782 GIRL
Alden 783 BOY
Sonya 783 GIRL
Denver 784 BOY
Dejah 784 GIRL
Rohan 785 BOY
Yessenia 785 GIRL
Titus 786 BOY
Dalia 786 GIRL
Demarco 787 BOY
Myah 787 GIRL
Hakeem 788 BOY
Breanne 788 GIRL
Lonnie 789 BOY
Reanna 789 GIRL
Adonis 790 BOY
Trisha 790 GIRL
Bernardo 791 BOY
Alysha 791 GIRL
Brandyn 792 BOY
Jesse 792 GIRL
Asa 793 BOY
Melina 793 GIRL
Axel 794 BOY
Princess 794 GIRL
Gino 795 BOY
Ali 795 GIRL
Greyson 796 BOY
Nayeli 796 GIRL
Herbert 797 BOY
Liana 797 GIRL
Kellen 798 BOY
Nadine 798 GIRL
Keyshawn 799 BOY
Silvia 799 GIRL
Octavio 800 BOY
Kalie 800 GIRL
Chaim 801 BOY
Katlynn 801 GIRL
Destin 802 BOY
Tasia 802 GIRL
Jordy 803 BOY
Elyssa 803 GIRL
Maverick 804 BOY
Lilian 804 GIRL
Pierre 805 BOY
Madilyn 805 GIRL
Jean 806 BOY
Cecelia 806 GIRL
Deshaun 807 BOY
Dawn 807 GIRL
Khalid 808 BOY
Jill 808 GIRL
Myron 809 BOY
Bryana 809 GIRL
Deion 810 BOY
Emerald 810 GIRL
Thaddeus 811 BOY
Kalyn 811 GIRL
Donnie 812 BOY
Kaycee 812 GIRL
Javonte 813 BOY
Shaylee 813 GIRL
Keven 814 BOY
Camila 814 GIRL
Kristofer 815 BOY
Kaylah 815 GIRL
Raymundo 816 BOY
Magdalena 816 GIRL
Ellis 817 BOY
Tatianna 817 GIRL
Jaleel 818 BOY
Felicity 818 GIRL
Kevon 819 BOY
Ireland 819 GIRL
Turner 820 BOY
Sarina 820 GIRL
Montana 821 BOY
Tamera 821 GIRL
Tyreek 822 BOY
Myranda 822 GIRL
Dontae 823 BOY
Starr 823 GIRL
Efren 824 BOY
Katerina 824 GIRL
Grady 825 BOY
Lara 825 GIRL
Jamari 826 BOY
Blair 826 GIRL
Aubrey 827 BOY
Gabriel 827 GIRL
Nehemiah 828 BOY
Haylie 828 GIRL
Nick 829 BOY
Katy 829 GIRL
Freddie 830 BOY
Kristi 830 GIRL
Marques 831 BOY
Ashanti 831 GIRL
Antony 832 BOY
Darlene 832 GIRL
Bo 833 BOY
Kinsey 833 GIRL
Bradford 834 BOY
Scarlett 834 GIRL
Davin 835 BOY
Valentina 835 GIRL
Ibrahim 836 BOY
Hayden 836 GIRL
Aric 837 BOY
Joelle 837 GIRL
Gerard 838 BOY
Roxanne 838 GIRL
Landen 839 BOY
Shana 839 GIRL
Simeon 840 BOY
Tammy 840 GIRL
Dakotah 841 BOY
Demi 841 GIRL
Darrion 842 BOY
Serenity 842 GIRL
Dillion 843 BOY
Skyla 843 GIRL
Kordell 844 BOY
Suzanne 844 GIRL
Marcelo 845 BOY
Anya 845 GIRL
Tyquan 846 BOY
Daija 846 GIRL
Emmett 847 BOY
Dianna 847 GIRL
Heriberto 848 BOY
Patience 848 GIRL
Kelton 849 BOY
Sydnie 849 GIRL
Omari 850 BOY
Keri 850 GIRL
Prince 851 BOY
Tristan 851 GIRL
Benny 852 BOY
Willow 852 GIRL
Izaiah 853 BOY
Asha 853 GIRL
Jamarcus 854 BOY
Aubree 854 GIRL
Alexandro 855 BOY
Charlene 855 GIRL
Cale 856 BOY
Emilia 856 GIRL
Trystan 857 BOY
Jana 857 GIRL
Jaren 858 BOY
Tanisha 858 GIRL
Kalen 859 BOY
Jasmyn 859 GIRL
Mikel 860 BOY
Layla 860 GIRL
Raven 861 BOY
Shakira 861 GIRL
Tavian 862 BOY
Adrian 862 GIRL
Arron 863 BOY
Delia 863 GIRL
Jacquez 864 BOY
Unique 864 GIRL
Tyron 865 BOY
Rita 865 GIRL
Dewayne 866 BOY
Ashly 866 GIRL
Dominik 867 BOY
Connie 867 GIRL
Emerson 868 BOY
Hillary 868 GIRL
Samir 869 BOY
Lucero 869 GIRL
Vaughn 870 BOY
Noel 870 GIRL
Alessandro 871 BOY
Shauna 871 GIRL
Anderson 872 BOY
Jacey 872 GIRL
Ari 873 BOY
Rochelle 873 GIRL
Benito 874 BOY
Jaida 874 GIRL
Bronson 875 BOY
Lillie 875 GIRL
Garett 876 BOY
Octavia 876 GIRL
Josh 877 BOY
Daisha 877 GIRL
Sonny 878 BOY
Delilah 878 GIRL
Auston 879 BOY
Jena 879 GIRL
Brant 880 BOY
Kendal 880 GIRL
Jayce 881 BOY
Maeve 881 GIRL
Jimmie 882 BOY
Marianna 882 GIRL
Lincoln 883 BOY
Sydni 883 GIRL
Nasir 884 BOY
Alysia 884 GIRL
Rick 885 BOY
Jocelyne 885 GIRL
Shelby 886 BOY
Jayden 886 GIRL
Alton 887 BOY
Savana 887 GIRL
Kyree 888 BOY
Iliana 888 GIRL
Nico 889 BOY
Lourdes 889 GIRL
Seamus 890 BOY
Odalis 890 GIRL
Tyshawn 891 BOY
Reina 891 GIRL
Fidel 892 BOY
Joanne 892 GIRL
Lloyd 893 BOY
Kirstin 893 GIRL
Draven 894 BOY
Ashlie 894 GIRL
Tyrik 895 BOY
Cali 895 GIRL
Brennon 896 BOY
Ingrid 896 GIRL
Abdullah 897 BOY
Marcella 897 GIRL
Andreas 898 BOY
Shelbi 898 GIRL
Blaise 899 BOY
Abigayle 899 GIRL
Gonzalo 900 BOY
Baby 900 GIRL
Jaylan 901 BOY
Jaelyn 901 GIRL
Johnnie 902 BOY
Odalys 902 GIRL
Jordi 903 BOY
Stevie 903 GIRL
Markel 904 BOY
Rhianna 904 GIRL
Rickey 905 BOY
Shianne 905 GIRL
Markell 906 BOY
Stella 906 GIRL
Phoenix 907 BOY
Violet 907 GIRL
Reilly 908 BOY
Kelsea 908 GIRL
Brannon 909 BOY
Ayla 909 GIRL
Dario 910 BOY
Jodi 910 GIRL
Jerrod 911 BOY
Sade 911 GIRL
Robin 912 BOY
America 912 GIRL
Giancarlo 913 BOY
Lacy 913 GIRL
Jacques 914 BOY
Maci 914 GIRL
Lionel 915 BOY
Amira 915 GIRL
Jabari 916 BOY
Jazmyne 916 GIRL
Paxton 917 BOY
Justina 917 GIRL
Jalon 918 BOY
Maricela 918 GIRL
Royce 919 BOY
Myra 919 GIRL
Ryder 920 BOY
Cydney 920 GIRL
Alexandre 921 BOY
Alycia 921 GIRL
Hernan 922 BOY
Eryn 922 GIRL
Mekhi 923 BOY
Haven 923 GIRL
Augustus 924 BOY
Martina 924 GIRL
Clyde 925 BOY
Shae 925 GIRL
Devonta 926 BOY
Armani 926 GIRL
Gregorio 927 BOY
Vanesa 927 GIRL
Kennedy 928 BOY
Zoie 928 GIRL
Reagan 929 BOY
Lila 929 GIRL
Shemar 930 BOY
Monika 930 GIRL
Branson 931 BOY
Alia 931 GIRL
Jelani 932 BOY
Eve 932 GIRL
Matteo 933 BOY
Breonna 933 GIRL
Darrian 934 BOY
Mattie 934 GIRL
Domenic 935 BOY
Beatrice 935 GIRL
Giovanny 936 BOY
Beverly 936 GIRL
Hans 937 BOY
Constance 937 GIRL
Herman 938 BOY
Harmony 938 GIRL
Jerod 939 BOY
Catalina 939 GIRL
Johan 940 BOY
Hazel 940 GIRL
Kerry 941 BOY
Katia 941 GIRL
Abram 942 BOY
Kortney 942 GIRL
Hamza 943 BOY
Marlee 943 GIRL
Rex 944 BOY
Marlena 944 GIRL
Infant 945 BOY
Corina 945 GIRL
Najee 946 BOY
Elisha 946 GIRL
Chauncey 947 BOY
Brionna 947 GIRL
Keagan 948 BOY
Lexis 948 GIRL
Nathen 949 BOY
Nautica 949 GIRL
Niko 950 BOY
Destany 950 GIRL
Dan 951 BOY
Kameron 951 GIRL
Ishmael 952 BOY
Alyssia 952 GIRL
Jamil 953 BOY
Breann 953 GIRL
Nikhil 954 BOY
Caleigh 954 GIRL
Rico 955 BOY
Chase 955 GIRL
Taj 956 BOY
Yazmin 956 GIRL
Brycen 957 BOY
Abril 957 GIRL
Isidro 958 BOY
Deasia 958 GIRL
Luciano 959 BOY
Serina 959 GIRL
Vincenzo 960 BOY
Jessika 960 GIRL
Bishop 961 BOY
Melisa 961 GIRL
Isai 962 BOY
Shanice 962 GIRL
Jovani 963 BOY
Fernanda 963 GIRL
Jovany 964 BOY
Hadley 964 GIRL
Miguelangel 965 BOY
Janette 965 GIRL
Rasheed 966 BOY
Yajaira 966 GIRL
Dejuan 967 BOY
Kaylan 967 GIRL
Jensen 968 BOY
Lia 968 GIRL
Nicklaus 969 BOY
Lizeth 969 GIRL
Abdul 970 BOY
Chaya 970 GIRL
Broderick 971 BOY
Janie 971 GIRL
Deontae 972 BOY
Kia 972 GIRL
Keanu 973 BOY
Star 973 GIRL
Kenton 974 BOY
Audra 974 GIRL
Loren 975 BOY
Ivana 975 GIRL
Rahul 976 BOY
Jayme 976 GIRL
Babyboy 977 BOY
Kenia 977 GIRL
Tarik 978 BOY
Kerri 978 GIRL
Valentin 979 BOY
Paloma 979 GIRL
Darrien 980 BOY
Ryann 980 GIRL
Floyd 981 BOY
Bobbi 981 GIRL
Genaro 982 BOY
Leeann 982 GIRL
Kenyon 983 BOY
Cori 983 GIRL
Keyon 984 BOY
Debra 984 GIRL
Rocky 985 BOY
Kaylen 985 GIRL
Syed 986 BOY
Shantel 986 GIRL
Amos 987 BOY
Tayla 987 GIRL
Christion 988 BOY
Jensen 988 GIRL
Francesco 989 BOY
Presley 989 GIRL
Leland 990 BOY
Samara 990 GIRL
Stewart 991 BOY
Alexys 991 GIRL
Trevin 992 BOY
Eboni 992 GIRL
Barrett 993 BOY
Jaycee 993 GIRL
Carlo 994 BOY
Judy 994 GIRL
Judah 995 BOY
Kennedi 995 GIRL
Kale 996 BOY
Jayde 996 GIRL
Killian 997 BOY
Raina 997 GIRL
Konnor 998 BOY
Elsa 998 GIRL
Kylan 999 BOY
Hollie 999 GIRL
Mariano 1000 BOY
Keisha 1000 GIRL