1992
Michael 1 BOY
Ashley 1 GIRL
Christopher 2 BOY
Jessica 2 GIRL
Matthew 3 BOY
Amanda 3 GIRL
Joshua 4 BOY
Brittany 4 GIRL
Andrew 5 BOY
Sarah 5 GIRL
Brandon 6 BOY
Samantha 6 GIRL
Daniel 7 BOY
Emily 7 GIRL
Tyler 8 BOY
Stephanie 8 GIRL
James 9 BOY
Elizabeth 9 GIRL
David 10 BOY
Megan 10 GIRL
Joseph 11 BOY
Jennifer 11 GIRL
Nicholas 12 BOY
Lauren 12 GIRL
Ryan 13 BOY
Kayla 13 GIRL
John 14 BOY
Nicole 14 GIRL
Jacob 15 BOY
Chelsea 15 GIRL
Zachary 16 BOY
Rachel 16 GIRL
Robert 17 BOY
Taylor 17 GIRL
Justin 18 BOY
Danielle 18 GIRL
Anthony 19 BOY
Amber 19 GIRL
William 20 BOY
Rebecca 20 GIRL
Jonathan 21 BOY
Courtney 21 GIRL
Kyle 22 BOY
Victoria 22 GIRL
Alexander 23 BOY
Kelsey 23 GIRL
Cody 24 BOY
Melissa 24 GIRL
Kevin 25 BOY
Michelle 25 GIRL
Eric 26 BOY
Hannah 26 GIRL
Thomas 27 BOY
Katherine 27 GIRL
Dylan 28 BOY
Jasmine 28 GIRL
Steven 29 BOY
Alexandra 29 GIRL
Aaron 30 BOY
Alyssa 30 GIRL
Brian 31 BOY
Heather 31 GIRL
Jordan 32 BOY
Tiffany 32 GIRL
Benjamin 33 BOY
Christina 33 GIRL
Timothy 34 BOY
Shelby 34 GIRL
Christian 35 BOY
Kimberly 35 GIRL
Adam 36 BOY
Sara 36 GIRL
Jose 37 BOY
Mary 37 GIRL
Austin 38 BOY
Laura 38 GIRL
Patrick 39 BOY
Andrea 39 GIRL
Richard 40 BOY
Alexis 40 GIRL
Samuel 41 BOY
Morgan 41 GIRL
Sean 42 BOY
Kaitlyn 42 GIRL
Charles 43 BOY
Brianna 43 GIRL
Nathan 44 BOY
Erica 44 GIRL
Stephen 45 BOY
Maria 45 GIRL
Jason 46 BOY
Erin 46 GIRL
Jeremy 47 BOY
Kelly 47 GIRL
Travis 48 BOY
Allison 48 GIRL
Mark 49 BOY
Anna 49 GIRL
Jesse 50 BOY
Crystal 50 GIRL
Jeffrey 51 BOY
Amy 51 GIRL
Taylor 52 BOY
Cassandra 52 GIRL
Cameron 53 BOY
Kristen 53 GIRL
Alex 54 BOY
Katie 54 GIRL
Paul 55 BOY
Vanessa 55 GIRL
Juan 56 BOY
Haley 56 GIRL
Bryan 57 BOY
Lindsey 57 GIRL
Dustin 58 BOY
Olivia 58 GIRL
Kenneth 59 BOY
Brooke 59 GIRL
Gregory 60 BOY
Kathryn 60 GIRL
Scott 61 BOY
Natalie 61 GIRL
Derek 62 BOY
Caitlin 62 GIRL
Trevor 63 BOY
Jordan 63 GIRL
Luis 64 BOY
Paige 64 GIRL
Corey 65 BOY
Shannon 65 GIRL
Evan 66 BOY
Katelyn 66 GIRL
Jared 67 BOY
Jenna 67 GIRL
Ian 68 BOY
Brittney 68 GIRL
Carlos 69 BOY
Angela 69 GIRL
Edward 70 BOY
Julia 70 GIRL
Shawn 71 BOY
Alicia 71 GIRL
Bradley 72 BOY
Marissa 72 GIRL
Dillon 73 BOY
Alexandria 73 GIRL
Caleb 74 BOY
Mariah 74 GIRL
Devin 75 BOY
Jamie 75 GIRL
Ethan 76 BOY
Jacqueline 76 GIRL
Shane 77 BOY
Monica 77 GIRL
Jesus 78 BOY
Catherine 78 GIRL
Nathaniel 79 BOY
Briana 79 GIRL
Connor 80 BOY
Erika 80 GIRL
Peter 81 BOY
Lindsay 81 GIRL
Marcus 82 BOY
Christine 82 GIRL
Cory 83 BOY
Molly 83 GIRL
Blake 84 BOY
Gabrielle 84 GIRL
Antonio 85 BOY
Whitney 85 GIRL
Gabriel 86 BOY
Abigail 86 GIRL
Victor 87 BOY
Ariel 87 GIRL
Garrett 88 BOY
Lisa 88 GIRL
Logan 89 BOY
Miranda 89 GIRL
Miguel 90 BOY
Kristin 90 GIRL
Mitchell 91 BOY
Meghan 91 GIRL
Vincent 92 BOY
Cynthia 92 GIRL
Luke 93 BOY
Kristina 93 GIRL
Seth 94 BOY
Breanna 94 GIRL
George 95 BOY
Veronica 95 GIRL
Adrian 96 BOY
Leah 96 GIRL
Brett 97 BOY
Bianca 97 GIRL
Erik 98 BOY
Melanie 98 GIRL
Spencer 99 BOY
Holly 99 GIRL
Joel 100 BOY
Angelica 100 GIRL
Tanner 101 BOY
Diana 101 GIRL
Keith 102 BOY
Margaret 102 GIRL
Dakota 103 BOY
April 103 GIRL
Raymond 104 BOY
Emma 104 GIRL
Casey 105 BOY
Caroline 105 GIRL
Lucas 106 BOY
Julie 106 GIRL
Phillip 107 BOY
Madison 107 GIRL
Chad 108 BOY
Kathleen 108 GIRL
Jorge 109 BOY
Casey 109 GIRL
Donald 110 BOY
Brandi 110 GIRL
Wesley 111 BOY
Patricia 111 GIRL
Ronald 112 BOY
Sabrina 112 GIRL
Alejandro 113 BOY
Kaitlin 113 GIRL
Angel 114 BOY
Bethany 114 GIRL
Ricardo 115 BOY
Kara 115 GIRL
Chase 116 BOY
Dominique 116 GIRL
Martin 117 BOY
Chelsey 117 GIRL
Francisco 118 BOY
Tara 118 GIRL
Jake 119 BOY
Brenda 119 GIRL
Derrick 120 BOY
Natasha 120 GIRL
Dalton 121 BOY
Desiree 121 GIRL
Johnathan 122 BOY
Karen 122 GIRL
Devon 123 BOY
Rachael 123 GIRL
Isaac 124 BOY
Sydney 124 GIRL
Frank 125 BOY
Mackenzie 125 GIRL
Douglas 126 BOY
Kendra 126 GIRL
Colin 127 BOY
Grace 127 GIRL
Mario 128 BOY
Krystal 128 GIRL
Alan 129 BOY
Destiny 129 GIRL
Oscar 130 BOY
Sierra 130 GIRL
Manuel 131 BOY
Hillary 131 GIRL
Eduardo 132 BOY
Katrina 132 GIRL
Julian 133 BOY
Leslie 133 GIRL
Colton 134 BOY
Carly 134 GIRL
Hunter 135 BOY
Hayley 135 GIRL
Jonathon 136 BOY
Valerie 136 GIRL
Dominic 137 BOY
Ana 137 GIRL
Philip 138 BOY
Madeline 138 GIRL
Gary 139 BOY
Gabriela 139 GIRL
Andre 140 BOY
Alexa 140 GIRL
Henry 141 BOY
Adriana 141 GIRL
Curtis 142 BOY
Savannah 142 GIRL
Cole 143 BOY
Nancy 143 GIRL
Brendan 144 BOY
Dana 144 GIRL
Omar 145 BOY
Rebekah 145 GIRL
Troy 146 BOY
Felicia 146 GIRL
Xavier 147 BOY
Alison 147 GIRL
Mason 148 BOY
Jillian 148 GIRL
Edgar 149 BOY
Alejandra 149 GIRL
Dennis 150 BOY
Krista 150 GIRL
Ivan 151 BOY
Monique 151 GIRL
Javier 152 BOY
Raven 152 GIRL
Johnny 153 BOY
Sandra 153 GIRL
Craig 154 BOY
Ashlee 154 GIRL
Jack 155 BOY
Deanna 155 GIRL
Hector 156 BOY
Caitlyn 156 GIRL
Sergio 157 BOY
Meagan 157 GIRL
Randy 158 BOY
Claire 158 GIRL
Roberto 159 BOY
Karina 159 GIRL
Brent 160 BOY
Hailey 160 GIRL
Jeremiah 161 BOY
Chloe 161 GIRL
Tevin 162 BOY
Alisha 162 GIRL
Tony 163 BOY
Shanice 163 GIRL
Darius 164 BOY
Gina 164 GIRL
Grant 165 BOY
Jocelyn 165 GIRL
Allen 166 BOY
Kirsten 166 GIRL
Clayton 167 BOY
Joanna 167 GIRL
Levi 168 BOY
Brandy 168 GIRL
Maxwell 169 BOY
Cheyenne 169 GIRL
Fernando 170 BOY
Autumn 170 GIRL
Max 171 BOY
Jaclyn 171 GIRL
Alec 172 BOY
Mallory 172 GIRL
Larry 173 BOY
Lacey 173 GIRL
Mathew 174 BOY
Kaylee 174 GIRL
Bryce 175 BOY
Audrey 175 GIRL
Jeffery 176 BOY
Yesenia 176 GIRL
Edwin 177 BOY
Mercedes 177 GIRL
Ruben 178 BOY
Bailey 178 GIRL
Nicolas 179 BOY
Priscilla 179 GIRL
Dominique 180 BOY
Angel 180 GIRL
Drew 181 BOY
Jade 181 GIRL
Carl 182 BOY
Anne 182 GIRL
Jerry 183 BOY
Cindy 183 GIRL
Zachery 184 BOY
Colleen 184 GIRL
Russell 185 BOY
Candace 185 GIRL
Andres 186 BOY
Cristina 186 GIRL
Collin 187 BOY
Daisy 187 GIRL
Pedro 188 BOY
Denise 188 GIRL
Kristopher 189 BOY
Tabitha 189 GIRL
Danny 190 BOY
Claudia 190 GIRL
Ricky 191 BOY
Nichole 191 GIRL
Lawrence 192 BOY
Linda 192 GIRL
Louis 193 BOY
Kiara 193 GIRL
Calvin 194 BOY
Britney 194 GIRL
Cesar 195 BOY
Kylie 195 GIRL
Terry 196 BOY
Carolyn 196 GIRL
Colby 197 BOY
Ashleigh 197 GIRL
Marco 198 BOY
Candice 198 GIRL
Devante 199 BOY
Meredith 199 GIRL
Jimmy 200 BOY
Mayra 200 GIRL
Julio 201 BOY
Bridget 201 GIRL
Preston 202 BOY
Evelyn 202 GIRL
Elijah 203 BOY
Kasey 203 GIRL
Lance 204 BOY
Kassandra 204 GIRL
Albert 205 BOY
Lydia 205 GIRL
Malcolm 206 BOY
Teresa 206 GIRL
Micheal 207 BOY
Ariana 207 GIRL
Rafael 208 BOY
Ciara 208 GIRL
Raul 209 BOY
Gabriella 209 GIRL
Rodney 210 BOY
Susan 210 GIRL
Clinton 211 BOY
Jasmin 211 GIRL
Isaiah 212 BOY
Sophia 212 GIRL
Marc 213 BOY
Ebony 213 GIRL
Roger 214 BOY
Amelia 214 GIRL
Jaime 215 BOY
Renee 215 GIRL
Todd 216 BOY
Kelli 216 GIRL
Walter 217 BOY
Ellen 217 GIRL
Arthur 218 BOY
Tori 218 GIRL
Noah 219 BOY
Diamond 219 GIRL
Joe 220 BOY
Marisa 220 GIRL
Bobby 221 BOY
Carrie 221 GIRL
Erick 222 BOY
Wendy 222 GIRL
Jackson 223 BOY
Tamara 223 GIRL
Emmanuel 224 BOY
Justine 224 GIRL
Alberto 225 BOY
Heidi 225 GIRL
Devonte 226 BOY
Theresa 226 GIRL
Darren 227 BOY
Chelsie 227 GIRL
Gerardo 228 BOY
Carmen 228 GIRL
Sebastian 229 BOY
Allyson 229 GIRL
Billy 230 BOY
Stacey 230 GIRL
Ross 231 BOY
Janet 231 GIRL
Terrance 232 BOY
Stacy 232 GIRL
Armando 233 BOY
Hilary 233 GIRL
Reginald 234 BOY
Cassie 234 GIRL
Randall 235 BOY
Rosa 235 GIRL
Jay 236 BOY
Tessa 236 GIRL
Willie 237 BOY
Tiara 237 GIRL
Brady 238 BOY
Karla 238 GIRL
Trenton 239 BOY
Carissa 239 GIRL
Jon 240 BOY
Marie 240 GIRL
Micah 241 BOY
Jacquelyn 241 GIRL
Jamal 242 BOY
Raquel 242 GIRL
Donovan 243 BOY
Clarissa 243 GIRL
Gerald 244 BOY
Jenny 244 GIRL
Marvin 245 BOY
Faith 245 GIRL
Maurice 246 BOY
Martha 246 GIRL
Nolan 247 BOY
Cara 247 GIRL
Hayden 248 BOY
Kelsie 248 GIRL
Jamie 249 BOY
Barbara 249 GIRL
Ramon 250 BOY
Gloria 250 GIRL
Branden 251 BOY
Asia 251 GIRL
Andy 252 BOY
Aubrey 252 GIRL
Kody 253 BOY
Naomi 253 GIRL
Abraham 254 BOY
Summer 254 GIRL
Lee 255 BOY
Jazmin 255 GIRL
Parker 256 BOY
Jessie 256 GIRL
Trent 257 BOY
Virginia 257 GIRL
Skyler 258 BOY
Melinda 258 GIRL
Eddie 259 BOY
Camille 259 GIRL
Theodore 260 BOY
Abby 260 GIRL
Bryant 261 BOY
Kellie 261 GIRL
Damian 262 BOY
Janelle 262 GIRL
Marcos 263 BOY
Robin 263 GIRL
Riley 264 BOY
Cierra 264 GIRL
Desmond 265 BOY
Isabel 265 GIRL
Gavin 266 BOY
Jazmine 266 GIRL
Nickolas 267 BOY
Tanya 267 GIRL
Arturo 268 BOY
Nina 268 GIRL
Trey 269 BOY
Tatiana 269 GIRL
Terrence 270 BOY
Miriam 270 GIRL
Enrique 271 BOY
Maggie 271 GIRL
Cristian 272 BOY
Alissa 272 GIRL
Jessie 273 BOY
Devin 273 GIRL
Alfredo 274 BOY
Ruby 274 GIRL
Frederick 275 BOY
Cecilia 275 GIRL
Landon 276 BOY
Carla 276 GIRL
Deandre 277 BOY
Marina 277 GIRL
Zackary 278 BOY
Tracy 278 GIRL
Johnathon 279 BOY
Adrienne 279 GIRL
Kaleb 280 BOY
Christian 280 GIRL
Demetrius 281 BOY
Tyler 281 GIRL
Harrison 282 BOY
Zoe 282 GIRL
Miles 283 BOY
Arielle 283 GIRL
Damon 284 BOY
Angelina 284 GIRL
Josue 285 BOY
Daniela 285 GIRL
Roy 286 BOY
Tia 286 GIRL
Morgan 287 BOY
Charlotte 287 GIRL
Shaun 288 BOY
Michaela 288 GIRL
Tyrone 289 BOY
Adrianna 289 GIRL
Conor 290 BOY
Hanna 290 GIRL
Bruce 291 BOY
Mckenzie 291 GIRL
Salvador 292 BOY
Callie 292 GIRL
Darrell 293 BOY
Guadalupe 293 GIRL
Wayne 294 BOY
Katlyn 294 GIRL
Marquis 295 BOY
Ann 295 GIRL
Conner 296 BOY
Sasha 296 GIRL
Israel 297 BOY
Elise 297 GIRL
Jerome 298 BOY
Sharon 298 GIRL
Dallas 299 BOY
Katelynn 299 GIRL
Giovanni 300 BOY
Deborah 300 GIRL
Diego 301 BOY
Devon 301 GIRL
Steve 302 BOY
Esther 302 GIRL
Tommy 303 BOY
Pamela 303 GIRL
Marshall 304 BOY
Kristi 304 GIRL
Zachariah 305 BOY
Carolina 305 GIRL
Brock 306 BOY
Shawna 306 GIRL
Gustavo 307 BOY
Vivian 307 GIRL
Damien 308 BOY
Melody 308 GIRL
Ronnie 309 BOY
Karissa 309 GIRL
Terrell 310 BOY
Hope 310 GIRL
Franklin 311 BOY
Nikki 311 GIRL
Geoffrey 312 BOY
Tina 312 GIRL
Ernesto 313 BOY
Angelique 313 GIRL
Byron 314 BOY
Aimee 314 GIRL
Dean 315 BOY
Toni 315 GIRL
Forrest 316 BOY
Kristine 316 GIRL
Dominick 317 BOY
Shayla 317 GIRL
Francis 318 BOY
Rose 318 GIRL
Kelvin 319 BOY
Cortney 319 GIRL
Nelson 320 BOY
Brittani 320 GIRL
Darryl 321 BOY
Leticia 321 GIRL
Kendall 322 BOY
Jeanette 322 GIRL
Neil 323 BOY
Ruth 323 GIRL
Josiah 324 BOY
Kristy 324 GIRL
Melvin 325 BOY
Kate 325 GIRL
Zackery 326 BOY
Helen 326 GIRL
Leonard 327 BOY
Kari 327 GIRL
Rene 328 BOY
Michele 328 GIRL
Chance 329 BOY
Mia 329 GIRL
Denzel 330 BOY
Sonia 330 GIRL
Alexis 331 BOY
Regina 331 GIRL
Pablo 332 BOY
Brianne 332 GIRL
Lorenzo 333 BOY
Tasha 333 GIRL
Angelo 334 BOY
Bria 334 GIRL
Gage 335 BOY
Trisha 335 GIRL
Karl 336 BOY
Tiana 336 GIRL
Ernest 337 BOY
Elena 337 GIRL
Eugene 338 BOY
Paula 338 GIRL
Fabian 339 BOY
Stefanie 339 GIRL
Dale 340 BOY
Eva 340 GIRL
Elias 341 BOY
Elisabeth 341 GIRL
Glenn 342 BOY
Yvette 342 GIRL
Stanley 343 BOY
Nicolette 343 GIRL
Kurt 344 BOY
Christa 344 GIRL
Ty 345 BOY
Liliana 345 GIRL
Felix 346 BOY
Dakota 346 GIRL
Wade 347 BOY
Lillian 347 GIRL
Simon 348 BOY
Robyn 348 GIRL
Jermaine 349 BOY
Tierra 349 GIRL
Eli 350 BOY
Kendall 350 GIRL
Kendrick 351 BOY
Misty 351 GIRL
Dwayne 352 BOY
Anastasia 352 GIRL
Quinton 353 BOY
Annie 353 GIRL
Tyrell 354 BOY
Ashton 354 GIRL
Harold 355 BOY
Cassidy 355 GIRL
Orlando 356 BOY
Brenna 356 GIRL
Carson 357 BOY
Christy 357 GIRL
Warren 358 BOY
Marlene 358 GIRL
Oliver 359 BOY
Randi 359 GIRL
Dante 360 BOY
Lorena 360 GIRL
Guillermo 361 BOY
Katharine 361 GIRL
Keenan 362 BOY
Chasity 362 GIRL
Brendon 363 BOY
Sylvia 363 GIRL
Quentin 364 BOY
Kelley 364 GIRL
Emanuel 365 BOY
Kyla 365 GIRL
Harry 366 BOY
Natalia 366 GIRL
Brennan 367 BOY
Rachelle 367 GIRL
Wyatt 368 BOY
Alma 368 GIRL
Alvin 369 BOY
Maya 369 GIRL
Abel 370 BOY
Taryn 370 GIRL
Tristan 371 BOY
Ashlyn 371 GIRL
Weston 372 BOY
Alice 372 GIRL
Zane 373 BOY
Francesca 373 GIRL
Roman 374 BOY
Larissa 374 GIRL
Saul 375 BOY
Genesis 375 GIRL
Stefan 376 BOY
Jaime 376 GIRL
Jalen 377 BOY
Donna 377 GIRL
Gilbert 378 BOY
Jordyn 378 GIRL
Hugo 379 BOY
Kylee 379 GIRL
Sheldon 380 BOY
Ericka 380 GIRL
Ismael 381 BOY
Yvonne 381 GIRL
Leonardo 382 BOY
Marilyn 382 GIRL
Rodolfo 383 BOY
Marisol 383 GIRL
Jarrod 384 BOY
Tania 384 GIRL
Allan 385 BOY
Celeste 385 GIRL
Emilio 386 BOY
Alana 386 GIRL
Rudy 387 BOY
Tanisha 387 GIRL
Leon 388 BOY
Frances 388 GIRL
Esteban 389 BOY
Valeria 389 GIRL
Myles 390 BOY
India 390 GIRL
Ashton 391 BOY
Shayna 391 GIRL
Beau 392 BOY
Johanna 392 GIRL
Corbin 393 BOY
Chanel 393 GIRL
Ray 394 BOY
Corinne 394 GIRL
Malik 395 BOY
Jane 395 GIRL
Clint 396 BOY
Arianna 396 GIRL
Devan 397 BOY
Jill 397 GIRL
Kameron 398 BOY
Kierra 398 GIRL
Elliott 399 BOY
Alyson 399 GIRL
Sam 400 BOY
Lori 400 GIRL
Graham 401 BOY
Sheila 401 GIRL
Joey 402 BOY
Kiana 402 GIRL
Alfred 403 BOY
Esmeralda 403 GIRL
Elliot 404 BOY
Kali 404 GIRL
Jordon 405 BOY
Chantel 405 GIRL
Coty 406 BOY
Meaghan 406 GIRL
Cedric 407 BOY
Kayleigh 407 GIRL
Harley 408 BOY
Simone 408 GIRL
Chandler 409 BOY
Carley 409 GIRL
Dane 410 BOY
Ciera 410 GIRL
Mackenzie 411 BOY
Joy 411 GIRL
Braden 412 BOY
Carol 412 GIRL
Lewis 413 BOY
Dawn 413 GIRL
Felipe 414 BOY
Diane 414 GIRL
Clifford 415 BOY
Maribel 415 GIRL
Rashad 416 BOY
Tayler 416 GIRL
Kelly 417 BOY
Elaine 417 GIRL
Bernard 418 BOY
Shaina 418 GIRL
Darnell 419 BOY
Blanca 419 GIRL
Alfonso 420 BOY
Shaniqua 420 GIRL
Donte 421 BOY
Sadie 421 GIRL
Tylor 422 BOY
Yolanda 422 GIRL
Gilberto 423 BOY
Shana 423 GIRL
Moises 424 BOY
Lacy 424 GIRL
Drake 425 BOY
Nadia 425 GIRL
Shaquille 426 BOY
Josephine 426 GIRL
Stuart 427 BOY
Maritza 427 GIRL
Tre 428 BOY
Kaila 428 GIRL
Clarence 429 BOY
Kira 429 GIRL
Kirk 430 BOY
Irene 430 GIRL
Roderick 431 BOY
Roxanne 431 GIRL
Wilson 432 BOY
Latoya 432 GIRL
Brenden 433 BOY
Macy 433 GIRL
Noel 434 BOY
Iesha 434 GIRL
Rogelio 435 BOY
Kaleigh 435 GIRL
Stephan 436 BOY
Alaina 436 GIRL
Kenny 437 BOY
Kelsi 437 GIRL
Blaine 438 BOY
Kyra 438 GIRL
Jarred 439 BOY
Cristal 439 GIRL
Sterling 440 BOY
Logan 440 GIRL
Ralph 441 BOY
Juliana 441 GIRL
Garret 442 BOY
Precious 442 GIRL
Tucker 443 BOY
Breana 443 GIRL
Deshawn 444 BOY
Kourtney 444 GIRL
Lamar 445 BOY
Rochelle 445 GIRL
Antoine 446 BOY
Suzanne 446 GIRL
Jarrett 447 BOY
Tiffani 447 GIRL
Kristian 448 BOY
Iris 448 GIRL
Davon 449 BOY
Bonnie 449 GIRL
Quinn 450 BOY
Julianne 450 GIRL
Carter 451 BOY
Kaitlynn 451 GIRL
Charlie 452 BOY
Noelle 452 GIRL
Julius 453 BOY
Stephany 453 GIRL
Keegan 454 BOY
Anita 454 GIRL
Reid 455 BOY
Lyndsey 455 GIRL
Ramiro 456 BOY
Tonya 456 GIRL
Lukas 457 BOY
Elisa 457 GIRL
Earl 458 BOY
Savanna 458 GIRL
Barry 459 BOY
Kiera 459 GIRL
Kurtis 460 BOY
Shauna 460 GIRL
Avery 461 BOY
Latasha 461 GIRL
Brad 462 BOY
Sandy 462 GIRL
Skylar 463 BOY
Margarita 463 GIRL
Leo 464 BOY
Paris 464 GIRL
Shannon 465 BOY
Tess 465 GIRL
Bret 466 BOY
Kailey 466 GIRL
Howard 467 BOY
Judith 467 GIRL
Rodrigo 468 BOY
Madeleine 468 GIRL
Demarcus 469 BOY
Clara 469 GIRL
Kory 470 BOY
Kaley 470 GIRL
Chris 471 BOY
Lily 471 GIRL
Ariel 472 BOY
Mariela 472 GIRL
Shelby 473 BOY
Nora 473 GIRL
Dexter 474 BOY
Carina 474 GIRL
Marlon 475 BOY
Bryanna 475 GIRL
Owen 476 BOY
Antoinette 476 GIRL
Ali 477 BOY
Desirae 477 GIRL
Nikolas 478 BOY
Lucy 478 GIRL
Tyree 479 BOY
Moriah 479 GIRL
Carlton 480 BOY
Shelbi 480 GIRL
Jakob 481 BOY
Kristie 481 GIRL
Terence 482 BOY
Alysha 482 GIRL
Clay 483 BOY
Daniella 483 GIRL
Tomas 484 BOY
Dorothy 484 GIRL
Jaron 485 BOY
Sophie 485 GIRL
Derick 486 BOY
Breanne 486 GIRL
Kyler 487 BOY
Isabella 487 GIRL
Daryl 488 BOY
Leanna 488 GIRL
Courtney 489 BOY
Beatriz 489 GIRL
Jarvis 490 BOY
Paola 490 GIRL
Davonte 491 BOY
Serena 491 GIRL
Jayson 492 BOY
Jalisa 492 GIRL
Jamar 493 BOY
Maranda 493 GIRL
Leroy 494 BOY
Talia 494 GIRL
Dwight 495 BOY
Sally 495 GIRL
Mauricio 496 BOY
Casandra 496 GIRL
Nathanael 497 BOY
Kerri 497 GIRL
Adan 498 BOY
Janae 498 GIRL
Javon 499 BOY
Mollie 499 GIRL
Rolando 500 BOY
Charity 500 GIRL
Kasey 501 BOY
Emilee 501 GIRL
Dimitri 502 BOY
Alanna 502 GIRL
Gordon 503 BOY
Latisha 503 GIRL
Norman 504 BOY
Kacie 504 GIRL
Quincy 505 BOY
Ashlie 505 GIRL
Alonzo 506 BOY
Charlene 506 GIRL
Fredrick 507 BOY
Lena 507 GIRL
Neal 508 BOY
Alexandrea 508 GIRL
Raheem 509 BOY
Kathy 509 GIRL
Bryson 510 BOY
Kenya 510 GIRL
Chaz 511 BOY
Keri 511 GIRL
Isiah 512 BOY
Shanna 512 GIRL
Davis 513 BOY
Alisa 513 GIRL
Markus 514 BOY
Janice 514 GIRL
Trevon 515 BOY
Beth 515 GIRL
Nigel 516 BOY
Keisha 516 GIRL
Santiago 517 BOY
Norma 517 GIRL
Sidney 518 BOY
Christie 518 GIRL
Perry 519 BOY
Katy 519 GIRL
Humberto 520 BOY
Kelsea 520 GIRL
Efrain 521 BOY
Genevieve 521 GIRL
Keaton 522 BOY
Alexia 522 GIRL
Deonte 523 BOY
Araceli 523 GIRL
Dorian 524 BOY
Blair 524 GIRL
Freddy 525 BOY
Harley 525 GIRL
Glen 526 BOY
Stacie 526 GIRL
Deon 527 BOY
Shelbie 527 GIRL
Dion 528 BOY
Sofia 528 GIRL
Kent 529 BOY
Rocio 529 GIRL
Reed 530 BOY
Shirley 530 GIRL
Korey 531 BOY
Beverly 531 GIRL
Tyson 532 BOY
Jodi 532 GIRL
Jean 533 BOY
Cheryl 533 GIRL
Deangelo 534 BOY
Tammy 534 GIRL
Roland 535 BOY
Jacklyn 535 GIRL
Ben 536 BOY
Shantel 536 GIRL
Noe 537 BOY
Staci 537 GIRL
Clifton 538 BOY
Mariana 538 GIRL
Dillion 539 BOY
Joyce 539 GIRL
Lonnie 540 BOY
Kerry 540 GIRL
Brenton 541 BOY
Chandler 541 GIRL
Cornelius 542 BOY
Juanita 542 GIRL
Irvin 543 BOY
Avery 543 GIRL
Heath 544 BOY
Viviana 544 GIRL
Mike 545 BOY
Abbey 545 GIRL
Cooper 546 BOY
Jena 546 GIRL
Darian 547 BOY
Susana 547 GIRL
Kareem 548 BOY
Annette 548 GIRL
Marquise 549 BOY
Brittni 549 GIRL
Jace 550 BOY
Imani 550 GIRL
Lamont 551 BOY
Paulina 551 GIRL
Lloyd 552 BOY
Brooklyn 552 GIRL
Dillan 553 BOY
Destinee 553 GIRL
Shayne 554 BOY
Edith 554 GIRL
Aron 555 BOY
Riley 555 GIRL
Frankie 556 BOY
Leigh 556 GIRL
Salvatore 557 BOY
Haylee 557 GIRL
Marcel 558 BOY
Karly 558 GIRL
Baby 559 BOY
Kirstie 559 GIRL
Milton 560 BOY
Lizbeth 560 GIRL
Griffin 561 BOY
Allie 561 GIRL
Akeem 562 BOY
Bridgette 562 GIRL
Duane 563 BOY
Rosemary 563 GIRL
Rickey 564 BOY
Makayla 564 GIRL
Infant 565 BOY
Skylar 565 GIRL
Darrin 566 BOY
Mikayla 566 GIRL
Kristofer 567 BOY
Mindy 567 GIRL
Vernon 568 BOY
Cayla 568 GIRL
Devonta 569 BOY
Kiersten 569 GIRL
Leonel 570 BOY
Leanne 570 GIRL
Colten 571 BOY
Aisha 571 GIRL
Moses 572 BOY
Karli 572 GIRL
Fred 573 BOY
Connie 573 GIRL
Vicente 574 BOY
Katarina 574 GIRL
Rick 575 BOY
Madelyn 575 GIRL
Alvaro 576 BOY
Perla 576 GIRL
Arnold 577 BOY
Tianna 577 GIRL
Raphael 578 BOY
Loren 578 GIRL
Ahmad 579 BOY
Eileen 579 GIRL
Damion 580 BOY
Kirstin 580 GIRL
Kadeem 581 BOY
Corina 581 GIRL
Jamel 582 BOY
Lucia 582 GIRL
Quintin 583 BOY
Peyton 583 GIRL
Brice 584 BOY
Julianna 584 GIRL
Jaquan 585 BOY
Eleanor 585 GIRL
Dashawn 586 BOY
Haleigh 586 GIRL
Herbert 587 BOY
Noemi 587 GIRL
Mohammad 588 BOY
Rita 588 GIRL
Uriel 589 BOY
Mckenna 589 GIRL
Darrius 590 BOY
Ashly 590 GIRL
Tracy 591 BOY
Emilie 591 GIRL
Cortez 592 BOY
Maureen 592 GIRL
Liam 593 BOY
Sonya 593 GIRL
Everett 594 BOY
Georgia 594 GIRL
Sawyer 595 BOY
Kaylyn 595 GIRL
Robin 596 BOY
Tracey 596 GIRL
Lane 597 BOY
Octavia 597 GIRL
Nestor 598 BOY
Hallie 598 GIRL
Rigoberto 599 BOY
Stevie 599 GIRL
Cullen 600 BOY
Brandie 600 GIRL
Darin 601 BOY
Darlene 601 GIRL
Don 602 BOY
Tabatha 602 GIRL
Pierre 603 BOY
Makenzie 603 GIRL
Deven 604 BOY
Ryan 604 GIRL
Daquan 605 BOY
Carlie 605 GIRL
Reynaldo 606 BOY
Kaylie 606 GIRL
Toby 607 BOY
Selena 607 GIRL
Kerry 608 BOY
Karlee 608 GIRL
Mitchel 609 BOY
Laurel 609 GIRL
Antwan 610 BOY
Britany 610 GIRL
Maximilian 611 BOY
Brittanie 611 GIRL
Brody 612 BOY
Yasmin 612 GIRL
Ignacio 613 BOY
Mara 613 GIRL
Nico 614 BOY
Silvia 614 GIRL
Guy 615 BOY
Celina 615 GIRL
Darien 616 BOY
Alexus 616 GIRL
Nathanial 617 BOY
Alex 617 GIRL
Agustin 618 BOY
Sidney 618 GIRL
Freddie 619 BOY
Arlene 619 GIRL
Grayson 620 BOY
Josie 620 GIRL
Winston 621 BOY
Sheena 621 GIRL
Bo 622 BOY
Gianna 622 GIRL
Clark 623 BOY
Jackie 623 GIRL
Conrad 624 BOY
Justina 624 GIRL
Paris 625 BOY
Selina 625 GIRL
Rory 626 BOY
Yadira 626 GIRL
Dana 627 BOY
Fatima 627 GIRL
Bradford 628 BOY
Jaimie 628 GIRL
Sammy 629 BOY
Devan 629 GIRL
Gerard 630 BOY
Deidre 630 GIRL
Joaquin 631 BOY
Luz 631 GIRL
Johnnie 632 BOY
Lea 632 GIRL
Aidan 633 BOY
Jami 633 GIRL
Addison 634 BOY
Katelin 634 GIRL
Jimmie 635 BOY
Debra 635 GIRL
Ezekiel 636 BOY
Demi 636 GIRL
Gino 637 BOY
Kala 637 GIRL
Payton 638 BOY
Lesley 638 GIRL
Austen 639 BOY
Alina 639 GIRL
Brandyn 640 BOY
Jennie 640 GIRL
Donnie 641 BOY
Kristyn 641 GIRL
Duncan 642 BOY
Lara 642 GIRL
Dylon 643 BOY
Maegan 643 GIRL
Jovan 644 BOY
Patrice 644 GIRL
Loren 645 BOY
Mandy 645 GIRL
Solomon 646 BOY
Dallas 646 GIRL
Irving 647 BOY
Shelly 647 GIRL
Braxton 648 BOY
Dulce 648 GIRL
Coleman 649 BOY
Ivette 649 GIRL
Will 650 BOY
Nikita 650 GIRL
Amir 651 BOY
Sade 651 GIRL
Blair 652 BOY
Angie 652 GIRL
Issac 653 BOY
Antonia 653 GIRL
Jamison 654 BOY
Constance 654 GIRL
Gene 655 BOY
Celia 655 GIRL
Osvaldo 656 BOY
Tricia 656 GIRL
Thaddeus 657 BOY
Jana 657 GIRL
Brandan 658 BOY
Judy 658 GIRL
Garth 659 BOY
Lacie 659 GIRL
Khalil 660 BOY
Traci 660 GIRL
Guadalupe 661 BOY
Eliza 661 GIRL
Dewayne 662 BOY
Kacey 662 GIRL
Stephon 663 BOY
Shanae 663 GIRL
German 664 BOY
Alysia 664 GIRL
Ladarius 665 BOY
Hollie 665 GIRL
Jasper 666 BOY
Racheal 666 GIRL
Arron 667 BOY
Kori 667 GIRL
Lester 668 BOY
Nathalie 668 GIRL
Travon 669 BOY
Elyse 669 GIRL
Reuben 670 BOY
Christen 670 GIRL
Bennett 671 BOY
Joanne 671 GIRL
Brooks 672 BOY
Jenifer 672 GIRL
Vance 673 BOY
Jessika 673 GIRL
Dominque 674 BOY
Krysta 674 GIRL
Rico 675 BOY
Yasmine 675 GIRL
Ryne 676 BOY
Rhiannon 676 GIRL
Adolfo 677 BOY
Chelsi 677 GIRL
Mohammed 678 BOY
Kaylin 678 GIRL
Stewart 679 BOY
Clare 679 GIRL
Myron 680 BOY
Aurora 680 GIRL
Codey 681 BOY
Lizette 681 GIRL
Dandre 682 BOY
Maricela 682 GIRL
Jamaal 683 BOY
Gretchen 683 GIRL
Javonte 684 BOY
Gwendolyn 684 GIRL
Estevan 685 BOY
Janette 685 GIRL
Tate 686 BOY
Alycia 686 GIRL
Elmer 687 BOY
Cheyanne 687 GIRL
Jerrod 688 BOY
Jayme 688 GIRL
Nick 689 BOY
Skyler 689 GIRL
Rashawn 690 BOY
Marisela 690 GIRL
Colt 691 BOY
Maura 691 GIRL
Edgardo 692 BOY
Brook 692 GIRL
Holden 693 BOY
Jesse 693 GIRL
Jonah 694 BOY
Cori 694 GIRL
Anton 695 BOY
Gladys 695 GIRL
Leland 696 BOY
Kasandra 696 GIRL
Jeff 697 BOY
Eden 697 GIRL
Trever 698 BOY
Cameron 698 GIRL
Herman 699 BOY
Kristian 699 GIRL
Reece 700 BOY
Kiley 700 GIRL
Jackie 701 BOY
Lakeisha 701 GIRL
Leslie 702 BOY
Adrian 702 GIRL
Zechariah 703 BOY
Payton 703 GIRL
Donavan 704 BOY
Darian 704 GIRL
Chadwick 705 BOY
Nia 705 GIRL
Kolby 706 BOY
Terri 706 GIRL
Bradly 707 BOY
Delaney 707 GIRL
Devontae 708 BOY
Ingrid 708 GIRL
Octavio 709 BOY
Janie 709 GIRL
Jefferson 710 BOY
Sherry 710 GIRL
Aubrey 711 BOY
Rebeca 711 GIRL
Codie 712 BOY
Audra 712 GIRL
Jairo 713 BOY
Carli 713 GIRL
Zakary 714 BOY
Yessenia 714 GIRL
Dan 715 BOY
Carlee 715 GIRL
Tory 716 BOY
Domonique 716 GIRL
Heriberto 717 BOY
Jada 717 GIRL
Rex 718 BOY
Katlin 718 GIRL
Jameson 719 BOY
Chantal 719 GIRL
Aric 720 BOY
Karlie 720 GIRL
Jaleel 721 BOY
Betty 721 GIRL
Benny 722 BOY
Estefania 722 GIRL
Donnell 723 BOY
Skye 723 GIRL
Ahmed 724 BOY
Elisha 724 GIRL
Chester 725 BOY
Baby 725 GIRL
Pierce 726 BOY
Hali 726 GIRL
Antwon 727 BOY
Elissa 727 GIRL
Jacoby 728 BOY
Melina 728 GIRL
Cyrus 729 BOY
Dianna 729 GIRL
Erich 730 BOY
Janessa 730 GIRL
Hakeem 731 BOY
Christin 731 GIRL
Clyde 732 BOY
Maira 732 GIRL
Gonzalo 733 BOY
Janine 733 GIRL
Mohamed 734 BOY
Anjelica 734 GIRL
Ervin 735 BOY
Belinda 735 GIRL
Royce 736 BOY
Breann 736 GIRL
Walker 737 BOY
Christiana 737 GIRL
Jabari 738 BOY
Kaci 738 GIRL
Benito 739 BOY
Keely 739 GIRL
Floyd 740 BOY
Deja 740 GIRL
Kirby 741 BOY
Ivy 741 GIRL
Cecil 742 BOY
Beatrice 742 GIRL
Jamil 743 BOY
Lynn 743 GIRL
Jim 744 BOY
Reyna 744 GIRL
Sage 745 BOY
Shakira 745 GIRL
Gunnar 746 BOY
Infant 746 GIRL
Houston 747 BOY
Terra 747 GIRL
Lionel 748 BOY
Liana 748 GIRL
Darion 749 BOY
Marcella 749 GIRL
Elvis 750 BOY
Lorraine 750 GIRL
Deion 751 BOY
Alecia 751 GIRL
Rocky 752 BOY
Dayna 752 GIRL
Santos 753 BOY
Halie 753 GIRL
Sonny 754 BOY
Lauryn 754 GIRL
Jarod 755 BOY
Thalia 755 GIRL
Jessy 756 BOY
Julissa 756 GIRL
Lyle 757 BOY
Roxana 757 GIRL
Rhett 758 BOY
Kalyn 758 GIRL
Ted 759 BOY
Nadine 759 GIRL
Ulises 760 BOY
Devyn 760 GIRL
Vaughn 761 BOY
Myra 761 GIRL
Bronson 762 BOY
Tiera 762 GIRL
Peyton 763 BOY
Allyssa 763 GIRL
Wendell 764 BOY
Bobbie 764 GIRL
Ellis 765 BOY
Shea 765 GIRL
Malcom 766 BOY
Elaina 766 GIRL
Cristopher 767 BOY
Fabiola 767 GIRL
Scotty 768 BOY
Laurie 768 GIRL
Alton 769 BOY
Micah 769 GIRL
Bryon 770 BOY
Rhonda 770 GIRL
Jerrell 771 BOY
Ali 771 GIRL
Rakeem 772 BOY
Danica 772 GIRL
Keon 773 BOY
Mariel 773 GIRL
Demarco 774 BOY
Ashely 774 GIRL
Josh 775 BOY
Melisa 775 GIRL
Martez 776 BOY
Shelley 776 GIRL
Brennen 777 BOY
Brianda 777 GIRL
Demetri 778 BOY
Chantelle 778 GIRL
Jade 779 BOY
Lyndsay 779 GIRL
Junior 780 BOY
Charmaine 780 GIRL
Madison 781 BOY
Lucero 781 GIRL
Demario 782 BOY
Alesha 782 GIRL
Isaias 783 BOY
Ayla 783 GIRL
Malachi 784 BOY
Abbie 784 GIRL
Shea 785 BOY
Kathrine 785 GIRL
Wilfredo 786 BOY
Krystle 786 GIRL
Ezequiel 787 BOY
Heaven 787 GIRL
Randolph 788 BOY
Michael 788 GIRL
Jamarcus 789 BOY
Tamika 789 GIRL
Kegan 790 BOY
Corey 790 GIRL
Amos 791 BOY
Tiffanie 791 GIRL
Brayden 792 BOY
Hailee 792 GIRL
Ezra 793 BOY
Jaleesa 793 GIRL
Greg 794 BOY
Rikki 794 GIRL
Sherman 795 BOY
Aileen 795 GIRL
Erin 796 BOY
Micaela 796 GIRL
Kellen 797 BOY
Sarai 797 GIRL
Reese 798 BOY
Karley 798 GIRL
Hans 799 BOY
Mikaela 799 GIRL
Raymundo 800 BOY
Joan 800 GIRL
Cruz 801 BOY
Latifah 801 GIRL
Davante 802 BOY
Stormy 802 GIRL
Emmett 803 BOY
Athena 803 GIRL
Hernan 804 BOY
Brielle 804 GIRL
Kelsey 805 BOY
Jerrica 805 GIRL
Ashley 806 BOY
Shanika 806 GIRL
Dyllan 807 BOY
Alessandra 807 GIRL
Grady 808 BOY
Cora 808 GIRL
Harvey 809 BOY
Dina 809 GIRL
Garry 810 BOY
Dominque 810 GIRL
Marquez 811 BOY
Janay 811 GIRL
Misael 812 BOY
Marlena 812 GIRL
Moshe 813 BOY
Kia 813 GIRL
August 814 BOY
Leann 814 GIRL
Dontae 815 BOY
Jaqueline 815 GIRL
Rusty 816 BOY
Tyesha 816 GIRL
Silas 817 BOY
Ashlynn 817 GIRL
Camron 818 BOY
China 818 GIRL
Eddy 819 BOY
Deidra 819 GIRL
Forest 820 BOY
Iliana 820 GIRL
Josef 821 BOY
Noel 821 GIRL
Justice 822 BOY
Adrianne 822 GIRL
Trae 823 BOY
Berenice 823 GIRL
Bernardo 824 BOY
Eboni 824 GIRL
Dionte 825 BOY
Jodie 825 GIRL
Efren 826 BOY
Lisette 826 GIRL
Cade 827 BOY
Juana 827 GIRL
Gregorio 828 BOY
Kaela 828 GIRL
Alonso 829 BOY
Felisha 829 GIRL
Hugh 830 BOY
Olga 830 GIRL
Spenser 831 BOY
Bobbi 831 GIRL
Denzell 832 BOY
Lynette 832 GIRL
Mickey 833 BOY
Ava 833 GIRL
Titus 834 BOY
Griselda 834 GIRL
Tobias 835 BOY
Irma 835 GIRL
Aldo 836 BOY
Kortney 836 GIRL
Kai 837 BOY
Betsy 837 GIRL
Kolton 838 BOY
Giselle 838 GIRL
Deonta 839 BOY
Isabelle 839 GIRL
Fidel 840 BOY
Bernadette 840 GIRL
Daron 841 BOY
Marjorie 841 GIRL
Talon 842 BOY
Asha 842 GIRL
Unknown 843 BOY
Fallon 843 GIRL
Antony 844 BOY
Kallie 844 GIRL
Ari 845 BOY
Lourdes 845 GIRL
Asa 846 BOY
Macey 846 GIRL
Davin 847 BOY
Porsha 847 GIRL
Lincoln 848 BOY
Santana 848 GIRL
Tyron 849 BOY
Whitley 849 GIRL
Mikel 850 BOY
Anais 850 GIRL
Otis 851 BOY
Gabriel 851 GIRL
Anderson 852 BOY
Alayna 852 GIRL
Davion 853 BOY
Kimberley 853 GIRL
Dondre 854 BOY
Anissa 854 GIRL
Kelby 855 BOY
Ellie 855 GIRL
Codi 856 BOY
Shanequa 856 GIRL
Hassan 857 BOY
Aubree 857 GIRL
Robbie 858 BOY
Lana 858 GIRL
Randal 859 BOY
Chrystal 859 GIRL
Tayler 860 BOY
Amie 860 GIRL
Tom 861 BOY
Kristal 861 GIRL
Ulysses 862 BOY
Symone 862 GIRL
Cale 863 BOY
Tatyana 863 GIRL
Rasheed 864 BOY
Alysa 864 GIRL
Stevie 865 BOY
Ashli 865 GIRL
Galen 866 BOY
Brittaney 866 GIRL
Jerald 867 BOY
Elsa 867 GIRL
Morris 868 BOY
Kimberlee 868 GIRL
Stacy 869 BOY
Leandra 869 GIRL
Caden 870 BOY
Princess 870 GIRL
Julien 871 BOY
Shawnee 871 GIRL
Westley 872 BOY
Joann 872 GIRL
Dario 873 BOY
Lora 873 GIRL
Dequan 874 BOY
Marquita 874 GIRL
Jess 875 BOY
Brea 875 GIRL
Shelton 876 BOY
Essence 876 GIRL
Timmy 877 BOY
Britni 877 GIRL
Camden 878 BOY
Cassondra 878 GIRL
Coby 879 BOY
Chelsy 879 GIRL
Edmund 880 BOY
Laci 880 GIRL
Rodrick 881 BOY
Shante 881 GIRL
Alexandro 882 BOY
Brittny 882 GIRL
Dakotah 883 BOY
Doris 883 GIRL
Dusty 884 BOY
Ivana 884 GIRL
Barrett 885 BOY
Leeann 885 GIRL
Channing 886 BOY
Pauline 886 GIRL
Claude 887 BOY
Trista 887 GIRL
Keven 888 BOY
Demetria 888 GIRL
Nikko 889 BOY
Janel 889 GIRL
Niko 890 BOY
Billie 890 GIRL
Augustus 891 BOY
Daphne 891 GIRL
Garrison 892 BOY
Ella 892 GIRL
Montel 893 BOY
Joselyn 893 GIRL
Storm 894 BOY
Regan 894 GIRL
Jacques 895 BOY
Catalina 895 GIRL
Jody 896 BOY
Dara 896 GIRL
Wallace 897 BOY
Danyelle 897 GIRL
Bill 898 BOY
Graciela 898 GIRL
Kevon 899 BOY
Ivonne 899 GIRL
Deante 900 BOY
Katerina 900 GIRL
Domonique 901 BOY
Marlee 901 GIRL
Elisha 902 BOY
Martina 902 GIRL
Broderick 903 BOY
Myranda 903 GIRL
Derik 904 BOY
Eunice 904 GIRL
Jonas 905 BOY
Janell 905 GIRL
Luther 906 BOY
Kailee 906 GIRL
Muhammad 907 BOY
Monika 907 GIRL
Axel 908 BOY
Jeannette 908 GIRL
Earnest 909 BOY
Kassie 909 GIRL
Eliseo 910 BOY
Madalyn 910 GIRL
Jevon 911 BOY
Marian 911 GIRL
Ron 912 BOY
Susanna 912 GIRL
Waylon 913 BOY
Valencia 913 GIRL
Carlo 914 BOY
Joelle 914 GIRL
Kenton 915 BOY
Latrice 915 GIRL
Andreas 916 BOY
Eliana 916 GIRL
Cordell 917 BOY
Emerald 917 GIRL
Davonta 918 BOY
Stefani 918 GIRL
Dereck 919 BOY
Kalie 919 GIRL
Garrick 920 BOY
Kandice 920 GIRL
Marques 921 BOY
Magdalena 921 GIRL
Chaim 922 BOY
Ayana 922 GIRL
Domingo 923 BOY
Jamila 923 GIRL
Elvin 924 BOY
Katheryn 924 GIRL
Isidro 925 BOY
Mariam 925 GIRL
Jerod 926 BOY
Rubi 926 GIRL
Justen 927 BOY
Alexander 927 GIRL
Najee 928 BOY
Jean 928 GIRL
Tariq 929 BOY
Nataly 929 GIRL
Tavon 930 BOY
Ayanna 930 GIRL
Dalvin 931 BOY
Nakia 931 GIRL
Garett 932 BOY
Breonna 932 GIRL
Justyn 933 BOY
Darcy 933 GIRL
Marion 934 BOY
Emilia 934 GIRL
Tyrel 935 BOY
Geneva 935 GIRL
Tyshawn 936 BOY
Jerica 936 GIRL
Brant 937 BOY
Shaniece 937 GIRL
Dejuan 938 BOY
Cecelia 938 GIRL
Kalen 939 BOY
Chynna 939 GIRL
Montrell 940 BOY
Danika 940 GIRL
Rocco 941 BOY
Flor 941 GIRL
Stetson 942 BOY
Kaylynn 942 GIRL
Britton 943 BOY
Laken 943 GIRL
Darrel 944 BOY
Salina 944 GIRL
Giancarlo 945 BOY
Annmarie 945 GIRL
Jarrell 946 BOY
Kandace 946 GIRL
Kwame 947 BOY
Krystina 947 GIRL
Prince 948 BOY
Nikole 948 GIRL
Laquan 949 BOY
Scarlett 949 GIRL
Deshaun 950 BOY
Carson 950 GIRL
Ira 951 BOY
Danae 951 GIRL
Pete 952 BOY
Georgina 952 GIRL
Remington 953 BOY
Shanelle 953 GIRL
Teddy 954 BOY
Kati 954 GIRL
Trace 955 BOY
Kinsey 955 GIRL
Darwin 956 BOY
Lizeth 956 GIRL
Jerel 957 BOY
Mai 957 GIRL
Marty 958 BOY
Aja 958 GIRL
Maximillian 959 BOY
Chaya 959 GIRL
Roosevelt 960 BOY
Janna 960 GIRL
Carey 961 BOY
Kenia 961 GIRL
Juwan 962 BOY
Anika 962 GIRL
Lazaro 963 BOY
Cody 963 GIRL
Tyquan 964 BOY
Destini 964 GIRL
Willis 965 BOY
Jessenia 965 GIRL
Asher 966 BOY
Jessi 966 GIRL
Cary 967 BOY
Chandra 967 GIRL
Cedrick 968 BOY
Delia 968 GIRL
Deron 969 BOY
Gillian 969 GIRL
Donta 970 BOY
Kelcie 970 GIRL
Kieran 971 BOY
Leila 971 GIRL
Laurence 972 BOY
Kayley 972 GIRL
Samir 973 BOY
Bree 973 GIRL
Van 974 BOY
Damaris 974 GIRL
Vince 975 BOY
Giovanna 975 GIRL
Dave 976 BOY
Maryann 976 GIRL
Dejon 977 BOY
Maxine 977 GIRL
Erwin 978 BOY
Andria 978 GIRL
Laron 979 BOY
Chanelle 979 GIRL
Abdul 980 BOY
Dora 980 GIRL
Jered 981 BOY
Kaycee 981 GIRL
Quinten 982 BOY
Phoebe 982 GIRL
Alphonso 983 BOY
Sonja 983 GIRL
Dayton 984 BOY
Isamar 984 GIRL
Marcelo 985 BOY
Lexus 985 GIRL
Stacey 986 BOY
Liza 986 GIRL
Alexandre 987 BOY
Marcela 987 GIRL
Armand 988 BOY
Catrina 988 GIRL
Bailey 989 BOY
Chastity 989 GIRL
Brannon 990 BOY
Coral 990 GIRL
Cassidy 991 BOY
Corrine 991 GIRL
Denver 992 BOY
Kasie 992 GIRL
Emerson 993 BOY
Becky 993 GIRL
Rudolph 994 BOY
Kenisha 994 GIRL
Theron 995 BOY
Selene 995 GIRL
Arnulfo 996 BOY
Blake 996 GIRL
Colter 997 BOY
Malia 997 GIRL
Coy 998 BOY
Bryana 998 GIRL
Domenic 999 BOY
Luisa 999 GIRL
Donavon 1000 BOY
Marla 1000 GIRL